BL51 BANKED LINKER/LOCATER V6.22.2.0                                                    09/10/2021  16:23:10  PAGE 1


BL51 BANKED LINKER/LOCATER V6.22.2.0, INVOKED BY:
C:\KEIL_V5\C51\BIN\BL51.EXE .\Objects\main.obj, .\Objects\Accescan.obj, .\Objects\Clock.obj, .\Objects\delay.obj, .\Obje
>> cts\eeprom.obj, .\Objects\io_sensores.obj, .\Objects\pantallas.obj, .\Objects\prog.obj, .\Objects\pto_paralelo.obj, .
>> \Objects\tibbo.obj, .\Objects\uart.obj, .\Objects\lintech.obj, .\Objects\verificador.obj, .\Objects\Monitor.obj TO .\
>> Objects\expedidor_v_101 PRINT (.\Listings\expedidor_v_101.m51) RAMSIZE (256)


MEMORY MODEL: LARGE WITH FLOATING POINT ARITHMETIC


INPUT MODULES INCLUDED:
  .\Objects\main.obj (MAIN)
  .\Objects\Accescan.obj (ACCESCAN)
  .\Objects\Clock.obj (CLOCK)
  .\Objects\delay.obj (DELAY)
  .\Objects\eeprom.obj (EEPROM)
  .\Objects\io_sensores.obj (IO_SENSORES)
  .\Objects\pantallas.obj (PANTALLAS)
  .\Objects\prog.obj (PROG)
  .\Objects\pto_paralelo.obj (PTO_PARALELO)
  .\Objects\tibbo.obj (TIBBO)
  .\Objects\uart.obj (UART)
  .\Objects\lintech.obj (LINTECH)
  .\Objects\verificador.obj (VERIFICADOR)
  .\Objects\Monitor.obj (MONITOR)
  C:\KEIL_V5\C51\LIB\C51FPL.LIB (?C?FPADD)
  C:\KEIL_V5\C51\LIB\C51FPL.LIB (?C?FPMUL)
  C:\KEIL_V5\C51\LIB\C51FPL.LIB (?C?FCAST)
  C:\KEIL_V5\C51\LIB\C51FPL.LIB (?C?CASTF)
  C:\KEIL_V5\C51\LIB\C51FPL.LIB (PRINTF)
  C:\KEIL_V5\C51\LIB\C51FPL.LIB (POW)
  C:\KEIL_V5\C51\LIB\C51FPL.LIB (?C?FPGETOPN)
  C:\KEIL_V5\C51\LIB\C51FPL.LIB (?C?CHKFLOAT)
  C:\KEIL_V5\C51\LIB\C51FPL.LIB (?C?FPCMP)
  C:\KEIL_V5\C51\LIB\C51FPL.LIB (?C?FPNEG)
  C:\KEIL_V5\C51\LIB\C51FPL.LIB (?C?FPROUND)
  C:\KEIL_V5\C51\LIB\C51FPL.LIB (?C?FPCONVERT)
  C:\KEIL_V5\C51\LIB\C51FPL.LIB (EXP)
  C:\KEIL_V5\C51\LIB\C51FPL.LIB (LOG)
  C:\KEIL_V5\C51\LIB\C51FPL.LIB (?C?FPDIV)
  C:\KEIL_V5\C51\LIB\C51FPL.LIB (?C?FTNPWR)
  C:\KEIL_V5\C51\LIB\C51FPL.LIB (?C?FPSERIES)
  C:\KEIL_V5\C51\LIB\C51L.LIB (?C_STARTUP)
  C:\KEIL_V5\C51\LIB\C51L.LIB (?C?COPY)
  C:\KEIL_V5\C51\LIB\C51L.LIB (?C?CLDPTR)
  C:\KEIL_V5\C51\LIB\C51L.LIB (?C?CLDOPTR)
  C:\KEIL_V5\C51\LIB\C51L.LIB (?C?CSTPTR)
  C:\KEIL_V5\C51\LIB\C51L.LIB (?C?CSTOPTR)
  C:\KEIL_V5\C51\LIB\C51L.LIB (?C?IMUL)
  C:\KEIL_V5\C51\LIB\C51L.LIB (?C?IILDX)
  C:\KEIL_V5\C51\LIB\C51L.LIB (?C?LNEG)
  C:\KEIL_V5\C51\LIB\C51L.LIB (?C?SLCMP)
  C:\KEIL_V5\C51\LIB\C51L.LIB (?C?ULCMP)
  C:\KEIL_V5\C51\LIB\C51L.LIB (?C?ULSHR)
  C:\KEIL_V5\C51\LIB\C51L.LIB (?C?LSHL)
  C:\KEIL_V5\C51\LIB\C51L.LIB (?C?LLDCODE)
  C:\KEIL_V5\C51\LIB\C51L.LIB (?C?LLDXDATA0)
  C:\KEIL_V5\C51\LIB\C51L.LIB (?C?LLDCODE0)
BL51 BANKED LINKER/LOCATER V6.22.2.0                                                  09/10/2021  16:23:10  PAGE 2


  C:\KEIL_V5\C51\LIB\C51L.LIB (?C?LSTXDATA)
  C:\KEIL_V5\C51\LIB\C51L.LIB (?C?LSTKXDATA)
  C:\KEIL_V5\C51\LIB\C51L.LIB (?C?PLDIXDATA)
  C:\KEIL_V5\C51\LIB\C51L.LIB (?C?PSTXDATA)
  C:\KEIL_V5\C51\LIB\C51L.LIB (?C?CCASE)
  C:\KEIL_V5\C51\LIB\C51L.LIB (STRCAT)
  C:\KEIL_V5\C51\LIB\C51L.LIB (?C?STRCMP)
  C:\KEIL_V5\C51\LIB\C51L.LIB (?C?STRCPY)
  C:\KEIL_V5\C51\LIB\C51L.LIB (STRLEN)
  C:\KEIL_V5\C51\LIB\C51L.LIB (STRTOK)
  C:\KEIL_V5\C51\LIB\C51L.LIB (ATOL)
  C:\KEIL_V5\C51\LIB\C51L.LIB (ATOI)
  C:\KEIL_V5\C51\LIB\C51L.LIB (?C_INIT)
  C:\KEIL_V5\C51\LIB\C51L.LIB (?C?ILDIX)
  C:\KEIL_V5\C51\LIB\C51L.LIB (?C?LMUL)
  C:\KEIL_V5\C51\LIB\C51L.LIB (ISDIGIT)
  C:\KEIL_V5\C51\LIB\C51L.LIB (ISSPACE)
  C:\KEIL_V5\C51\LIB\C51L.LIB (STRSPN)
  C:\KEIL_V5\C51\LIB\C51L.LIB (STRPBRK)


LINK MAP OF MODULE:  .\Objects\expedidor_v_101 (MAIN)


            TYPE    BASE      LENGTH    RELOCATION   SEGMENT NAME
            -----------------------------------------------------

            * * * * * * *   D A T A   M E M O R Y   * * * * * * *
            REG     0000H     0008H     ABSOLUTE     "REG BANK 0"
            DATA    0008H     0005H     UNIT         _DATA_GROUP_
            DATA    000DH     0004H     UNIT         ?DT?UART
            IDATA   0011H     0009H     UNIT         ?ID?MONITOR
                    001AH     0006H                  *** GAP ***
            BIT     0020H.0   0001H.1   UNIT         _BIT_GROUP_
            BIT     0021H.1   0000H.3   UNIT         ?BI?MAIN
            BIT     0021H.4   0000H.2   UNIT         ?BI?UART
            BIT     0021H.6   0000H.1   UNIT         ?BI?EEPROM
            BIT     0021H.7   0000H.1   UNIT         ?BI?IO_SENSORES
            BIT     0022H.0   0000H.1   UNIT         ?BI?VERIFICADOR
                    0022H.1   0000H.7                *** GAP ***
            IDATA   0023H     0046H     UNIT         ?ID?MAIN
            IDATA   0069H     0001H     UNIT         ?STACK

            * * * * * * *  X D A T A   M E M O R Y  * * * * * * *
            XDATA   0000H     00B7H     UNIT         _XDATA_GROUP_
            XDATA   00B7H     0091H     UNIT         ?XD?VERIFICADOR
            XDATA   0148H     006EH     UNIT         ?XD?MAIN
            XDATA   01B6H     005CH     UNIT         ?XD?PROG
            XDATA   0212H     0003H     UNIT         ?XD?EEPROM
            XDATA   0215H     0003H     UNIT         ?XD?UART
            XDATA   0218H     0003H     UNIT         ?XD?STRTOK
            XDATA   021BH     0002H     UNIT         ?XD?IO_SENSORES
            XDATA   021DH     0001H     UNIT         ?XD?ACCESCAN
            XDATA   021EH     0001H     UNIT         ?XD?CLOCK

            * * * * * * *   C O D E   M E M O R Y   * * * * * * *
            CODE    0000H     0003H     ABSOLUTE     
BL51 BANKED LINKER/LOCATER V6.22.2.0                                                  09/10/2021  16:23:10  PAGE 3


            CODE    0003H     0008H     UNIT         ?PR?P_CK?CLOCK
            CODE    000BH     0003H     ABSOLUTE     
            CODE    000EH     0015H     UNIT         ?PR?_STRLEN?STRLEN
            CODE    0023H     0003H     ABSOLUTE     
            CODE    0026H     1430H     UNIT         ?CO?PROG
            CODE    1456H     0B8BH     UNIT         ?C?LIB_CODE
            CODE    1FE1H     06EFH     UNIT         ?CO?PANTALLAS
            CODE    26D0H     0681H     UNIT         ?CO?VERIFICADOR
            CODE    2D51H     062CH     UNIT         ?PR?_PANTALLALCD?PANTALLAS
            CODE    337DH     0532H     UNIT         ?PR?_VALIDA_TRAMA_PTO?ACCESCAN
            CODE    38AFH     04D6H     UNIT         ?PR?_SECUENCIAEXPEDIDORMF?VERIFICADOR
            CODE    3D85H     0483H     UNIT         ?PR?PRINTF?PRINTF
            CODE    4208H     03C8H     UNIT         ?PR?VER_PROG?PROG
            CODE    45D0H     02D0H     UNIT         ?PR?_TWO_BYTEHEX_DECIMAL?CLOCK
            CODE    48A0H     02B7H     UNIT         ?PR?_PROG_HORARIO_DIAS?PROG
            CODE    4B57H     02A5H     UNIT         ?PR?_PANTALLALCD_LINEA_2?PANTALLAS
            CODE    4DFCH     02A3H     UNIT         ?PR?_ARMAR_TRAMA_MONITOR?VERIFICADOR
            CODE    509FH     0256H     UNIT         ?PR?_ARMAR_TRAMA_PTO_PARALELO_EXPEDIDOR?VERIFICADOR
            CODE    52F5H     0254H     UNIT         ?PR?MENU?PROG
            CODE    5549H     0208H     UNIT         ?PR?_HASH_ID?PROG
            CODE    5751H     01FAH     UNIT         ?PR?_PROG_HORARIO_DESDE_HASTA?PROG
            CODE    594BH     01F5H     UNIT         ?PR?PROG_FECHA_VENCIMIENTO?PROG
            CODE    5B40H     01F5H     UNIT         ?PR?COM_ISR?UART
            CODE    5D35H     01EBH     UNIT         ?PR?_ARMAR_TRAMA_TARJETA_SECTOR1_BLOQUE2?VERIFICADOR
            CODE    5F20H     01DDH     UNIT         ?PR?_RESPONDE_LECTURA_TARJETA_SECTOR1_BLOQUE1?VERIFICADOR
            CODE    60FDH     01D8H     UNIT         ?PR?_BLOCK_READ_CLOCK_ASCII_RASBERRY?CLOCK
            CODE    62D5H     01A3H     UNIT         ?CO?LINTECH
            CODE    6478H     016EH     UNIT         ?PR?_BLOCK_READ_CLOCK_ASCII?CLOCK
            CODE    65E6H     0166H     UNIT         ?PR?_POW?POW
            CODE    674CH     014FH     UNIT         ?PR?_RESPONDE_REELECTURA_TARJETA_SECTOR1_BLOQUE2?VERIFICADOR
            CODE    689BH     0145H     UNIT         ?PR?PROG_HORARIOS?PROG
            CODE    69E0H     013EH     UNIT         ?PR?PROG_SIN_COBRO?PROG
            CODE    6B1EH     013EH     UNIT         ?PR?SECUENCIA_INICIO_EXPEDIDOR?VERIFICADOR
            CODE    6C5CH     013CH     UNIT         ?PR?LOAD_AND_SEND_ID_COD?PTO_PARALELO
            CODE    6D98H     0137H     UNIT         ?PR?VER_HORARIO?PROG
            CODE    6ECFH     012EH     UNIT         ?PR?_ARMAR_TRAMA_PTO_PARALELO_EXPEDIDOR_MENSUAL?VERIFICADOR
            CODE    6FFDH     0129H     UNIT         ?PR?_RESPONDE_LECTURA_TARJETA_SECTOR1_BLOQUE2?VERIFICADOR
            CODE    7126H     0129H     UNIT         ?PR?LOG?LOG
            CODE    724FH     0128H     UNIT         ?PR?_VER_HORARIO_DIAS?PROG
            CODE    7377H     011AH     UNIT         ?PR?_PROG_HORARIOS_ON_OFF?PROG
            CODE    7491H     0119H     UNIT         ?PR?_VER_HORARIO_DESDE_HASTA?PROG
            CODE    75AAH     0115H     UNIT         ?PR?_VALIDAR_CLK?CLOCK
            CODE    76BFH     010CH     UNIT         ?PR?_ATOL?ATOL
            CODE    77CBH     0100H     UNIT         ?PR?_WR_MF?LINTECH
            CODE    78CBH     00FCH     UNIT         ?PR?PROG_DEBUG?PROG
            CODE    79C7H     00FCH     UNIT         ?PR?PROG_USE_LPR?PROG
            CODE    7AC3H     00FCH     UNIT         ?PR?TIPO_PANTALLA?PROG
            CODE    7BBFH     00FCH     UNIT         ?PR?PROG_ANTIPASSBACK?PROG
            CODE    7CBBH     00FCH     UNIT         ?PR?PROG_PLACA?PROG
            CODE    7DB7H     00FCH     UNIT         ?PR?PROG_VALIDAR_TIPO_VEHICULO_MENSUAL?PROG
            CODE    7EB3H     00FCH     UNIT         ?PR?PROG_APB_MENSUAL?PROG
            CODE    7FAFH     00FCH     UNIT         ?PR?PROG_MENSUALES?PROG
            CODE    80ABH     00F5H     UNIT         ?PR?_RECIBE_CMD_MONITOR?MONITOR
            CODE    81A0H     00F1H     UNIT         ?PR?_WRITE_EEPROM_TICKET?EEPROM
            CODE    8291H     00F0H     UNIT         ?CO?IO_SENSORES
            CODE    8381H     00EAH     UNIT         ?PR?_MOV_CARD?LINTECH
            CODE    846BH     00E4H     UNIT         ?PR?_STRTOK?STRTOK
BL51 BANKED LINKER/LOCATER V6.22.2.0                                                  09/10/2021  16:23:10  PAGE 4


            CODE    854FH     00DEH     UNIT         ?PR?PROG_ADDRESS_HIGH_BOARD?PROG
            CODE    862DH     00DCH     UNIT         ?PR?_RTA_CMD_TRANSPORTE?VERIFICADOR
            CODE    8709H     00DBH     UNIT         ?PR?_ATOI?ATOI
            CODE    87E4H     00DAH     UNIT         ?C_INITSEG
            CODE    88BEH     00DAH     UNIT         ?PR?_VALIDA_TIPO_TARJETA?VERIFICADOR
            CODE    8998H     00D7H     UNIT         ?PR?_ANALIZA_UID_CARD?VERIFICADOR
            CODE    8A6FH     00D6H     UNIT         ?PR?_CMD_LPR_SALIDA_WIEGAND?ACCESCAN
            CODE    8B45H     00CCH     UNIT         ?PR?_GRABA_SERIE?EEPROM
            CODE    8C11H     00CAH     UNIT         ?PR?READ_EEPROM_TICKET?EEPROM
            CODE    8CDBH     00C9H     UNIT         ?PR?_CHECK_FECHAOUT?CLOCK
            CODE    8DA4H     00C4H     UNIT         ?PR?_BLOCK_READ_CLOCK?CLOCK
            CODE    8E68H     00C3H     UNIT         ?PR?_RD_MF?LINTECH
            CODE    8F2BH     00C2H     UNIT         ?PR?PROG_TARJETA_AUTOMATICA_O_BOTON?PROG
            CODE    8FEDH     00BEH     UNIT         ?PR?ERROR_RX_PTO?VERIFICADOR
            CODE    90ABH     00BDH     UNIT         ?PR?PROG_COD_PARK?PROG
            CODE    9168H     00BDH     UNIT         ?PR?PROG_TIEMPO_GRACIA?PROG
            CODE    9225H     00BDH     UNIT         ?PR?_VALIDA_TRAMA_MONITOR?MONITOR
            CODE    92E2H     00B9H     UNIT         ?CO?TIBBO
            CODE    939BH     00B9H     UNIT         ?PR?_DWLOAD_EEPROM_PROG?LINTECH
            CODE    9454H     00B6H     UNIT         ?PR?PROG_ID_CLIENTE?PROG
            CODE    950AH     00B2H     UNIT         ?PR?_SEND_PORT?PTO_PARALELO
            CODE    95BCH     00AFH     UNIT         ?PR?MSJ_LCD_INFORMATIVO?IO_SENSORES
            CODE    966BH     00AAH     UNIT         ?PR?CLAVE_SEGURIDAD_S2?LINTECH
            CODE    9715H     00A9H     UNIT         ?PR?DWLOAD_EEPROM?LINTECH
            CODE    97BEH     00A6H     UNIT         ?PR?_BLOCK_READ_CLOCK_HEX?CLOCK
            CODE    9864H     00A5H     UNIT         ?PR?_SEND_PTO_PARALELO?VERIFICADOR
            CODE    9909H     00A2H     UNIT         ?PR?SHOW?PROG
            CODE    99ABH     00A1H     UNIT         ?PR?_BLOCK_WRITE_CLOCK_ASCII?CLOCK
            CODE    9A4CH     009EH     UNIT         ?PR?INGRESO_VEHICULO?VERIFICADOR
            CODE    9AEAH     009DH     UNIT         ?PR?_INICIALIZA?LINTECH
            CODE    9B87H     009BH     UNIT         ?PR?ENTREGA_CARD_CAPTURA?VERIFICADOR
            CODE    9C22H     009AH     UNIT         ?PR?EXP?EXP
            CODE    9CBCH     0099H     UNIT         ?PR?_RECIBE_PORT?PTO_PARALELO
            CODE    9D55H     0098H     UNIT         ?PR?_RESPONDE_LECTURA_TARJETA_SECTOR1_BLOQUE0?VERIFICADOR
            CODE    9DEDH     0091H     UNIT         ?PR?_HEX_ASCII?CLOCK
            CODE    9E7EH     0091H     UNIT         ?PR?_CARD_INSERCION?LINTECH
            CODE    9F0FH     0090H     UNIT         ?PR?_LEE_CLK?CLOCK
            CODE    9F9FH     0090H     UNIT         ?PR?_GETOPTION?PROG
            CODE    A02FH     0090H     UNIT         ?PR?_DISPARO_LOCK_ENTRADA_VEHICULO?VERIFICADOR
            CODE    A0BFH     008DH     UNIT         ?PR?LOADVERIFY_EEPROM?LINTECH
            CODE    A14CH     008DH     UNIT         ?PR?WAIT_PLACA?VERIFICADOR
            CODE    A1D9H     008CH     UNIT         ?C_C51STARTUP
            CODE    A265H     0088H     UNIT         ?PR?_SEND_PORTERR?PTO_PARALELO
            CODE    A2EDH     0088H     UNIT         ?PR?RX_DATA?TIBBO
            CODE    A375H     0088H     UNIT         ?PR?UNIQUE_IDENTIFIER_UID?LINTECH
            CODE    A3FDH     0087H     UNIT         ?PR?_RESPONDE_WRITE_TARJETA_SECTOR1_BLOQUE2?VERIFICADOR
            CODE    A484H     0086H     UNIT         ?PR?_CHECK_STATUS?LINTECH
            CODE    A50AH     0084H     UNIT         ?PR?_DEBUGBUFFERMF?TIBBO
            CODE    A58EH     0084H     UNIT         ?PR?_ARMAR_TRAMA_PLACA?VERIFICADOR
            CODE    A612H     0084H     UNIT         ?PR?_STRSPN?STRSPN
            CODE    A696H     0083H     UNIT         ?PR?_RASPBERRY_DATA?PANTALLAS
            CODE    A719H     0082H     UNIT         ?PR?RESPONDE_TIPO_TARJETA?VERIFICADOR
            CODE    A79BH     0081H     UNIT         ?PR?MAIN?MAIN
            CODE    A81CH     0081H     UNIT         ?PR?_STRPBRK?STRPBRK
            CODE    A89DH     0080H     UNIT         ?PR?_INGRESADATO?PROG
            CODE    A91DH     0080H     UNIT         ?PR?AUT_CARD_CHECK_STATUS?LINTECH
            CODE    A99DH     0080H     UNIT         ?PR?POWER_OFF?LINTECH
BL51 BANKED LINKER/LOCATER V6.22.2.0                                                  09/10/2021  16:23:10  PAGE 5


            CODE    AA1DH     007DH     UNIT         ?PR?RELOJ_PANTALLA_LCD?PANTALLAS
            CODE    AA9AH     0078H     UNIT         ?PR?RESPONDE_ESTADO_SENSORES_TRANSPORTE?VERIFICADOR
            CODE    AB12H     0074H     UNIT         ?PR?_HORA_ENTRADA_VEHICULO?CLOCK
            CODE    AB86H     006FH     UNIT         ?PR?_ESCRIBIRMEMORIA?EEPROM
            CODE    ABF5H     006BH     UNIT         ?PR?_STRCAT?STRCAT
            CODE    AC60H     0066H     UNIT         ?PR?_LEERMEMORIA?EEPROM
            CODE    ACC6H     0062H     UNIT         ?PR?_LISTACOMANDOS?PROG
            CODE    AD28H     005EH     UNIT         ?PR?_BYTEHEX_DECIMAL?CLOCK
            CODE    AD86H     005DH     UNIT         ?PR?_PREGUNTA_LPR?VERIFICADOR
            CODE    ADE3H     005DH     UNIT         ?PR?_RESPUESTA_SEGUNDA_CLAVE?VERIFICADOR
            CODE    AE40H     005BH     UNIT         ?PR?VALIDA_SENSOR1_AUTO?IO_SENSORES
            CODE    AE9BH     0057H     UNIT         ?PR?FORMATO_EEPROM?EEPROM
            CODE    AEF2H     0056H     UNIT         ?PR?_WR_EEPROM?EEPROM
            CODE    AF48H     0051H     UNIT         ?PR?TIMER_MONITOR_CHAR?MONITOR
            CODE    AF99H     004FH     UNIT         ?PR?_DEBUG_BUFFER_RS232_LCD?TIBBO
            CODE    AFE8H     004DH     UNIT         ?PR?VARIABLE_INICIO?MAIN
            CODE    B035H     004DH     UNIT         ?PR?L_D_M?EEPROM
            CODE    B082H     004CH     UNIT         ?PR?LEE_NO_TICKET?EEPROM
            CODE    B0CEH     004CH     UNIT         ?PR?LOAD_AND_SEND_INFO_RELOJ?PTO_PARALELO
            CODE    B11AH     004BH     UNIT         ?PR?_TX_AUX?TIBBO
            CODE    B165H     0049H     UNIT         ?PR?_DEBUG_TXT_TIBBO?TIBBO
            CODE    B1AEH     0048H     UNIT         ?PR?FIRST_CLAVE?PROG
            CODE    B1F6H     0047H     UNIT         ?PR?_DEBUG_CHR_TIBBO?TIBBO
            CODE    B23DH     0047H     UNIT         ?PR?_DEBUG_CHR_RS232_LCD?TIBBO
            CODE    B284H     0047H     UNIT         ?PR?_RESPONDE_WRITE_TARJETA_SECTOR2_BLOQUE0?VERIFICADOR
            CODE    B2CBH     0047H     UNIT         ?PR?RESPUESTA_PLACA_CANCEL?VERIFICADOR
            CODE    B312H     0046H     UNIT         ?PR?_ESCRIBIRCADENASOFT_BUFFER?MAIN
            CODE    B358H     0046H     UNIT         ?PR?_LCD_TXT_NUM_CHAR?PANTALLAS
            CODE    B39EH     0046H     UNIT         ?PR?_DEBUG_HEXDEC?TIBBO
            CODE    B3E4H     0044H     UNIT         ?PR?_LCD_TXT?PANTALLAS
            CODE    B428H     0043H     UNIT         ?PR?DIR_BOARD?IO_SENSORES
            CODE    B46BH     0042H     UNIT         ?CO?EEPROM
            CODE    B4ADH     0042H     UNIT         ?PR?_VALIDARCLAVE?PROG
            CODE    B4EFH     0041H     UNIT         ?PR?_MONITOR_CHR?ACCESCAN
            CODE    B530H     0041H     UNIT         ?PR?_TWO_ONE?CLOCK
            CODE    B571H     0040H     UNIT         ?PR?_GETCMD?PROG
            CODE    B5B1H     0040H     UNIT         ?PR?_DEBUG_PTO_PARALELO?TIBBO
            CODE    B5F1H     003FH     UNIT         ?PR?_EB_CLK?CLOCK
            CODE    B630H     003EH     UNIT         ?PR?_PUTCHAR?MAIN
            CODE    B66EH     003EH     UNIT         ?PR?COM_BAUDRATE?UART
            CODE    B6ACH     003EH     UNIT         ?PR?TRAMA_VALIDACION_P_N?VERIFICADOR
            CODE    B6EAH     003DH     UNIT         ?PR?_HEX_BCD?CLOCK
            CODE    B727H     003DH     UNIT         ?PR?_RD_EEPROM?EEPROM
            CODE    B764H     003DH     UNIT         ?PR?_DEBUG_MONITOR?TIBBO
            CODE    B7A1H     003DH     UNIT         ?PR?_LOAD_SECUENCIA_EXPEDIDOR?VERIFICADOR
            CODE    B7DEH     003CH     UNIT         ?PR?CONFIRMACION?EEPROM
            CODE    B81AH     003BH     UNIT         ?CO?ACCESCAN
            CODE    B855H     003BH     UNIT         ?PR?_COM_PUTCHAR?UART
            CODE    B890H     003AH     UNIT         ?PR?_DELAY_10MS?DELAY
            CODE    B8CAH     0039H     UNIT         ?PR?RX_MONITOR?MONITOR
            CODE    B903H     0038H     UNIT         ?PR?VALIDASENSORESPASO?IO_SENSORES
            CODE    B93BH     0038H     UNIT         ?PR?_DEBUG_TXT_RS232?TIBBO
            CODE    B973H     0036H     UNIT         ?PR?_RESPONDE_WRITE_TARJETA_SECTOR1_BLOQUE1?VERIFICADOR
            CODE    B9A9H     0036H     UNIT         ?PR?_RESPONDE_WRITE_TARJETA_SECTOR1_BLOQUE0?VERIFICADOR
            CODE    B9DFH     0034H     UNIT         ?PR?INCREMENTE_TICKET?EEPROM
            CODE    BA13H     0034H     UNIT         ?PR?ADDR_HORARIOS?PROG
            CODE    BA47H     0031H     UNIT         ?PR?_TARJETA_ROTACION?VERIFICADOR
BL51 BANKED LINKER/LOCATER V6.22.2.0                                                  09/10/2021  16:23:10  PAGE 6


            CODE    BA78H     0030H     UNIT         ?PR?PREGUNTA_PLACA_HABILITADA?VERIFICADOR
            CODE    BAA8H     0030H     UNIT         ?PR?_ARMAR_TRAMA_TARJETA_SECTOR1_BLOQUE0?VERIFICADOR
            CODE    BAD8H     002EH     UNIT         ?PR?TIMER0_INT?MAIN
            CODE    BB06H     002AH     UNIT         ?PR?COM_INITIALIZE?UART
            CODE    BB30H     002AH     UNIT         ?PR?ANALIZA_PRESENCIA_ROTACION?VERIFICADOR
            CODE    BB5AH     0028H     UNIT         ?PR?_WR_CLK?CLOCK
            CODE    BB82H     0027H     UNIT         ?PR?_TX_CHRLCD?PANTALLAS
            CODE    BBA9H     0026H     UNIT         ?PR?COM_GETCHAR?UART
            CODE    BBCFH     0022H     UNIT         ?PR?_E_D_M?EEPROM
            CODE    BBF1H     0022H     UNIT         ?PR?VALIDASENSOR_CERO?IO_SENSORES
            CODE    BC13H     0021H     UNIT         ?CO?PTO_PARALELO
            CODE    BC34H     0020H     UNIT         ?PR?ACKD?EEPROM
            CODE    BC54H     0020H     UNIT         ?PR?ACK_LECT?EEPROM
            CODE    BC74H     001FH     UNIT         ?PR?VALIDASENSOR?IO_SENSORES
            CODE    BC93H     001EH     UNIT         ?PR?_BCD_HEX?CLOCK
            CODE    BCB1H     001BH     UNIT         ?PR?_DELAY_1MS?DELAY
            CODE    BCCCH     001AH     UNIT         ?PR?CLEAR_PLACA?MONITOR
            CODE    BCE6H     0017H     UNIT         ?PR?DISPLAYCURSOR?PROG
            CODE    BCFDH     0016H     UNIT         ?PR?DIR_BOARD_MONITOR?IO_SENSORES
            CODE    BD13H     0016H     UNIT         ?PR?TIME_BIT?TIBBO
            CODE    BD29H     0014H     UNIT         ?CO?CLOCK
            CODE    BD3DH     0014H     UNIT         ?PR?_ISSPACE?ISSPACE
            CODE    BD51H     0012H     UNIT         ?PR?_DELAY_20US?DELAY
            CODE    BD63H     0012H     UNIT         ?PR?START?EEPROM
            CODE    BD75H     0012H     UNIT         ?PR?BOTTON?IO_SENSORES
            CODE    BD87H     0012H     UNIT         ?PR?PULSO_BUS?PTO_PARALELO
            CODE    BD99H     0012H     UNIT         ?PR?COM_RBUFLEN?UART
            CODE    BDABH     0012H     UNIT         ?PR?COM_TBUFLEN?UART
            CODE    BDBDH     0010H     UNIT         ?PR?INI_TIMER?MAIN
            CODE    BDCDH     0010H     UNIT         ?PR?INICIA_BOARD?MAIN
            CODE    BDDDH     0010H     UNIT         ?PR?TIME_MBIT?TIBBO
            CODE    BDEDH     000FH     UNIT         ?PR?_ISDIGIT?ISDIGIT
            CODE    BDFCH     000CH     UNIT         ?PR?_GETKEY?MAIN
            CODE    BE08H     000CH     UNIT         ?PR?COND_INI_PTO?PTO_PARALELO
            CODE    BE14H     000AH     UNIT         ?PR?STOP?EEPROM
            CODE    BE1EH     0009H     UNIT         ?PR?DEBUG_DIVIDIR_TEXTO?TIBBO
            CODE    BE27H     0007H     UNIT         ?PR?COND_INI_CLOCK?CLOCK
            CODE    BE2EH     0007H     UNIT         ?PR?SEL_FUNCION?IO_SENSORES
            CODE    BE35H     0007H     UNIT         ?PR?SEL_AUTO?IO_SENSORES
            CODE    BE3CH     0007H     UNIT         ?PR?SEL_PULSA?IO_SENSORES
            CODE    BE43H     0007H     UNIT         ?PR?SEL_SENSOR2?IO_SENSORES
            CODE    BE4AH     0007H     UNIT         ?PR?SEL_SENSOR1?IO_SENSORES
            CODE    BE51H     0007H     UNIT         ?PR?SEL_DIR1?IO_SENSORES
            CODE    BE58H     0007H     UNIT         ?PR?SEL_DIR2?IO_SENSORES
            CODE    BE5FH     0006H     UNIT         ?PR?P_ME?EEPROM
            CODE    BE65H     0005H     UNIT         ?PR?ON_TIMER0_INTERRUP?MAIN
            CODE    BE6AH     0005H     UNIT         ?PR?COND_INI_TIBBO?TIBBO
            CODE    BE6FH     0003H     UNIT         ?PR?OFF_TIMER0_INTERRUP?MAIN
            CODE    BE72H     0001H     UNIT         ?PR?DELAY?DELAY



OVERLAY MAP OF MODULE:   .\Objects\expedidor_v_101 (MAIN)


SEGMENT                                             BIT_GROUP          DATA_GROUP          XDATA_GROUP
  +--> CALLED SEGMENT                            START    LENGTH     START    LENGTH     START    LENGTH
BL51 BANKED LINKER/LOCATER V6.22.2.0                                                  09/10/2021  16:23:10  PAGE 7


--------------------------------------------------------------------------------------------------------
?C_C51STARTUP                                    -----    -----      -----    -----      -----    -----
  +--> ?PR?MAIN?MAIN
  +--> ?C_INITSEG

?PR?MAIN?MAIN                                    -----    -----      -----    -----      0000H    0001H
  +--> ?PR?INI_TIMER?MAIN
  +--> ?PR?ON_TIMER0_INTERRUP?MAIN
  +--> ?PR?COM_INITIALIZE?UART
  +--> ?PR?COM_BAUDRATE?UART
  +--> ?PR?INICIA_BOARD?MAIN
  +--> ?PR?TIME_BIT?TIBBO
  +--> ?PR?_DELAY_20US?DELAY
  +--> ?PR?TIME_MBIT?TIBBO
  +--> ?PR?_TX_AUX?TIBBO
  +--> ?PR?SEL_FUNCION?IO_SENSORES
  +--> ?PR?MENU?PROG
  +--> ?PR?VARIABLE_INICIO?MAIN
  +--> ?PR?SECUENCIA_INICIO_EXPEDIDOR?VERIFI...
  +--> ?PR?RX_MONITOR?MONITOR
  +--> ?PR?_SECUENCIAEXPEDIDORMF?VERIFICADOR
  +--> ?PR?_RECIBE_PORT?PTO_PARALELO
  +--> ?PR?_DEBUG_PTO_PARALELO?TIBBO
  +--> ?PR?_VALIDA_TRAMA_PTO?ACCESCAN
  +--> ?PR?MSJ_LCD_INFORMATIVO?IO_SENSORES

?PR?COM_INITIALIZE?UART                          -----    -----      -----    -----      -----    -----
  +--> ?PR?COM_BAUDRATE?UART

?PR?COM_BAUDRATE?UART                            -----    -----      -----    -----      -----    -----
  +--> ?PR?_RD_EEPROM?EEPROM

?PR?_RD_EEPROM?EEPROM                            -----    -----      -----    -----      -----    -----
  +--> ?PR?START?EEPROM
  +--> ?PR?ACK_LECT?EEPROM
  +--> ?PR?_E_D_M?EEPROM
  +--> ?PR?ACKD?EEPROM
  +--> ?PR?L_D_M?EEPROM
  +--> ?PR?STOP?EEPROM

?PR?ACK_LECT?EEPROM                              -----    -----      -----    -----      -----    -----
  +--> ?PR?_E_D_M?EEPROM

?PR?_E_D_M?EEPROM                                -----    -----      -----    -----      -----    -----
  +--> ?PR?P_ME?EEPROM

?PR?ACKD?EEPROM                                  -----    -----      -----    -----      -----    -----
  +--> ?PR?_E_D_M?EEPROM

?PR?INICIA_BOARD?MAIN                            -----    -----      -----    -----      -----    -----
  +--> ?PR?COND_INI_TIBBO?TIBBO
  +--> ?PR?COND_INI_CLOCK?CLOCK
  +--> ?PR?COND_INI_PTO?PTO_PARALELO

?PR?COND_INI_PTO?PTO_PARALELO                    -----    -----      -----    -----      -----    -----
  +--> ?PR?CONFIRMACION?EEPROM

BL51 BANKED LINKER/LOCATER V6.22.2.0                                                  09/10/2021  16:23:10  PAGE 8


?PR?CONFIRMACION?EEPROM                          -----    -----      -----    -----      0011H    000BH
  +--> ?PR?_BLOCK_READ_CLOCK_ASCII?CLOCK
  +--> ?PR?FORMATO_EEPROM?EEPROM

?PR?_BLOCK_READ_CLOCK_ASCII?CLOCK                -----    -----      -----    -----      0051H    0003H
  +--> ?PR?_LEE_CLK?CLOCK

?PR?_LEE_CLK?CLOCK                               -----    -----      -----    -----      00B1H    0003H
  +--> ?PR?_DELAY_20US?DELAY
  +--> ?PR?_EB_CLK?CLOCK
  +--> ?PR?P_CK?CLOCK

?PR?_EB_CLK?CLOCK                                -----    -----      -----    -----      00B4H    0003H
  +--> ?PR?P_CK?CLOCK

?PR?P_CK?CLOCK                                   -----    -----      -----    -----      -----    -----
  +--> ?PR?DELAY?DELAY

?PR?FORMATO_EEPROM?EEPROM                        -----    -----      -----    -----      001CH    000AH
  +--> ?PR?_WR_EEPROM?EEPROM
  +--> ?CO?EEPROM
  +--> ?PR?_DWLOAD_EEPROM_PROG?LINTECH

?PR?_WR_EEPROM?EEPROM                            -----    -----      -----    -----      -----    -----
  +--> ?PR?START?EEPROM
  +--> ?PR?ACKD?EEPROM
  +--> ?PR?_E_D_M?EEPROM
  +--> ?PR?STOP?EEPROM
  +--> ?PR?_DELAY_1MS?DELAY
  +--> ?PR?_DELAY_20US?DELAY

?PR?_DELAY_1MS?DELAY                             -----    -----      -----    -----      -----    -----
  +--> ?PR?_DELAY_20US?DELAY

?PR?_DWLOAD_EEPROM_PROG?LINTECH                  -----    -----      -----    -----      0026H    0019H
  +--> ?CO?LINTECH
  +--> ?PR?_DEBUG_TXT_TIBBO?TIBBO

?PR?_DEBUG_TXT_TIBBO?TIBBO                       -----    -----      -----    -----      0064H    0004H
  +--> ?PR?_DEBUG_CHR_TIBBO?TIBBO
  +--> ?CO?TIBBO
  +--> ?PR?_TX_AUX?TIBBO

?PR?_DEBUG_CHR_TIBBO?TIBBO                       -----    -----      -----    -----      -----    -----
  +--> ?PR?_TX_AUX?TIBBO

?PR?_TX_AUX?TIBBO                                -----    -----      -----    -----      -----    -----
  +--> ?PR?TIME_BIT?TIBBO

?PR?MENU?PROG                                    -----    -----      -----    -----      0001H    0045H
  +--> ?CO?PROG
  +--> ?PR?PRINTF?PRINTF
  +--> ?PR?_RD_EEPROM?EEPROM
  +--> ?PR?FIRST_CLAVE?PROG
  +--> ?PR?_WR_EEPROM?EEPROM
  +--> ?PR?_LEERMEMORIA?EEPROM
  +--> ?PR?_HASH_ID?PROG
BL51 BANKED LINKER/LOCATER V6.22.2.0                                                  09/10/2021  16:23:10  PAGE 9


  +--> ?PR?_INGRESADATO?PROG
  +--> ?PR?_GETCMD?PROG
  +--> ?PR?_ESCRIBIRMEMORIA?EEPROM
  +--> ?PR?_VALIDARCLAVE?PROG
  +--> ?PR?DISPLAYCURSOR?PROG
  +--> ?PR?_STRLEN?STRLEN
  +--> ?PR?_GETOPTION?PROG
  +--> ?PR?_STRCAT?STRCAT
  +--> ?PR?_LISTACOMANDOS?PROG
  +--> ?PR?PROG_ID_CLIENTE?PROG
  +--> ?PR?PROG_COD_PARK?PROG
  +--> ?PR?PROG_TIEMPO_GRACIA?PROG
  +--> ?PR?PROG_SIN_COBRO?PROG
  +--> ?PR?PROG_DEBUG?PROG
  +--> ?PR?PROG_USE_LPR?PROG
  +--> ?PR?TIPO_PANTALLA?PROG
  +--> ?PR?PROG_TARJETA_AUTOMATICA_O_BOTON?PROG
  +--> ?PR?PROG_ANTIPASSBACK?PROG
  +--> ?PR?PROG_PLACA?PROG
  +--> ?PR?PROG_ADDRESS_HIGH_BOARD?PROG
  +--> ?PR?PROG_HORARIOS?PROG
  +--> ?PR?PROG_VALIDAR_TIPO_VEHICULO_MENSUA...
  +--> ?PR?PROG_APB_MENSUAL?PROG
  +--> ?PR?PROG_MENSUALES?PROG
  +--> ?PR?VER_PROG?PROG
  +--> ?PR?SHOW?PROG
  +--> ?PR?PROG_FECHA_VENCIMIENTO?PROG

?PR?PRINTF?PRINTF                                0020H.0  0001H.1    0008H    0005H      0077H    0030H
  +--> ?PR?_PUTCHAR?MAIN

?PR?_PUTCHAR?MAIN                                -----    -----      -----    -----      00A7H    0003H
  +--> ?PR?_COM_PUTCHAR?UART

?PR?_COM_PUTCHAR?UART                            -----    -----      -----    -----      00AAH    0001H
  +--> ?PR?COM_TBUFLEN?UART

?PR?FIRST_CLAVE?PROG                             -----    -----      -----    -----      0046H    000BH
  +--> ?PR?_BLOCK_READ_CLOCK_ASCII?CLOCK
  +--> ?PR?_HASH_ID?PROG
  +--> ?PR?_ESCRIBIRMEMORIA?EEPROM

?PR?_HASH_ID?PROG                                -----    -----      -----    -----      005DH    003FH
  +--> ?CO?PROG
  +--> ?PR?_LEERMEMORIA?EEPROM
  +--> ?PR?_CHECK_FECHAOUT?CLOCK
  +--> ?PR?_STRLEN?STRLEN

?PR?_LEERMEMORIA?EEPROM                          -----    -----      -----    -----      009CH    0005H
  +--> ?PR?_RD_EEPROM?EEPROM

?PR?_CHECK_FECHAOUT?CLOCK                        -----    -----      -----    -----      009CH    0012H
  +--> ?PR?_BLOCK_READ_CLOCK_HEX?CLOCK

?PR?_BLOCK_READ_CLOCK_HEX?CLOCK                  -----    -----      -----    -----      00AEH    0003H
  +--> ?PR?_LEE_CLK?CLOCK
  +--> ?PR?_BCD_HEX?CLOCK
BL51 BANKED LINKER/LOCATER V6.22.2.0                                                  09/10/2021  16:23:10  PAGE 10



?PR?_ESCRIBIRMEMORIA?EEPROM                      -----    -----      -----    -----      005DH    0005H
  +--> ?PR?_WR_EEPROM?EEPROM

?PR?_INGRESADATO?PROG                            -----    -----      -----    -----      0071H    0004H
  +--> ?PR?_GETKEY?MAIN
  +--> ?CO?PROG
  +--> ?PR?PRINTF?PRINTF
  +--> ?PR?_PUTCHAR?MAIN

?PR?_GETKEY?MAIN                                 -----    -----      -----    -----      -----    -----
  +--> ?PR?COM_GETCHAR?UART

?PR?COM_GETCHAR?UART                             -----    -----      -----    -----      -----    -----
  +--> ?PR?COM_RBUFLEN?UART

?PR?_GETCMD?PROG                                 -----    -----      -----    -----      005DH    0007H
  +--> ?CO?PROG
  +--> ?PR?_STRTOK?STRTOK

?PR?_STRTOK?STRTOK                               -----    -----      -----    -----      0064H    0006H
  +--> ?PR?_STRSPN?STRSPN
  +--> ?PR?_STRPBRK?STRPBRK

?PR?_STRSPN?STRSPN                               -----    -----      -----    -----      006AH    0008H

?PR?_STRPBRK?STRPBRK                             -----    -----      -----    -----      006AH    0009H

?PR?_VALIDARCLAVE?PROG                           -----    -----      -----    -----      005DH    000EH

?PR?DISPLAYCURSOR?PROG                           -----    -----      -----    -----      -----    -----
  +--> ?CO?PROG
  +--> ?PR?PRINTF?PRINTF

?PR?_GETOPTION?PROG                              -----    -----      -----    -----      0046H    000BH
  +--> ?CO?PROG
  +--> ?PR?_STRTOK?STRTOK

?PR?_STRCAT?STRCAT                               -----    -----      -----    -----      0046H    0009H

?PR?_LISTACOMANDOS?PROG                          -----    -----      -----    -----      0046H    0007H

?PR?PROG_ID_CLIENTE?PROG                         -----    -----      -----    -----      0046H    000CH
  +--> ?PR?_RD_EEPROM?EEPROM
  +--> ?CO?PROG
  +--> ?PR?PRINTF?PRINTF
  +--> ?PR?_INGRESADATO?PROG
  +--> ?PR?_ATOI?ATOI
  +--> ?PR?_WR_EEPROM?EEPROM

?PR?_ATOI?ATOI                                   0020H.0  0000H.1    -----    -----      0071H    0005H
  +--> ?PR?_ISSPACE?ISSPACE
  +--> ?PR?_ISDIGIT?ISDIGIT

?PR?PROG_COD_PARK?PROG                           -----    -----      -----    -----      0046H    000CH
  +--> ?PR?_RD_EEPROM?EEPROM
  +--> ?CO?PROG
BL51 BANKED LINKER/LOCATER V6.22.2.0                                                  09/10/2021  16:23:10  PAGE 11


  +--> ?PR?PRINTF?PRINTF
  +--> ?PR?_INGRESADATO?PROG
  +--> ?PR?_ATOI?ATOI
  +--> ?PR?_WR_EEPROM?EEPROM

?PR?PROG_TIEMPO_GRACIA?PROG                      -----    -----      -----    -----      0046H    000CH
  +--> ?PR?_RD_EEPROM?EEPROM
  +--> ?CO?PROG
  +--> ?PR?PRINTF?PRINTF
  +--> ?PR?_INGRESADATO?PROG
  +--> ?PR?_ATOI?ATOI
  +--> ?PR?_WR_EEPROM?EEPROM

?PR?PROG_SIN_COBRO?PROG                          -----    -----      -----    -----      0046H    000CH
  +--> ?PR?_RD_EEPROM?EEPROM
  +--> ?CO?PROG
  +--> ?PR?PRINTF?PRINTF
  +--> ?PR?_INGRESADATO?PROG
  +--> ?PR?_ATOI?ATOI
  +--> ?PR?_WR_EEPROM?EEPROM

?PR?PROG_DEBUG?PROG                              -----    -----      -----    -----      0046H    000CH
  +--> ?PR?_RD_EEPROM?EEPROM
  +--> ?CO?PROG
  +--> ?PR?PRINTF?PRINTF
  +--> ?PR?_INGRESADATO?PROG
  +--> ?PR?_ATOI?ATOI
  +--> ?PR?_WR_EEPROM?EEPROM

?PR?PROG_USE_LPR?PROG                            -----    -----      -----    -----      0046H    000CH
  +--> ?PR?_RD_EEPROM?EEPROM
  +--> ?CO?PROG
  +--> ?PR?PRINTF?PRINTF
  +--> ?PR?_INGRESADATO?PROG
  +--> ?PR?_ATOI?ATOI
  +--> ?PR?_WR_EEPROM?EEPROM

?PR?TIPO_PANTALLA?PROG                           -----    -----      -----    -----      0046H    000CH
  +--> ?PR?_RD_EEPROM?EEPROM
  +--> ?CO?PROG
  +--> ?PR?PRINTF?PRINTF
  +--> ?PR?_INGRESADATO?PROG
  +--> ?PR?_ATOI?ATOI
  +--> ?PR?_WR_EEPROM?EEPROM

?PR?PROG_TARJETA_AUTOMATICA_O_BOTON?PROG         -----    -----      -----    -----      0046H    000CH
  +--> ?PR?_RD_EEPROM?EEPROM
  +--> ?CO?PROG
  +--> ?PR?PRINTF?PRINTF
  +--> ?PR?_INGRESADATO?PROG
  +--> ?PR?_ATOI?ATOI
  +--> ?PR?_WR_EEPROM?EEPROM

?PR?PROG_ANTIPASSBACK?PROG                       -----    -----      -----    -----      0046H    000CH
  +--> ?PR?_RD_EEPROM?EEPROM
  +--> ?CO?PROG
  +--> ?PR?PRINTF?PRINTF
BL51 BANKED LINKER/LOCATER V6.22.2.0                                                  09/10/2021  16:23:10  PAGE 12


  +--> ?PR?_INGRESADATO?PROG
  +--> ?PR?_ATOI?ATOI
  +--> ?PR?_WR_EEPROM?EEPROM

?PR?PROG_PLACA?PROG                              -----    -----      -----    -----      0046H    000CH
  +--> ?PR?_RD_EEPROM?EEPROM
  +--> ?CO?PROG
  +--> ?PR?PRINTF?PRINTF
  +--> ?PR?_INGRESADATO?PROG
  +--> ?PR?_ATOI?ATOI
  +--> ?PR?_WR_EEPROM?EEPROM

?PR?PROG_ADDRESS_HIGH_BOARD?PROG                 -----    -----      -----    -----      0046H    000CH
  +--> ?PR?_RD_EEPROM?EEPROM
  +--> ?CO?PROG
  +--> ?PR?PRINTF?PRINTF
  +--> ?PR?_INGRESADATO?PROG
  +--> ?PR?_ATOI?ATOI
  +--> ?PR?_WR_EEPROM?EEPROM

?PR?PROG_HORARIOS?PROG                           -----    -----      -----    -----      0046H    001BH
  +--> ?PR?ADDR_HORARIOS?PROG
  +--> ?CO?PROG
  +--> ?PR?PRINTF?PRINTF
  +--> ?PR?_INGRESADATO?PROG
  +--> ?PR?_ATOI?ATOI
  +--> ?PR?_PROG_HORARIOS_ON_OFF?PROG
  +--> ?PR?_WR_EEPROM?EEPROM
  +--> ?PR?_PROG_HORARIO_DIAS?PROG
  +--> ?PR?_PROG_HORARIO_DESDE_HASTA?PROG
  +--> ?PR?_RD_EEPROM?EEPROM

?PR?ADDR_HORARIOS?PROG                           -----    -----      -----    -----      0074H    000BH

?PR?_PROG_HORARIOS_ON_OFF?PROG                   -----    -----      -----    -----      0061H    0010H
  +--> ?PR?_RD_EEPROM?EEPROM
  +--> ?CO?PROG
  +--> ?PR?PRINTF?PRINTF
  +--> ?PR?_INGRESADATO?PROG
  +--> ?PR?_ATOI?ATOI
  +--> ?PR?_WR_EEPROM?EEPROM

?PR?_PROG_HORARIO_DIAS?PROG                      -----    -----      -----    -----      0061H    000FH
  +--> ?CO?PROG
  +--> ?PR?PRINTF?PRINTF
  +--> ?PR?_INGRESADATO?PROG
  +--> ?PR?_WR_EEPROM?EEPROM
  +--> ?PR?_RD_EEPROM?EEPROM

?PR?_PROG_HORARIO_DESDE_HASTA?PROG               -----    -----      -----    -----      0061H    000CH
  +--> ?CO?PROG
  +--> ?PR?PRINTF?PRINTF
  +--> ?PR?_INGRESADATO?PROG
  +--> ?PR?_WR_EEPROM?EEPROM
  +--> ?PR?_RD_EEPROM?EEPROM

?PR?PROG_VALIDAR_TIPO_VEHICULO_MENSUA...         -----    -----      -----    -----      0046H    000CH
BL51 BANKED LINKER/LOCATER V6.22.2.0                                                  09/10/2021  16:23:10  PAGE 13


  +--> ?PR?_RD_EEPROM?EEPROM
  +--> ?CO?PROG
  +--> ?PR?PRINTF?PRINTF
  +--> ?PR?_INGRESADATO?PROG
  +--> ?PR?_ATOI?ATOI
  +--> ?PR?_WR_EEPROM?EEPROM

?PR?PROG_APB_MENSUAL?PROG                        -----    -----      -----    -----      0046H    000CH
  +--> ?PR?_RD_EEPROM?EEPROM
  +--> ?CO?PROG
  +--> ?PR?PRINTF?PRINTF
  +--> ?PR?_INGRESADATO?PROG
  +--> ?PR?_ATOI?ATOI
  +--> ?PR?_WR_EEPROM?EEPROM

?PR?PROG_MENSUALES?PROG                          -----    -----      -----    -----      0046H    000CH
  +--> ?PR?_RD_EEPROM?EEPROM
  +--> ?CO?PROG
  +--> ?PR?PRINTF?PRINTF
  +--> ?PR?_INGRESADATO?PROG
  +--> ?PR?_ATOI?ATOI
  +--> ?PR?_WR_EEPROM?EEPROM

?PR?VER_PROG?PROG                                -----    -----      -----    -----      0046H    0013H
  +--> ?PR?_RD_EEPROM?EEPROM
  +--> ?CO?PROG
  +--> ?PR?PRINTF?PRINTF
  +--> ?PR?VER_HORARIO?PROG
  +--> ?PR?_LEERMEMORIA?EEPROM
  +--> ?PR?_HEX_ASCII?CLOCK
  +--> ?PR?LEE_NO_TICKET?EEPROM

?PR?VER_HORARIO?PROG                             -----    -----      -----    -----      0059H    001BH
  +--> ?PR?ADDR_HORARIOS?PROG
  +--> ?CO?PROG
  +--> ?PR?PRINTF?PRINTF
  +--> ?PR?_RD_EEPROM?EEPROM
  +--> ?PR?_VER_HORARIO_DIAS?PROG
  +--> ?PR?_VER_HORARIO_DESDE_HASTA?PROG

?PR?_VER_HORARIO_DIAS?PROG                       -----    -----      -----    -----      0074H    0003H
  +--> ?PR?_RD_EEPROM?EEPROM
  +--> ?CO?PROG
  +--> ?PR?PRINTF?PRINTF

?PR?_VER_HORARIO_DESDE_HASTA?PROG                -----    -----      -----    -----      0074H    0002H
  +--> ?CO?PROG
  +--> ?PR?PRINTF?PRINTF
  +--> ?PR?_RD_EEPROM?EEPROM

?PR?_HEX_ASCII?CLOCK                             -----    -----      -----    -----      005DH    0006H
  +--> ?PR?_HEX_BCD?CLOCK

?PR?LEE_NO_TICKET?EEPROM                         -----    -----      -----    -----      0059H    000BH
  +--> ?PR?READ_EEPROM_TICKET?EEPROM
  +--> ?CO?EEPROM
  +--> ?PR?PRINTF?PRINTF
BL51 BANKED LINKER/LOCATER V6.22.2.0                                                  09/10/2021  16:23:10  PAGE 14


  +--> ?PR?_STRLEN?STRLEN
  +--> ?PR?_DEBUG_TXT_TIBBO?TIBBO

?PR?READ_EEPROM_TICKET?EEPROM                    -----    -----      -----    -----      0064H    0007H
  +--> ?PR?_RD_EEPROM?EEPROM

?PR?SHOW?PROG                                    -----    -----      -----    -----      -----    -----
  +--> ?CO?PROG
  +--> ?PR?PRINTF?PRINTF

?PR?PROG_FECHA_VENCIMIENTO?PROG                  -----    -----      -----    -----      0046H    0017H
  +--> ?PR?_LEERMEMORIA?EEPROM
  +--> ?PR?_HEX_ASCII?CLOCK
  +--> ?CO?PROG
  +--> ?PR?PRINTF?PRINTF
  +--> ?PR?_HASH_ID?PROG
  +--> ?PR?_INGRESADATO?PROG
  +--> ?PR?_GETCMD?PROG
  +--> ?PR?_ESCRIBIRMEMORIA?EEPROM
  +--> ?PR?_VALIDARCLAVE?PROG
  +--> ?PR?_ATOI?ATOI
  +--> ?PR?_WR_EEPROM?EEPROM

?PR?VARIABLE_INICIO?MAIN                         -----    -----      -----    -----      -----    -----
  +--> ?PR?_RD_EEPROM?EEPROM

?PR?SECUENCIA_INICIO_EXPEDIDOR?VERIFI...         -----    -----      -----    -----      0001H    0001H
  +--> ?PR?_INICIALIZA?LINTECH
  +--> ?PR?TRAMA_VALIDACION_P_N?VERIFICADOR
  +--> ?CO?VERIFICADOR
  +--> ?PR?_DEBUG_TXT_TIBBO?TIBBO
  +--> ?PR?_DEBUGBUFFERMF?TIBBO
  +--> ?PR?DWLOAD_EEPROM?LINTECH

?PR?_INICIALIZA?LINTECH                          -----    -----      -----    -----      0002H    000CH
  +--> ?CO?LINTECH
  +--> ?PR?_DEBUG_TXT_TIBBO?TIBBO
  +--> ?PR?_DEBUGBUFFERMF?TIBBO
  +--> ?PR?_ESCRIBIRCADENASOFT_BUFFER?MAIN

?PR?_DEBUGBUFFERMF?TIBBO                         -----    -----      -----    -----      0027H    0006H
  +--> ?CO?TIBBO
  +--> ?PR?_DEBUG_TXT_TIBBO?TIBBO
  +--> ?PR?_DEBUG_CHR_TIBBO?TIBBO
  +--> ?PR?_TX_AUX?TIBBO

?PR?_ESCRIBIRCADENASOFT_BUFFER?MAIN              -----    -----      -----    -----      0027H    0006H
  +--> ?PR?_PUTCHAR?MAIN

?PR?TRAMA_VALIDACION_P_N?VERIFICADOR             -----    -----      -----    -----      -----    -----
  +--> ?CO?VERIFICADOR
  +--> ?PR?_DEBUG_TXT_TIBBO?TIBBO

?PR?DWLOAD_EEPROM?LINTECH                        -----    -----      -----    -----      0002H    0016H
  +--> ?CO?LINTECH
  +--> ?PR?_DEBUG_TXT_TIBBO?TIBBO
  +--> ?PR?_DEBUGBUFFERMF?TIBBO
BL51 BANKED LINKER/LOCATER V6.22.2.0                                                  09/10/2021  16:23:10  PAGE 15


  +--> ?PR?_ESCRIBIRCADENASOFT_BUFFER?MAIN

?PR?RX_MONITOR?MONITOR                           -----    -----      -----    -----      0003H    000EH
  +--> ?PR?_RECIBE_CMD_MONITOR?MONITOR
  +--> ?PR?_DEBUG_BUFFER_RS232_LCD?TIBBO
  +--> ?PR?_DEBUG_MONITOR?TIBBO
  +--> ?PR?_VALIDA_TRAMA_MONITOR?MONITOR

?PR?_RECIBE_CMD_MONITOR?MONITOR                  -----    -----      -----    -----      0011H    0006H
  +--> ?PR?TIMER_MONITOR_CHAR?MONITOR
  +--> ?PR?RX_DATA?TIBBO

?PR?TIMER_MONITOR_CHAR?MONITOR                   -----    -----      -----    -----      0017H    0003H

?PR?RX_DATA?TIBBO                                -----    -----      -----    -----      -----    -----
  +--> ?PR?TIME_MBIT?TIBBO
  +--> ?PR?TIME_BIT?TIBBO

?PR?_DEBUG_BUFFER_RS232_LCD?TIBBO                -----    -----      -----    -----      0011H    0006H
  +--> ?PR?_DEBUG_CHR_RS232_LCD?TIBBO
  +--> ?PR?_PUTCHAR?MAIN

?PR?_DEBUG_CHR_RS232_LCD?TIBBO                   -----    -----      -----    -----      0017H    0001H
  +--> ?PR?_PUTCHAR?MAIN

?PR?_DEBUG_MONITOR?TIBBO                         -----    -----      -----    -----      0011H    0004H
  +--> ?PR?DEBUG_DIVIDIR_TEXTO?TIBBO
  +--> ?CO?TIBBO
  +--> ?PR?_DEBUG_TXT_TIBBO?TIBBO

?PR?DEBUG_DIVIDIR_TEXTO?TIBBO                    -----    -----      -----    -----      -----    -----
  +--> ?CO?TIBBO
  +--> ?PR?_DEBUG_TXT_TIBBO?TIBBO

?PR?_VALIDA_TRAMA_MONITOR?MONITOR                -----    -----      -----    -----      0011H    0006H
  +--> ?PR?_DELAY_10MS?DELAY
  +--> ?PR?_TX_AUX?TIBBO

?PR?_DELAY_10MS?DELAY                            -----    -----      -----    -----      0017H    0004H
  +--> ?PR?_DELAY_1MS?DELAY

?PR?_SECUENCIAEXPEDIDORMF?VERIFICADOR            -----    -----      -----    -----      0001H    0001H
  +--> ?PR?_CHECK_STATUS?LINTECH
  +--> ?PR?_LOAD_SECUENCIA_EXPEDIDOR?VERIFIC...
  +--> ?PR?_RTA_CMD_TRANSPORTE?VERIFICADOR
  +--> ?PR?_MOV_CARD?LINTECH
  +--> ?PR?AUT_CARD_CHECK_STATUS?LINTECH
  +--> ?PR?LOADVERIFY_EEPROM?LINTECH
  +--> ?PR?_RD_MF?LINTECH
  +--> ?PR?_WR_MF?LINTECH
  +--> ?PR?_CARD_INSERCION?LINTECH
  +--> ?PR?DWLOAD_EEPROM?LINTECH
  +--> ?PR?ENTREGA_CARD_CAPTURA?VERIFICADOR
  +--> ?PR?_SEND_PTO_PARALELO?VERIFICADOR
  +--> ?PR?WAIT_PLACA?VERIFICADOR
  +--> ?PR?UNIQUE_IDENTIFIER_UID?LINTECH
  +--> ?PR?_PREGUNTA_LPR?VERIFICADOR
BL51 BANKED LINKER/LOCATER V6.22.2.0                                                  09/10/2021  16:23:10  PAGE 16


  +--> ?PR?PREGUNTA_PLACA_HABILITADA?VERIFIC...
  +--> ?PR?_VALIDA_TIPO_TARJETA?VERIFICADOR
  +--> ?PR?POWER_OFF?LINTECH
  +--> ?PR?CLAVE_SEGURIDAD_S2?LINTECH
  +--> ?PR?_RESPONDE_REELECTURA_TARJETA_SECT...
  +--> ?PR?ANALIZA_PRESENCIA_ROTACION?VERIFI...
  +--> ?PR?RX_MONITOR?MONITOR
  +--> ?PR?INGRESO_VEHICULO?VERIFICADOR
  +--> ?PR?RESPONDE_ESTADO_SENSORES_TRANSPOR...
  +--> ?PR?RESPONDE_TIPO_TARJETA?VERIFICADOR
  +--> ?PR?_RESPONDE_LECTURA_TARJETA_SECTOR1...
  +--> ?PR?_RESPONDE_LECTURA_TARJETA_SECTOR1...
  +--> ?PR?_RESPONDE_LECTURA_TARJETA_SECTOR1...
  +--> ?PR?_RESPONDE_WRITE_TARJETA_SECTOR1_B...
  +--> ?PR?_RESPONDE_WRITE_TARJETA_SECTOR2_B...
  +--> ?PR?_RESPONDE_WRITE_TARJETA_SECTOR1_B...
  +--> ?PR?_RESPONDE_WRITE_TARJETA_SECTOR1_B...
  +--> ?PR?_DISPARO_LOCK_ENTRADA_VEHICULO?VE...
  +--> ?PR?_RESPUESTA_SEGUNDA_CLAVE?VERIFICADOR
  +--> ?PR?_ANALIZA_UID_CARD?VERIFICADOR
  +--> ?CO?VERIFICADOR
  +--> ?PR?_DEBUG_TXT_TIBBO?TIBBO

?PR?_CHECK_STATUS?LINTECH                        -----    -----      -----    -----      0002H    000BH
  +--> ?CO?LINTECH
  +--> ?PR?_DEBUG_TXT_TIBBO?TIBBO
  +--> ?PR?_DEBUGBUFFERMF?TIBBO
  +--> ?PR?_ESCRIBIRCADENASOFT_BUFFER?MAIN

?PR?_LOAD_SECUENCIA_EXPEDIDOR?VERIFIC...         -----    -----      -----    -----      0002H    0009H

?PR?_RTA_CMD_TRANSPORTE?VERIFICADOR              -----    -----      -----    -----      0002H    0005H
  +--> ?PR?TRAMA_VALIDACION_P_N?VERIFICADOR
  +--> ?CO?VERIFICADOR
  +--> ?PR?_DEBUG_TXT_TIBBO?TIBBO
  +--> ?PR?_DEBUGBUFFERMF?TIBBO
  +--> ?PR?ERROR_RX_PTO?VERIFICADOR

?PR?ERROR_RX_PTO?VERIFICADOR                     -----    -----      -----    -----      0007H    0001H
  +--> ?CO?VERIFICADOR
  +--> ?PR?_DEBUG_TXT_TIBBO?TIBBO
  +--> ?PR?_DEBUG_CHR_TIBBO?TIBBO
  +--> ?PR?_DELAY_10MS?DELAY

?PR?_MOV_CARD?LINTECH                            -----    -----      -----    -----      0002H    000CH
  +--> ?CO?LINTECH
  +--> ?PR?_DEBUG_TXT_TIBBO?TIBBO
  +--> ?PR?_DEBUGBUFFERMF?TIBBO
  +--> ?PR?_ESCRIBIRCADENASOFT_BUFFER?MAIN

?PR?AUT_CARD_CHECK_STATUS?LINTECH                -----    -----      -----    -----      0002H    000BH
  +--> ?CO?LINTECH
  +--> ?PR?_DEBUG_TXT_TIBBO?TIBBO
  +--> ?PR?_DEBUGBUFFERMF?TIBBO
  +--> ?PR?_ESCRIBIRCADENASOFT_BUFFER?MAIN

?PR?LOADVERIFY_EEPROM?LINTECH                    -----    -----      -----    -----      0002H    0010H
BL51 BANKED LINKER/LOCATER V6.22.2.0                                                  09/10/2021  16:23:10  PAGE 17


  +--> ?CO?LINTECH
  +--> ?PR?_DEBUG_TXT_TIBBO?TIBBO
  +--> ?PR?_DEBUGBUFFERMF?TIBBO
  +--> ?PR?_ESCRIBIRCADENASOFT_BUFFER?MAIN

?PR?_RD_MF?LINTECH                               -----    -----      -----    -----      0002H    0012H
  +--> ?CO?LINTECH
  +--> ?PR?_DEBUG_TXT_TIBBO?TIBBO
  +--> ?PR?_DEBUG_CHR_TIBBO?TIBBO
  +--> ?PR?_DEBUGBUFFERMF?TIBBO
  +--> ?PR?_ESCRIBIRCADENASOFT_BUFFER?MAIN

?PR?_WR_MF?LINTECH                               -----    -----      -----    -----      0002H    0025H
  +--> ?CO?LINTECH
  +--> ?PR?_DEBUG_TXT_TIBBO?TIBBO
  +--> ?PR?_DEBUG_CHR_TIBBO?TIBBO
  +--> ?PR?_DEBUGBUFFERMF?TIBBO
  +--> ?PR?_ESCRIBIRCADENASOFT_BUFFER?MAIN

?PR?_CARD_INSERCION?LINTECH                      -----    -----      -----    -----      0002H    000AH
  +--> ?CO?LINTECH
  +--> ?PR?_DEBUG_TXT_TIBBO?TIBBO
  +--> ?PR?_DEBUGBUFFERMF?TIBBO
  +--> ?PR?_ESCRIBIRCADENASOFT_BUFFER?MAIN

?PR?ENTREGA_CARD_CAPTURA?VERIFICADOR             -----    -----      -----    -----      0002H    0001H
  +--> ?CO?VERIFICADOR
  +--> ?PR?_DEBUG_TXT_TIBBO?TIBBO
  +--> ?PR?SEL_SENSOR2?IO_SENSORES
  +--> ?PR?VALIDASENSOR?IO_SENSORES
  +--> ?PR?VALIDA_SENSOR1_AUTO?IO_SENSORES

?PR?VALIDA_SENSOR1_AUTO?IO_SENSORES              -----    -----      -----    -----      0012H    0001H
  +--> ?PR?SEL_SENSOR1?IO_SENSORES
  +--> ?PR?SEL_AUTO?IO_SENSORES
  +--> ?CO?IO_SENSORES
  +--> ?PR?_DEBUG_TXT_TIBBO?TIBBO
  +--> ?PR?BOTTON?IO_SENSORES

?PR?BOTTON?IO_SENSORES                           -----    -----      -----    -----      -----    -----
  +--> ?PR?SEL_PULSA?IO_SENSORES
  +--> ?CO?IO_SENSORES
  +--> ?PR?_DEBUG_TXT_TIBBO?TIBBO

?PR?_SEND_PTO_PARALELO?VERIFICADOR               -----    -----      -----    -----      0002H    0007H
  +--> ?PR?_ARMAR_TRAMA_PTO_PARALELO_EXPEDID...
  +--> ?PR?_ARMAR_TRAMA_PTO_PARALELO_EXPEDID...
  +--> ?PR?INCREMENTE_TICKET?EEPROM
  +--> ?PR?_SEND_PORT?PTO_PARALELO
  +--> ?CO?VERIFICADOR
  +--> ?PR?_DEBUG_TXT_TIBBO?TIBBO
  +--> ?PR?_DEBUGBUFFERMF?TIBBO
  +--> ?PR?CLEAR_PLACA?MONITOR

?PR?_ARMAR_TRAMA_PTO_PARALELO_EXPEDID...         -----    -----      -----    -----      0009H    0006H
  +--> ?PR?_BCD_HEX?CLOCK
  +--> ?PR?_RD_EEPROM?EEPROM
BL51 BANKED LINKER/LOCATER V6.22.2.0                                                  09/10/2021  16:23:10  PAGE 18



?PR?_ARMAR_TRAMA_PTO_PARALELO_EXPEDID...         -----    -----      -----    -----      0009H    0012H
  +--> ?PR?LEE_NO_TICKET?EEPROM
  +--> ?PR?_STRCAT?STRCAT
  +--> ?PR?_STRLEN?STRLEN
  +--> ?PR?_BCD_HEX?CLOCK
  +--> ?PR?_RD_EEPROM?EEPROM

?PR?INCREMENTE_TICKET?EEPROM                     -----    -----      -----    -----      0009H    000BH
  +--> ?PR?READ_EEPROM_TICKET?EEPROM
  +--> ?CO?EEPROM
  +--> ?PR?PRINTF?PRINTF
  +--> ?PR?_WRITE_EEPROM_TICKET?EEPROM

?PR?_WRITE_EEPROM_TICKET?EEPROM                  -----    -----      -----    -----      0016H    000BH
  +--> ?CO?EEPROM
  +--> ?PR?_DEBUG_TXT_TIBBO?TIBBO
  +--> ?PR?_ATOL?ATOL
  +--> ?PR?_DEBUG_CHR_TIBBO?TIBBO
  +--> ?PR?_WR_EEPROM?EEPROM

?PR?_ATOL?ATOL                                   0020H.0  0000H.1    -----    -----      0021H    0007H
  +--> ?PR?_ISSPACE?ISSPACE
  +--> ?PR?_ISDIGIT?ISDIGIT

?PR?_SEND_PORT?PTO_PARALELO                      -----    -----      -----    -----      0016H    000AH
  +--> ?PR?PULSO_BUS?PTO_PARALELO
  +--> ?PR?_DELAY_20US?DELAY

?PR?PULSO_BUS?PTO_PARALELO                       -----    -----      -----    -----      -----    -----
  +--> ?PR?_DELAY_20US?DELAY

?PR?WAIT_PLACA?VERIFICADOR                       -----    -----      -----    -----      0002H    0001H
  +--> ?CO?VERIFICADOR
  +--> ?PR?_DEBUG_TXT_TIBBO?TIBBO
  +--> ?PR?RX_MONITOR?MONITOR
  +--> ?PR?RESPUESTA_PLACA_CANCEL?VERIFICADOR

?PR?RESPUESTA_PLACA_CANCEL?VERIFICADOR           -----    -----      -----    -----      0003H    0001H
  +--> ?CO?VERIFICADOR
  +--> ?PR?_DEBUG_TXT_TIBBO?TIBBO
  +--> ?PR?_DEBUG_TXT_RS232?TIBBO

?PR?_DEBUG_TXT_RS232?TIBBO                       -----    -----      -----    -----      0004H    0005H
  +--> ?PR?_PUTCHAR?MAIN

?PR?UNIQUE_IDENTIFIER_UID?LINTECH                -----    -----      -----    -----      0002H    000BH
  +--> ?CO?LINTECH
  +--> ?PR?_DEBUG_TXT_TIBBO?TIBBO
  +--> ?PR?_DEBUGBUFFERMF?TIBBO
  +--> ?PR?_ESCRIBIRCADENASOFT_BUFFER?MAIN

?PR?_PREGUNTA_LPR?VERIFICADOR                    -----    -----      -----    -----      0002H    0007H
  +--> ?CO?VERIFICADOR
  +--> ?PR?_DEBUG_TXT_TIBBO?TIBBO
  +--> ?PR?_HORA_ENTRADA_VEHICULO?CLOCK
  +--> ?PR?_RD_EEPROM?EEPROM
BL51 BANKED LINKER/LOCATER V6.22.2.0                                                  09/10/2021  16:23:10  PAGE 19


  +--> ?PR?_ARMAR_TRAMA_MONITOR?VERIFICADOR

?PR?_HORA_ENTRADA_VEHICULO?CLOCK                 -----    -----      -----    -----      0009H    0003H
  +--> ?PR?_LEE_CLK?CLOCK

?PR?_ARMAR_TRAMA_MONITOR?VERIFICADOR             -----    -----      -----    -----      0009H    000FH
  +--> ?PR?DIR_BOARD_MONITOR?IO_SENSORES
  +--> ?PR?LEE_NO_TICKET?EEPROM
  +--> ?PR?_STRCAT?STRCAT
  +--> ?PR?_BYTEHEX_DECIMAL?CLOCK
  +--> ?PR?_STRLEN?STRLEN
  +--> ?PR?_TWO_BYTEHEX_DECIMAL?CLOCK

?PR?DIR_BOARD_MONITOR?IO_SENSORES                -----    -----      -----    -----      -----    -----
  +--> ?PR?_RD_EEPROM?EEPROM

?PR?_BYTEHEX_DECIMAL?CLOCK                       -----    -----      -----    -----      0018H    0001H

?PR?_TWO_BYTEHEX_DECIMAL?CLOCK                   -----    -----      -----    -----      0018H    000CH
  +--> ?PR?_POW?POW

?PR?_POW?POW                                     -----    -----      -----    -----      0024H    000AH
  +--> ?PR?LOG?LOG
  +--> ?PR?EXP?EXP

?PR?LOG?LOG                                      0020H.0  0000H.1    -----    -----      002EH    0004H

?PR?PREGUNTA_PLACA_HABILITADA?VERIFIC...         -----    -----      -----    -----      0002H    0001H
  +--> ?CO?VERIFICADOR
  +--> ?PR?_DEBUG_TXT_TIBBO?TIBBO
  +--> ?PR?_RD_EEPROM?EEPROM

?PR?_VALIDA_TIPO_TARJETA?VERIFICADOR             -----    -----      -----    -----      0002H    0007H
  +--> ?CO?VERIFICADOR
  +--> ?PR?_DEBUG_TXT_TIBBO?TIBBO
  +--> ?PR?_RD_EEPROM?EEPROM
  +--> ?PR?_SEND_PORTERR?PTO_PARALELO
  +--> ?PR?_TARJETA_ROTACION?VERIFICADOR
  +--> ?PR?_PANTALLALCD?PANTALLAS

?PR?_SEND_PORTERR?PTO_PARALELO                   -----    -----      -----    -----      0018H    0006H
  +--> ?PR?PULSO_BUS?PTO_PARALELO
  +--> ?PR?_DELAY_20US?DELAY

?PR?_TARJETA_ROTACION?VERIFICADOR                -----    -----      -----    -----      0009H    0006H
  +--> ?PR?_ARMAR_TRAMA_TARJETA_SECTOR1_BLOQ...

?PR?_ARMAR_TRAMA_TARJETA_SECTOR1_BLOQ...         -----    -----      -----    -----      000FH    0006H
  +--> ?PR?_BCD_HEX?CLOCK
  +--> ?PR?DIR_BOARD?IO_SENSORES

?PR?DIR_BOARD?IO_SENSORES                        -----    -----      -----    -----      0033H    0001H
  +--> ?PR?SEL_DIR1?IO_SENSORES
  +--> ?PR?SEL_DIR2?IO_SENSORES
  +--> ?PR?_RD_EEPROM?EEPROM

?PR?_PANTALLALCD?PANTALLAS                       -----    -----      -----    -----      0018H    0030H
BL51 BANKED LINKER/LOCATER V6.22.2.0                                                  09/10/2021  16:23:10  PAGE 20


  +--> ?CO?PANTALLAS
  +--> ?PR?_LCD_TXT?PANTALLAS
  +--> ?PR?_STRLEN?STRLEN
  +--> ?PR?_TX_CHRLCD?PANTALLAS
  +--> ?PR?_RASPBERRY_DATA?PANTALLAS

?PR?_LCD_TXT?PANTALLAS                           -----    -----      -----    -----      0048H    0005H
  +--> ?PR?_TX_CHRLCD?PANTALLAS

?PR?_TX_CHRLCD?PANTALLAS                         -----    -----      -----    -----      004DH    0002H
  +--> ?PR?_PUTCHAR?MAIN

?PR?_RASPBERRY_DATA?PANTALLAS                    -----    -----      -----    -----      0048H    0006H
  +--> ?PR?_STRLEN?STRLEN
  +--> ?PR?_PUTCHAR?MAIN

?PR?POWER_OFF?LINTECH                            -----    -----      -----    -----      0002H    000BH
  +--> ?CO?LINTECH
  +--> ?PR?_DEBUG_TXT_TIBBO?TIBBO
  +--> ?PR?_DEBUGBUFFERMF?TIBBO
  +--> ?PR?_ESCRIBIRCADENASOFT_BUFFER?MAIN

?PR?CLAVE_SEGURIDAD_S2?LINTECH                   -----    -----      -----    -----      0002H    0016H
  +--> ?CO?LINTECH
  +--> ?PR?_DEBUG_TXT_TIBBO?TIBBO
  +--> ?PR?_DEBUGBUFFERMF?TIBBO
  +--> ?PR?_ESCRIBIRCADENASOFT_BUFFER?MAIN

?PR?_RESPONDE_REELECTURA_TARJETA_SECT...         -----    -----      -----    -----      0002H    000AH
  +--> ?CO?VERIFICADOR
  +--> ?PR?_DEBUG_TXT_TIBBO?TIBBO
  +--> ?PR?_DEBUGBUFFERMF?TIBBO
  +--> ?PR?_ARMAR_TRAMA_TARJETA_SECTOR1_BLOQ...

?PR?_ARMAR_TRAMA_TARJETA_SECTOR1_BLOQ...         -----    -----      -----    -----      000CH    0003H
  +--> ?PR?LEE_NO_TICKET?EEPROM

?PR?ANALIZA_PRESENCIA_ROTACION?VERIFI...         -----    -----      -----    -----      0002H    0001H
  +--> ?PR?VALIDASENSORESPASO?IO_SENSORES
  +--> ?PR?_SEND_PORTERR?PTO_PARALELO
  +--> ?PR?_PANTALLALCD?PANTALLAS

?PR?VALIDASENSORESPASO?IO_SENSORES               -----    -----      -----    -----      0011H    0001H
  +--> ?PR?SEL_SENSOR2?IO_SENSORES
  +--> ?PR?VALIDASENSOR?IO_SENSORES
  +--> ?PR?VALIDA_SENSOR1_AUTO?IO_SENSORES
  +--> ?CO?IO_SENSORES
  +--> ?PR?_DEBUG_TXT_TIBBO?TIBBO

?PR?INGRESO_VEHICULO?VERIFICADOR                 -----    -----      -----    -----      0002H    0001H
  +--> ?CO?VERIFICADOR
  +--> ?PR?_DEBUG_TXT_TIBBO?TIBBO
  +--> ?PR?VALIDASENSORESPASO?IO_SENSORES
  +--> ?PR?_RD_EEPROM?EEPROM
  +--> ?PR?RX_MONITOR?MONITOR
  +--> ?PR?_SEND_PORTERR?PTO_PARALELO
  +--> ?PR?_PANTALLALCD?PANTALLAS
BL51 BANKED LINKER/LOCATER V6.22.2.0                                                  09/10/2021  16:23:10  PAGE 21


  +--> ?PR?BOTTON?IO_SENSORES

?PR?RESPONDE_ESTADO_SENSORES_TRANSPOR...         -----    -----      -----    -----      0002H    0001H
  +--> ?CO?VERIFICADOR
  +--> ?PR?_DEBUG_TXT_TIBBO?TIBBO
  +--> ?PR?_SEND_PORTERR?PTO_PARALELO

?PR?RESPONDE_TIPO_TARJETA?VERIFICADOR            -----    -----      -----    -----      0002H    0001H
  +--> ?CO?VERIFICADOR
  +--> ?PR?_DEBUG_TXT_TIBBO?TIBBO
  +--> ?PR?_SEND_PORTERR?PTO_PARALELO
  +--> ?PR?_PANTALLALCD?PANTALLAS

?PR?_RESPONDE_LECTURA_TARJETA_SECTOR1...         -----    -----      -----    -----      0002H    0016H
  +--> ?CO?VERIFICADOR
  +--> ?PR?_DEBUG_TXT_TIBBO?TIBBO
  +--> ?PR?_DEBUGBUFFERMF?TIBBO
  +--> ?PR?_RD_EEPROM?EEPROM
  +--> ?PR?_DEBUG_HEXDEC?TIBBO
  +--> ?PR?_DEBUG_CHR_TIBBO?TIBBO
  +--> ?PR?_SEND_PORTERR?PTO_PARALELO
  +--> ?PR?_PANTALLALCD?PANTALLAS

?PR?_DEBUG_HEXDEC?TIBBO                          -----    -----      -----    -----      0018H    0002H
  +--> ?PR?_TX_AUX?TIBBO

?PR?_RESPONDE_LECTURA_TARJETA_SECTOR1...         -----    -----      -----    -----      0002H    0004H
  +--> ?CO?VERIFICADOR
  +--> ?PR?_DEBUG_TXT_TIBBO?TIBBO

?PR?_RESPONDE_LECTURA_TARJETA_SECTOR1...         -----    -----      -----    -----      0002H    0015H
  +--> ?CO?VERIFICADOR
  +--> ?PR?_DEBUG_TXT_TIBBO?TIBBO
  +--> ?PR?_DEBUGBUFFERMF?TIBBO
  +--> ?PR?_DEBUG_CHR_TIBBO?TIBBO

?PR?_RESPONDE_WRITE_TARJETA_SECTOR1_B...         -----    -----      -----    -----      0002H    0007H
  +--> ?CO?VERIFICADOR
  +--> ?PR?_DEBUG_TXT_TIBBO?TIBBO
  +--> ?PR?_DEBUGBUFFERMF?TIBBO
  +--> ?PR?_ARMAR_TRAMA_TARJETA_SECTOR1_BLOQ...

?PR?_RESPONDE_WRITE_TARJETA_SECTOR2_B...         -----    -----      -----    -----      0002H    0003H
  +--> ?CO?VERIFICADOR
  +--> ?PR?_DEBUG_TXT_TIBBO?TIBBO
  +--> ?PR?_DEBUGBUFFERMF?TIBBO

?PR?_RESPONDE_WRITE_TARJETA_SECTOR1_B...         -----    -----      -----    -----      0002H    0003H
  +--> ?CO?VERIFICADOR
  +--> ?PR?_DEBUG_TXT_TIBBO?TIBBO
  +--> ?PR?_DEBUGBUFFERMF?TIBBO

?PR?_RESPONDE_WRITE_TARJETA_SECTOR1_B...         -----    -----      -----    -----      0002H    0003H
  +--> ?CO?VERIFICADOR
  +--> ?PR?_DEBUG_TXT_TIBBO?TIBBO
  +--> ?PR?_DEBUGBUFFERMF?TIBBO

BL51 BANKED LINKER/LOCATER V6.22.2.0                                                  09/10/2021  16:23:10  PAGE 22


?PR?_DISPARO_LOCK_ENTRADA_VEHICULO?VE...         -----    -----      -----    -----      0002H    0004H
  +--> ?CO?VERIFICADOR
  +--> ?PR?_DEBUG_TXT_TIBBO?TIBBO
  +--> ?PR?_SEND_PORTERR?PTO_PARALELO
  +--> ?PR?_PANTALLALCD_LINEA_2?PANTALLAS
  +--> ?PR?VALIDA_SENSOR1_AUTO?IO_SENSORES
  +--> ?PR?_PANTALLALCD?PANTALLAS

?PR?_PANTALLALCD_LINEA_2?PANTALLAS               -----    -----      -----    -----      0011H    0033H
  +--> ?CO?PANTALLAS
  +--> ?PR?_LCD_TXT?PANTALLAS
  +--> ?PR?_STRLEN?STRLEN
  +--> ?PR?_TX_CHRLCD?PANTALLAS
  +--> ?PR?_RASPBERRY_DATA?PANTALLAS
  +--> ?PR?LEE_NO_TICKET?EEPROM
  +--> ?PR?_STRCAT?STRCAT

?PR?_RESPUESTA_SEGUNDA_CLAVE?VERIFICADOR         -----    -----      -----    -----      0002H    0006H
  +--> ?CO?VERIFICADOR
  +--> ?PR?_DEBUG_TXT_TIBBO?TIBBO
  +--> ?PR?_DEBUGBUFFERMF?TIBBO
  +--> ?PR?_ARMAR_TRAMA_PLACA?VERIFICADOR

?PR?_ARMAR_TRAMA_PLACA?VERIFICADOR               -----    -----      -----    -----      0008H    0004H
  +--> ?PR?_STRLEN?STRLEN
  +--> ?CO?VERIFICADOR

?PR?_ANALIZA_UID_CARD?VERIFICADOR                -----    -----      -----    -----      0002H    0015H
  +--> ?CO?VERIFICADOR
  +--> ?PR?_DEBUG_TXT_TIBBO?TIBBO
  +--> ?PR?_DEBUGBUFFERMF?TIBBO
  +--> ?PR?_DEBUG_CHR_TIBBO?TIBBO

?PR?_RECIBE_PORT?PTO_PARALELO                    -----    -----      -----    -----      0001H    0008H
  +--> ?PR?OFF_TIMER0_INTERRUP?MAIN
  +--> ?PR?ON_TIMER0_INTERRUP?MAIN

?PR?_DEBUG_PTO_PARALELO?TIBBO                    -----    -----      -----    -----      0001H    0004H
  +--> ?CO?TIBBO
  +--> ?PR?_DEBUG_TXT_TIBBO?TIBBO
  +--> ?PR?_DEBUGBUFFERMF?TIBBO
  +--> ?PR?DEBUG_DIVIDIR_TEXTO?TIBBO

?PR?_VALIDA_TRAMA_PTO?ACCESCAN                   -----    -----      -----    -----      0001H    0010H
  +--> ?CO?ACCESCAN
  +--> ?PR?_DEBUG_TXT_TIBBO?TIBBO
  +--> ?PR?_DEBUG_CHR_TIBBO?TIBBO
  +--> ?PR?_VALIDAR_CLK?CLOCK
  +--> ?PR?_BLOCK_WRITE_CLOCK_ASCII?CLOCK
  +--> ?PR?RELOJ_PANTALLA_LCD?PANTALLAS
  +--> ?PR?_SEND_PORT?PTO_PARALELO
  +--> ?PR?_PANTALLALCD?PANTALLAS
  +--> ?PR?CONFIRMACION?EEPROM
  +--> ?PR?_BYTEHEX_DECIMAL?CLOCK
  +--> ?PR?_TWO_BYTEHEX_DECIMAL?CLOCK
  +--> ?PR?VALIDASENSORESPASO?IO_SENSORES
  +--> ?PR?_CMD_LPR_SALIDA_WIEGAND?ACCESCAN
BL51 BANKED LINKER/LOCATER V6.22.2.0                                                  09/10/2021  16:23:10  PAGE 23


  +--> ?PR?_PANTALLALCD_LINEA_2?PANTALLAS
  +--> ?PR?_GRABA_SERIE?EEPROM

?PR?_BLOCK_WRITE_CLOCK_ASCII?CLOCK               -----    -----      -----    -----      0011H    0003H
  +--> ?CO?CLOCK
  +--> ?PR?_DEBUG_TXT_TIBBO?TIBBO
  +--> ?PR?_TWO_ONE?CLOCK
  +--> ?PR?_WR_CLK?CLOCK

?PR?_WR_CLK?CLOCK                                -----    -----      -----    -----      0014H    0002H
  +--> ?PR?_DELAY_20US?DELAY
  +--> ?PR?_EB_CLK?CLOCK

?PR?RELOJ_PANTALLA_LCD?PANTALLAS                 -----    -----      -----    -----      0011H    000DH
  +--> ?CO?PANTALLAS
  +--> ?PR?_BLOCK_READ_CLOCK?CLOCK
  +--> ?PR?_LCD_TXT_NUM_CHAR?PANTALLAS
  +--> ?PR?_BLOCK_READ_CLOCK_ASCII_RASBERRY?...
  +--> ?PR?_STRCAT?STRCAT
  +--> ?PR?_RASPBERRY_DATA?PANTALLAS

?PR?_BLOCK_READ_CLOCK?CLOCK                      -----    -----      -----    -----      001EH    0003H
  +--> ?PR?_LEE_CLK?CLOCK

?PR?_LCD_TXT_NUM_CHAR?PANTALLAS                  -----    -----      -----    -----      001EH    0006H
  +--> ?PR?_TX_CHRLCD?PANTALLAS

?PR?_BLOCK_READ_CLOCK_ASCII_RASBERRY?...         -----    -----      -----    -----      001EH    0003H
  +--> ?PR?_LEE_CLK?CLOCK

?PR?_CMD_LPR_SALIDA_WIEGAND?ACCESCAN             -----    -----      -----    -----      0011H    0022H
  +--> ?PR?DIR_BOARD?IO_SENSORES
  +--> ?PR?_BLOCK_READ_CLOCK_ASCII?CLOCK
  +--> ?PR?_MONITOR_CHR?ACCESCAN

?PR?_MONITOR_CHR?ACCESCAN                        -----    -----      -----    -----      0033H    0005H
  +--> ?PR?_TX_AUX?TIBBO

?PR?_GRABA_SERIE?EEPROM                          -----    -----      -----    -----      0011H    0005H
  +--> ?CO?EEPROM
  +--> ?PR?_DEBUG_TXT_TIBBO?TIBBO
  +--> ?PR?_WRITE_EEPROM_TICKET?EEPROM
  +--> ?PR?_WR_EEPROM?EEPROM

?PR?MSJ_LCD_INFORMATIVO?IO_SENSORES              -----    -----      -----    -----      0001H    0001H
  +--> ?PR?SEL_FUNCION?IO_SENSORES
  +--> ?PR?VALIDASENSOR_CERO?IO_SENSORES
  +--> ?CO?IO_SENSORES
  +--> ?PR?_DEBUG_TXT_TIBBO?TIBBO
  +--> ?PR?_DEBUG_CHR_TIBBO?TIBBO
  +--> ?PR?LOAD_AND_SEND_INFO_RELOJ?PTO_PARA...
  +--> ?PR?VALIDASENSOR?IO_SENSORES
  +--> ?PR?_DELAY_10MS?DELAY
  +--> ?PR?LOAD_AND_SEND_ID_COD?PTO_PARALELO

?PR?LOAD_AND_SEND_INFO_RELOJ?PTO_PARA...         -----    -----      -----    -----      0002H    000BH
  +--> ?PR?_BLOCK_READ_CLOCK?CLOCK
BL51 BANKED LINKER/LOCATER V6.22.2.0                                                  09/10/2021  16:23:10  PAGE 24


  +--> ?PR?_LEE_CLK?CLOCK
  +--> ?CO?PTO_PARALELO
  +--> ?PR?_DEBUG_TXT_TIBBO?TIBBO
  +--> ?PR?_DEBUGBUFFERMF?TIBBO
  +--> ?PR?DEBUG_DIVIDIR_TEXTO?TIBBO
  +--> ?PR?_SEND_PORT?PTO_PARALELO

?PR?LOAD_AND_SEND_ID_COD?PTO_PARALELO            -----    -----      -----    -----      0002H    0014H
  +--> ?PR?_RD_EEPROM?EEPROM
  +--> ?CO?PTO_PARALELO
  +--> ?PR?PRINTF?PRINTF
  +--> ?PR?_STRCAT?STRCAT
  +--> ?PR?_STRLEN?STRLEN
  +--> ?PR?_DEBUG_TXT_TIBBO?TIBBO
  +--> ?PR?_DEBUGBUFFERMF?TIBBO
  +--> ?PR?DEBUG_DIVIDIR_TEXTO?TIBBO
  +--> ?PR?_SEND_PORT?PTO_PARALELO



SYMBOL TABLE OF MODULE:  .\Objects\expedidor_v_101 (MAIN)

  VALUE           TYPE          NAME
  ----------------------------------

  -------         MODULE        MAIN
  C:0000H         SYMBOL        _ICE_DUMMY_
  X:0171H         PUBLIC        STX
  D:0080H         PUBLIC        P0
  D:0090H         PUBLIC        P1
  C:BAD8H         PUBLIC        timer0_int
  D:00B0H         PUBLIC        P3
  B:00A8H.7       PUBLIC        EA
  B:0080H.2       PUBLIC        led_err_imp
  C:BE6FH         PUBLIC        off_Timer0_Interrup
  X:0172H         PUBLIC        ValTimeOutCom
  X:0173H         PUBLIC        Buffer_Rta_Lintech
  X:01A5H         PUBLIC        Timer_wait
  B:0021H.1       PUBLIC        pto_paraleo
  X:01A6H         PUBLIC        g_cContByteRx
  B:0080H.0       PUBLIC        rx_ip
  C:A79BH         PUBLIC        main
  X:01A7H         PUBLIC        Timer_tivo
  B:0080H.3       PUBLIC        Atascado_GP0_PIN_3
  C:AFE8H         PUBLIC        variable_inicio
  B:0090H.7       PUBLIC        lock
  I:0023H         PUBLIC        rbuf
  C:BE65H         PUBLIC        on_Timer0_Interrup
  I:0055H         PUBLIC        tbuf
  B:0090H.1       PUBLIC        DataIn
  D:0089H         PUBLIC        TMOD
  X:01A9H         PUBLIC        USE_LPR
  X:01AAH         PUBLIC        Debug_Tibbo
  X:01ABH         PUBLIC        Raspberry
  X:01ACH         PUBLIC        SIN_COBRO
  X:01AEH         PUBLIC        Tipo_Vehiculo
  B:00B0H.3       PUBLIC        busy
BL51 BANKED LINKER/LOCATER V6.22.2.0                                                  09/10/2021  16:23:10  PAGE 25


  C:BDBDH         PUBLIC        ini_timer
  B:00A8H.1       PUBLIC        ET0
  X:01AFH         PUBLIC        precarga
  B:0088H.5       PUBLIC        TF0
  D:008CH         PUBLIC        TH0
  X:01B0H         PUBLIC        ACK
  X:01B1H         PUBLIC        g_cEstadoComSoft
  D:008AH         PUBLIC        TL0
  B:0088H.4       PUBLIC        TR0
  C:BDCDH         PUBLIC        inicia_board
  X:01B2H         PUBLIC        T_GRACIA
  B:0080H.7       PUBLIC        sel_com
  X:01B4H         PUBLIC        STX_LINTECH
  C:BDFCH         PUBLIC        _getkey
  X:01B5H         PUBLIC        ETX
  C:B312H         PUBLIC        _EscribirCadenaSoft_buffer
  B:0021H.2       PUBLIC        buffer_ready
  C:B630H         PUBLIC        _putchar
  B:0021H.3       PUBLIC        placa_ready
  -------         PROC          TIMER0_INT
  C:BAD8H         LINE#         17
  C:BADEH         LINE#         20
  C:BAE4H         LINE#         21
  C:BAE9H         LINE#         22
  C:BAE9H         LINE#         23
  C:BAEFH         LINE#         24
  C:BAEFH         LINE#         26
  C:BAFDH         LINE#         27
  C:BAFFH         LINE#         29
  -------         ENDPROC       TIMER0_INT
  -------         PROC          INI_TIMER
  C:BDBDH         LINE#         32
  C:BDBDH         LINE#         33
  C:BDBDH         LINE#         35
  C:BDC5H         LINE#         37
  C:BDC8H         LINE#         38
  C:BDCAH         LINE#         39
  C:BDCCH         LINE#         41
  -------         ENDPROC       INI_TIMER
  -------         PROC          ON_TIMER0_INTERRUP
  C:BE65H         LINE#         44
  C:BE65H         LINE#         45
  C:BE65H         LINE#         46
  C:BE67H         LINE#         47
  C:BE69H         LINE#         49
  -------         ENDPROC       ON_TIMER0_INTERRUP
  -------         PROC          OFF_TIMER0_INTERRUP
  C:BE6FH         LINE#         52
  C:BE6FH         LINE#         53
  C:BE6FH         LINE#         54
  C:BE71H         LINE#         56
  -------         ENDPROC       OFF_TIMER0_INTERRUP
  -------         PROC          _GETKEY
  -------         DO            
  D:0006H         SYMBOL        k
  -------         ENDDO         
  C:BDFCH         LINE#         64
BL51 BANKED LINKER/LOCATER V6.22.2.0                                                  09/10/2021  16:23:10  PAGE 26


  C:BDFCH         LINE#         65
  C:BDFCH         LINE#         69
  C:BDFCH         LINE#         70
  C:BDFFH         LINE#         71
  C:BDFFH         LINE#         72
  C:BE07H         LINE#         74
  C:BE07H         LINE#         75
  -------         ENDPROC       _GETKEY
  -------         PROC          _PUTCHAR
  X:00A7H         SYMBOL        c
  -------         DO            
  X:00A8H         SYMBOL        i
  -------         ENDDO         
  C:B630H         LINE#         79
  C:B635H         LINE#         80
  C:B635H         LINE#         83
  C:B644H         LINE#         84
  C:B644H         LINE#         85
  C:B65AH         LINE#         86
  C:B65AH         LINE#         88
  C:B668H         LINE#         89
  C:B668H         LINE#         91
  C:B66DH         LINE#         92
  -------         ENDPROC       _PUTCHAR
  -------         PROC          _ESCRIBIRCADENASOFT_BUFFER
  X:0027H         SYMBOL        buffer
  X:002AH         SYMBOL        tamano_cadena
  -------         DO            
  X:002BH         SYMBOL        i
  X:002CH         SYMBOL        d
  -------         ENDDO         
  C:B312H         LINE#         96
  C:B320H         LINE#         97
  C:B320H         LINE#         99
  C:B32EH         LINE#         100
  C:B32EH         LINE#         101
  C:B345H         LINE#         102
  C:B34FH         LINE#         103
  C:B357H         LINE#         104
  -------         ENDPROC       _ESCRIBIRCADENASOFT_BUFFER
  -------         PROC          INICIA_BOARD
  C:BDCDH         LINE#         109
  C:BDCDH         LINE#         110
  C:BDCDH         LINE#         111
  C:BDD0H         LINE#         112
  C:BDD3H         LINE#         113
  C:BDD6H         LINE#         114
  C:BDD8H         LINE#         115
  C:BDDAH         LINE#         116
  C:BDDCH         LINE#         118
  -------         ENDPROC       INICIA_BOARD
  -------         PROC          VARIABLE_INICIO
  C:AFE8H         LINE#         123
  C:AFE8H         LINE#         124
  C:AFE8H         LINE#         127
  C:AFF9H         LINE#         128
  C:B00AH         LINE#         129
BL51 BANKED LINKER/LOCATER V6.22.2.0                                                  09/10/2021  16:23:10  PAGE 27


  C:B018H         LINE#         130
  C:B026H         LINE#         131
  C:B034H         LINE#         135
  -------         ENDPROC       VARIABLE_INICIO
  -------         PROC          MAIN
  -------         DO            
  X:0148H         SYMBOL        buffer
  X:0170H         SYMBOL        Estado_Comunicacion_Secuencia_MF
  X:0000H         SYMBOL        Length_trama
  -------         ENDDO         
  C:A79BH         LINE#         143
  C:A79BH         LINE#         144
  C:A79BH         LINE#         151
  C:A79EH         LINE#         152
  C:A7A1H         LINE#         153
  C:A7A4H         LINE#         154
  C:A7A7H         LINE#         155
  C:A7AAH         LINE#         156
  C:A7ACH         LINE#         158
  C:A7AFH         LINE#         159
  C:A7B6H         LINE#         160
  C:A7B9H         LINE#         162
  C:A7BEH         LINE#         163
  C:A7C0H         LINE#         164
  C:A7C3H         LINE#         166
  C:A7C6H         LINE#         167
  C:A7C6H         LINE#         168
  C:A7C9H         LINE#         169
  C:A7C9H         LINE#         172
  C:A7CCH         LINE#         173
  C:A7D2H         LINE#         174
  C:A7D8H         LINE#         176
  C:A7D8H         LINE#         177
  C:A7D8H         LINE#         179
  C:A7DBH         LINE#         180
  C:A7DBH         LINE#         181
  C:A7DEH         LINE#         182
  C:A7DEH         LINE#         186
  C:A7EBH         LINE#         191
  C:A7F1H         LINE#         192
  C:A7F1H         LINE#         194
  C:A800H         LINE#         197
  C:A809H         LINE#         198
  C:A817H         LINE#         203
  C:A817H         LINE#         204
  C:A81AH         LINE#         207
  -------         ENDPROC       MAIN
  -------         ENDMOD        MAIN

  -------         MODULE        ACCESCAN
  C:0000H         SYMBOL        _ICE_DUMMY_
  D:0080H         PUBLIC        P0
  D:0090H         PUBLIC        P1
  D:00B0H         PUBLIC        P3
  C:B4EFH         PUBLIC        _Monitor_chr
  B:0080H.3       PUBLIC        Atascado_GP0_PIN_3
  B:0090H.7       PUBLIC        lock
BL51 BANKED LINKER/LOCATER V6.22.2.0                                                  09/10/2021  16:23:10  PAGE 28


  C:337DH         PUBLIC        _Valida_Trama_Pto
  C:8A6FH         PUBLIC        _Cmd_LPR_Salida_wiegand
  -------         PROC          _VALIDA_TRAMA_PTO
  X:0001H         SYMBOL        buffer
  X:0004H         SYMBOL        length_trama
  -------         DO            
  X:021DH         SYMBOL        cont
  X:0005H         SYMBOL        bcc
  D:0004H         SYMBOL        j
  X:0006H         SYMBOL        buff
  -------         ENDDO         
  C:337DH         LINE#         113
  C:338BH         LINE#         114
  C:338BH         LINE#         117
  C:338EH         LINE#         123
  C:33D1H         LINE#         124
  C:33D1H         LINE#         125
  C:33DAH         LINE#         126
  C:33EFH         LINE#         127
  C:33F8H         LINE#         128
  C:3405H         LINE#         129
  C:3405H         LINE#         130
  C:3421H         LINE#         131
  C:3424H         LINE#         133
  C:342DH         LINE#         134
  C:3435H         LINE#         135
  C:343EH         LINE#         136
  C:3457H         LINE#         137
  C:3457H         LINE#         139
  C:3467H         LINE#         140
  C:3467H         LINE#         141
  C:347AH         LINE#         143
  C:347DH         LINE#         145
  C:347DH         LINE#         148
  C:347DH         LINE#         150
  C:347DH         LINE#         152
  C:3483H         LINE#         153
  C:3487H         LINE#         154
  C:348BH         LINE#         155
  C:348EH         LINE#         156
  C:3499H         LINE#         158
  C:34A2H         LINE#         159
  C:34AAH         LINE#         160
  C:34B2H         LINE#         161
  C:34BAH         LINE#         162
  C:34C3H         LINE#         163
  C:34C3H         LINE#         166
  C:34C3H         LINE#         169
  C:34D5H         LINE#         170
  C:34D5H         LINE#         171
  C:34D7H         LINE#         172
  C:34DAH         LINE#         174
  C:34ECH         LINE#         175
  C:34ECH         LINE#         176
  C:34EEH         LINE#         177
  C:34F1H         LINE#         179
  C:3503H         LINE#         180
BL51 BANKED LINKER/LOCATER V6.22.2.0                                                  09/10/2021  16:23:10  PAGE 29


  C:3503H         LINE#         181
  C:3505H         LINE#         182
  C:3508H         LINE#         184
  C:3522H         LINE#         185
  C:3522H         LINE#         186
  C:3524H         LINE#         187
  C:3527H         LINE#         189
  C:3541H         LINE#         190
  C:3541H         LINE#         191
  C:3543H         LINE#         192
  C:3546H         LINE#         194
  C:3558H         LINE#         195
  C:3558H         LINE#         196
  C:355EH         LINE#         197
  C:356BH         LINE#         198
  C:356BH         LINE#         199
  C:3570H         LINE#         201
  C:3575H         LINE#         202
  C:3577H         LINE#         203
  C:3579H         LINE#         204
  C:357DH         LINE#         205
  C:357DH         LINE#         206
  C:357EH         LINE#         208
  C:3596H         LINE#         209
  C:3596H         LINE#         211
  C:35A3H         LINE#         212
  C:35A3H         LINE#         213
  C:35A5H         LINE#         214
  C:35A7H         LINE#         216
  C:35A9H         LINE#         217
  C:35A9H         LINE#         219
  C:35C4H         LINE#         220
  C:35C4H         LINE#         221
  C:35C8H         LINE#         222
  C:35CDH         LINE#         223
  C:35D6H         LINE#         224
  C:35DBH         LINE#         225
  C:35DBH         LINE#         228
  C:35DCH         LINE#         230
  C:35F6H         LINE#         231
  C:35F6H         LINE#         232
  C:35F8H         LINE#         233
  C:35FBH         LINE#         235
  C:362BH         LINE#         236
  C:362BH         LINE#         237
  C:362EH         LINE#         238
  C:362EH         LINE#         240
  C:3648H         LINE#         241
  C:3648H         LINE#         242
  C:364AH         LINE#         243
  C:364DH         LINE#         245
  C:3667H         LINE#         246
  C:3667H         LINE#         247
  C:3669H         LINE#         248
  C:366BH         LINE#         250
  C:3685H         LINE#         251
  C:3685H         LINE#         252
BL51 BANKED LINKER/LOCATER V6.22.2.0                                                  09/10/2021  16:23:10  PAGE 30


  C:3687H         LINE#         253
  C:3689H         LINE#         256
  C:36A3H         LINE#         257
  C:36A3H         LINE#         258
  C:36A5H         LINE#         259
  C:36A7H         LINE#         263
  C:36C1H         LINE#         264
  C:36C1H         LINE#         265
  C:36C3H         LINE#         266
  C:36C5H         LINE#         269
  C:36DFH         LINE#         270
  C:36DFH         LINE#         271
  C:36E4H         LINE#         272
  C:36E4H         LINE#         275
  C:3715H         LINE#         276
  C:3715H         LINE#         277
  C:371DH         LINE#         278
  C:3726H         LINE#         279
  C:3729H         LINE#         282
  C:375AH         LINE#         283
  C:375AH         LINE#         285
  C:3762H         LINE#         286
  C:376BH         LINE#         287
  C:376EH         LINE#         290
  C:37AEH         LINE#         291
  C:37AEH         LINE#         293
  C:37C3H         LINE#         294
  C:37C9H         LINE#         295
  C:37F3H         LINE#         298
  C:37FBH         LINE#         299
  C:37FBH         LINE#         302
  C:3802H         LINE#         303
  C:3802H         LINE#         304
  C:3807H         LINE#         305
  C:3807H         LINE#         306
  C:3809H         LINE#         308
  C:3809H         LINE#         309
  C:3812H         LINE#         310
  C:381AH         LINE#         311
  C:381AH         LINE#         315
  C:381CH         LINE#         318
  C:381CH         LINE#         326
  C:3824H         LINE#         330
  C:3824H         LINE#         331
  C:3826H         LINE#         333
  C:385EH         LINE#         334
  C:385EH         LINE#         335
  C:3866H         LINE#         336
  C:3872H         LINE#         337
  C:3872H         LINE#         339
  C:389FH         LINE#         340
  C:389FH         LINE#         341
  C:38AEH         LINE#         343
  C:38AEH         LINE#         345
  -------         ENDPROC       _VALIDA_TRAMA_PTO
  -------         PROC          _MONITOR_CHR
  X:0033H         SYMBOL        str
BL51 BANKED LINKER/LOCATER V6.22.2.0                                                  09/10/2021  16:23:10  PAGE 31


  X:0036H         SYMBOL        num_char
  -------         DO            
  X:0037H         SYMBOL        j
  -------         ENDDO         
  C:B4EFH         LINE#         500
  C:B4FDH         LINE#         501
  C:B4FDH         LINE#         503
  C:B50BH         LINE#         504
  C:B50BH         LINE#         505
  C:B51DH         LINE#         506
  C:B527H         LINE#         507
  C:B52FH         LINE#         508
  -------         ENDPROC       _MONITOR_CHR
  -------         PROC          _CMD_LPR_SALIDA_WIEGAND
  X:0011H         SYMBOL        buffer
  -------         DO            
  X:0014H         SYMBOL        Buffer_Lpr
  X:0032H         SYMBOL        j
  -------         ENDDO         
  C:8A6FH         LINE#         513
  C:8A7AH         LINE#         514
  C:8A7AH         LINE#         516
  C:8A80H         LINE#         517
  C:8A85H         LINE#         518
  C:8A8DH         LINE#         519
  C:8A91H         LINE#         520
  C:8A9AH         LINE#         521
  C:8A9AH         LINE#         522
  C:8AABH         LINE#         523
  C:8AADH         LINE#         525
  C:8AADH         LINE#         526
  C:8ABEH         LINE#         527
  C:8ABEH         LINE#         531
  C:8AD5H         LINE#         532
  C:8AD5H         LINE#         533
  C:8AE4H         LINE#         534
  C:8AEEH         LINE#         536
  C:8AF6H         LINE#         537
  C:8B0AH         LINE#         539
  C:8B1AH         LINE#         540
  C:8B2BH         LINE#         541
  C:8B38H         LINE#         545
  -------         ENDPROC       _CMD_LPR_SALIDA_WIEGAND
[...]
  C:3A2DH         LINE#         2585
  C:3A2FH         LINE#         2586
  C:3A32H         LINE#         2587
  C:3A32H         LINE#         2588
  C:3A37H         LINE#         2589
  C:3A57H         LINE#         2590
  C:3A5AH         LINE#         2591
  C:3A5AH         LINE#         2592
  C:3A5FH         LINE#         2593
  C:3A61H         LINE#         2594
  C:3A7FH         LINE#         2595
BL51 BANKED LINKER/LOCATER V6.22.2.0                                                  09/10/2021  16:23:10  PAGE 132


  C:3A82H         LINE#         2596
  C:3A82H         LINE#         2597
  C:3A87H         LINE#         2598
  C:3AA7H         LINE#         2599
  C:3AAAH         LINE#         2600
  C:3AAAH         LINE#         2601
  C:3ABDH         LINE#         2602
  C:3ABDH         LINE#         2603
  C:3AC2H         LINE#         2604
  C:3ACAH         LINE#         2605
  C:3ACDH         LINE#         2606
  C:3ACDH         LINE#         2607
  C:3AD0H         LINE#         2609
  C:3AD0H         LINE#         2610
  C:3AD3H         LINE#         2611
  C:3AF3H         LINE#         2612
  C:3AF6H         LINE#         2613
  C:3AF6H         LINE#         2614
  C:3AF8H         LINE#         2615
  C:3AFBH         LINE#         2616
  C:3AFEH         LINE#         2617
  C:3AFEH         LINE#         2618
  C:3B07H         LINE#         2619
  C:3B0AH         LINE#         2620
  C:3B0AH         LINE#         2622
  C:3B10H         LINE#         2623
  C:3B13H         LINE#         2624
  C:3B16H         LINE#         2625
  C:3B16H         LINE#         2626
  C:3B19H         LINE#         2627
  C:3B21H         LINE#         2628
  C:3B27H         LINE#         2629
  C:3B2AH         LINE#         2630
  C:3B2AH         LINE#         2631
  C:3B33H         LINE#         2632
  C:3B36H         LINE#         2633
  C:3B36H         LINE#         2634
  C:3B38H         LINE#         2635
  C:3B3BH         LINE#         2636
  C:3B3EH         LINE#         2637
  C:3B3EH         LINE#         2638
  C:3B55H         LINE#         2639
  C:3B58H         LINE#         2640
  C:3B58H         LINE#         2643
  C:3B5DH         LINE#         2644
  C:3B65H         LINE#         2645
  C:3B6BH         LINE#         2647
  C:3B6EH         LINE#         2648
  C:3B6EH         LINE#         2649
  C:3B71H         LINE#         2650
  C:3B91H         LINE#         2651
  C:3B94H         LINE#         2652
  C:3B94H         LINE#         2653
  C:3B97H         LINE#         2654
  C:3BB7H         LINE#         2655
  C:3BBAH         LINE#         2656
  C:3BBAH         LINE#         2657
BL51 BANKED LINKER/LOCATER V6.22.2.0                                                  09/10/2021  16:23:10  PAGE 133


  C:3BBDH         LINE#         2658
  C:3BC5H         LINE#         2659
  C:3BCBH         LINE#         2660
  C:3BCEH         LINE#         2661
  C:3BCEH         LINE#         2663
  C:3BD9H         LINE#         2664
  C:3BE1H         LINE#         2665
  C:3BF5H         LINE#         2666
  C:3BF8H         LINE#         2667
  C:3BF8H         LINE#         2668
  C:3C0BH         LINE#         2669
  C:3C0BH         LINE#         2670
  C:3C0EH         LINE#         2671
  C:3C0EH         LINE#         2672
  C:3C11H         LINE#         2673
  C:3C11H         LINE#         2674
  C:3C24H         LINE#         2675
  C:3C24H         LINE#         2676
  C:3C27H         LINE#         2677
  C:3C27H         LINE#         2678
  C:3C2AH         LINE#         2679
  C:3C2AH         LINE#         2680
  C:3C2DH         LINE#         2681
  C:3C30H         LINE#         2683
  C:3C30H         LINE#         2684
  C:3C36H         LINE#         2685
  C:3C36H         LINE#         2686
  C:3C39H         LINE#         2687
  C:3C39H         LINE#         2688
  C:3C39H         LINE#         2689
  C:3C3CH         LINE#         2693
  C:3C3CH         LINE#         2694
  C:3C42H         LINE#         2695
  C:3C48H         LINE#         2696
  C:3C48H         LINE#         2697
  C:3C50H         LINE#         2698
  C:3C56H         LINE#         2700
  C:3C59H         LINE#         2701
  C:3C61H         LINE#         2702
  C:3C61H         LINE#         2704
  C:3C64H         LINE#         2705
  C:3C67H         LINE#         2706
  C:3C6FH         LINE#         2707
  C:3C6FH         LINE#         2708
  C:3C7DH         LINE#         2709
  C:3C7DH         LINE#         2710
  C:3C86H         LINE#         2711
  C:3C89H         LINE#         2712
  C:3C95H         LINE#         2713
  C:3C95H         LINE#         2714
  C:3C9EH         LINE#         2715
  C:3CA1H         LINE#         2717
  C:3CA1H         LINE#         2718
  C:3CAAH         LINE#         2719
  C:3CAAH         LINE#         2720
  C:3CADH         LINE#         2721
  C:3CB5H         LINE#         2722
BL51 BANKED LINKER/LOCATER V6.22.2.0                                                  09/10/2021  16:23:10  PAGE 134


  C:3CB5H         LINE#         2723
  C:3CC3H         LINE#         2724
  C:3CC3H         LINE#         2725
  C:3CD9H         LINE#         2726
  C:3CDCH         LINE#         2727
  C:3CE8H         LINE#         2728
  C:3CE8H         LINE#         2729
  C:3CF1H         LINE#         2730
  C:3CF3H         LINE#         2731
  C:3D01H         LINE#         2732
  C:3D01H         LINE#         2733
  C:3D0AH         LINE#         2734
  C:3D0CH         LINE#         2736
  C:3D0CH         LINE#         2737
  C:3D15H         LINE#         2738
  C:3D15H         LINE#         2739
  C:3D17H         LINE#         2740
  C:3D1FH         LINE#         2741
  C:3D1FH         LINE#         2742
  C:3D28H         LINE#         2743
  C:3D2AH         LINE#         2744
  C:3D32H         LINE#         2745
  C:3D32H         LINE#         2746
  C:3D48H         LINE#         2747
  C:3D4AH         LINE#         2749
  C:3D52H         LINE#         2750
  C:3D52H         LINE#         2751
  C:3D5BH         LINE#         2752
  C:3D5DH         LINE#         2755
  C:3D65H         LINE#         2756
  C:3D65H         LINE#         2757
  C:3D6DH         LINE#         2758
  C:3D6FH         LINE#         2760
  C:3D6FH         LINE#         2761
  C:3D78H         LINE#         2762
  C:3D78H         LINE#         2763
  C:3D7AH         LINE#         2764
  C:3D7AH         LINE#         2765
  C:3D7FH         LINE#         2766
  C:3D7FH         LINE#         2768
  C:3D7FH         LINE#         2769
  C:3D84H         LINE#         2770
  -------         ENDPROC       _SECUENCIAEXPEDIDORMF
  -------         ENDMOD        VERIFICADOR

  -------         MODULE        MONITOR
  C:0000H         SYMBOL        _ICE_DUMMY_
  D:0080H         PUBLIC        P0
  D:0090H         PUBLIC        P1
  I:0011H         PUBLIC        placa
  B:0080H.2       PUBLIC        led_err_imp
  C:B8CAH         PUBLIC        Rx_Monitor
  B:0080H.0       PUBLIC        rx_ip
  B:0090H.7       PUBLIC        lock
  C:80ABH         PUBLIC        _recibe_cmd_Monitor
  C:BCCCH         PUBLIC        clear_placa
  C:AF48H         PUBLIC        Timer_monitor_char
BL51 BANKED LINKER/LOCATER V6.22.2.0                                                  09/10/2021  16:23:10  PAGE 135


  C:9225H         PUBLIC        _Valida_Trama_Monitor
  -------         PROC          TIMER_MONITOR_CHAR
  -------         DO            
  X:0017H         SYMBOL        time_out
  X:0018H         SYMBOL        contador
  -------         ENDDO         
  C:AF48H         LINE#         52
  C:AF48H         LINE#         53
  C:AF48H         LINE#         56
  C:AF4FH         LINE#         57
  C:AF53H         LINE#         58
  C:AF5CH         LINE#         59
  C:AF5CH         LINE#         60
  C:AF6AH         LINE#         61
  C:AF81H         LINE#         62
  C:AF81H         LINE#         63
  C:AF87H         LINE#         64
  C:AF87H         LINE#         65
  C:AF89H         LINE#         66
  C:AF91H         LINE#         67
  C:AF91H         LINE#         68
  C:AF94H         LINE#         70
  C:AF94H         LINE#         72
  C:AF94H         LINE#         73
  C:AF98H         LINE#         74
  C:AF98H         LINE#         76
  -------         ENDPROC       TIMER_MONITOR_CHAR
  -------         PROC          _RECIBE_CMD_MONITOR
  X:0011H         SYMBOL        buffer_cmd
  -------         DO            
  X:0014H         SYMBOL        j
  X:0015H         SYMBOL        NumDatos
  X:0016H         SYMBOL        MaxChrRx
  -------         ENDDO         
  C:80ABH         LINE#         86
  C:80B6H         LINE#         87
  C:80B6H         LINE#         91
  C:80BBH         LINE#         92
  C:80BFH         LINE#         93
  C:80C3H         LINE#         97
  C:80CAH         LINE#         98
  C:80CAH         LINE#         99
  C:80CAH         LINE#         100
  C:80CDH         LINE#         102
  C:80CDH         LINE#         103
  C:80DFH         LINE#         106
  C:80F4H         LINE#         107
  C:80F4H         LINE#         108
  C:80FAH         LINE#         109
  C:8104H         LINE#         111
  C:811AH         LINE#         112
  C:811AH         LINE#         113
  C:8121H         LINE#         114
  C:8121H         LINE#         115
  C:8121H         LINE#         116
  C:8121H         LINE#         118
  C:8121H         LINE#         119
BL51 BANKED LINKER/LOCATER V6.22.2.0                                                  09/10/2021  16:23:10  PAGE 136


  C:8133H         LINE#         120
  C:8145H         LINE#         121
  C:8145H         LINE#         122
  C:814DH         LINE#         123
  C:8151H         LINE#         124
  C:815BH         LINE#         125
  C:8164H         LINE#         127
  C:8166H         LINE#         129
  C:8166H         LINE#         130
  C:816CH         LINE#         131
  C:8176H         LINE#         132
  C:8176H         LINE#         134
  C:8176H         LINE#         135
  C:817EH         LINE#         136
  C:817EH         LINE#         137
  C:8190H         LINE#         138
  C:8190H         LINE#         140
  C:8193H         LINE#         141
  C:8195H         LINE#         143
  C:8195H         LINE#         145
  C:819AH         LINE#         147
  C:819AH         LINE#         149
  C:819AH         LINE#         150
  C:819FH         LINE#         151
  -------         ENDPROC       _RECIBE_CMD_MONITOR
  -------         PROC          _VALIDA_TRAMA_MONITOR
  X:0011H         SYMBOL        buffer
  D:0005H         SYMBOL        length_trama
  -------         DO            
  X:0014H         SYMBOL        j
  X:0015H         SYMBOL        p
  X:0016H         SYMBOL        cont
  -------         ENDDO         
  C:9225H         LINE#         157
  C:9230H         LINE#         158
  C:9230H         LINE#         159
  C:9233H         LINE#         160
  C:9237H         LINE#         161
  C:923AH         LINE#         162
  C:923CH         LINE#         165
  C:9250H         LINE#         166
  C:9250H         LINE#         168
  C:9252H         LINE#         170
  C:9259H         LINE#         171
  C:925EH         LINE#         173
  C:925EH         LINE#         175
  C:9279H         LINE#         176
  C:9279H         LINE#         179
  C:9279H         LINE#         180
  C:929AH         LINE#         181
  C:929EH         LINE#         182
  C:92A4H         LINE#         183
  C:92B6H         LINE#         184
  C:92CEH         LINE#         185
  C:92D7H         LINE#         186
  C:92D9H         LINE#         187
  C:92DFH         LINE#         188
BL51 BANKED LINKER/LOCATER V6.22.2.0                                                  09/10/2021  16:23:10  PAGE 137


  C:92E1H         LINE#         190
  C:92E1H         LINE#         193
  -------         ENDPROC       _VALIDA_TRAMA_MONITOR
  -------         PROC          CLEAR_PLACA
  -------         DO            
  D:0007H         SYMBOL        i
  -------         ENDDO         
  C:BCCCH         LINE#         194
  C:BCCCH         LINE#         195
  C:BCCCH         LINE#         197
  C:BCD8H         LINE#         198
  C:BCD8H         LINE#         199
  C:BCDEH         LINE#         200
  C:BCE1H         LINE#         201
  C:BCE3H         LINE#         202
  C:BCE5H         LINE#         203
  -------         ENDPROC       CLEAR_PLACA
  -------         PROC          RX_MONITOR
  -------         DO            
  X:0003H         SYMBOL        Length_trama
  X:0004H         SYMBOL        buffer1
  -------         ENDDO         
  C:B8CAH         LINE#         204
  C:B8CAH         LINE#         205
  C:B8CAH         LINE#         208
  C:B8CFH         LINE#         209
  C:B8DEH         LINE#         210
  C:B8E7H         LINE#         211
  C:B8F5H         LINE#         212
  -------         ENDPROC       RX_MONITOR
  -------         ENDMOD        MONITOR

  -------         MODULE        ?C?FPADD
  C:145DH         PUBLIC        ?C?FPADD
  C:1459H         PUBLIC        ?C?FPSUB
  -------         ENDMOD        ?C?FPADD

  -------         MODULE        ?C?FPMUL
  C:154EH         PUBLIC        ?C?FPMUL
  -------         ENDMOD        ?C?FPMUL

  -------         MODULE        ?C?FCAST
  C:165EH         PUBLIC        ?C?FCASTC
  C:1659H         PUBLIC        ?C?FCASTI
  C:1654H         PUBLIC        ?C?FCASTL
  -------         ENDMOD        ?C?FCAST

  -------         MODULE        ?C?CASTF
  C:1692H         PUBLIC        ?C?CASTF
  -------         ENDMOD        ?C?CASTF

  -------         MODULE        PRINTF
  X:0077H         PUBLIC        ?_PRINTF?BYTE
  X:0077H         PUBLIC        ?_SPRINTF?BYTE
  C:3DF0H         PUBLIC        _PRINTF
  C:3DEAH         PUBLIC        _SPRINTF
  -------         ENDMOD        PRINTF
BL51 BANKED LINKER/LOCATER V6.22.2.0                                                  09/10/2021  16:23:10  PAGE 138



  -------         MODULE        POW
  X:0024H         PUBLIC        ?_pow?BYTE
  C:65E6H         PUBLIC        _pow
  -------         ENDMOD        POW

  -------         MODULE        ?C?CHKFLOAT
  C:1713H         PUBLIC        ?C?CHKFLOAT
  -------         ENDMOD        ?C?CHKFLOAT

  -------         MODULE        ?C?FPCMP
  C:172FH         PUBLIC        ?C?FPCMP
  C:172DH         PUBLIC        ?C?FPCMP3
  -------         ENDMOD        ?C?FPCMP

  -------         MODULE        ?C?FPNEG
  C:17A6H         PUBLIC        ?C?FPNEG
  -------         ENDMOD        ?C?FPNEG

  -------         MODULE        ?C?FPROUND
  C:17B7H         PUBLIC        ?C?FPROUND
  -------         ENDMOD        ?C?FPROUND

  -------         MODULE        ?C?FPCONVERT
  C:17F4H         PUBLIC        ?C?FPCONVERT
  -------         ENDMOD        ?C?FPCONVERT

  -------         MODULE        EXP
  C:9C5AH         PUBLIC        _EXP
  -------         ENDMOD        EXP

  -------         MODULE        LOG
  C:715AH         PUBLIC        _LOG
  C:7156H         PUBLIC        _LOG10
  -------         ENDMOD        LOG

  -------         MODULE        ?C?FPDIV
  C:18FCH         PUBLIC        ?C?FPDIV
  -------         ENDMOD        ?C?FPDIV

  -------         MODULE        ?C?FTNPWR
  C:19C9H         PUBLIC        ?C?FTNPWR
  -------         ENDMOD        ?C?FTNPWR

  -------         MODULE        ?C?COPY
  C:1B26H         PUBLIC        ?C?COPY
  -------         ENDMOD        ?C?COPY

  -------         MODULE        ?C?CLDPTR
  C:1B4CH         PUBLIC        ?C?CLDPTR
  -------         ENDMOD        ?C?CLDPTR

  -------         MODULE        ?C?CLDOPTR
  C:1B65H         PUBLIC        ?C?CLDOPTR
  -------         ENDMOD        ?C?CLDOPTR

  -------         MODULE        ?C?CSTPTR
BL51 BANKED LINKER/LOCATER V6.22.2.0                                                  09/10/2021  16:23:10  PAGE 139


  C:1B92H         PUBLIC        ?C?CSTPTR
  -------         ENDMOD        ?C?CSTPTR

  -------         MODULE        ?C?CSTOPTR
  C:1BA4H         PUBLIC        ?C?CSTOPTR
  -------         ENDMOD        ?C?CSTOPTR

  -------         MODULE        ?C?IMUL
  C:1BC6H         PUBLIC        ?C?IMUL
  -------         ENDMOD        ?C?IMUL

  -------         MODULE        ?C?IILDX
  C:1BD8H         PUBLIC        ?C?IILDX
  -------         ENDMOD        ?C?IILDX

  -------         MODULE        ?C?LNEG
  C:1BEEH         PUBLIC        ?C?LNEG
  -------         ENDMOD        ?C?LNEG

  -------         MODULE        ?C?SLCMP
  C:1BFCH         PUBLIC        ?C?SLCMP
  -------         ENDMOD        ?C?SLCMP

  -------         MODULE        ?C?ULCMP
  C:1C12H         PUBLIC        ?C?ULCMP
  -------         ENDMOD        ?C?ULCMP

  -------         MODULE        ?C?ULSHR
  C:1C23H         PUBLIC        ?C?ULSHR
  -------         ENDMOD        ?C?ULSHR

  -------         MODULE        ?C?LSHL
  C:1C36H         PUBLIC        ?C?LSHL
  -------         ENDMOD        ?C?LSHL

  -------         MODULE        ?C?LLDCODE
  C:1C49H         PUBLIC        ?C?LLDCODE
  -------         ENDMOD        ?C?LLDCODE

  -------         MODULE        ?C?LLDXDATA0
  C:1C59H         PUBLIC        ?C?LLDXDATA0
  -------         ENDMOD        ?C?LLDXDATA0

  -------         MODULE        ?C?LLDCODE0
  C:1C65H         PUBLIC        ?C?LLDCODE0
  -------         ENDMOD        ?C?LLDCODE0

  -------         MODULE        ?C?LSTXDATA
  C:1C75H         PUBLIC        ?C?LSTXDATA
  -------         ENDMOD        ?C?LSTXDATA

  -------         MODULE        ?C?LSTKXDATA
  C:1C81H         PUBLIC        ?C?LSTKXDATA
  -------         ENDMOD        ?C?LSTKXDATA

  -------         MODULE        ?C?PLDIXDATA
  C:1CB2H         PUBLIC        ?C?PLDIXDATA
BL51 BANKED LINKER/LOCATER V6.22.2.0                                                  09/10/2021  16:23:10  PAGE 140


  -------         ENDMOD        ?C?PLDIXDATA

  -------         MODULE        ?C?PSTXDATA
  C:1CC9H         PUBLIC        ?C?PSTXDATA
  -------         ENDMOD        ?C?PSTXDATA

  -------         MODULE        ?C?CCASE
  C:1CD2H         PUBLIC        ?C?CCASE
  -------         ENDMOD        ?C?CCASE

  -------         MODULE        STRCAT
  X:0046H         PUBLIC        ?_strcat?BYTE
  C:ABF5H         PUBLIC        _strcat
  -------         ENDMOD        STRCAT

  -------         MODULE        ?C?STRCMP
  C:1E76H         PUBLIC        ?C?STRCMP
  -------         ENDMOD        ?C?STRCMP

  -------         MODULE        ?C?STRCPY
  C:1F5FH         PUBLIC        ?C?STRCPY
  -------         ENDMOD        ?C?STRCPY

  -------         MODULE        STRLEN
  C:000EH         PUBLIC        _STRLEN
  -------         ENDMOD        STRLEN

  -------         MODULE        STRTOK
  X:0064H         PUBLIC        ?_strtok?BYTE
  C:846BH         PUBLIC        _strtok
  -------         ENDMOD        STRTOK

  -------         MODULE        ATOL
  C:76BFH         PUBLIC        _atol
  -------         ENDMOD        ATOL

  -------         MODULE        ATOI
  C:8709H         PUBLIC        _atoi
  -------         ENDMOD        ATOI

  -------         MODULE        ?C?ILDIX
  C:1F7CH         PUBLIC        ?C?ILDIX
  -------         ENDMOD        ?C?ILDIX

  -------         MODULE        ?C?LMUL
  C:1F92H         PUBLIC        ?C?LMUL
  -------         ENDMOD        ?C?LMUL

  -------         MODULE        ISDIGIT
  C:BDEDH         PUBLIC        _isdigit
  -------         ENDMOD        ISDIGIT

  -------         MODULE        ISSPACE
  C:BD3DH         PUBLIC        _isspace
  -------         ENDMOD        ISSPACE

  -------         MODULE        STRSPN
BL51 BANKED LINKER/LOCATER V6.22.2.0                                                  09/10/2021  16:23:10  PAGE 141


  X:006AH         PUBLIC        ?_strspn?BYTE
  C:A612H         PUBLIC        _strspn
  -------         ENDMOD        STRSPN

  -------         MODULE        STRPBRK
  X:006AH         PUBLIC        ?_strpbrk?BYTE
  C:A81CH         PUBLIC        _strpbrk
  -------         ENDMOD        STRPBRK

Program Size: data=99.1 xdata=543 code=48755
LINK/LOCATE RUN COMPLETE.  0 WARNING(S),  0 ERROR(S)
