BL51 BANKED LINKER/LOCATER V6.22.2.0                                                    08/26/2021  15:40:16  PAGE 1


BL51 BANKED LINKER/LOCATER V6.22.2.0, INVOKED BY:
C:\KEIL_V5\C51\BIN\BL51.EXE .\Objects\main.obj, .\Objects\Accescan.obj, .\Objects\Clock.obj, .\Objects\delay.obj, .\Obje
>> cts\eeprom.obj, .\Objects\io_sensores.obj, .\Objects\pantallas.obj, .\Objects\prog.obj, .\Objects\pto_paralelo.obj, .
>> \Objects\tibbo.obj, .\Objects\uart.obj, .\Objects\lintech.obj, .\Objects\verificador.obj, .\Objects\Monitor.obj TO .\
>> Objects\expedidor_v_01_raspberry PRINT (.\Listings\expedidor_v_01_raspberry.m51) RAMSIZE (256)


MEMORY MODEL: LARGE WITH FLOATING POINT ARITHMETIC


INPUT MODULES INCLUDED:
  .\Objects\main.obj (MAIN)
  .\Objects\Accescan.obj (ACCESCAN)
  .\Objects\Clock.obj (CLOCK)
  .\Objects\delay.obj (DELAY)
  .\Objects\eeprom.obj (EEPROM)
  .\Objects\io_sensores.obj (IO_SENSORES)
  .\Objects\pantallas.obj (PANTALLAS)
  .\Objects\prog.obj (PROG)
  .\Objects\pto_paralelo.obj (PTO_PARALELO)
  .\Objects\tibbo.obj (TIBBO)
  .\Objects\uart.obj (UART)
  .\Objects\lintech.obj (LINTECH)
  .\Objects\verificador.obj (VERIFICADOR)
  .\Objects\Monitor.obj (MONITOR)
  C:\KEIL_V5\C51\LIB\C51FPL.LIB (?C?FPADD)
  C:\KEIL_V5\C51\LIB\C51FPL.LIB (?C?FPMUL)
  C:\KEIL_V5\C51\LIB\C51FPL.LIB (?C?FCAST)
  C:\KEIL_V5\C51\LIB\C51FPL.LIB (?C?CASTF)
  C:\KEIL_V5\C51\LIB\C51FPL.LIB (PRINTF)
  C:\KEIL_V5\C51\LIB\C51FPL.LIB (POW)
  C:\KEIL_V5\C51\LIB\C51FPL.LIB (?C?FPGETOPN)
  C:\KEIL_V5\C51\LIB\C51FPL.LIB (?C?CHKFLOAT)
  C:\KEIL_V5\C51\LIB\C51FPL.LIB (?C?FPCMP)
  C:\KEIL_V5\C51\LIB\C51FPL.LIB (?C?FPNEG)
  C:\KEIL_V5\C51\LIB\C51FPL.LIB (?C?FPROUND)
  C:\KEIL_V5\C51\LIB\C51FPL.LIB (?C?FPCONVERT)
  C:\KEIL_V5\C51\LIB\C51FPL.LIB (EXP)
  C:\KEIL_V5\C51\LIB\C51FPL.LIB (LOG)
  C:\KEIL_V5\C51\LIB\C51FPL.LIB (?C?FPDIV)
  C:\KEIL_V5\C51\LIB\C51FPL.LIB (?C?FTNPWR)
  C:\KEIL_V5\C51\LIB\C51FPL.LIB (?C?FPSERIES)
  C:\KEIL_V5\C51\LIB\C51L.LIB (?C_STARTUP)
  C:\KEIL_V5\C51\LIB\C51L.LIB (?C?COPY)
  C:\KEIL_V5\C51\LIB\C51L.LIB (?C?CLDPTR)
  C:\KEIL_V5\C51\LIB\C51L.LIB (?C?CLDOPTR)
  C:\KEIL_V5\C51\LIB\C51L.LIB (?C?CSTPTR)
  C:\KEIL_V5\C51\LIB\C51L.LIB (?C?CSTOPTR)
  C:\KEIL_V5\C51\LIB\C51L.LIB (?C?IMUL)
  C:\KEIL_V5\C51\LIB\C51L.LIB (?C?IILDX)
  C:\KEIL_V5\C51\LIB\C51L.LIB (?C?LNEG)
  C:\KEIL_V5\C51\LIB\C51L.LIB (?C?SLCMP)
  C:\KEIL_V5\C51\LIB\C51L.LIB (?C?ULCMP)
  C:\KEIL_V5\C51\LIB\C51L.LIB (?C?ULSHR)
  C:\KEIL_V5\C51\LIB\C51L.LIB (?C?LSHL)
  C:\KEIL_V5\C51\LIB\C51L.LIB (?C?LLDCODE)
  C:\KEIL_V5\C51\LIB\C51L.LIB (?C?LLDXDATA0)
  C:\KEIL_V5\C51\LIB\C51L.LIB (?C?LLDCODE0)
BL51 BANKED LINKER/LOCATER V6.22.2.0                                                  08/26/2021  15:40:16  PAGE 2


  C:\KEIL_V5\C51\LIB\C51L.LIB (?C?LSTXDATA)
  C:\KEIL_V5\C51\LIB\C51L.LIB (?C?LSTKXDATA)
  C:\KEIL_V5\C51\LIB\C51L.LIB (?C?PLDIXDATA)
  C:\KEIL_V5\C51\LIB\C51L.LIB (?C?PSTXDATA)
  C:\KEIL_V5\C51\LIB\C51L.LIB (?C?CCASE)
  C:\KEIL_V5\C51\LIB\C51L.LIB (STRCAT)
  C:\KEIL_V5\C51\LIB\C51L.LIB (?C?STRCMP)
  C:\KEIL_V5\C51\LIB\C51L.LIB (?C?STRCPY)
  C:\KEIL_V5\C51\LIB\C51L.LIB (STRLEN)
  C:\KEIL_V5\C51\LIB\C51L.LIB (STRTOK)
  C:\KEIL_V5\C51\LIB\C51L.LIB (ATOL)
  C:\KEIL_V5\C51\LIB\C51L.LIB (ATOI)
  C:\KEIL_V5\C51\LIB\C51L.LIB (?C_INIT)
  C:\KEIL_V5\C51\LIB\C51L.LIB (?C?ILDIX)
  C:\KEIL_V5\C51\LIB\C51L.LIB (?C?LMUL)
  C:\KEIL_V5\C51\LIB\C51L.LIB (ISDIGIT)
  C:\KEIL_V5\C51\LIB\C51L.LIB (ISSPACE)
  C:\KEIL_V5\C51\LIB\C51L.LIB (STRSPN)
  C:\KEIL_V5\C51\LIB\C51L.LIB (STRPBRK)


LINK MAP OF MODULE:  .\Objects\expedidor_v_01_raspberry (MAIN)


            TYPE    BASE      LENGTH    RELOCATION   SEGMENT NAME
            -----------------------------------------------------

            * * * * * * *   D A T A   M E M O R Y   * * * * * * *
            REG     0000H     0008H     ABSOLUTE     "REG BANK 0"
            DATA    0008H     0005H     UNIT         _DATA_GROUP_
            DATA    000DH     0004H     UNIT         ?DT?UART
            IDATA   0011H     0009H     UNIT         ?ID?MONITOR
                    001AH     0006H                  *** GAP ***
            BIT     0020H.0   0001H.1   UNIT         _BIT_GROUP_
            BIT     0021H.1   0000H.3   UNIT         ?BI?MAIN
            BIT     0021H.4   0000H.2   UNIT         ?BI?UART
            BIT     0021H.6   0000H.1   UNIT         ?BI?EEPROM
            BIT     0021H.7   0000H.1   UNIT         ?BI?IO_SENSORES
            BIT     0022H.0   0000H.1   UNIT         ?BI?VERIFICADOR
                    0022H.1   0000H.7                *** GAP ***
            IDATA   0023H     0046H     UNIT         ?ID?MAIN
            IDATA   0069H     0001H     UNIT         ?STACK

            * * * * * * *  X D A T A   M E M O R Y  * * * * * * *
            XDATA   0000H     00B7H     UNIT         _XDATA_GROUP_
            XDATA   00B7H     0091H     UNIT         ?XD?VERIFICADOR
            XDATA   0148H     006EH     UNIT         ?XD?MAIN
            XDATA   01B6H     005FH     UNIT         ?XD?PROG
            XDATA   0215H     0003H     UNIT         ?XD?EEPROM
            XDATA   0218H     0003H     UNIT         ?XD?UART
            XDATA   021BH     0003H     UNIT         ?XD?STRTOK
            XDATA   021EH     0002H     UNIT         ?XD?IO_SENSORES
            XDATA   0220H     0001H     UNIT         ?XD?ACCESCAN
            XDATA   0221H     0001H     UNIT         ?XD?CLOCK

            * * * * * * *   C O D E   M E M O R Y   * * * * * * *
            CODE    0000H     0003H     ABSOLUTE     
BL51 BANKED LINKER/LOCATER V6.22.2.0                                                  08/26/2021  15:40:16  PAGE 3


            CODE    0003H     0008H     UNIT         ?PR?P_CK?CLOCK
            CODE    000BH     0003H     ABSOLUTE     
            CODE    000EH     0015H     UNIT         ?PR?_STRLEN?STRLEN
            CODE    0023H     0003H     ABSOLUTE     
            CODE    0026H     148FH     UNIT         ?CO?PROG
            CODE    14B5H     0B8BH     UNIT         ?C?LIB_CODE
            CODE    2040H     0747H     UNIT         ?PR?_PANTALLALCD?PANTALLAS
            CODE    2787H     06EFH     UNIT         ?CO?PANTALLAS
            CODE    2E76H     0690H     UNIT         ?CO?VERIFICADOR
            CODE    3506H     053DH     UNIT         ?PR?_VALIDA_TRAMA_PTO?ACCESCAN
            CODE    3A43H     04E3H     UNIT         ?PR?_SECUENCIAEXPEDIDORMF?VERIFICADOR
            CODE    3F26H     0483H     UNIT         ?PR?PRINTF?PRINTF
            CODE    43A9H     03C8H     UNIT         ?PR?VER_PROG?PROG
            CODE    4771H     02D0H     UNIT         ?PR?_TWO_BYTEHEX_DECIMAL?CLOCK
            CODE    4A41H     02B7H     UNIT         ?PR?_PROG_HORARIO_DIAS?PROG
            CODE    4CF8H     02A5H     UNIT         ?PR?_PANTALLALCD_LINEA_2?PANTALLAS
            CODE    4F9DH     02A3H     UNIT         ?PR?_ARMAR_TRAMA_MONITOR?VERIFICADOR
            CODE    5240H     0256H     UNIT         ?PR?_ARMAR_TRAMA_PTO_PARALELO_EXPEDIDOR?VERIFICADOR
            CODE    5496H     023EH     UNIT         ?PR?MENU?PROG
            CODE    56D4H     0208H     UNIT         ?PR?_HASH_ID?PROG
            CODE    58DCH     01FAH     UNIT         ?PR?_PROG_HORARIO_DESDE_HASTA?PROG
            CODE    5AD6H     01F5H     UNIT         ?PR?PROG_FECHA_VENCIMIENTO?PROG
            CODE    5CCBH     01F5H     UNIT         ?PR?COM_ISR?UART
            CODE    5EC0H     01EBH     UNIT         ?PR?_ARMAR_TRAMA_TARJETA_SECTOR1_BLOQUE2?VERIFICADOR
            CODE    60ABH     01DDH     UNIT         ?PR?_RESPONDE_LECTURA_TARJETA_SECTOR1_BLOQUE1?VERIFICADOR
            CODE    6288H     01D8H     UNIT         ?PR?_BLOCK_READ_CLOCK_ASCII_RASBERRY?CLOCK
            CODE    6460H     01A3H     UNIT         ?CO?LINTECH
            CODE    6603H     016EH     UNIT         ?PR?_BLOCK_READ_CLOCK_ASCII?CLOCK
            CODE    6771H     0166H     UNIT         ?PR?_POW?POW
            CODE    68D7H     0157H     UNIT         ?PR?_RESPONDE_REELECTURA_TARJETA_SECTOR1_BLOQUE2?VERIFICADOR
            CODE    6A2EH     0145H     UNIT         ?PR?PROG_HORARIOS?PROG
            CODE    6B73H     013EH     UNIT         ?PR?PROG_SIN_COBRO?PROG
            CODE    6CB1H     013EH     UNIT         ?PR?SECUENCIA_INICIO_EXPEDIDOR?VERIFICADOR
            CODE    6DEFH     013CH     UNIT         ?PR?LOAD_AND_SEND_ID_COD?PTO_PARALELO
            CODE    6F2BH     0137H     UNIT         ?PR?VER_HORARIO?PROG
            CODE    7062H     012EH     UNIT         ?PR?_ARMAR_TRAMA_PTO_PARALELO_EXPEDIDOR_MENSUAL?VERIFICADOR
            CODE    7190H     0129H     UNIT         ?PR?_RESPONDE_LECTURA_TARJETA_SECTOR1_BLOQUE2?VERIFICADOR
            CODE    72B9H     0129H     UNIT         ?PR?LOG?LOG
            CODE    73E2H     0128H     UNIT         ?PR?_VER_HORARIO_DIAS?PROG
            CODE    750AH     011AH     UNIT         ?PR?_PROG_HORARIOS_ON_OFF?PROG
            CODE    7624H     0119H     UNIT         ?PR?_VER_HORARIO_DESDE_HASTA?PROG
            CODE    773DH     0115H     UNIT         ?PR?_VALIDAR_CLK?CLOCK
            CODE    7852H     010CH     UNIT         ?PR?_ATOL?ATOL
            CODE    795EH     0100H     UNIT         ?PR?_WR_MF?LINTECH
            CODE    7A5EH     00FCH     UNIT         ?PR?PROG_DEBUG?PROG
            CODE    7B5AH     00FCH     UNIT         ?PR?PROG_USE_LPR?PROG
            CODE    7C56H     00FCH     UNIT         ?PR?TIPO_PANTALLA?PROG
            CODE    7D52H     00FCH     UNIT         ?PR?PROG_ANTIPASSBACK?PROG
            CODE    7E4EH     00FCH     UNIT         ?PR?PROG_PLACA?PROG
            CODE    7F4AH     00FCH     UNIT         ?PR?PROG_VALIDAR_TIPO_VEHICULO_MENSUAL?PROG
            CODE    8046H     00FCH     UNIT         ?PR?PROG_APB_MENSUAL?PROG
            CODE    8142H     00FCH     UNIT         ?PR?PROG_MENSUALES?PROG
            CODE    823EH     00FCH     UNIT         ?PR?PROG_PRECARGA?PROG
            CODE    833AH     00F1H     UNIT         ?PR?_WRITE_EEPROM_TICKET?EEPROM
            CODE    842BH     00F0H     UNIT         ?CO?IO_SENSORES
            CODE    851BH     00EAH     UNIT         ?PR?_MOV_CARD?LINTECH
            CODE    8605H     00E4H     UNIT         ?PR?_STRTOK?STRTOK
BL51 BANKED LINKER/LOCATER V6.22.2.0                                                  08/26/2021  15:40:16  PAGE 4


            CODE    86E9H     00DEH     UNIT         ?PR?PROG_ADDRESS_HIGH_BOARD?PROG
            CODE    87C7H     00DDH     UNIT         ?C_INITSEG
            CODE    88A4H     00DCH     UNIT         ?PR?_RTA_CMD_TRANSPORTE?VERIFICADOR
            CODE    8980H     00DBH     UNIT         ?PR?_ATOI?ATOI
            CODE    8A5BH     00DAH     UNIT         ?PR?_VALIDA_TIPO_TARJETA?VERIFICADOR
            CODE    8B35H     00D7H     UNIT         ?PR?_ANALIZA_UID_CARD?VERIFICADOR
            CODE    8C0CH     00D7H     UNIT         ?PR?_RESPUESTA_PLACA_CANCEL?VERIFICADOR
            CODE    8CE3H     00D6H     UNIT         ?PR?_CMD_LPR_SALIDA_WIEGAND?ACCESCAN
            CODE    8DB9H     00CFH     UNIT         ?PR?_RECIBE_CMD_MONITOR?MONITOR
            CODE    8E88H     00CCH     UNIT         ?PR?_GRABA_SERIE?EEPROM
            CODE    8F54H     00CAH     UNIT         ?PR?READ_EEPROM_TICKET?EEPROM
            CODE    901EH     00C9H     UNIT         ?PR?_CHECK_FECHAOUT?CLOCK
            CODE    90E7H     00C4H     UNIT         ?PR?_BLOCK_READ_CLOCK?CLOCK
            CODE    91ABH     00C3H     UNIT         ?PR?_RD_MF?LINTECH
            CODE    926EH     00C2H     UNIT         ?PR?PROG_TARJETA_AUTOMATICA_O_BOTON?PROG
            CODE    9330H     00BEH     UNIT         ?PR?ERROR_RX_PTO?VERIFICADOR
            CODE    93EEH     00BDH     UNIT         ?PR?PROG_COD_PARK?PROG
            CODE    94ABH     00BDH     UNIT         ?PR?PROG_TIEMPO_GRACIA?PROG
            CODE    9568H     00BDH     UNIT         ?PR?_VALIDA_TRAMA_MONITOR?MONITOR
            CODE    9625H     00B9H     UNIT         ?CO?TIBBO
            CODE    96DEH     00B8H     UNIT         ?PR?_WAIT_PLACA?VERIFICADOR
            CODE    9796H     00B6H     UNIT         ?PR?PROG_ID_CLIENTE?PROG
            CODE    984CH     00B2H     UNIT         ?PR?_SEND_PORT?PTO_PARALELO
            CODE    98FEH     00AFH     UNIT         ?PR?MSJ_LCD_INFORMATIVO?IO_SENSORES
            CODE    99ADH     00AAH     UNIT         ?PR?CLAVE_SEGURIDAD_S2?LINTECH
            CODE    9A57H     00A9H     UNIT         ?PR?DWLOAD_EEPROM?LINTECH
            CODE    9B00H     00A6H     UNIT         ?PR?_BLOCK_READ_CLOCK_HEX?CLOCK
            CODE    9BA6H     00A5H     UNIT         ?PR?_SEND_PTO_PARALELO?VERIFICADOR
            CODE    9C4BH     00A4H     UNIT         ?PR?_ARMAR_TRAMA_TARJETA_SECTOR1_BLOQUE1_CAMCEL?VERIFICADOR
            CODE    9CEFH     00A2H     UNIT         ?PR?SHOW?PROG
            CODE    9D91H     00A1H     UNIT         ?PR?_BLOCK_WRITE_CLOCK_ASCII?CLOCK
            CODE    9E32H     009EH     UNIT         ?PR?INGRESO_VEHICULO?VERIFICADOR
            CODE    9ED0H     009DH     UNIT         ?PR?_INICIALIZA?LINTECH
            CODE    9F6DH     009BH     UNIT         ?PR?ENTREGA_CARD_CAPTURA?VERIFICADOR
            CODE    A008H     009AH     UNIT         ?PR?EXP?EXP
            CODE    A0A2H     0099H     UNIT         ?PR?_RECIBE_PORT?PTO_PARALELO
            CODE    A13BH     0098H     UNIT         ?PR?_RESPONDE_LECTURA_TARJETA_SECTOR1_BLOQUE0?VERIFICADOR
            CODE    A1D3H     0091H     UNIT         ?PR?_HEX_ASCII?CLOCK
            CODE    A264H     0091H     UNIT         ?PR?_CARD_INSERCION?LINTECH
            CODE    A2F5H     0090H     UNIT         ?PR?_LEE_CLK?CLOCK
            CODE    A385H     0090H     UNIT         ?PR?_GETOPTION?PROG
            CODE    A415H     0090H     UNIT         ?PR?_DISPARO_LOCK_ENTRADA_VEHICULO?VERIFICADOR
            CODE    A4A5H     008DH     UNIT         ?PR?LOADVERIFY_EEPROM?LINTECH
            CODE    A532H     008CH     UNIT         ?C_C51STARTUP
            CODE    A5BEH     0088H     UNIT         ?PR?_SEND_PORTERR?PTO_PARALELO
            CODE    A646H     0088H     UNIT         ?PR?RX_DATA?TIBBO
            CODE    A6CEH     0088H     UNIT         ?PR?UNIQUE_IDENTIFIER_UID?LINTECH
            CODE    A756H     0086H     UNIT         ?PR?_CHECK_STATUS?LINTECH
            CODE    A7DCH     0084H     UNIT         ?PR?_DEBUGBUFFERMF?TIBBO
            CODE    A860H     0084H     UNIT         ?PR?_STRSPN?STRSPN
            CODE    A8E4H     0083H     UNIT         ?PR?_RASPBERRY_DATA?PANTALLAS
            CODE    A967H     0082H     UNIT         ?PR?RESPONDE_TIPO_TARJETA?VERIFICADOR
            CODE    A9E9H     0081H     UNIT         ?PR?MAIN?MAIN
            CODE    AA6AH     0081H     UNIT         ?PR?_STRPBRK?STRPBRK
            CODE    AAEBH     0080H     UNIT         ?PR?_INGRESADATO?PROG
            CODE    AB6BH     0080H     UNIT         ?PR?AUT_CARD_CHECK_STATUS?LINTECH
            CODE    ABEBH     0080H     UNIT         ?PR?POWER_OFF?LINTECH
BL51 BANKED LINKER/LOCATER V6.22.2.0                                                  08/26/2021  15:40:16  PAGE 5


            CODE    AC6BH     007DH     UNIT         ?PR?RELOJ_PANTALLA_LCD?PANTALLAS
            CODE    ACE8H     0078H     UNIT         ?PR?RESPONDE_ESTADO_SENSORES_TRANSPORTE?VERIFICADOR
            CODE    AD60H     0074H     UNIT         ?PR?_HORA_ENTRADA_VEHICULO?CLOCK
            CODE    ADD4H     006FH     UNIT         ?PR?_ESCRIBIRMEMORIA?EEPROM
            CODE    AE43H     006CH     UNIT         ?PR?_RESPONDE_WRITE_TARJETA_SECTOR1_BLOQUE2?VERIFICADOR
            CODE    AEAFH     006BH     UNIT         ?PR?_STRCAT?STRCAT
            CODE    AF1AH     0066H     UNIT         ?PR?_LEERMEMORIA?EEPROM
            CODE    AF80H     0062H     UNIT         ?PR?_LISTACOMANDOS?PROG
            CODE    AFE2H     005EH     UNIT         ?PR?_BYTEHEX_DECIMAL?CLOCK
            CODE    B040H     005DH     UNIT         ?PR?_PREGUNTA_LPR?VERIFICADOR
            CODE    B09DH     005DH     UNIT         ?PR?_RESPUESTA_SEGUNDA_CLAVE?VERIFICADOR
            CODE    B0FAH     005CH     UNIT         ?PR?_ARMAR_TRAMA_PLACA?VERIFICADOR
            CODE    B156H     005BH     UNIT         ?PR?VARIABLE_INICIO?MAIN
            CODE    B1B1H     005BH     UNIT         ?PR?VALIDA_SENSOR1_AUTO?IO_SENSORES
            CODE    B20CH     0056H     UNIT         ?PR?_WR_EEPROM?EEPROM
            CODE    B262H     004FH     UNIT         ?PR?_DEBUG_BUFFER_RS232_LCD?TIBBO
            CODE    B2B1H     004DH     UNIT         ?PR?L_D_M?EEPROM
            CODE    B2FEH     004CH     UNIT         ?PR?LEE_NO_TICKET?EEPROM
            CODE    B34AH     004CH     UNIT         ?PR?LOAD_AND_SEND_INFO_RELOJ?PTO_PARALELO
            CODE    B396H     004BH     UNIT         ?PR?_TX_AUX?TIBBO
            CODE    B3E1H     0049H     UNIT         ?PR?_DEBUG_TXT_TIBBO?TIBBO
            CODE    B42AH     0048H     UNIT         ?PR?FIRST_CLAVE?PROG
            CODE    B472H     0047H     UNIT         ?PR?_DEBUG_CHR_TIBBO?TIBBO
            CODE    B4B9H     0047H     UNIT         ?PR?_DEBUG_CHR_RS232_LCD?TIBBO
            CODE    B500H     0047H     UNIT         ?PR?_RESPONDE_WRITE_TARJETA_SECTOR2_BLOQUE0?VERIFICADOR
            CODE    B547H     0046H     UNIT         ?PR?_ESCRIBIRCADENASOFT_BUFFER?MAIN
            CODE    B58DH     0046H     UNIT         ?PR?_LCD_TXT_NUM_CHAR?PANTALLAS
            CODE    B5D3H     0046H     UNIT         ?PR?_DEBUG_HEXDEC?TIBBO
            CODE    B619H     0044H     UNIT         ?PR?_LCD_TXT?PANTALLAS
            CODE    B65DH     0043H     UNIT         ?PR?DIR_BOARD?IO_SENSORES
            CODE    B6A0H     0042H     UNIT         ?PR?_VALIDARCLAVE?PROG
            CODE    B6E2H     0041H     UNIT         ?PR?_MONITOR_CHR?ACCESCAN
            CODE    B723H     0041H     UNIT         ?PR?_TWO_ONE?CLOCK
            CODE    B764H     0040H     UNIT         ?PR?_GETCMD?PROG
            CODE    B7A4H     0040H     UNIT         ?PR?_DEBUG_PTO_PARALELO?TIBBO
            CODE    B7E4H     003FH     UNIT         ?PR?_EB_CLK?CLOCK
            CODE    B823H     003FH     UNIT         ?PR?FORMATO_EEPROM?EEPROM
            CODE    B862H     003EH     UNIT         ?PR?_PUTCHAR?MAIN
            CODE    B8A0H     003EH     UNIT         ?PR?COM_BAUDRATE?UART
            CODE    B8DEH     003EH     UNIT         ?PR?TRAMA_VALIDACION_P_N?VERIFICADOR
            CODE    B91CH     003DH     UNIT         ?PR?_HEX_BCD?CLOCK
            CODE    B959H     003DH     UNIT         ?PR?_RD_EEPROM?EEPROM
            CODE    B996H     003DH     UNIT         ?PR?_DEBUG_MONITOR?TIBBO
            CODE    B9D3H     003DH     UNIT         ?PR?_LOAD_SECUENCIA_EXPEDIDOR?VERIFICADOR
            CODE    BA10H     003BH     UNIT         ?CO?ACCESCAN
            CODE    BA4BH     003BH     UNIT         ?CO?EEPROM
            CODE    BA86H     003BH     UNIT         ?PR?_COM_PUTCHAR?UART
            CODE    BAC1H     003AH     UNIT         ?PR?_DELAY_10MS?DELAY
            CODE    BAFBH     0039H     UNIT         ?PR?RX_MONITOR?MONITOR
            CODE    BB34H     0038H     UNIT         ?PR?VALIDASENSORESPASO?IO_SENSORES
            CODE    BB6CH     0038H     UNIT         ?PR?_DEBUG_TXT_RS232?TIBBO
            CODE    BBA4H     0036H     UNIT         ?PR?_RESPONDE_WRITE_TARJETA_SECTOR1_BLOQUE1?VERIFICADOR
            CODE    BBDAH     0036H     UNIT         ?PR?_RESPONDE_WRITE_TARJETA_SECTOR1_BLOQUE0?VERIFICADOR
            CODE    BC10H     0034H     UNIT         ?PR?INCREMENTE_TICKET?EEPROM
            CODE    BC44H     0034H     UNIT         ?PR?ADDR_HORARIOS?PROG
            CODE    BC78H     0031H     UNIT         ?PR?_TARJETA_ROTACION?VERIFICADOR
            CODE    BCA9H     0030H     UNIT         ?PR?PREGUNTA_PLACA_HABILITADA?VERIFICADOR
BL51 BANKED LINKER/LOCATER V6.22.2.0                                                  08/26/2021  15:40:16  PAGE 6


            CODE    BCD9H     002EH     UNIT         ?PR?TIMER0_INT?MAIN
            CODE    BD07H     002AH     UNIT         ?PR?COM_INITIALIZE?UART
            CODE    BD31H     002AH     UNIT         ?PR?ANALIZA_PRESENCIA_ROTACION?VERIFICADOR
            CODE    BD5BH     0028H     UNIT         ?PR?_WR_CLK?CLOCK
            CODE    BD83H     0028H     UNIT         ?PR?_ARMAR_TRAMA_TARJETA_SECTOR1_BLOQUE0?VERIFICADOR
            CODE    BDABH     0027H     UNIT         ?PR?_TX_CHRLCD?PANTALLAS
            CODE    BDD2H     0026H     UNIT         ?PR?COM_GETCHAR?UART
            CODE    BDF8H     0022H     UNIT         ?PR?_E_D_M?EEPROM
            CODE    BE1AH     0022H     UNIT         ?PR?VALIDASENSOR_CERO?IO_SENSORES
            CODE    BE3CH     0021H     UNIT         ?CO?PTO_PARALELO
            CODE    BE5DH     0020H     UNIT         ?PR?ACKD?EEPROM
            CODE    BE7DH     0020H     UNIT         ?PR?ACK_LECT?EEPROM
            CODE    BE9DH     001FH     UNIT         ?PR?VALIDASENSOR?IO_SENSORES
            CODE    BEBCH     001EH     UNIT         ?PR?_BCD_HEX?CLOCK
            CODE    BEDAH     001BH     UNIT         ?PR?_DELAY_1MS?DELAY
            CODE    BEF5H     001AH     UNIT         ?PR?CLEAR_PLACA?MONITOR
            CODE    BF0FH     0017H     UNIT         ?PR?DISPLAYCURSOR?PROG
            CODE    BF26H     0016H     UNIT         ?PR?DIR_BOARD_MONITOR?IO_SENSORES
            CODE    BF3CH     0016H     UNIT         ?PR?TIME_BIT?TIBBO
            CODE    BF52H     0014H     UNIT         ?CO?CLOCK
            CODE    BF66H     0014H     UNIT         ?PR?_ISSPACE?ISSPACE
            CODE    BF7AH     0012H     UNIT         ?PR?_DELAY_20US?DELAY
            CODE    BF8CH     0012H     UNIT         ?PR?START?EEPROM
            CODE    BF9EH     0012H     UNIT         ?PR?BOTTON?IO_SENSORES
            CODE    BFB0H     0012H     UNIT         ?PR?PULSO_BUS?PTO_PARALELO
            CODE    BFC2H     0012H     UNIT         ?PR?COM_RBUFLEN?UART
            CODE    BFD4H     0012H     UNIT         ?PR?COM_TBUFLEN?UART
            CODE    BFE6H     0010H     UNIT         ?PR?INI_TIMER?MAIN
            CODE    BFF6H     0010H     UNIT         ?PR?INICIA_BOARD?MAIN
            CODE    C006H     0010H     UNIT         ?PR?TIME_MBIT?TIBBO
            CODE    C016H     000FH     UNIT         ?PR?_ISDIGIT?ISDIGIT
            CODE    C025H     000CH     UNIT         ?PR?_GETKEY?MAIN
            CODE    C031H     000AH     UNIT         ?PR?STOP?EEPROM
            CODE    C03BH     000AH     UNIT         ?PR?COND_INI_PTO?PTO_PARALELO
            CODE    C045H     0009H     UNIT         ?PR?DEBUG_DIVIDIR_TEXTO?TIBBO
            CODE    C04EH     0007H     UNIT         ?PR?COND_INI_CLOCK?CLOCK
            CODE    C055H     0007H     UNIT         ?PR?SEL_FUNCION?IO_SENSORES
            CODE    C05CH     0007H     UNIT         ?PR?SEL_AUTO?IO_SENSORES
            CODE    C063H     0007H     UNIT         ?PR?SEL_PULSA?IO_SENSORES
            CODE    C06AH     0007H     UNIT         ?PR?SEL_SENSOR2?IO_SENSORES
            CODE    C071H     0007H     UNIT         ?PR?SEL_SENSOR1?IO_SENSORES
            CODE    C078H     0007H     UNIT         ?PR?SEL_DIR1?IO_SENSORES
            CODE    C07FH     0007H     UNIT         ?PR?SEL_DIR2?IO_SENSORES
            CODE    C086H     0006H     UNIT         ?PR?P_ME?EEPROM
            CODE    C08CH     0005H     UNIT         ?PR?ON_TIMER0_INTERRUP?MAIN
            CODE    C091H     0005H     UNIT         ?PR?COND_INI_TIBBO?TIBBO
            CODE    C096H     0003H     UNIT         ?PR?OFF_TIMER0_INTERRUP?MAIN
            CODE    C099H     0001H     UNIT         ?PR?DELAY?DELAY



OVERLAY MAP OF MODULE:   .\Objects\expedidor_v_01_raspberry (MAIN)


SEGMENT                                             BIT_GROUP          DATA_GROUP          XDATA_GROUP
  +--> CALLED SEGMENT                            START    LENGTH     START    LENGTH     START    LENGTH
--------------------------------------------------------------------------------------------------------
BL51 BANKED LINKER/LOCATER V6.22.2.0                                                  08/26/2021  15:40:16  PAGE 7


?C_C51STARTUP                                    -----    -----      -----    -----      -----    -----
  +--> ?PR?MAIN?MAIN
  +--> ?C_INITSEG

?PR?MAIN?MAIN                                    -----    -----      -----    -----      0000H    0001H
  +--> ?PR?INI_TIMER?MAIN
  +--> ?PR?ON_TIMER0_INTERRUP?MAIN
  +--> ?PR?COM_INITIALIZE?UART
  +--> ?PR?COM_BAUDRATE?UART
  +--> ?PR?INICIA_BOARD?MAIN
  +--> ?PR?TIME_BIT?TIBBO
  +--> ?PR?_DELAY_20US?DELAY
  +--> ?PR?TIME_MBIT?TIBBO
  +--> ?PR?_TX_AUX?TIBBO
  +--> ?PR?SEL_FUNCION?IO_SENSORES
  +--> ?PR?MENU?PROG
  +--> ?PR?VARIABLE_INICIO?MAIN
  +--> ?PR?SECUENCIA_INICIO_EXPEDIDOR?VERIFI...
  +--> ?PR?RX_MONITOR?MONITOR
  +--> ?PR?_SECUENCIAEXPEDIDORMF?VERIFICADOR
  +--> ?PR?_RECIBE_PORT?PTO_PARALELO
  +--> ?PR?_DEBUG_PTO_PARALELO?TIBBO
  +--> ?PR?_VALIDA_TRAMA_PTO?ACCESCAN
  +--> ?PR?MSJ_LCD_INFORMATIVO?IO_SENSORES

?PR?COM_INITIALIZE?UART                          -----    -----      -----    -----      -----    -----
  +--> ?PR?COM_BAUDRATE?UART

?PR?COM_BAUDRATE?UART                            -----    -----      -----    -----      -----    -----
  +--> ?PR?_RD_EEPROM?EEPROM

?PR?_RD_EEPROM?EEPROM                            -----    -----      -----    -----      -----    -----
  +--> ?PR?START?EEPROM
  +--> ?PR?ACK_LECT?EEPROM
  +--> ?PR?_E_D_M?EEPROM
  +--> ?PR?ACKD?EEPROM
  +--> ?PR?L_D_M?EEPROM
  +--> ?PR?STOP?EEPROM

?PR?ACK_LECT?EEPROM                              -----    -----      -----    -----      -----    -----
  +--> ?PR?_E_D_M?EEPROM

?PR?_E_D_M?EEPROM                                -----    -----      -----    -----      -----    -----
  +--> ?PR?P_ME?EEPROM

?PR?ACKD?EEPROM                                  -----    -----      -----    -----      -----    -----
  +--> ?PR?_E_D_M?EEPROM

?PR?INICIA_BOARD?MAIN                            -----    -----      -----    -----      -----    -----
  +--> ?PR?COND_INI_TIBBO?TIBBO
  +--> ?PR?COND_INI_CLOCK?CLOCK
  +--> ?PR?COND_INI_PTO?PTO_PARALELO

?PR?_TX_AUX?TIBBO                                -----    -----      -----    -----      -----    -----
  +--> ?PR?TIME_BIT?TIBBO

?PR?MENU?PROG                                    -----    -----      -----    -----      0001H    0045H
BL51 BANKED LINKER/LOCATER V6.22.2.0                                                  08/26/2021  15:40:16  PAGE 8


  +--> ?CO?PROG
  +--> ?PR?PRINTF?PRINTF
  +--> ?PR?_RD_EEPROM?EEPROM
  +--> ?PR?FIRST_CLAVE?PROG
  +--> ?PR?_WR_EEPROM?EEPROM
  +--> ?PR?_LEERMEMORIA?EEPROM
  +--> ?PR?_HASH_ID?PROG
  +--> ?PR?_INGRESADATO?PROG
  +--> ?PR?_GETCMD?PROG
  +--> ?PR?_ESCRIBIRMEMORIA?EEPROM
  +--> ?PR?_VALIDARCLAVE?PROG
  +--> ?PR?DISPLAYCURSOR?PROG
  +--> ?PR?_STRLEN?STRLEN
  +--> ?PR?_GETOPTION?PROG
  +--> ?PR?_STRCAT?STRCAT
  +--> ?PR?_LISTACOMANDOS?PROG
  +--> ?PR?PROG_ID_CLIENTE?PROG
  +--> ?PR?PROG_COD_PARK?PROG
  +--> ?PR?PROG_TIEMPO_GRACIA?PROG
  +--> ?PR?PROG_SIN_COBRO?PROG
  +--> ?PR?PROG_DEBUG?PROG
  +--> ?PR?PROG_USE_LPR?PROG
  +--> ?PR?TIPO_PANTALLA?PROG
  +--> ?PR?PROG_TARJETA_AUTOMATICA_O_BOTON?PROG
  +--> ?PR?PROG_ANTIPASSBACK?PROG
  +--> ?PR?PROG_PLACA?PROG
  +--> ?PR?PROG_ADDRESS_HIGH_BOARD?PROG
  +--> ?PR?PROG_HORARIOS?PROG
  +--> ?PR?PROG_VALIDAR_TIPO_VEHICULO_MENSUA...
  +--> ?PR?PROG_APB_MENSUAL?PROG
  +--> ?PR?PROG_MENSUALES?PROG
  +--> ?PR?VER_PROG?PROG
  +--> ?PR?SHOW?PROG
  +--> ?PR?PROG_FECHA_VENCIMIENTO?PROG
  +--> ?PR?PROG_PRECARGA?PROG

?PR?PRINTF?PRINTF                                0020H.0  0001H.1    0008H    0005H      0077H    0030H
  +--> ?PR?_PUTCHAR?MAIN

?PR?_PUTCHAR?MAIN                                -----    -----      -----    -----      00A7H    0003H
  +--> ?PR?_COM_PUTCHAR?UART

?PR?_COM_PUTCHAR?UART                            -----    -----      -----    -----      00AAH    0001H
  +--> ?PR?COM_TBUFLEN?UART

?PR?FIRST_CLAVE?PROG                             -----    -----      -----    -----      0046H    000BH
  +--> ?PR?_BLOCK_READ_CLOCK_ASCII?CLOCK
  +--> ?PR?_HASH_ID?PROG
  +--> ?PR?_ESCRIBIRMEMORIA?EEPROM

?PR?_BLOCK_READ_CLOCK_ASCII?CLOCK                -----    -----      -----    -----      0051H    0003H
  +--> ?PR?_LEE_CLK?CLOCK

?PR?_LEE_CLK?CLOCK                               -----    -----      -----    -----      00B1H    0003H
  +--> ?PR?_DELAY_20US?DELAY
  +--> ?PR?_EB_CLK?CLOCK
  +--> ?PR?P_CK?CLOCK
BL51 BANKED LINKER/LOCATER V6.22.2.0                                                  08/26/2021  15:40:16  PAGE 9



?PR?_EB_CLK?CLOCK                                -----    -----      -----    -----      00B4H    0003H
  +--> ?PR?P_CK?CLOCK

?PR?P_CK?CLOCK                                   -----    -----      -----    -----      -----    -----
  +--> ?PR?DELAY?DELAY

?PR?_HASH_ID?PROG                                -----    -----      -----    -----      005DH    003FH
  +--> ?CO?PROG
  +--> ?PR?_LEERMEMORIA?EEPROM
  +--> ?PR?_CHECK_FECHAOUT?CLOCK
  +--> ?PR?_STRLEN?STRLEN

?PR?_LEERMEMORIA?EEPROM                          -----    -----      -----    -----      009CH    0005H
  +--> ?PR?_RD_EEPROM?EEPROM

?PR?_CHECK_FECHAOUT?CLOCK                        -----    -----      -----    -----      009CH    0012H
  +--> ?PR?_BLOCK_READ_CLOCK_HEX?CLOCK

?PR?_BLOCK_READ_CLOCK_HEX?CLOCK                  -----    -----      -----    -----      00AEH    0003H
  +--> ?PR?_LEE_CLK?CLOCK
  +--> ?PR?_BCD_HEX?CLOCK

?PR?_ESCRIBIRMEMORIA?EEPROM                      -----    -----      -----    -----      005DH    0005H
  +--> ?PR?_WR_EEPROM?EEPROM

?PR?_WR_EEPROM?EEPROM                            -----    -----      -----    -----      -----    -----
  +--> ?PR?START?EEPROM
  +--> ?PR?ACKD?EEPROM
  +--> ?PR?_E_D_M?EEPROM
  +--> ?PR?STOP?EEPROM
  +--> ?PR?_DELAY_1MS?DELAY
  +--> ?PR?_DELAY_20US?DELAY

?PR?_DELAY_1MS?DELAY                             -----    -----      -----    -----      -----    -----
  +--> ?PR?_DELAY_20US?DELAY

?PR?_INGRESADATO?PROG                            -----    -----      -----    -----      0071H    0004H
  +--> ?PR?_GETKEY?MAIN
  +--> ?CO?PROG
  +--> ?PR?PRINTF?PRINTF
  +--> ?PR?_PUTCHAR?MAIN

?PR?_GETKEY?MAIN                                 -----    -----      -----    -----      -----    -----
  +--> ?PR?COM_GETCHAR?UART

?PR?COM_GETCHAR?UART                             -----    -----      -----    -----      -----    -----
  +--> ?PR?COM_RBUFLEN?UART

?PR?_GETCMD?PROG                                 -----    -----      -----    -----      005DH    0007H
  +--> ?CO?PROG
  +--> ?PR?_STRTOK?STRTOK

?PR?_STRTOK?STRTOK                               -----    -----      -----    -----      0064H    0006H
  +--> ?PR?_STRSPN?STRSPN
  +--> ?PR?_STRPBRK?STRPBRK

BL51 BANKED LINKER/LOCATER V6.22.2.0                                                  08/26/2021  15:40:16  PAGE 10


?PR?_STRSPN?STRSPN                               -----    -----      -----    -----      006AH    0008H

?PR?_STRPBRK?STRPBRK                             -----    -----      -----    -----      006AH    0009H

?PR?_VALIDARCLAVE?PROG                           -----    -----      -----    -----      005DH    000EH

?PR?DISPLAYCURSOR?PROG                           -----    -----      -----    -----      -----    -----
  +--> ?CO?PROG
  +--> ?PR?PRINTF?PRINTF

?PR?_GETOPTION?PROG                              -----    -----      -----    -----      0046H    000BH
  +--> ?CO?PROG
  +--> ?PR?_STRTOK?STRTOK

?PR?_STRCAT?STRCAT                               -----    -----      -----    -----      0046H    0009H

?PR?_LISTACOMANDOS?PROG                          -----    -----      -----    -----      0046H    0007H

?PR?PROG_ID_CLIENTE?PROG                         -----    -----      -----    -----      0046H    000CH
  +--> ?PR?_RD_EEPROM?EEPROM
  +--> ?CO?PROG
  +--> ?PR?PRINTF?PRINTF
  +--> ?PR?_INGRESADATO?PROG
  +--> ?PR?_ATOI?ATOI
  +--> ?PR?_WR_EEPROM?EEPROM

?PR?_ATOI?ATOI                                   0020H.0  0000H.1    -----    -----      0071H    0005H
  +--> ?PR?_ISSPACE?ISSPACE
  +--> ?PR?_ISDIGIT?ISDIGIT

?PR?PROG_COD_PARK?PROG                           -----    -----      -----    -----      0046H    000CH
  +--> ?PR?_RD_EEPROM?EEPROM
  +--> ?CO?PROG
  +--> ?PR?PRINTF?PRINTF
  +--> ?PR?_INGRESADATO?PROG
  +--> ?PR?_ATOI?ATOI
  +--> ?PR?_WR_EEPROM?EEPROM

?PR?PROG_TIEMPO_GRACIA?PROG                      -----    -----      -----    -----      0046H    000CH
  +--> ?PR?_RD_EEPROM?EEPROM
  +--> ?CO?PROG
  +--> ?PR?PRINTF?PRINTF
  +--> ?PR?_INGRESADATO?PROG
  +--> ?PR?_ATOI?ATOI
  +--> ?PR?_WR_EEPROM?EEPROM

?PR?PROG_SIN_COBRO?PROG                          -----    -----      -----    -----      0046H    000CH
  +--> ?PR?_RD_EEPROM?EEPROM
  +--> ?CO?PROG
  +--> ?PR?PRINTF?PRINTF
  +--> ?PR?_INGRESADATO?PROG
  +--> ?PR?_ATOI?ATOI
  +--> ?PR?_WR_EEPROM?EEPROM

?PR?PROG_DEBUG?PROG                              -----    -----      -----    -----      0046H    000CH
  +--> ?PR?_RD_EEPROM?EEPROM
  +--> ?CO?PROG
BL51 BANKED LINKER/LOCATER V6.22.2.0                                                  08/26/2021  15:40:16  PAGE 11


  +--> ?PR?PRINTF?PRINTF
  +--> ?PR?_INGRESADATO?PROG
  +--> ?PR?_ATOI?ATOI
  +--> ?PR?_WR_EEPROM?EEPROM

?PR?PROG_USE_LPR?PROG                            -----    -----      -----    -----      0046H    000CH
  +--> ?PR?_RD_EEPROM?EEPROM
  +--> ?CO?PROG
  +--> ?PR?PRINTF?PRINTF
  +--> ?PR?_INGRESADATO?PROG
  +--> ?PR?_ATOI?ATOI
  +--> ?PR?_WR_EEPROM?EEPROM

?PR?TIPO_PANTALLA?PROG                           -----    -----      -----    -----      0046H    000CH
  +--> ?PR?_RD_EEPROM?EEPROM
  +--> ?CO?PROG
  +--> ?PR?PRINTF?PRINTF
  +--> ?PR?_INGRESADATO?PROG
  +--> ?PR?_ATOI?ATOI
  +--> ?PR?_WR_EEPROM?EEPROM

?PR?PROG_TARJETA_AUTOMATICA_O_BOTON?PROG         -----    -----      -----    -----      0046H    000CH
  +--> ?PR?_RD_EEPROM?EEPROM
  +--> ?CO?PROG
  +--> ?PR?PRINTF?PRINTF
  +--> ?PR?_INGRESADATO?PROG
  +--> ?PR?_ATOI?ATOI
  +--> ?PR?_WR_EEPROM?EEPROM

?PR?PROG_ANTIPASSBACK?PROG                       -----    -----      -----    -----      0046H    000CH
  +--> ?PR?_RD_EEPROM?EEPROM
  +--> ?CO?PROG
  +--> ?PR?PRINTF?PRINTF
  +--> ?PR?_INGRESADATO?PROG
  +--> ?PR?_ATOI?ATOI
  +--> ?PR?_WR_EEPROM?EEPROM

?PR?PROG_PLACA?PROG                              -----    -----      -----    -----      0046H    000CH
  +--> ?PR?_RD_EEPROM?EEPROM
  +--> ?CO?PROG
  +--> ?PR?PRINTF?PRINTF
  +--> ?PR?_INGRESADATO?PROG
  +--> ?PR?_ATOI?ATOI
  +--> ?PR?_WR_EEPROM?EEPROM

?PR?PROG_ADDRESS_HIGH_BOARD?PROG                 -----    -----      -----    -----      0046H    000CH
  +--> ?PR?_RD_EEPROM?EEPROM
  +--> ?CO?PROG
  +--> ?PR?PRINTF?PRINTF
  +--> ?PR?_INGRESADATO?PROG
  +--> ?PR?_ATOI?ATOI
  +--> ?PR?_WR_EEPROM?EEPROM

?PR?PROG_HORARIOS?PROG                           -----    -----      -----    -----      0046H    001BH
  +--> ?PR?ADDR_HORARIOS?PROG
  +--> ?CO?PROG
  +--> ?PR?PRINTF?PRINTF
BL51 BANKED LINKER/LOCATER V6.22.2.0                                                  08/26/2021  15:40:16  PAGE 12


  +--> ?PR?_INGRESADATO?PROG
  +--> ?PR?_ATOI?ATOI
  +--> ?PR?_PROG_HORARIOS_ON_OFF?PROG
  +--> ?PR?_WR_EEPROM?EEPROM
  +--> ?PR?_PROG_HORARIO_DIAS?PROG
  +--> ?PR?_PROG_HORARIO_DESDE_HASTA?PROG
  +--> ?PR?_RD_EEPROM?EEPROM

?PR?ADDR_HORARIOS?PROG                           -----    -----      -----    -----      0074H    000BH

?PR?_PROG_HORARIOS_ON_OFF?PROG                   -----    -----      -----    -----      0061H    0010H
  +--> ?PR?_RD_EEPROM?EEPROM
  +--> ?CO?PROG
  +--> ?PR?PRINTF?PRINTF
  +--> ?PR?_INGRESADATO?PROG
  +--> ?PR?_ATOI?ATOI
  +--> ?PR?_WR_EEPROM?EEPROM

?PR?_PROG_HORARIO_DIAS?PROG                      -----    -----      -----    -----      0061H    000FH
  +--> ?CO?PROG
  +--> ?PR?PRINTF?PRINTF
  +--> ?PR?_INGRESADATO?PROG
  +--> ?PR?_WR_EEPROM?EEPROM
  +--> ?PR?_RD_EEPROM?EEPROM

?PR?_PROG_HORARIO_DESDE_HASTA?PROG               -----    -----      -----    -----      0061H    000CH
  +--> ?CO?PROG
  +--> ?PR?PRINTF?PRINTF
  +--> ?PR?_INGRESADATO?PROG
  +--> ?PR?_WR_EEPROM?EEPROM
  +--> ?PR?_RD_EEPROM?EEPROM

?PR?PROG_VALIDAR_TIPO_VEHICULO_MENSUA...         -----    -----      -----    -----      0046H    000CH
  +--> ?PR?_RD_EEPROM?EEPROM
  +--> ?CO?PROG
  +--> ?PR?PRINTF?PRINTF
  +--> ?PR?_INGRESADATO?PROG
  +--> ?PR?_ATOI?ATOI
  +--> ?PR?_WR_EEPROM?EEPROM

?PR?PROG_APB_MENSUAL?PROG                        -----    -----      -----    -----      0046H    000CH
  +--> ?PR?_RD_EEPROM?EEPROM
  +--> ?CO?PROG
  +--> ?PR?PRINTF?PRINTF
  +--> ?PR?_INGRESADATO?PROG
  +--> ?PR?_ATOI?ATOI
  +--> ?PR?_WR_EEPROM?EEPROM

?PR?PROG_MENSUALES?PROG                          -----    -----      -----    -----      0046H    000CH
  +--> ?PR?_RD_EEPROM?EEPROM
  +--> ?CO?PROG
  +--> ?PR?PRINTF?PRINTF
  +--> ?PR?_INGRESADATO?PROG
  +--> ?PR?_ATOI?ATOI
  +--> ?PR?_WR_EEPROM?EEPROM

?PR?VER_PROG?PROG                                -----    -----      -----    -----      0046H    0013H
BL51 BANKED LINKER/LOCATER V6.22.2.0                                                  08/26/2021  15:40:16  PAGE 13


  +--> ?PR?_RD_EEPROM?EEPROM
  +--> ?CO?PROG
  +--> ?PR?PRINTF?PRINTF
  +--> ?PR?VER_HORARIO?PROG
  +--> ?PR?_LEERMEMORIA?EEPROM
  +--> ?PR?_HEX_ASCII?CLOCK
  +--> ?PR?LEE_NO_TICKET?EEPROM

?PR?VER_HORARIO?PROG                             -----    -----      -----    -----      0059H    001BH
  +--> ?PR?ADDR_HORARIOS?PROG
  +--> ?CO?PROG
  +--> ?PR?PRINTF?PRINTF
  +--> ?PR?_RD_EEPROM?EEPROM
  +--> ?PR?_VER_HORARIO_DIAS?PROG
  +--> ?PR?_VER_HORARIO_DESDE_HASTA?PROG

?PR?_VER_HORARIO_DIAS?PROG                       -----    -----      -----    -----      0074H    0003H
  +--> ?PR?_RD_EEPROM?EEPROM
  +--> ?CO?PROG
  +--> ?PR?PRINTF?PRINTF

?PR?_VER_HORARIO_DESDE_HASTA?PROG                -----    -----      -----    -----      0074H    0002H
  +--> ?CO?PROG
  +--> ?PR?PRINTF?PRINTF
  +--> ?PR?_RD_EEPROM?EEPROM

?PR?_HEX_ASCII?CLOCK                             -----    -----      -----    -----      005DH    0006H
  +--> ?PR?_HEX_BCD?CLOCK

?PR?LEE_NO_TICKET?EEPROM                         -----    -----      -----    -----      0059H    000BH
  +--> ?PR?READ_EEPROM_TICKET?EEPROM
  +--> ?CO?EEPROM
  +--> ?PR?PRINTF?PRINTF
  +--> ?PR?_STRLEN?STRLEN
  +--> ?PR?_DEBUG_TXT_TIBBO?TIBBO

?PR?READ_EEPROM_TICKET?EEPROM                    -----    -----      -----    -----      0064H    0007H
  +--> ?PR?_RD_EEPROM?EEPROM

?PR?_DEBUG_TXT_TIBBO?TIBBO                       -----    -----      -----    -----      0064H    0004H
  +--> ?PR?_DEBUG_CHR_TIBBO?TIBBO
  +--> ?CO?TIBBO
  +--> ?PR?_TX_AUX?TIBBO

?PR?_DEBUG_CHR_TIBBO?TIBBO                       -----    -----      -----    -----      -----    -----
  +--> ?PR?_TX_AUX?TIBBO

?PR?SHOW?PROG                                    -----    -----      -----    -----      -----    -----
  +--> ?CO?PROG
  +--> ?PR?PRINTF?PRINTF

?PR?PROG_FECHA_VENCIMIENTO?PROG                  -----    -----      -----    -----      0046H    0017H
  +--> ?PR?_LEERMEMORIA?EEPROM
  +--> ?PR?_HEX_ASCII?CLOCK
  +--> ?CO?PROG
  +--> ?PR?PRINTF?PRINTF
  +--> ?PR?_HASH_ID?PROG
BL51 BANKED LINKER/LOCATER V6.22.2.0                                                  08/26/2021  15:40:16  PAGE 14


  +--> ?PR?_INGRESADATO?PROG
  +--> ?PR?_GETCMD?PROG
  +--> ?PR?_ESCRIBIRMEMORIA?EEPROM
  +--> ?PR?_VALIDARCLAVE?PROG
  +--> ?PR?_ATOI?ATOI
  +--> ?PR?_WR_EEPROM?EEPROM

?PR?PROG_PRECARGA?PROG                           -----    -----      -----    -----      0046H    000CH
  +--> ?PR?_RD_EEPROM?EEPROM
  +--> ?CO?PROG
  +--> ?PR?PRINTF?PRINTF
  +--> ?PR?_INGRESADATO?PROG
  +--> ?PR?_ATOI?ATOI
  +--> ?PR?_WR_EEPROM?EEPROM

?PR?VARIABLE_INICIO?MAIN                         -----    -----      -----    -----      -----    -----
  +--> ?PR?_RD_EEPROM?EEPROM

?PR?SECUENCIA_INICIO_EXPEDIDOR?VERIFI...         -----    -----      -----    -----      0001H    0001H
  +--> ?PR?_INICIALIZA?LINTECH
  +--> ?PR?TRAMA_VALIDACION_P_N?VERIFICADOR
  +--> ?CO?VERIFICADOR
  +--> ?PR?_DEBUG_TXT_TIBBO?TIBBO
  +--> ?PR?_DEBUGBUFFERMF?TIBBO
  +--> ?PR?DWLOAD_EEPROM?LINTECH

?PR?_INICIALIZA?LINTECH                          -----    -----      -----    -----      0002H    000CH
  +--> ?CO?LINTECH
  +--> ?PR?_DEBUG_TXT_TIBBO?TIBBO
  +--> ?PR?_DEBUGBUFFERMF?TIBBO
  +--> ?PR?_ESCRIBIRCADENASOFT_BUFFER?MAIN

?PR?_DEBUGBUFFERMF?TIBBO                         -----    -----      -----    -----      0027H    0006H
  +--> ?CO?TIBBO
  +--> ?PR?_DEBUG_TXT_TIBBO?TIBBO
  +--> ?PR?_DEBUG_CHR_TIBBO?TIBBO
  +--> ?PR?_TX_AUX?TIBBO

?PR?_ESCRIBIRCADENASOFT_BUFFER?MAIN              -----    -----      -----    -----      0027H    0006H
  +--> ?PR?_PUTCHAR?MAIN

?PR?TRAMA_VALIDACION_P_N?VERIFICADOR             -----    -----      -----    -----      -----    -----
  +--> ?CO?VERIFICADOR
  +--> ?PR?_DEBUG_TXT_TIBBO?TIBBO

?PR?DWLOAD_EEPROM?LINTECH                        -----    -----      -----    -----      0002H    0016H
  +--> ?CO?LINTECH
  +--> ?PR?_DEBUG_TXT_TIBBO?TIBBO
  +--> ?PR?_DEBUGBUFFERMF?TIBBO
  +--> ?PR?_ESCRIBIRCADENASOFT_BUFFER?MAIN

?PR?RX_MONITOR?MONITOR                           -----    -----      -----    -----      0009H    000EH
  +--> ?PR?_RECIBE_CMD_MONITOR?MONITOR
  +--> ?PR?_DEBUG_BUFFER_RS232_LCD?TIBBO
  +--> ?PR?_DEBUG_MONITOR?TIBBO
  +--> ?PR?_VALIDA_TRAMA_MONITOR?MONITOR

BL51 BANKED LINKER/LOCATER V6.22.2.0                                                  08/26/2021  15:40:16  PAGE 15


?PR?_RECIBE_CMD_MONITOR?MONITOR                  -----    -----      -----    -----      0017H    0009H
  +--> ?PR?RX_DATA?TIBBO

?PR?RX_DATA?TIBBO                                -----    -----      -----    -----      -----    -----
  +--> ?PR?TIME_MBIT?TIBBO
  +--> ?PR?TIME_BIT?TIBBO

?PR?_DEBUG_BUFFER_RS232_LCD?TIBBO                -----    -----      -----    -----      0017H    0006H
  +--> ?PR?_DEBUG_CHR_RS232_LCD?TIBBO
  +--> ?PR?_PUTCHAR?MAIN

?PR?_DEBUG_CHR_RS232_LCD?TIBBO                   -----    -----      -----    -----      001DH    0001H
  +--> ?PR?_PUTCHAR?MAIN

?PR?_DEBUG_MONITOR?TIBBO                         -----    -----      -----    -----      0017H    0004H
  +--> ?PR?DEBUG_DIVIDIR_TEXTO?TIBBO
  +--> ?CO?TIBBO
  +--> ?PR?_DEBUG_TXT_TIBBO?TIBBO

?PR?DEBUG_DIVIDIR_TEXTO?TIBBO                    -----    -----      -----    -----      -----    -----
  +--> ?CO?TIBBO
  +--> ?PR?_DEBUG_TXT_TIBBO?TIBBO

?PR?_VALIDA_TRAMA_MONITOR?MONITOR                -----    -----      -----    -----      0017H    0006H
  +--> ?PR?_DELAY_10MS?DELAY
  +--> ?PR?_TX_AUX?TIBBO

?PR?_DELAY_10MS?DELAY                            -----    -----      -----    -----      001DH    0004H
  +--> ?PR?_DELAY_1MS?DELAY

?PR?_SECUENCIAEXPEDIDORMF?VERIFICADOR            -----    -----      -----    -----      0001H    0001H
  +--> ?PR?_CHECK_STATUS?LINTECH
  +--> ?PR?_LOAD_SECUENCIA_EXPEDIDOR?VERIFIC...
  +--> ?PR?_RTA_CMD_TRANSPORTE?VERIFICADOR
  +--> ?PR?_MOV_CARD?LINTECH
  +--> ?PR?AUT_CARD_CHECK_STATUS?LINTECH
  +--> ?PR?LOADVERIFY_EEPROM?LINTECH
  +--> ?PR?_RD_MF?LINTECH
  +--> ?PR?_WR_MF?LINTECH
  +--> ?PR?_CARD_INSERCION?LINTECH
  +--> ?PR?DWLOAD_EEPROM?LINTECH
  +--> ?PR?ENTREGA_CARD_CAPTURA?VERIFICADOR
  +--> ?PR?_SEND_PTO_PARALELO?VERIFICADOR
  +--> ?PR?_WAIT_PLACA?VERIFICADOR
  +--> ?PR?UNIQUE_IDENTIFIER_UID?LINTECH
  +--> ?PR?_PREGUNTA_LPR?VERIFICADOR
  +--> ?PR?PREGUNTA_PLACA_HABILITADA?VERIFIC...
  +--> ?PR?_VALIDA_TIPO_TARJETA?VERIFICADOR
  +--> ?PR?POWER_OFF?LINTECH
  +--> ?PR?CLAVE_SEGURIDAD_S2?LINTECH
  +--> ?PR?_RESPONDE_REELECTURA_TARJETA_SECT...
  +--> ?PR?ANALIZA_PRESENCIA_ROTACION?VERIFI...
  +--> ?PR?RX_MONITOR?MONITOR
  +--> ?PR?INGRESO_VEHICULO?VERIFICADOR
  +--> ?PR?RESPONDE_ESTADO_SENSORES_TRANSPOR...
  +--> ?PR?RESPONDE_TIPO_TARJETA?VERIFICADOR
  +--> ?PR?_RESPONDE_LECTURA_TARJETA_SECTOR1...
BL51 BANKED LINKER/LOCATER V6.22.2.0                                                  08/26/2021  15:40:16  PAGE 16


  +--> ?PR?_RESPONDE_LECTURA_TARJETA_SECTOR1...
  +--> ?PR?_RESPONDE_LECTURA_TARJETA_SECTOR1...
  +--> ?PR?_RESPONDE_WRITE_TARJETA_SECTOR1_B...
  +--> ?PR?_RESPONDE_WRITE_TARJETA_SECTOR2_B...
  +--> ?PR?_RESPONDE_WRITE_TARJETA_SECTOR1_B...
  +--> ?PR?_RESPONDE_WRITE_TARJETA_SECTOR1_B...
  +--> ?PR?_DISPARO_LOCK_ENTRADA_VEHICULO?VE...
  +--> ?PR?_RESPUESTA_SEGUNDA_CLAVE?VERIFICADOR
  +--> ?PR?_ANALIZA_UID_CARD?VERIFICADOR
  +--> ?CO?VERIFICADOR
  +--> ?PR?_DEBUG_TXT_TIBBO?TIBBO

?PR?_CHECK_STATUS?LINTECH                        -----    -----      -----    -----      0002H    000BH
  +--> ?CO?LINTECH
  +--> ?PR?_DEBUG_TXT_TIBBO?TIBBO
  +--> ?PR?_DEBUGBUFFERMF?TIBBO
  +--> ?PR?_ESCRIBIRCADENASOFT_BUFFER?MAIN

?PR?_LOAD_SECUENCIA_EXPEDIDOR?VERIFIC...         -----    -----      -----    -----      0002H    0009H

?PR?_RTA_CMD_TRANSPORTE?VERIFICADOR              -----    -----      -----    -----      0002H    0005H
  +--> ?PR?TRAMA_VALIDACION_P_N?VERIFICADOR
  +--> ?CO?VERIFICADOR
  +--> ?PR?_DEBUG_TXT_TIBBO?TIBBO
  +--> ?PR?_DEBUGBUFFERMF?TIBBO
  +--> ?PR?ERROR_RX_PTO?VERIFICADOR

?PR?ERROR_RX_PTO?VERIFICADOR                     -----    -----      -----    -----      0007H    0001H
  +--> ?CO?VERIFICADOR
  +--> ?PR?_DEBUG_TXT_TIBBO?TIBBO
  +--> ?PR?_DEBUG_CHR_TIBBO?TIBBO
  +--> ?PR?_DELAY_10MS?DELAY

?PR?_MOV_CARD?LINTECH                            -----    -----      -----    -----      0002H    000CH
  +--> ?CO?LINTECH
  +--> ?PR?_DEBUG_TXT_TIBBO?TIBBO
  +--> ?PR?_DEBUGBUFFERMF?TIBBO
  +--> ?PR?_ESCRIBIRCADENASOFT_BUFFER?MAIN

?PR?AUT_CARD_CHECK_STATUS?LINTECH                -----    -----      -----    -----      0002H    000BH
  +--> ?CO?LINTECH
  +--> ?PR?_DEBUG_TXT_TIBBO?TIBBO
  +--> ?PR?_DEBUGBUFFERMF?TIBBO
  +--> ?PR?_ESCRIBIRCADENASOFT_BUFFER?MAIN

?PR?LOADVERIFY_EEPROM?LINTECH                    -----    -----      -----    -----      0002H    0010H
  +--> ?CO?LINTECH
  +--> ?PR?_DEBUG_TXT_TIBBO?TIBBO
  +--> ?PR?_DEBUGBUFFERMF?TIBBO
  +--> ?PR?_ESCRIBIRCADENASOFT_BUFFER?MAIN

?PR?_RD_MF?LINTECH                               -----    -----      -----    -----      0002H    0012H
  +--> ?CO?LINTECH
  +--> ?PR?_DEBUG_TXT_TIBBO?TIBBO
  +--> ?PR?_DEBUG_CHR_TIBBO?TIBBO
  +--> ?PR?_DEBUGBUFFERMF?TIBBO
  +--> ?PR?_ESCRIBIRCADENASOFT_BUFFER?MAIN
BL51 BANKED LINKER/LOCATER V6.22.2.0                                                  08/26/2021  15:40:16  PAGE 17



?PR?_WR_MF?LINTECH                               -----    -----      -----    -----      0002H    0025H
  +--> ?CO?LINTECH
  +--> ?PR?_DEBUG_TXT_TIBBO?TIBBO
  +--> ?PR?_DEBUG_CHR_TIBBO?TIBBO
  +--> ?PR?_DEBUGBUFFERMF?TIBBO
  +--> ?PR?_ESCRIBIRCADENASOFT_BUFFER?MAIN

?PR?_CARD_INSERCION?LINTECH                      -----    -----      -----    -----      0002H    000AH
  +--> ?CO?LINTECH
  +--> ?PR?_DEBUG_TXT_TIBBO?TIBBO
  +--> ?PR?_DEBUGBUFFERMF?TIBBO
  +--> ?PR?_ESCRIBIRCADENASOFT_BUFFER?MAIN

?PR?ENTREGA_CARD_CAPTURA?VERIFICADOR             -----    -----      -----    -----      0002H    0001H
  +--> ?CO?VERIFICADOR
  +--> ?PR?_DEBUG_TXT_TIBBO?TIBBO
  +--> ?PR?SEL_SENSOR2?IO_SENSORES
  +--> ?PR?VALIDASENSOR?IO_SENSORES
  +--> ?PR?VALIDA_SENSOR1_AUTO?IO_SENSORES

?PR?VALIDA_SENSOR1_AUTO?IO_SENSORES              -----    -----      -----    -----      0012H    0001H
  +--> ?PR?SEL_SENSOR1?IO_SENSORES
  +--> ?PR?SEL_AUTO?IO_SENSORES
  +--> ?CO?IO_SENSORES
  +--> ?PR?_DEBUG_TXT_TIBBO?TIBBO
  +--> ?PR?BOTTON?IO_SENSORES

?PR?BOTTON?IO_SENSORES                           -----    -----      -----    -----      -----    -----
  +--> ?PR?SEL_PULSA?IO_SENSORES
  +--> ?CO?IO_SENSORES
  +--> ?PR?_DEBUG_TXT_TIBBO?TIBBO

?PR?_SEND_PTO_PARALELO?VERIFICADOR               -----    -----      -----    -----      0002H    0007H
  +--> ?PR?_ARMAR_TRAMA_PTO_PARALELO_EXPEDID...
  +--> ?PR?_ARMAR_TRAMA_PTO_PARALELO_EXPEDID...
  +--> ?PR?INCREMENTE_TICKET?EEPROM
  +--> ?PR?_SEND_PORT?PTO_PARALELO
  +--> ?CO?VERIFICADOR
  +--> ?PR?_DEBUG_TXT_TIBBO?TIBBO
  +--> ?PR?_DEBUGBUFFERMF?TIBBO
  +--> ?PR?CLEAR_PLACA?MONITOR

?PR?_ARMAR_TRAMA_PTO_PARALELO_EXPEDID...         -----    -----      -----    -----      0009H    0006H
  +--> ?PR?_BCD_HEX?CLOCK
  +--> ?PR?_RD_EEPROM?EEPROM

?PR?_ARMAR_TRAMA_PTO_PARALELO_EXPEDID...         -----    -----      -----    -----      0009H    0012H
  +--> ?PR?LEE_NO_TICKET?EEPROM
  +--> ?PR?_STRCAT?STRCAT
  +--> ?PR?_STRLEN?STRLEN
  +--> ?PR?_BCD_HEX?CLOCK
  +--> ?PR?_RD_EEPROM?EEPROM

?PR?INCREMENTE_TICKET?EEPROM                     -----    -----      -----    -----      0009H    000BH
  +--> ?PR?READ_EEPROM_TICKET?EEPROM
  +--> ?CO?EEPROM
BL51 BANKED LINKER/LOCATER V6.22.2.0                                                  08/26/2021  15:40:16  PAGE 18


  +--> ?PR?PRINTF?PRINTF
  +--> ?PR?_WRITE_EEPROM_TICKET?EEPROM

?PR?_WRITE_EEPROM_TICKET?EEPROM                  -----    -----      -----    -----      0016H    000BH
  +--> ?CO?EEPROM
  +--> ?PR?_DEBUG_TXT_TIBBO?TIBBO
  +--> ?PR?_ATOL?ATOL
  +--> ?PR?_DEBUG_CHR_TIBBO?TIBBO
  +--> ?PR?_WR_EEPROM?EEPROM

?PR?_ATOL?ATOL                                   0020H.0  0000H.1    -----    -----      0021H    0007H
  +--> ?PR?_ISSPACE?ISSPACE
  +--> ?PR?_ISDIGIT?ISDIGIT

?PR?_SEND_PORT?PTO_PARALELO                      -----    -----      -----    -----      0016H    000AH
  +--> ?PR?PULSO_BUS?PTO_PARALELO
  +--> ?PR?_DELAY_20US?DELAY

?PR?PULSO_BUS?PTO_PARALELO                       -----    -----      -----    -----      -----    -----
  +--> ?PR?_DELAY_20US?DELAY

?PR?_WAIT_PLACA?VERIFICADOR                      -----    -----      -----    -----      0002H    0007H
  +--> ?CO?VERIFICADOR
  +--> ?PR?_DEBUG_TXT_TIBBO?TIBBO
  +--> ?PR?RX_MONITOR?MONITOR
  +--> ?PR?_RESPUESTA_PLACA_CANCEL?VERIFICADOR

?PR?_RESPUESTA_PLACA_CANCEL?VERIFICADOR          -----    -----      -----    -----      0009H    000AH
  +--> ?CO?VERIFICADOR
  +--> ?PR?_DEBUG_TXT_TIBBO?TIBBO
  +--> ?PR?_ARMAR_TRAMA_TARJETA_SECTOR1_BLOQ...
  +--> ?PR?_DEBUG_TXT_RS232?TIBBO

?PR?_ARMAR_TRAMA_TARJETA_SECTOR1_BLOQ...         -----    -----      -----    -----      0013H    0004H
  +--> ?PR?CLEAR_PLACA?MONITOR
  +--> ?PR?_RD_EEPROM?EEPROM

?PR?_DEBUG_TXT_RS232?TIBBO                       -----    -----      -----    -----      0013H    0005H
  +--> ?PR?_PUTCHAR?MAIN

?PR?UNIQUE_IDENTIFIER_UID?LINTECH                -----    -----      -----    -----      0002H    000BH
  +--> ?CO?LINTECH
  +--> ?PR?_DEBUG_TXT_TIBBO?TIBBO
  +--> ?PR?_DEBUGBUFFERMF?TIBBO
  +--> ?PR?_ESCRIBIRCADENASOFT_BUFFER?MAIN

?PR?_PREGUNTA_LPR?VERIFICADOR                    -----    -----      -----    -----      0002H    0007H
  +--> ?CO?VERIFICADOR
  +--> ?PR?_DEBUG_TXT_TIBBO?TIBBO
  +--> ?PR?_HORA_ENTRADA_VEHICULO?CLOCK
  +--> ?PR?_RD_EEPROM?EEPROM
  +--> ?PR?_ARMAR_TRAMA_MONITOR?VERIFICADOR

?PR?_HORA_ENTRADA_VEHICULO?CLOCK                 -----    -----      -----    -----      0009H    0003H
  +--> ?PR?_LEE_CLK?CLOCK

?PR?_ARMAR_TRAMA_MONITOR?VERIFICADOR             -----    -----      -----    -----      0009H    000FH
BL51 BANKED LINKER/LOCATER V6.22.2.0                                                  08/26/2021  15:40:16  PAGE 19


  +--> ?PR?DIR_BOARD_MONITOR?IO_SENSORES
  +--> ?PR?LEE_NO_TICKET?EEPROM
  +--> ?PR?_STRCAT?STRCAT
  +--> ?PR?_BYTEHEX_DECIMAL?CLOCK
  +--> ?PR?_STRLEN?STRLEN
  +--> ?PR?_TWO_BYTEHEX_DECIMAL?CLOCK

?PR?DIR_BOARD_MONITOR?IO_SENSORES                -----    -----      -----    -----      -----    -----
  +--> ?PR?_RD_EEPROM?EEPROM

?PR?_BYTEHEX_DECIMAL?CLOCK                       -----    -----      -----    -----      0018H    0001H

?PR?_TWO_BYTEHEX_DECIMAL?CLOCK                   -----    -----      -----    -----      0018H    000CH
  +--> ?PR?_POW?POW

?PR?_POW?POW                                     -----    -----      -----    -----      0024H    000AH
  +--> ?PR?LOG?LOG
  +--> ?PR?EXP?EXP

?PR?LOG?LOG                                      0020H.0  0000H.1    -----    -----      002EH    0004H

?PR?PREGUNTA_PLACA_HABILITADA?VERIFIC...         -----    -----      -----    -----      0002H    0001H
  +--> ?CO?VERIFICADOR
  +--> ?PR?_DEBUG_TXT_TIBBO?TIBBO
  +--> ?PR?_RD_EEPROM?EEPROM

?PR?_VALIDA_TIPO_TARJETA?VERIFICADOR             -----    -----      -----    -----      0002H    0007H
  +--> ?CO?VERIFICADOR
  +--> ?PR?_DEBUG_TXT_TIBBO?TIBBO
  +--> ?PR?_RD_EEPROM?EEPROM
  +--> ?PR?_SEND_PORTERR?PTO_PARALELO
  +--> ?PR?_TARJETA_ROTACION?VERIFICADOR
  +--> ?PR?_PANTALLALCD?PANTALLAS

?PR?_SEND_PORTERR?PTO_PARALELO                   -----    -----      -----    -----      0018H    0006H
  +--> ?PR?PULSO_BUS?PTO_PARALELO
  +--> ?PR?_DELAY_20US?DELAY

?PR?_TARJETA_ROTACION?VERIFICADOR                -----    -----      -----    -----      0009H    0006H
  +--> ?PR?_ARMAR_TRAMA_TARJETA_SECTOR1_BLOQ...

?PR?_ARMAR_TRAMA_TARJETA_SECTOR1_BLOQ...         -----    -----      -----    -----      000FH    0006H
  +--> ?PR?_BCD_HEX?CLOCK
  +--> ?PR?DIR_BOARD?IO_SENSORES

?PR?DIR_BOARD?IO_SENSORES                        -----    -----      -----    -----      0033H    0001H
  +--> ?PR?SEL_DIR1?IO_SENSORES
  +--> ?PR?SEL_DIR2?IO_SENSORES
  +--> ?PR?_RD_EEPROM?EEPROM

?PR?_PANTALLALCD?PANTALLAS                       -----    -----      -----    -----      0018H    000AH
  +--> ?CO?PANTALLAS
  +--> ?PR?_LCD_TXT?PANTALLAS
  +--> ?PR?_STRLEN?STRLEN
  +--> ?PR?_TX_CHRLCD?PANTALLAS
  +--> ?PR?_RASPBERRY_DATA?PANTALLAS

BL51 BANKED LINKER/LOCATER V6.22.2.0                                                  08/26/2021  15:40:16  PAGE 20


?PR?_LCD_TXT?PANTALLAS                           -----    -----      -----    -----      0044H    0005H
  +--> ?PR?_TX_CHRLCD?PANTALLAS

?PR?_TX_CHRLCD?PANTALLAS                         -----    -----      -----    -----      0049H    0002H
  +--> ?PR?_PUTCHAR?MAIN

?PR?_RASPBERRY_DATA?PANTALLAS                    -----    -----      -----    -----      0044H    0006H
  +--> ?PR?_STRLEN?STRLEN
  +--> ?PR?_PUTCHAR?MAIN

?PR?POWER_OFF?LINTECH                            -----    -----      -----    -----      0002H    000BH
  +--> ?CO?LINTECH
  +--> ?PR?_DEBUG_TXT_TIBBO?TIBBO
  +--> ?PR?_DEBUGBUFFERMF?TIBBO
  +--> ?PR?_ESCRIBIRCADENASOFT_BUFFER?MAIN

?PR?CLAVE_SEGURIDAD_S2?LINTECH                   -----    -----      -----    -----      0002H    0016H
  +--> ?CO?LINTECH
  +--> ?PR?_DEBUG_TXT_TIBBO?TIBBO
  +--> ?PR?_DEBUGBUFFERMF?TIBBO
  +--> ?PR?_ESCRIBIRCADENASOFT_BUFFER?MAIN

?PR?_RESPONDE_REELECTURA_TARJETA_SECT...         -----    -----      -----    -----      0002H    000AH
  +--> ?CO?VERIFICADOR
  +--> ?PR?_DEBUG_TXT_TIBBO?TIBBO
  +--> ?PR?_DEBUGBUFFERMF?TIBBO
  +--> ?PR?_ARMAR_TRAMA_TARJETA_SECTOR1_BLOQ...

?PR?_ARMAR_TRAMA_TARJETA_SECTOR1_BLOQ...         -----    -----      -----    -----      000CH    0003H
  +--> ?PR?LEE_NO_TICKET?EEPROM

?PR?ANALIZA_PRESENCIA_ROTACION?VERIFI...         -----    -----      -----    -----      0002H    0001H
  +--> ?PR?VALIDASENSORESPASO?IO_SENSORES
  +--> ?PR?_SEND_PORTERR?PTO_PARALELO
  +--> ?PR?_PANTALLALCD?PANTALLAS

?PR?VALIDASENSORESPASO?IO_SENSORES               -----    -----      -----    -----      0011H    0001H
  +--> ?PR?SEL_SENSOR2?IO_SENSORES
  +--> ?PR?VALIDASENSOR?IO_SENSORES
  +--> ?PR?VALIDA_SENSOR1_AUTO?IO_SENSORES
  +--> ?CO?IO_SENSORES
  +--> ?PR?_DEBUG_TXT_TIBBO?TIBBO

?PR?INGRESO_VEHICULO?VERIFICADOR                 -----    -----      -----    -----      0002H    0001H
  +--> ?CO?VERIFICADOR
  +--> ?PR?_DEBUG_TXT_TIBBO?TIBBO
  +--> ?PR?VALIDASENSORESPASO?IO_SENSORES
  +--> ?PR?_RD_EEPROM?EEPROM
  +--> ?PR?RX_MONITOR?MONITOR
  +--> ?PR?_SEND_PORTERR?PTO_PARALELO
  +--> ?PR?_PANTALLALCD?PANTALLAS
  +--> ?PR?BOTTON?IO_SENSORES

?PR?RESPONDE_ESTADO_SENSORES_TRANSPOR...         -----    -----      -----    -----      0002H    0001H
  +--> ?CO?VERIFICADOR
  +--> ?PR?_DEBUG_TXT_TIBBO?TIBBO
  +--> ?PR?_SEND_PORTERR?PTO_PARALELO
BL51 BANKED LINKER/LOCATER V6.22.2.0                                                  08/26/2021  15:40:16  PAGE 21



?PR?RESPONDE_TIPO_TARJETA?VERIFICADOR            -----    -----      -----    -----      0002H    0001H
  +--> ?CO?VERIFICADOR
  +--> ?PR?_DEBUG_TXT_TIBBO?TIBBO
  +--> ?PR?_SEND_PORTERR?PTO_PARALELO
  +--> ?PR?_PANTALLALCD?PANTALLAS

?PR?_RESPONDE_LECTURA_TARJETA_SECTOR1...         -----    -----      -----    -----      0002H    0016H
  +--> ?CO?VERIFICADOR
  +--> ?PR?_DEBUG_TXT_TIBBO?TIBBO
  +--> ?PR?_DEBUGBUFFERMF?TIBBO
  +--> ?PR?_RD_EEPROM?EEPROM
  +--> ?PR?_DEBUG_HEXDEC?TIBBO
  +--> ?PR?_DEBUG_CHR_TIBBO?TIBBO
  +--> ?PR?_SEND_PORTERR?PTO_PARALELO
  +--> ?PR?_PANTALLALCD?PANTALLAS

?PR?_DEBUG_HEXDEC?TIBBO                          -----    -----      -----    -----      0018H    0002H
  +--> ?PR?_TX_AUX?TIBBO

?PR?_RESPONDE_LECTURA_TARJETA_SECTOR1...         -----    -----      -----    -----      0002H    0004H
  +--> ?CO?VERIFICADOR
  +--> ?PR?_DEBUG_TXT_TIBBO?TIBBO

?PR?_RESPONDE_LECTURA_TARJETA_SECTOR1...         -----    -----      -----    -----      0002H    0015H
  +--> ?CO?VERIFICADOR
  +--> ?PR?_DEBUG_TXT_TIBBO?TIBBO
  +--> ?PR?_DEBUGBUFFERMF?TIBBO
  +--> ?PR?_DEBUG_CHR_TIBBO?TIBBO

?PR?_RESPONDE_WRITE_TARJETA_SECTOR1_B...         -----    -----      -----    -----      0002H    0007H
  +--> ?CO?VERIFICADOR
  +--> ?PR?_DEBUG_TXT_TIBBO?TIBBO
  +--> ?PR?_DEBUGBUFFERMF?TIBBO

?PR?_RESPONDE_WRITE_TARJETA_SECTOR2_B...         -----    -----      -----    -----      0002H    0003H
  +--> ?CO?VERIFICADOR
  +--> ?PR?_DEBUG_TXT_TIBBO?TIBBO
  +--> ?PR?_DEBUGBUFFERMF?TIBBO

?PR?_RESPONDE_WRITE_TARJETA_SECTOR1_B...         -----    -----      -----    -----      0002H    0003H
  +--> ?CO?VERIFICADOR
  +--> ?PR?_DEBUG_TXT_TIBBO?TIBBO
  +--> ?PR?_DEBUGBUFFERMF?TIBBO

?PR?_RESPONDE_WRITE_TARJETA_SECTOR1_B...         -----    -----      -----    -----      0002H    0003H
  +--> ?CO?VERIFICADOR
  +--> ?PR?_DEBUG_TXT_TIBBO?TIBBO
  +--> ?PR?_DEBUGBUFFERMF?TIBBO

?PR?_DISPARO_LOCK_ENTRADA_VEHICULO?VE...         -----    -----      -----    -----      0002H    0004H
  +--> ?CO?VERIFICADOR
  +--> ?PR?_DEBUG_TXT_TIBBO?TIBBO
  +--> ?PR?_SEND_PORTERR?PTO_PARALELO
  +--> ?PR?_PANTALLALCD_LINEA_2?PANTALLAS
  +--> ?PR?VALIDA_SENSOR1_AUTO?IO_SENSORES
  +--> ?PR?_PANTALLALCD?PANTALLAS
BL51 BANKED LINKER/LOCATER V6.22.2.0                                                  08/26/2021  15:40:16  PAGE 22



?PR?_PANTALLALCD_LINEA_2?PANTALLAS               -----    -----      -----    -----      0011H    0033H
  +--> ?CO?PANTALLAS
  +--> ?PR?_LCD_TXT?PANTALLAS
  +--> ?PR?_STRLEN?STRLEN
  +--> ?PR?_TX_CHRLCD?PANTALLAS
  +--> ?PR?_RASPBERRY_DATA?PANTALLAS
  +--> ?PR?LEE_NO_TICKET?EEPROM
  +--> ?PR?_STRCAT?STRCAT

?PR?_RESPUESTA_SEGUNDA_CLAVE?VERIFICADOR         -----    -----      -----    -----      0002H    0006H
  +--> ?CO?VERIFICADOR
  +--> ?PR?_DEBUG_TXT_TIBBO?TIBBO
  +--> ?PR?_DEBUGBUFFERMF?TIBBO
  +--> ?PR?_ARMAR_TRAMA_PLACA?VERIFICADOR

?PR?_ARMAR_TRAMA_PLACA?VERIFICADOR               -----    -----      -----    -----      0008H    0003H
  +--> ?PR?_STRLEN?STRLEN

?PR?_ANALIZA_UID_CARD?VERIFICADOR                -----    -----      -----    -----      0002H    0015H
  +--> ?CO?VERIFICADOR
  +--> ?PR?_DEBUG_TXT_TIBBO?TIBBO
  +--> ?PR?_DEBUGBUFFERMF?TIBBO
  +--> ?PR?_DEBUG_CHR_TIBBO?TIBBO

?PR?_RECIBE_PORT?PTO_PARALELO                    -----    -----      -----    -----      0001H    0008H
  +--> ?PR?OFF_TIMER0_INTERRUP?MAIN
  +--> ?PR?ON_TIMER0_INTERRUP?MAIN

?PR?_DEBUG_PTO_PARALELO?TIBBO                    -----    -----      -----    -----      0001H    0004H
  +--> ?CO?TIBBO
  +--> ?PR?_DEBUG_TXT_TIBBO?TIBBO
  +--> ?PR?_DEBUGBUFFERMF?TIBBO
  +--> ?PR?DEBUG_DIVIDIR_TEXTO?TIBBO

?PR?_VALIDA_TRAMA_PTO?ACCESCAN                   -----    -----      -----    -----      0001H    0010H
  +--> ?CO?ACCESCAN
  +--> ?PR?_DEBUG_TXT_TIBBO?TIBBO
  +--> ?PR?_DEBUG_CHR_TIBBO?TIBBO
  +--> ?PR?_VALIDAR_CLK?CLOCK
  +--> ?PR?_BLOCK_WRITE_CLOCK_ASCII?CLOCK
  +--> ?PR?RELOJ_PANTALLA_LCD?PANTALLAS
  +--> ?PR?_SEND_PORT?PTO_PARALELO
  +--> ?PR?_PANTALLALCD?PANTALLAS
  +--> ?PR?FORMATO_EEPROM?EEPROM
  +--> ?PR?_BYTEHEX_DECIMAL?CLOCK
  +--> ?PR?_TWO_BYTEHEX_DECIMAL?CLOCK
  +--> ?PR?VALIDASENSORESPASO?IO_SENSORES
  +--> ?PR?_CMD_LPR_SALIDA_WIEGAND?ACCESCAN
  +--> ?PR?_PANTALLALCD_LINEA_2?PANTALLAS
  +--> ?PR?_GRABA_SERIE?EEPROM

?PR?_BLOCK_WRITE_CLOCK_ASCII?CLOCK               -----    -----      -----    -----      0011H    0003H
  +--> ?CO?CLOCK
  +--> ?PR?_DEBUG_TXT_TIBBO?TIBBO
  +--> ?PR?_TWO_ONE?CLOCK
  +--> ?PR?_WR_CLK?CLOCK
BL51 BANKED LINKER/LOCATER V6.22.2.0                                                  08/26/2021  15:40:16  PAGE 23



?PR?_WR_CLK?CLOCK                                -----    -----      -----    -----      0014H    0002H
  +--> ?PR?_DELAY_20US?DELAY
  +--> ?PR?_EB_CLK?CLOCK

?PR?RELOJ_PANTALLA_LCD?PANTALLAS                 -----    -----      -----    -----      0011H    000DH
  +--> ?CO?PANTALLAS
  +--> ?PR?_BLOCK_READ_CLOCK?CLOCK
  +--> ?PR?_LCD_TXT_NUM_CHAR?PANTALLAS
  +--> ?PR?_BLOCK_READ_CLOCK_ASCII_RASBERRY?...
  +--> ?PR?_STRCAT?STRCAT
  +--> ?PR?_RASPBERRY_DATA?PANTALLAS

?PR?_BLOCK_READ_CLOCK?CLOCK                      -----    -----      -----    -----      001EH    0003H
  +--> ?PR?_LEE_CLK?CLOCK

?PR?_LCD_TXT_NUM_CHAR?PANTALLAS                  -----    -----      -----    -----      001EH    0006H
  +--> ?PR?_TX_CHRLCD?PANTALLAS

?PR?_BLOCK_READ_CLOCK_ASCII_RASBERRY?...         -----    -----      -----    -----      001EH    0003H
  +--> ?PR?_LEE_CLK?CLOCK

?PR?FORMATO_EEPROM?EEPROM                        -----    -----      -----    -----      0011H    0003H
  +--> ?PR?_WR_EEPROM?EEPROM

?PR?_CMD_LPR_SALIDA_WIEGAND?ACCESCAN             -----    -----      -----    -----      0011H    0022H
  +--> ?PR?DIR_BOARD?IO_SENSORES
  +--> ?PR?_BLOCK_READ_CLOCK_ASCII?CLOCK
  +--> ?PR?_MONITOR_CHR?ACCESCAN

?PR?_MONITOR_CHR?ACCESCAN                        -----    -----      -----    -----      0033H    0005H
  +--> ?PR?_TX_AUX?TIBBO

?PR?_GRABA_SERIE?EEPROM                          -----    -----      -----    -----      0011H    0005H
  +--> ?CO?EEPROM
  +--> ?PR?_DEBUG_TXT_TIBBO?TIBBO
  +--> ?PR?_WRITE_EEPROM_TICKET?EEPROM
  +--> ?PR?_WR_EEPROM?EEPROM

?PR?MSJ_LCD_INFORMATIVO?IO_SENSORES              -----    -----      -----    -----      0001H    0001H
  +--> ?PR?SEL_FUNCION?IO_SENSORES
  +--> ?PR?VALIDASENSOR_CERO?IO_SENSORES
  +--> ?CO?IO_SENSORES
  +--> ?PR?_DEBUG_TXT_TIBBO?TIBBO
  +--> ?PR?_DEBUG_CHR_TIBBO?TIBBO
  +--> ?PR?LOAD_AND_SEND_INFO_RELOJ?PTO_PARA...
  +--> ?PR?VALIDASENSOR?IO_SENSORES
  +--> ?PR?_DELAY_10MS?DELAY
  +--> ?PR?LOAD_AND_SEND_ID_COD?PTO_PARALELO

?PR?LOAD_AND_SEND_INFO_RELOJ?PTO_PARA...         -----    -----      -----    -----      0002H    000BH
  +--> ?PR?_BLOCK_READ_CLOCK?CLOCK
  +--> ?PR?_LEE_CLK?CLOCK
  +--> ?CO?PTO_PARALELO
  +--> ?PR?_DEBUG_TXT_TIBBO?TIBBO
  +--> ?PR?_DEBUGBUFFERMF?TIBBO
  +--> ?PR?DEBUG_DIVIDIR_TEXTO?TIBBO
BL51 BANKED LINKER/LOCATER V6.22.2.0                                                  08/26/2021  15:40:16  PAGE 24


  +--> ?PR?_SEND_PORT?PTO_PARALELO

?PR?LOAD_AND_SEND_ID_COD?PTO_PARALELO            -----    -----      -----    -----      0002H    0014H
  +--> ?PR?_RD_EEPROM?EEPROM
  +--> ?CO?PTO_PARALELO
  +--> ?PR?PRINTF?PRINTF
  +--> ?PR?_STRCAT?STRCAT
  +--> ?PR?_STRLEN?STRLEN
  +--> ?PR?_DEBUG_TXT_TIBBO?TIBBO
  +--> ?PR?_DEBUGBUFFERMF?TIBBO
  +--> ?PR?DEBUG_DIVIDIR_TEXTO?TIBBO
  +--> ?PR?_SEND_PORT?PTO_PARALELO



SYMBOL TABLE OF MODULE:  .\Objects\expedidor_v_01_raspberry (MAIN)

  VALUE           TYPE          NAME
  ----------------------------------

  -------         MODULE        MAIN
  C:0000H         SYMBOL        _ICE_DUMMY_
  X:0171H         PUBLIC        STX
  D:0080H         PUBLIC        P0
  D:0090H         PUBLIC        P1
  C:BCD9H         PUBLIC        timer0_int
  D:00B0H         PUBLIC        P3
  B:00A8H.7       PUBLIC        EA
  B:0080H.2       PUBLIC        led_err_imp
  C:C096H         PUBLIC        off_Timer0_Interrup
  X:0172H         PUBLIC        ValTimeOutCom
  X:0173H         PUBLIC        Buffer_Rta_Lintech
  X:01A5H         PUBLIC        Timer_wait
  B:0021H.1       PUBLIC        pto_paraleo
  X:01A6H         PUBLIC        g_cContByteRx
  B:0080H.0       PUBLIC        rx_ip
  C:A9E9H         PUBLIC        main
  X:01A7H         PUBLIC        Timer_tivo
  B:0080H.3       PUBLIC        Atascado_GP0_PIN_3
  C:B156H         PUBLIC        variable_inicio
  B:0090H.7       PUBLIC        lock
  I:0023H         PUBLIC        rbuf
  C:C08CH         PUBLIC        on_Timer0_Interrup
  I:0055H         PUBLIC        tbuf
  B:0090H.1       PUBLIC        DataIn
  D:0089H         PUBLIC        TMOD
  X:01A9H         PUBLIC        USE_LPR
  X:01AAH         PUBLIC        Debug_Tibbo
  X:01ABH         PUBLIC        Raspberry
  X:01ACH         PUBLIC        SIN_COBRO
  X:01AEH         PUBLIC        Tipo_Vehiculo
  B:00B0H.3       PUBLIC        busy
  C:BFE6H         PUBLIC        ini_timer
  B:00A8H.1       PUBLIC        ET0
  X:01AFH         PUBLIC        precarga
  B:0088H.5       PUBLIC        TF0
  D:008CH         PUBLIC        TH0
BL51 BANKED LINKER/LOCATER V6.22.2.0                                                  08/26/2021  15:40:16  PAGE 25


  X:01B0H         PUBLIC        ACK
  X:01B1H         PUBLIC        g_cEstadoComSoft
  D:008AH         PUBLIC        TL0
  B:0088H.4       PUBLIC        TR0
  C:BFF6H         PUBLIC        inicia_board
  X:01B2H         PUBLIC        T_GRACIA
  B:0080H.7       PUBLIC        sel_com
  X:01B4H         PUBLIC        STX_LINTECH
  C:C025H         PUBLIC        _getkey
  X:01B5H         PUBLIC        ETX
  C:B547H         PUBLIC        _EscribirCadenaSoft_buffer
  B:0021H.2       PUBLIC        buffer_ready
  C:B862H         PUBLIC        _putchar
  B:0021H.3       PUBLIC        placa_ready
  -------         PROC          TIMER0_INT
  C:BCD9H         LINE#         16
  C:BCDFH         LINE#         19
  C:BCE5H         LINE#         20
  C:BCEAH         LINE#         21
  C:BCEAH         LINE#         22
  C:BCF0H         LINE#         23
  C:BCF0H         LINE#         25
  C:BCFEH         LINE#         26
  C:BD00H         LINE#         28
  -------         ENDPROC       TIMER0_INT
  -------         PROC          INI_TIMER
  C:BFE6H         LINE#         31
  C:BFE6H         LINE#         32
  C:BFE6H         LINE#         34
  C:BFEEH         LINE#         36
  C:BFF1H         LINE#         37
  C:BFF3H         LINE#         38
  C:BFF5H         LINE#         40
  -------         ENDPROC       INI_TIMER
  -------         PROC          ON_TIMER0_INTERRUP
  C:C08CH         LINE#         43
  C:C08CH         LINE#         44
  C:C08CH         LINE#         45
  C:C08EH         LINE#         46
  C:C090H         LINE#         48
  -------         ENDPROC       ON_TIMER0_INTERRUP
  -------         PROC          OFF_TIMER0_INTERRUP
  C:C096H         LINE#         51
  C:C096H         LINE#         52
  C:C096H         LINE#         53
  C:C098H         LINE#         55
  -------         ENDPROC       OFF_TIMER0_INTERRUP
  -------         PROC          _GETKEY
  -------         DO            
  D:0006H         SYMBOL        k
  -------         ENDDO         
  C:C025H         LINE#         63
  C:C025H         LINE#         64
  C:C025H         LINE#         68
  C:C025H         LINE#         69
  C:C028H         LINE#         70
  C:C028H         LINE#         71
BL51 BANKED LINKER/LOCATER V6.22.2.0                                                  08/26/2021  15:40:16  PAGE 26


  C:C030H         LINE#         73
  C:C030H         LINE#         74
  -------         ENDPROC       _GETKEY
  -------         PROC          _PUTCHAR
  X:00A7H         SYMBOL        c
  -------         DO            
  X:00A8H         SYMBOL        i
  -------         ENDDO         
  C:B862H         LINE#         78
  C:B867H         LINE#         79
  C:B867H         LINE#         82
  C:B876H         LINE#         83
  C:B876H         LINE#         84
  C:B88CH         LINE#         85
  C:B88CH         LINE#         87
  C:B89AH         LINE#         88
  C:B89AH         LINE#         90
  C:B89FH         LINE#         91
  -------         ENDPROC       _PUTCHAR
  -------         PROC          _ESCRIBIRCADENASOFT_BUFFER
  X:0027H         SYMBOL        buffer
  X:002AH         SYMBOL        tamano_cadena
  -------         DO            
  X:002BH         SYMBOL        i
  X:002CH         SYMBOL        d
  -------         ENDDO         
  C:B547H         LINE#         95
  C:B555H         LINE#         96
  C:B555H         LINE#         98
  C:B563H         LINE#         99
  C:B563H         LINE#         100
  C:B57AH         LINE#         101
  C:B584H         LINE#         102
  C:B58CH         LINE#         103
  -------         ENDPROC       _ESCRIBIRCADENASOFT_BUFFER
  -------         PROC          INICIA_BOARD
  C:BFF6H         LINE#         108
  C:BFF6H         LINE#         109
  C:BFF6H         LINE#         110
  C:BFF9H         LINE#         111
  C:BFFCH         LINE#         112
  C:BFFFH         LINE#         113
  C:C001H         LINE#         114
  C:C003H         LINE#         115
  C:C005H         LINE#         117
  -------         ENDPROC       INICIA_BOARD
  -------         PROC          VARIABLE_INICIO
  C:B156H         LINE#         122
  C:B156H         LINE#         123
  C:B156H         LINE#         126
  C:B167H         LINE#         127
  C:B178H         LINE#         128
  C:B186H         LINE#         129
  C:B194H         LINE#         130
  C:B1A2H         LINE#         131
  C:B1B0H         LINE#         134
  -------         ENDPROC       VARIABLE_INICIO
BL51 BANKED LINKER/LOCATER V6.22.2.0                                                  08/26/2021  15:40:16  PAGE 27


  -------         PROC          MAIN
  -------         DO            
  X:0148H         SYMBOL        buffer
  X:0170H         SYMBOL        Estado_Comunicacion_Secuencia_MF
  X:0000H         SYMBOL        Length_trama
  -------         ENDDO         
  C:A9E9H         LINE#         142
  C:A9E9H         LINE#         143
  C:A9E9H         LINE#         150
  C:A9ECH         LINE#         151
  C:A9EFH         LINE#         152
  C:A9F2H         LINE#         153
  C:A9F5H         LINE#         154
  C:A9F8H         LINE#         155
  C:A9FAH         LINE#         157
  C:A9FDH         LINE#         158
  C:AA04H         LINE#         159
  C:AA07H         LINE#         161
  C:AA0CH         LINE#         162
  C:AA0EH         LINE#         163
  C:AA11H         LINE#         165
  C:AA14H         LINE#         166
  C:AA14H         LINE#         167
  C:AA17H         LINE#         168
  C:AA17H         LINE#         171
  C:AA1AH         LINE#         172
  C:AA20H         LINE#         173
  C:AA26H         LINE#         175
  C:AA26H         LINE#         176
  C:AA26H         LINE#         178
  C:AA29H         LINE#         179
  C:AA29H         LINE#         181
  C:AA2CH         LINE#         183
  C:AA2CH         LINE#         187
  C:AA39H         LINE#         192
  C:AA3FH         LINE#         193
  C:AA3FH         LINE#         195
  C:AA4EH         LINE#         198
  C:AA57H         LINE#         199
  C:AA65H         LINE#         204
  C:AA65H         LINE#         205
  C:AA68H         LINE#         208
  -------         ENDPROC       MAIN
  -------         ENDMOD        MAIN

  -------         MODULE        ACCESCAN
  C:0000H         SYMBOL        _ICE_DUMMY_
  D:0080H         PUBLIC        P0
  D:0090H         PUBLIC        P1
  D:00B0H         PUBLIC        P3
  C:B6E2H         PUBLIC        _Monitor_chr
  B:0080H.3       PUBLIC        Atascado_GP0_PIN_3
  B:0090H.7       PUBLIC        lock
  C:3506H         PUBLIC        _Valida_Trama_Pto
  C:8CE3H         PUBLIC        _Cmd_LPR_Salida_wiegand
  -------         PROC          _VALIDA_TRAMA_PTO
  X:0001H         SYMBOL        buffer
BL51 BANKED LINKER/LOCATER V6.22.2.0                                                  08/26/2021  15:40:16  PAGE 28


  X:0004H         SYMBOL        length_trama
  -------         DO            
  X:0220H         SYMBOL        cont
  X:0005H         SYMBOL        bcc
  D:0004H         SYMBOL        j
  X:0006H         SYMBOL        buff
  -------         ENDDO         
  C:3506H         LINE#         113
  C:3514H         LINE#         114
  C:3514H         LINE#         117
  C:3517H         LINE#         123
  C:355AH         LINE#         124
  C:355AH         LINE#         125
  C:3563H         LINE#         126
  C:3578H         LINE#         127
  C:3581H         LINE#         128
  C:358EH         LINE#         129
  C:358EH         LINE#         130
  C:35AAH         LINE#         131
  C:35ADH         LINE#         133
  C:35B6H         LINE#         134
  C:35BEH         LINE#         135
  C:35C7H         LINE#         136
  C:35E0H         LINE#         137
  C:35E0H         LINE#         139
  C:35F0H         LINE#         140
  C:35F0H         LINE#         141
  C:3603H         LINE#         143
  C:3606H         LINE#         145
  C:3606H         LINE#         148
  C:3606H         LINE#         150
  C:3606H         LINE#         152
  C:360CH         LINE#         153
  C:3610H         LINE#         154
  C:3614H         LINE#         155
  C:3617H         LINE#         156
  C:3622H         LINE#         158
  C:362BH         LINE#         159
  C:3633H         LINE#         160
  C:363BH         LINE#         161
  C:3643H         LINE#         162
  C:364CH         LINE#         163
  C:364CH         LINE#         166
  C:364CH         LINE#         169
  C:365EH         LINE#         170
  C:365EH         LINE#         171
  C:3660H         LINE#         172
  C:3663H         LINE#         174
  C:3675H         LINE#         175
  C:3675H         LINE#         176
  C:3677H         LINE#         177
  C:367AH         LINE#         179
  C:368CH         LINE#         180
  C:368CH         LINE#         181
  C:368EH         LINE#         182
  C:3691H         LINE#         184
  C:36ABH         LINE#         185
BL51 BANKED LINKER/LOCATER V6.22.2.0                                                  08/26/2021  15:40:16  PAGE 29


  C:36ABH         LINE#         186
  C:36ADH         LINE#         187
  C:36B0H         LINE#         189
  C:36CAH         LINE#         190
  C:36CAH         LINE#         191
  C:36CCH         LINE#         192
  C:36CFH         LINE#         194
  C:36E1H         LINE#         195
  C:36E1H         LINE#         196
  C:36E7H         LINE#         197
  C:36F4H         LINE#         198
  C:36F4H         LINE#         199
  C:36F9H         LINE#         201
  C:36FEH         LINE#         202
  C:3700H         LINE#         203
  C:3702H         LINE#         204
  C:3706H         LINE#         205
  C:3706H         LINE#         206
  C:3707H         LINE#         208
  C:371FH         LINE#         209
  C:371FH         LINE#         211
  C:372CH         LINE#         212
  C:372CH         LINE#         213
  C:372EH         LINE#         214
  C:3730H         LINE#         216
  C:3732H         LINE#         217
  C:3732H         LINE#         219
  C:3758H         LINE#         220
  C:3758H         LINE#         221
  C:375CH         LINE#         222
  C:3761H         LINE#         223
  C:376AH         LINE#         224
  C:376FH         LINE#         225
  C:376FH         LINE#         228
  C:3770H         LINE#         230
  C:378AH         LINE#         231
  C:378AH         LINE#         232
  C:378CH         LINE#         233
  C:378FH         LINE#         235
  C:37BFH         LINE#         236
  C:37BFH         LINE#         237
  C:37C2H         LINE#         238
  C:37C2H         LINE#         240
  C:37DCH         LINE#         241
  C:37DCH         LINE#         242
  C:37DEH         LINE#         243
  C:37E1H         LINE#         245
  C:37FBH         LINE#         246
  C:37FBH         LINE#         247
  C:37FDH         LINE#         248
  C:37FFH         LINE#         250
  C:3819H         LINE#         251
  C:3819H         LINE#         252
  C:381BH         LINE#         253
  C:381DH         LINE#         256
  C:3837H         LINE#         257
  C:3837H         LINE#         258
BL51 BANKED LINKER/LOCATER V6.22.2.0                                                  08/26/2021  15:40:16  PAGE 30


  C:3839H         LINE#         259
  C:383BH         LINE#         263
  C:3855H         LINE#         264
  C:3855H         LINE#         265
  C:3857H         LINE#         266
  C:3859H         LINE#         269
  C:3873H         LINE#         270
  C:3873H         LINE#         271
  C:3878H         LINE#         272
  C:3878H         LINE#         275
  C:38A9H         LINE#         276
  C:38A9H         LINE#         277
  C:38B1H         LINE#         278
  C:38BAH         LINE#         279
  C:38BDH         LINE#         282
  C:38EEH         LINE#         283
  C:38EEH         LINE#         285
  C:38F6H         LINE#         286
  C:38FFH         LINE#         287
  C:3902H         LINE#         290
  C:3942H         LINE#         291
  C:3942H         LINE#         293
  C:3957H         LINE#         294
  C:395DH         LINE#         295
  C:3987H         LINE#         298
  C:398FH         LINE#         299
  C:398FH         LINE#         302
  C:3996H         LINE#         303
  C:3996H         LINE#         304
  C:399BH         LINE#         305
  C:399BH         LINE#         306
  C:399DH         LINE#         308
  C:399DH         LINE#         309
  C:39A6H         LINE#         310
  C:39AEH         LINE#         311
  C:39AEH         LINE#         315
  C:39B0H         LINE#         318
  C:39B0H         LINE#         326
  C:39B8H         LINE#         330
  C:39B8H         LINE#         331
  C:39BAH         LINE#         333
  C:39F2H         LINE#         334
  C:39F2H         LINE#         335
  C:39FAH         LINE#         336
  C:3A06H         LINE#         337
  C:3A06H         LINE#         339
  C:3A33H         LINE#         340
  C:3A33H         LINE#         341
  C:3A42H         LINE#         343
  C:3A42H         LINE#         345
  -------         ENDPROC       _VALIDA_TRAMA_PTO
  -------         PROC          _MONITOR_CHR
  X:0033H         SYMBOL        str
  X:0036H         SYMBOL        num_char
  -------         DO            
  X:0037H         SYMBOL        j
  -------         ENDDO         
BL51 BANKED LINKER/LOCATER V6.22.2.0                                                  08/26/2021  15:40:16  PAGE 31


  C:B6E2H         LINE#         500
  C:B6F0H         LINE#         501
  C:B6F0H         LINE#         503
  C:B6FEH         LINE#         504
  C:B6FEH         LINE#         505
  C:B710H         LINE#         506
  C:B71AH         LINE#         507
  C:B722H         LINE#         508
  -------         ENDPROC       _MONITOR_CHR
  -------         PROC          _CMD_LPR_SALIDA_WIEGAND
  X:0011H         SYMBOL        buffer
  -------         DO            
  X:0014H         SYMBOL        Buffer_Lpr
  X:0032H         SYMBOL        j
  -------         ENDDO         
  C:8CE3H         LINE#         513
  C:8CEEH         LINE#         514
  C:8CEEH         LINE#         516
  C:8CF4H         LINE#         517
  C:8CF9H         LINE#         518
  C:8D01H         LINE#         519
  C:8D05H         LINE#         520
  C:8D0EH         LINE#         521
  C:8D0EH         LINE#         522
  C:8D1FH         LINE#         523
  C:8D21H         LINE#         525
  C:8D21H         LINE#         526
  C:8D32H         LINE#         527
  C:8D32H         LINE#         531
  C:8D49H         LINE#         532
  C:8D49H         LINE#         533
  C:8D58H         LINE#         534
  C:8D62H         LINE#         536
  C:8D6AH         LINE#         537
  C:8D7EH         LINE#         539
  C:8D8EH         LINE#         540
  C:8D9FH         LINE#         541
  C:8DACH         LINE#         545
  -------         ENDPROC       _CMD_LPR_SALIDA_WIEGAND
  -------         ENDMOD        ACCESCAN

  -------         MODULE        CLOCK
  C:0000H         SYMBOL        _ICE_DUMMY_
  C:B757H         PUBLIC        _two_one
  D:0090H         PUBLIC        P1
[...]
  C:3A48H         LINE#         2535
  C:3A48H         LINE#         2543
  C:3AB4H         LINE#         2544
  C:3AB4H         LINE#         2547
  C:3AB4H         LINE#         2549
  C:3AC7H         LINE#         2550
  C:3AC7H         LINE#         2551
BL51 BANKED LINKER/LOCATER V6.22.2.0                                                  08/26/2021  15:40:16  PAGE 131


  C:3AC9H         LINE#         2552
  C:3ACBH         LINE#         2553
  C:3AD0H         LINE#         2554
  C:3AD8H         LINE#         2555
  C:3ADDH         LINE#         2556
  C:3ADDH         LINE#         2558
  C:3AE0H         LINE#         2559
  C:3AE0H         LINE#         2561
  C:3AE9H         LINE#         2562
  C:3AECH         LINE#         2563
  C:3AECH         LINE#         2564
  C:3AF1H         LINE#         2565
  C:3B11H         LINE#         2566
  C:3B14H         LINE#         2567
  C:3B14H         LINE#         2568
  C:3B17H         LINE#         2569
  C:3B1FH         LINE#         2570
  C:3B25H         LINE#         2571
  C:3B28H         LINE#         2578
  C:3B28H         LINE#         2579
  C:3B2BH         LINE#         2580
  C:3B50H         LINE#         2581
  C:3B56H         LINE#         2582
  C:3B58H         LINE#         2583
  C:3B5BH         LINE#         2584
  C:3B5BH         LINE#         2585
  C:3B66H         LINE#         2586
  C:3B6EH         LINE#         2587
  C:3B74H         LINE#         2588
  C:3B77H         LINE#         2589
  C:3B77H         LINE#         2590
  C:3B88H         LINE#         2591
  C:3B90H         LINE#         2592
  C:3B96H         LINE#         2593
  C:3B99H         LINE#         2594
  C:3B99H         LINE#         2595
  C:3B9EH         LINE#         2596
  C:3BBCH         LINE#         2597
  C:3BBFH         LINE#         2598
  C:3BBFH         LINE#         2599
  C:3BC4H         LINE#         2600
  C:3BE4H         LINE#         2601
  C:3BE7H         LINE#         2602
  C:3BE7H         LINE#         2603
  C:3BECH         LINE#         2604
  C:3BEEH         LINE#         2605
  C:3C0CH         LINE#         2606
  C:3C0FH         LINE#         2607
  C:3C0FH         LINE#         2608
  C:3C14H         LINE#         2609
  C:3C34H         LINE#         2610
  C:3C37H         LINE#         2611
  C:3C37H         LINE#         2612
  C:3C4AH         LINE#         2613
  C:3C4AH         LINE#         2614
  C:3C4FH         LINE#         2615
  C:3C57H         LINE#         2616
BL51 BANKED LINKER/LOCATER V6.22.2.0                                                  08/26/2021  15:40:16  PAGE 132


  C:3C5AH         LINE#         2617
  C:3C5AH         LINE#         2618
  C:3C5DH         LINE#         2626
  C:3C5DH         LINE#         2627
  C:3C60H         LINE#         2628
  C:3C80H         LINE#         2629
  C:3C83H         LINE#         2630
  C:3C83H         LINE#         2631
  C:3C85H         LINE#         2632
  C:3C88H         LINE#         2633
  C:3C8BH         LINE#         2634
  C:3C8BH         LINE#         2635
  C:3C94H         LINE#         2636
  C:3C97H         LINE#         2637
  C:3C97H         LINE#         2639
  C:3C9DH         LINE#         2640
  C:3CB4H         LINE#         2641
  C:3CB7H         LINE#         2642
  C:3CB7H         LINE#         2643
  C:3CBAH         LINE#         2644
  C:3CC2H         LINE#         2645
  C:3CC8H         LINE#         2646
  C:3CCBH         LINE#         2647
  C:3CCBH         LINE#         2648
  C:3CD4H         LINE#         2649
  C:3CD7H         LINE#         2650
  C:3CD7H         LINE#         2651
  C:3CD9H         LINE#         2652
  C:3CDCH         LINE#         2653
  C:3CDFH         LINE#         2654
  C:3CDFH         LINE#         2655
  C:3CF6H         LINE#         2656
  C:3CF9H         LINE#         2657
  C:3CF9H         LINE#         2660
  C:3CFEH         LINE#         2661
  C:3D06H         LINE#         2662
  C:3D0CH         LINE#         2664
  C:3D0FH         LINE#         2665
  C:3D0FH         LINE#         2666
  C:3D12H         LINE#         2667
  C:3D32H         LINE#         2668
  C:3D35H         LINE#         2669
  C:3D35H         LINE#         2670
  C:3D38H         LINE#         2671
  C:3D58H         LINE#         2672
  C:3D5BH         LINE#         2673
  C:3D5BH         LINE#         2674
  C:3D5EH         LINE#         2675
  C:3D66H         LINE#         2676
  C:3D6CH         LINE#         2677
  C:3D6FH         LINE#         2678
  C:3D6FH         LINE#         2680
  C:3D7AH         LINE#         2681
  C:3D82H         LINE#         2682
  C:3D96H         LINE#         2683
  C:3D99H         LINE#         2684
  C:3D99H         LINE#         2685
BL51 BANKED LINKER/LOCATER V6.22.2.0                                                  08/26/2021  15:40:16  PAGE 133


  C:3DACH         LINE#         2686
  C:3DACH         LINE#         2687
  C:3DAFH         LINE#         2688
  C:3DAFH         LINE#         2689
  C:3DB2H         LINE#         2690
  C:3DB2H         LINE#         2691
  C:3DC5H         LINE#         2692
  C:3DC5H         LINE#         2693
  C:3DC8H         LINE#         2694
  C:3DC8H         LINE#         2696
  C:3DCBH         LINE#         2698
  C:3DCBH         LINE#         2699
  C:3DCEH         LINE#         2700
  C:3DD1H         LINE#         2702
  C:3DD1H         LINE#         2703
  C:3DD7H         LINE#         2704
  C:3DD7H         LINE#         2706
  C:3DDAH         LINE#         2708
  C:3DDAH         LINE#         2709
  C:3DDAH         LINE#         2710
  C:3DDDH         LINE#         2714
  C:3DDDH         LINE#         2715
  C:3DE3H         LINE#         2716
  C:3DE9H         LINE#         2717
  C:3DE9H         LINE#         2718
  C:3DF1H         LINE#         2719
  C:3DF7H         LINE#         2721
  C:3DFAH         LINE#         2722
  C:3E02H         LINE#         2723
  C:3E02H         LINE#         2725
  C:3E05H         LINE#         2726
  C:3E08H         LINE#         2727
  C:3E10H         LINE#         2728
  C:3E10H         LINE#         2729
  C:3E1EH         LINE#         2730
  C:3E1EH         LINE#         2731
  C:3E27H         LINE#         2732
  C:3E2AH         LINE#         2733
  C:3E36H         LINE#         2734
  C:3E36H         LINE#         2735
  C:3E3FH         LINE#         2736
  C:3E42H         LINE#         2738
  C:3E42H         LINE#         2739
  C:3E4BH         LINE#         2740
  C:3E4BH         LINE#         2741
  C:3E4EH         LINE#         2742
  C:3E56H         LINE#         2743
  C:3E56H         LINE#         2744
  C:3E64H         LINE#         2745
  C:3E64H         LINE#         2746
  C:3E7AH         LINE#         2747
  C:3E7DH         LINE#         2748
  C:3E89H         LINE#         2749
  C:3E89H         LINE#         2750
  C:3E92H         LINE#         2751
  C:3E94H         LINE#         2752
  C:3EA2H         LINE#         2753
BL51 BANKED LINKER/LOCATER V6.22.2.0                                                  08/26/2021  15:40:16  PAGE 134


  C:3EA2H         LINE#         2754
  C:3EABH         LINE#         2755
  C:3EADH         LINE#         2757
  C:3EADH         LINE#         2758
  C:3EB6H         LINE#         2759
  C:3EB6H         LINE#         2760
  C:3EB8H         LINE#         2761
  C:3EC0H         LINE#         2762
  C:3EC0H         LINE#         2763
  C:3EC9H         LINE#         2764
  C:3ECBH         LINE#         2765
  C:3ED3H         LINE#         2766
  C:3ED3H         LINE#         2767
  C:3EE9H         LINE#         2768
  C:3EEBH         LINE#         2774
  C:3EF3H         LINE#         2775
  C:3EF3H         LINE#         2776
  C:3EFCH         LINE#         2777
  C:3EFEH         LINE#         2780
  C:3F06H         LINE#         2781
  C:3F06H         LINE#         2782
  C:3F0EH         LINE#         2783
  C:3F10H         LINE#         2785
  C:3F10H         LINE#         2786
  C:3F19H         LINE#         2787
  C:3F19H         LINE#         2788
  C:3F1BH         LINE#         2789
  C:3F1BH         LINE#         2790
  C:3F20H         LINE#         2791
  C:3F20H         LINE#         2793
  C:3F20H         LINE#         2794
  C:3F25H         LINE#         2795
  -------         ENDPROC       _SECUENCIAEXPEDIDORMF
  -------         ENDMOD        VERIFICADOR

  -------         MODULE        MONITOR
  C:0000H         SYMBOL        _ICE_DUMMY_
  D:0080H         PUBLIC        P0
  D:0090H         PUBLIC        P1
  I:0011H         PUBLIC        placa
  B:0080H.2       PUBLIC        led_err_imp
  C:BAFBH         PUBLIC        Rx_Monitor
  B:0080H.0       PUBLIC        rx_ip
  B:0090H.7       PUBLIC        lock
  C:8DB9H         PUBLIC        _recibe_cmd_Monitor
  C:BEF5H         PUBLIC        clear_placa
  C:9568H         PUBLIC        _Valida_Trama_Monitor
  -------         PROC          _RECIBE_CMD_MONITOR
  X:0017H         SYMBOL        buffer_cmd
  -------         DO            
  X:001AH         SYMBOL        j
  X:001BH         SYMBOL        NumDatos
  X:001CH         SYMBOL        time_out
  X:001DH         SYMBOL        MaxChrRx
  X:001EH         SYMBOL        contador
  -------         ENDDO         
  C:8DB9H         LINE#         51
BL51 BANKED LINKER/LOCATER V6.22.2.0                                                  08/26/2021  15:40:16  PAGE 135


  C:8DC4H         LINE#         52
  C:8DC4H         LINE#         56
  C:8DC9H         LINE#         57
  C:8DCFH         LINE#         58
  C:8DD3H         LINE#         61
  C:8DE7H         LINE#         62
  C:8DE7H         LINE#         63
  C:8DEEH         LINE#         64
  C:8DF2H         LINE#         65
  C:8DFBH         LINE#         66
  C:8DFBH         LINE#         67
  C:8E09H         LINE#         68
  C:8E20H         LINE#         69
  C:8E20H         LINE#         70
  C:8E26H         LINE#         71
  C:8E2CH         LINE#         72
  C:8E2CH         LINE#         73
  C:8E2EH         LINE#         74
  C:8E36H         LINE#         75
  C:8E3CH         LINE#         77
  C:8E4EH         LINE#         78
  C:8E60H         LINE#         79
  C:8E60H         LINE#         80
  C:8E6AH         LINE#         81
  C:8E6AH         LINE#         82
  C:8E73H         LINE#         84
  C:8E82H         LINE#         88
  C:8E87H         LINE#         89
  -------         ENDPROC       _RECIBE_CMD_MONITOR
  -------         PROC          _VALIDA_TRAMA_MONITOR
  X:0017H         SYMBOL        buffer
  D:0005H         SYMBOL        length_trama
  -------         DO            
  X:001AH         SYMBOL        j
  X:001BH         SYMBOL        p
  X:001CH         SYMBOL        cont
  -------         ENDDO         
  C:9568H         LINE#         94
  C:9573H         LINE#         95
  C:9573H         LINE#         96
  C:9576H         LINE#         97
  C:957AH         LINE#         98
  C:957DH         LINE#         99
  C:957FH         LINE#         102
  C:9593H         LINE#         103
  C:9593H         LINE#         105
  C:9595H         LINE#         107
  C:959CH         LINE#         108
  C:95A1H         LINE#         110
  C:95A1H         LINE#         112
  C:95BCH         LINE#         113
  C:95BCH         LINE#         116
  C:95BCH         LINE#         117
  C:95DDH         LINE#         118
  C:95E1H         LINE#         119
  C:95E7H         LINE#         120
  C:95F9H         LINE#         121
BL51 BANKED LINKER/LOCATER V6.22.2.0                                                  08/26/2021  15:40:16  PAGE 136


  C:9611H         LINE#         122
  C:961AH         LINE#         123
  C:961CH         LINE#         124
  C:9622H         LINE#         125
  C:9624H         LINE#         127
  C:9624H         LINE#         130
  -------         ENDPROC       _VALIDA_TRAMA_MONITOR
  -------         PROC          CLEAR_PLACA
  -------         DO            
  D:0007H         SYMBOL        i
  -------         ENDDO         
  C:BEF5H         LINE#         131
  C:BEF5H         LINE#         132
  C:BEF5H         LINE#         134
  C:BF01H         LINE#         135
  C:BF01H         LINE#         136
  C:BF07H         LINE#         137
  C:BF0AH         LINE#         138
  C:BF0CH         LINE#         139
  C:BF0EH         LINE#         140
  -------         ENDPROC       CLEAR_PLACA
  -------         PROC          RX_MONITOR
  -------         DO            
  X:0009H         SYMBOL        Length_trama
  X:000AH         SYMBOL        buffer1
  -------         ENDDO         
  C:BAFBH         LINE#         141
  C:BAFBH         LINE#         142
  C:BAFBH         LINE#         145
  C:BB00H         LINE#         146
  C:BB0FH         LINE#         147
  C:BB18H         LINE#         148
  C:BB26H         LINE#         149
  -------         ENDPROC       RX_MONITOR
  -------         ENDMOD        MONITOR

  -------         MODULE        ?C?FPADD
  C:14BCH         PUBLIC        ?C?FPADD
  C:14B8H         PUBLIC        ?C?FPSUB
  -------         ENDMOD        ?C?FPADD

  -------         MODULE        ?C?FPMUL
  C:15ADH         PUBLIC        ?C?FPMUL
  -------         ENDMOD        ?C?FPMUL

  -------         MODULE        ?C?FCAST
  C:16BDH         PUBLIC        ?C?FCASTC
  C:16B8H         PUBLIC        ?C?FCASTI
  C:16B3H         PUBLIC        ?C?FCASTL
  -------         ENDMOD        ?C?FCAST

  -------         MODULE        ?C?CASTF
  C:16F1H         PUBLIC        ?C?CASTF
  -------         ENDMOD        ?C?CASTF

  -------         MODULE        PRINTF
  X:0077H         PUBLIC        ?_PRINTF?BYTE
BL51 BANKED LINKER/LOCATER V6.22.2.0                                                  08/26/2021  15:40:16  PAGE 137


  X:0077H         PUBLIC        ?_SPRINTF?BYTE
  C:3F91H         PUBLIC        _PRINTF
  C:3F8BH         PUBLIC        _SPRINTF
  -------         ENDMOD        PRINTF

  -------         MODULE        POW
  X:0024H         PUBLIC        ?_pow?BYTE
  C:6771H         PUBLIC        _pow
  -------         ENDMOD        POW

  -------         MODULE        ?C?CHKFLOAT
  C:1772H         PUBLIC        ?C?CHKFLOAT
  -------         ENDMOD        ?C?CHKFLOAT

  -------         MODULE        ?C?FPCMP
  C:178EH         PUBLIC        ?C?FPCMP
  C:178CH         PUBLIC        ?C?FPCMP3
  -------         ENDMOD        ?C?FPCMP

  -------         MODULE        ?C?FPNEG
  C:1805H         PUBLIC        ?C?FPNEG
  -------         ENDMOD        ?C?FPNEG

  -------         MODULE        ?C?FPROUND
  C:1816H         PUBLIC        ?C?FPROUND
  -------         ENDMOD        ?C?FPROUND

  -------         MODULE        ?C?FPCONVERT
  C:1853H         PUBLIC        ?C?FPCONVERT
  -------         ENDMOD        ?C?FPCONVERT

  -------         MODULE        EXP
  C:A040H         PUBLIC        _EXP
  -------         ENDMOD        EXP

  -------         MODULE        LOG
  C:72EDH         PUBLIC        _LOG
  C:72E9H         PUBLIC        _LOG10
  -------         ENDMOD        LOG

  -------         MODULE        ?C?FPDIV
  C:195BH         PUBLIC        ?C?FPDIV
  -------         ENDMOD        ?C?FPDIV

  -------         MODULE        ?C?FTNPWR
  C:1A28H         PUBLIC        ?C?FTNPWR
  -------         ENDMOD        ?C?FTNPWR

  -------         MODULE        ?C?COPY
  C:1B85H         PUBLIC        ?C?COPY
  -------         ENDMOD        ?C?COPY

  -------         MODULE        ?C?CLDPTR
  C:1BABH         PUBLIC        ?C?CLDPTR
  -------         ENDMOD        ?C?CLDPTR

  -------         MODULE        ?C?CLDOPTR
BL51 BANKED LINKER/LOCATER V6.22.2.0                                                  08/26/2021  15:40:16  PAGE 138


  C:1BC4H         PUBLIC        ?C?CLDOPTR
  -------         ENDMOD        ?C?CLDOPTR

  -------         MODULE        ?C?CSTPTR
  C:1BF1H         PUBLIC        ?C?CSTPTR
  -------         ENDMOD        ?C?CSTPTR

  -------         MODULE        ?C?CSTOPTR
  C:1C03H         PUBLIC        ?C?CSTOPTR
  -------         ENDMOD        ?C?CSTOPTR

  -------         MODULE        ?C?IMUL
  C:1C25H         PUBLIC        ?C?IMUL
  -------         ENDMOD        ?C?IMUL

  -------         MODULE        ?C?IILDX
  C:1C37H         PUBLIC        ?C?IILDX
  -------         ENDMOD        ?C?IILDX

  -------         MODULE        ?C?LNEG
  C:1C4DH         PUBLIC        ?C?LNEG
  -------         ENDMOD        ?C?LNEG

  -------         MODULE        ?C?SLCMP
  C:1C5BH         PUBLIC        ?C?SLCMP
  -------         ENDMOD        ?C?SLCMP

  -------         MODULE        ?C?ULCMP
  C:1C71H         PUBLIC        ?C?ULCMP
  -------         ENDMOD        ?C?ULCMP

  -------         MODULE        ?C?ULSHR
  C:1C82H         PUBLIC        ?C?ULSHR
  -------         ENDMOD        ?C?ULSHR

  -------         MODULE        ?C?LSHL
  C:1C95H         PUBLIC        ?C?LSHL
  -------         ENDMOD        ?C?LSHL

  -------         MODULE        ?C?LLDCODE
  C:1CA8H         PUBLIC        ?C?LLDCODE
  -------         ENDMOD        ?C?LLDCODE

  -------         MODULE        ?C?LLDXDATA0
  C:1CB8H         PUBLIC        ?C?LLDXDATA0
  -------         ENDMOD        ?C?LLDXDATA0

  -------         MODULE        ?C?LLDCODE0
  C:1CC4H         PUBLIC        ?C?LLDCODE0
  -------         ENDMOD        ?C?LLDCODE0

  -------         MODULE        ?C?LSTXDATA
  C:1CD4H         PUBLIC        ?C?LSTXDATA
  -------         ENDMOD        ?C?LSTXDATA

  -------         MODULE        ?C?LSTKXDATA
  C:1CE0H         PUBLIC        ?C?LSTKXDATA
BL51 BANKED LINKER/LOCATER V6.22.2.0                                                  08/26/2021  15:40:16  PAGE 139


  -------         ENDMOD        ?C?LSTKXDATA

  -------         MODULE        ?C?PLDIXDATA
  C:1D11H         PUBLIC        ?C?PLDIXDATA
  -------         ENDMOD        ?C?PLDIXDATA

  -------         MODULE        ?C?PSTXDATA
  C:1D28H         PUBLIC        ?C?PSTXDATA
  -------         ENDMOD        ?C?PSTXDATA

  -------         MODULE        ?C?CCASE
  C:1D31H         PUBLIC        ?C?CCASE
  -------         ENDMOD        ?C?CCASE

  -------         MODULE        STRCAT
  X:0046H         PUBLIC        ?_strcat?BYTE
  C:AEAFH         PUBLIC        _strcat
  -------         ENDMOD        STRCAT

  -------         MODULE        ?C?STRCMP
  C:1ED5H         PUBLIC        ?C?STRCMP
  -------         ENDMOD        ?C?STRCMP

  -------         MODULE        ?C?STRCPY
  C:1FBEH         PUBLIC        ?C?STRCPY
  -------         ENDMOD        ?C?STRCPY

  -------         MODULE        STRLEN
  C:000EH         PUBLIC        _STRLEN
  -------         ENDMOD        STRLEN

  -------         MODULE        STRTOK
  X:0064H         PUBLIC        ?_strtok?BYTE
  C:8605H         PUBLIC        _strtok
  -------         ENDMOD        STRTOK

  -------         MODULE        ATOL
  C:7852H         PUBLIC        _atol
  -------         ENDMOD        ATOL

  -------         MODULE        ATOI
  C:8980H         PUBLIC        _atoi
  -------         ENDMOD        ATOI

  -------         MODULE        ?C?ILDIX
  C:1FDBH         PUBLIC        ?C?ILDIX
  -------         ENDMOD        ?C?ILDIX

  -------         MODULE        ?C?LMUL
  C:1FF1H         PUBLIC        ?C?LMUL
  -------         ENDMOD        ?C?LMUL

  -------         MODULE        ISDIGIT
  C:C016H         PUBLIC        _isdigit
  -------         ENDMOD        ISDIGIT

  -------         MODULE        ISSPACE
BL51 BANKED LINKER/LOCATER V6.22.2.0                                                  08/26/2021  15:40:16  PAGE 140


  C:BF66H         PUBLIC        _isspace
  -------         ENDMOD        ISSPACE

  -------         MODULE        STRSPN
  X:006AH         PUBLIC        ?_strspn?BYTE
  C:A860H         PUBLIC        _strspn
  -------         ENDMOD        STRSPN

  -------         MODULE        STRPBRK
  X:006AH         PUBLIC        ?_strpbrk?BYTE
  C:AA6AH         PUBLIC        _strpbrk
  -------         ENDMOD        STRPBRK

Program Size: data=99.1 xdata=546 code=49306
LINK/LOCATE RUN COMPLETE.  0 WARNING(S),  0 ERROR(S)
