BL51 BANKED LINKER/LOCATER V6.22.2.0                                                    09/03/2021  14:20:36  PAGE 1


BL51 BANKED LINKER/LOCATER V6.22.2.0, INVOKED BY:
C:\KEIL_V5\C51\BIN\BL51.EXE .\Objects\main.obj, .\Objects\Accescan.obj, .\Objects\Clock.obj, .\Objects\delay.obj, .\Obje
>> cts\eeprom.obj, .\Objects\io_sensores.obj, .\Objects\pantallas.obj, .\Objects\prog.obj, .\Objects\pto_paralelo.obj, .
>> \Objects\tibbo.obj, .\Objects\uart.obj, .\Objects\lintech.obj, .\Objects\verificador.obj, .\Objects\Monitor.obj TO .\
>> Objects\expedidor_v_101 PRINT (.\Listings\expedidor_v_101.m51) RAMSIZE (256)


MEMORY MODEL: LARGE WITH FLOATING POINT ARITHMETIC


INPUT MODULES INCLUDED:
  .\Objects\main.obj (MAIN)
  .\Objects\Accescan.obj (ACCESCAN)
  .\Objects\Clock.obj (CLOCK)
  .\Objects\delay.obj (DELAY)
  .\Objects\eeprom.obj (EEPROM)
  .\Objects\io_sensores.obj (IO_SENSORES)
  .\Objects\pantallas.obj (PANTALLAS)
  .\Objects\prog.obj (PROG)
  .\Objects\pto_paralelo.obj (PTO_PARALELO)
  .\Objects\tibbo.obj (TIBBO)
  .\Objects\uart.obj (UART)
  .\Objects\lintech.obj (LINTECH)
  .\Objects\verificador.obj (VERIFICADOR)
  .\Objects\Monitor.obj (MONITOR)
  C:\KEIL_V5\C51\LIB\C51FPL.LIB (?C?FPADD)
  C:\KEIL_V5\C51\LIB\C51FPL.LIB (?C?FPMUL)
  C:\KEIL_V5\C51\LIB\C51FPL.LIB (?C?FCAST)
  C:\KEIL_V5\C51\LIB\C51FPL.LIB (?C?CASTF)
  C:\KEIL_V5\C51\LIB\C51FPL.LIB (PRINTF)
  C:\KEIL_V5\C51\LIB\C51FPL.LIB (POW)
  C:\KEIL_V5\C51\LIB\C51FPL.LIB (?C?FPGETOPN)
  C:\KEIL_V5\C51\LIB\C51FPL.LIB (?C?CHKFLOAT)
  C:\KEIL_V5\C51\LIB\C51FPL.LIB (?C?FPCMP)
  C:\KEIL_V5\C51\LIB\C51FPL.LIB (?C?FPNEG)
  C:\KEIL_V5\C51\LIB\C51FPL.LIB (?C?FPROUND)
  C:\KEIL_V5\C51\LIB\C51FPL.LIB (?C?FPCONVERT)
  C:\KEIL_V5\C51\LIB\C51FPL.LIB (EXP)
  C:\KEIL_V5\C51\LIB\C51FPL.LIB (LOG)
  C:\KEIL_V5\C51\LIB\C51FPL.LIB (?C?FPDIV)
  C:\KEIL_V5\C51\LIB\C51FPL.LIB (?C?FTNPWR)
  C:\KEIL_V5\C51\LIB\C51FPL.LIB (?C?FPSERIES)
  C:\KEIL_V5\C51\LIB\C51L.LIB (?C_STARTUP)
  C:\KEIL_V5\C51\LIB\C51L.LIB (?C?COPY)
  C:\KEIL_V5\C51\LIB\C51L.LIB (?C?CLDPTR)
  C:\KEIL_V5\C51\LIB\C51L.LIB (?C?CLDOPTR)
  C:\KEIL_V5\C51\LIB\C51L.LIB (?C?CSTPTR)
  C:\KEIL_V5\C51\LIB\C51L.LIB (?C?CSTOPTR)
  C:\KEIL_V5\C51\LIB\C51L.LIB (?C?IMUL)
  C:\KEIL_V5\C51\LIB\C51L.LIB (?C?IILDX)
  C:\KEIL_V5\C51\LIB\C51L.LIB (?C?LNEG)
  C:\KEIL_V5\C51\LIB\C51L.LIB (?C?SLCMP)
  C:\KEIL_V5\C51\LIB\C51L.LIB (?C?ULCMP)
  C:\KEIL_V5\C51\LIB\C51L.LIB (?C?ULSHR)
  C:\KEIL_V5\C51\LIB\C51L.LIB (?C?LSHL)
  C:\KEIL_V5\C51\LIB\C51L.LIB (?C?LLDCODE)
  C:\KEIL_V5\C51\LIB\C51L.LIB (?C?LLDXDATA0)
  C:\KEIL_V5\C51\LIB\C51L.LIB (?C?LLDCODE0)
BL51 BANKED LINKER/LOCATER V6.22.2.0                                                  09/03/2021  14:20:36  PAGE 2


  C:\KEIL_V5\C51\LIB\C51L.LIB (?C?LSTXDATA)
  C:\KEIL_V5\C51\LIB\C51L.LIB (?C?LSTKXDATA)
  C:\KEIL_V5\C51\LIB\C51L.LIB (?C?PLDIXDATA)
  C:\KEIL_V5\C51\LIB\C51L.LIB (?C?PSTXDATA)
  C:\KEIL_V5\C51\LIB\C51L.LIB (?C?CCASE)
  C:\KEIL_V5\C51\LIB\C51L.LIB (STRCAT)
  C:\KEIL_V5\C51\LIB\C51L.LIB (?C?STRCMP)
  C:\KEIL_V5\C51\LIB\C51L.LIB (?C?STRCPY)
  C:\KEIL_V5\C51\LIB\C51L.LIB (STRLEN)
  C:\KEIL_V5\C51\LIB\C51L.LIB (STRTOK)
  C:\KEIL_V5\C51\LIB\C51L.LIB (ATOL)
  C:\KEIL_V5\C51\LIB\C51L.LIB (ATOI)
  C:\KEIL_V5\C51\LIB\C51L.LIB (?C_INIT)
  C:\KEIL_V5\C51\LIB\C51L.LIB (?C?ILDIX)
  C:\KEIL_V5\C51\LIB\C51L.LIB (?C?LMUL)
  C:\KEIL_V5\C51\LIB\C51L.LIB (ISDIGIT)
  C:\KEIL_V5\C51\LIB\C51L.LIB (ISSPACE)
  C:\KEIL_V5\C51\LIB\C51L.LIB (STRSPN)
  C:\KEIL_V5\C51\LIB\C51L.LIB (STRPBRK)


LINK MAP OF MODULE:  .\Objects\expedidor_v_101 (MAIN)


            TYPE    BASE      LENGTH    RELOCATION   SEGMENT NAME
            -----------------------------------------------------

            * * * * * * *   D A T A   M E M O R Y   * * * * * * *
            REG     0000H     0008H     ABSOLUTE     "REG BANK 0"
            DATA    0008H     0005H     UNIT         _DATA_GROUP_
            DATA    000DH     0004H     UNIT         ?DT?UART
            IDATA   0011H     0009H     UNIT         ?ID?MONITOR
                    001AH     0006H                  *** GAP ***
            BIT     0020H.0   0001H.1   UNIT         _BIT_GROUP_
            BIT     0021H.1   0000H.3   UNIT         ?BI?MAIN
            BIT     0021H.4   0000H.2   UNIT         ?BI?UART
            BIT     0021H.6   0000H.1   UNIT         ?BI?EEPROM
            BIT     0021H.7   0000H.1   UNIT         ?BI?IO_SENSORES
            BIT     0022H.0   0000H.1   UNIT         ?BI?VERIFICADOR
                    0022H.1   0000H.7                *** GAP ***
            IDATA   0023H     0046H     UNIT         ?ID?MAIN
            IDATA   0069H     0001H     UNIT         ?STACK

            * * * * * * *  X D A T A   M E M O R Y  * * * * * * *
            XDATA   0000H     00B7H     UNIT         _XDATA_GROUP_
            XDATA   00B7H     0091H     UNIT         ?XD?VERIFICADOR
            XDATA   0148H     006EH     UNIT         ?XD?MAIN
            XDATA   01B6H     005CH     UNIT         ?XD?PROG
            XDATA   0212H     0003H     UNIT         ?XD?EEPROM
            XDATA   0215H     0003H     UNIT         ?XD?UART
            XDATA   0218H     0003H     UNIT         ?XD?STRTOK
            XDATA   021BH     0002H     UNIT         ?XD?IO_SENSORES
            XDATA   021DH     0001H     UNIT         ?XD?ACCESCAN
            XDATA   021EH     0001H     UNIT         ?XD?CLOCK

            * * * * * * *   C O D E   M E M O R Y   * * * * * * *
            CODE    0000H     0003H     ABSOLUTE     
BL51 BANKED LINKER/LOCATER V6.22.2.0                                                  09/03/2021  14:20:36  PAGE 3


            CODE    0003H     0008H     UNIT         ?PR?P_CK?CLOCK
            CODE    000BH     0003H     ABSOLUTE     
            CODE    000EH     0015H     UNIT         ?PR?_STRLEN?STRLEN
            CODE    0023H     0003H     ABSOLUTE     
            CODE    0026H     1430H     UNIT         ?CO?PROG
            CODE    1456H     0B8BH     UNIT         ?C?LIB_CODE
            CODE    1FE1H     06EFH     UNIT         ?CO?PANTALLAS
            CODE    26D0H     0690H     UNIT         ?CO?VERIFICADOR
            CODE    2D60H     062CH     UNIT         ?PR?_PANTALLALCD?PANTALLAS
            CODE    338CH     053DH     UNIT         ?PR?_VALIDA_TRAMA_PTO?ACCESCAN
            CODE    38C9H     04D6H     UNIT         ?PR?_SECUENCIAEXPEDIDORMF?VERIFICADOR
            CODE    3D9FH     0483H     UNIT         ?PR?PRINTF?PRINTF
            CODE    4222H     03C8H     UNIT         ?PR?VER_PROG?PROG
            CODE    45EAH     02D0H     UNIT         ?PR?_TWO_BYTEHEX_DECIMAL?CLOCK
            CODE    48BAH     02B7H     UNIT         ?PR?_PROG_HORARIO_DIAS?PROG
            CODE    4B71H     02A5H     UNIT         ?PR?_PANTALLALCD_LINEA_2?PANTALLAS
            CODE    4E16H     02A3H     UNIT         ?PR?_ARMAR_TRAMA_MONITOR?VERIFICADOR
            CODE    50B9H     0256H     UNIT         ?PR?_ARMAR_TRAMA_PTO_PARALELO_EXPEDIDOR?VERIFICADOR
            CODE    530FH     0254H     UNIT         ?PR?MENU?PROG
            CODE    5563H     0208H     UNIT         ?PR?_HASH_ID?PROG
            CODE    576BH     01FAH     UNIT         ?PR?_PROG_HORARIO_DESDE_HASTA?PROG
            CODE    5965H     01F5H     UNIT         ?PR?PROG_FECHA_VENCIMIENTO?PROG
            CODE    5B5AH     01F5H     UNIT         ?PR?COM_ISR?UART
            CODE    5D4FH     01EBH     UNIT         ?PR?_ARMAR_TRAMA_TARJETA_SECTOR1_BLOQUE2?VERIFICADOR
            CODE    5F3AH     01DDH     UNIT         ?PR?_RESPONDE_LECTURA_TARJETA_SECTOR1_BLOQUE1?VERIFICADOR
            CODE    6117H     01D8H     UNIT         ?PR?_BLOCK_READ_CLOCK_ASCII_RASBERRY?CLOCK
            CODE    62EFH     01A3H     UNIT         ?CO?LINTECH
            CODE    6492H     016EH     UNIT         ?PR?_BLOCK_READ_CLOCK_ASCII?CLOCK
            CODE    6600H     0166H     UNIT         ?PR?_POW?POW
            CODE    6766H     014FH     UNIT         ?PR?_RESPONDE_REELECTURA_TARJETA_SECTOR1_BLOQUE2?VERIFICADOR
            CODE    68B5H     0145H     UNIT         ?PR?PROG_HORARIOS?PROG
            CODE    69FAH     013EH     UNIT         ?PR?PROG_SIN_COBRO?PROG
            CODE    6B38H     013EH     UNIT         ?PR?SECUENCIA_INICIO_EXPEDIDOR?VERIFICADOR
            CODE    6C76H     013CH     UNIT         ?PR?LOAD_AND_SEND_ID_COD?PTO_PARALELO
            CODE    6DB2H     0137H     UNIT         ?PR?VER_HORARIO?PROG
            CODE    6EE9H     012EH     UNIT         ?PR?_ARMAR_TRAMA_PTO_PARALELO_EXPEDIDOR_MENSUAL?VERIFICADOR
            CODE    7017H     0129H     UNIT         ?PR?_RESPONDE_LECTURA_TARJETA_SECTOR1_BLOQUE2?VERIFICADOR
            CODE    7140H     0129H     UNIT         ?PR?LOG?LOG
            CODE    7269H     0128H     UNIT         ?PR?_VER_HORARIO_DIAS?PROG
            CODE    7391H     011AH     UNIT         ?PR?_PROG_HORARIOS_ON_OFF?PROG
            CODE    74ABH     0119H     UNIT         ?PR?_VER_HORARIO_DESDE_HASTA?PROG
            CODE    75C4H     0115H     UNIT         ?PR?_VALIDAR_CLK?CLOCK
            CODE    76D9H     010CH     UNIT         ?PR?_ATOL?ATOL
            CODE    77E5H     0100H     UNIT         ?PR?_WR_MF?LINTECH
            CODE    78E5H     00FCH     UNIT         ?PR?PROG_DEBUG?PROG
            CODE    79E1H     00FCH     UNIT         ?PR?PROG_USE_LPR?PROG
            CODE    7ADDH     00FCH     UNIT         ?PR?TIPO_PANTALLA?PROG
            CODE    7BD9H     00FCH     UNIT         ?PR?PROG_ANTIPASSBACK?PROG
            CODE    7CD5H     00FCH     UNIT         ?PR?PROG_PLACA?PROG
            CODE    7DD1H     00FCH     UNIT         ?PR?PROG_VALIDAR_TIPO_VEHICULO_MENSUAL?PROG
            CODE    7ECDH     00FCH     UNIT         ?PR?PROG_APB_MENSUAL?PROG
            CODE    7FC9H     00FCH     UNIT         ?PR?PROG_MENSUALES?PROG
            CODE    80C5H     00F1H     UNIT         ?PR?_WRITE_EEPROM_TICKET?EEPROM
            CODE    81B6H     00F0H     UNIT         ?CO?IO_SENSORES
            CODE    82A6H     00EAH     UNIT         ?PR?_MOV_CARD?LINTECH
            CODE    8390H     00E4H     UNIT         ?PR?_STRTOK?STRTOK
            CODE    8474H     00DEH     UNIT         ?PR?PROG_ADDRESS_HIGH_BOARD?PROG
BL51 BANKED LINKER/LOCATER V6.22.2.0                                                  09/03/2021  14:20:36  PAGE 4


            CODE    8552H     00DCH     UNIT         ?PR?_RTA_CMD_TRANSPORTE?VERIFICADOR
            CODE    862EH     00DBH     UNIT         ?PR?_ATOI?ATOI
            CODE    8709H     00DAH     UNIT         ?C_INITSEG
            CODE    87E3H     00DAH     UNIT         ?PR?_VALIDA_TIPO_TARJETA?VERIFICADOR
            CODE    88BDH     00D7H     UNIT         ?PR?_ANALIZA_UID_CARD?VERIFICADOR
            CODE    8994H     00D6H     UNIT         ?PR?_CMD_LPR_SALIDA_WIEGAND?ACCESCAN
            CODE    8A6AH     00CFH     UNIT         ?PR?_RECIBE_CMD_MONITOR?MONITOR
            CODE    8B39H     00CCH     UNIT         ?PR?_GRABA_SERIE?EEPROM
            CODE    8C05H     00CAH     UNIT         ?PR?READ_EEPROM_TICKET?EEPROM
            CODE    8CCFH     00C9H     UNIT         ?PR?_CHECK_FECHAOUT?CLOCK
            CODE    8D98H     00C4H     UNIT         ?PR?_BLOCK_READ_CLOCK?CLOCK
            CODE    8E5CH     00C3H     UNIT         ?PR?_RD_MF?LINTECH
            CODE    8F1FH     00C2H     UNIT         ?PR?PROG_TARJETA_AUTOMATICA_O_BOTON?PROG
            CODE    8FE1H     00BEH     UNIT         ?PR?ERROR_RX_PTO?VERIFICADOR
            CODE    909FH     00BDH     UNIT         ?PR?PROG_COD_PARK?PROG
            CODE    915CH     00BDH     UNIT         ?PR?PROG_TIEMPO_GRACIA?PROG
            CODE    9219H     00BDH     UNIT         ?PR?_VALIDA_TRAMA_MONITOR?MONITOR
            CODE    92D6H     00B9H     UNIT         ?CO?TIBBO
            CODE    938FH     00B6H     UNIT         ?PR?PROG_ID_CLIENTE?PROG
            CODE    9445H     00B2H     UNIT         ?PR?_SEND_PORT?PTO_PARALELO
            CODE    94F7H     00AFH     UNIT         ?PR?MSJ_LCD_INFORMATIVO?IO_SENSORES
            CODE    95A6H     00AAH     UNIT         ?PR?CLAVE_SEGURIDAD_S2?LINTECH
            CODE    9650H     00A9H     UNIT         ?PR?DWLOAD_EEPROM?LINTECH
            CODE    96F9H     00A6H     UNIT         ?PR?_BLOCK_READ_CLOCK_HEX?CLOCK
            CODE    979FH     00A5H     UNIT         ?PR?_SEND_PTO_PARALELO?VERIFICADOR
            CODE    9844H     00A2H     UNIT         ?PR?SHOW?PROG
            CODE    98E6H     00A1H     UNIT         ?PR?_BLOCK_WRITE_CLOCK_ASCII?CLOCK
            CODE    9987H     009EH     UNIT         ?PR?INGRESO_VEHICULO?VERIFICADOR
            CODE    9A25H     009DH     UNIT         ?PR?_INICIALIZA?LINTECH
            CODE    9AC2H     009BH     UNIT         ?PR?ENTREGA_CARD_CAPTURA?VERIFICADOR
            CODE    9B5DH     009AH     UNIT         ?PR?EXP?EXP
            CODE    9BF7H     0099H     UNIT         ?PR?_RECIBE_PORT?PTO_PARALELO
            CODE    9C90H     0098H     UNIT         ?PR?_RESPONDE_LECTURA_TARJETA_SECTOR1_BLOQUE0?VERIFICADOR
            CODE    9D28H     0091H     UNIT         ?PR?_HEX_ASCII?CLOCK
            CODE    9DB9H     0091H     UNIT         ?PR?_CARD_INSERCION?LINTECH
            CODE    9E4AH     0090H     UNIT         ?PR?_LEE_CLK?CLOCK
            CODE    9EDAH     0090H     UNIT         ?PR?_GETOPTION?PROG
            CODE    9F6AH     0090H     UNIT         ?PR?_DISPARO_LOCK_ENTRADA_VEHICULO?VERIFICADOR
            CODE    9FFAH     008DH     UNIT         ?PR?LOADVERIFY_EEPROM?LINTECH
            CODE    A087H     008DH     UNIT         ?PR?WAIT_PLACA?VERIFICADOR
            CODE    A114H     008CH     UNIT         ?C_C51STARTUP
            CODE    A1A0H     0088H     UNIT         ?PR?_SEND_PORTERR?PTO_PARALELO
            CODE    A228H     0088H     UNIT         ?PR?RX_DATA?TIBBO
            CODE    A2B0H     0088H     UNIT         ?PR?UNIQUE_IDENTIFIER_UID?LINTECH
            CODE    A338H     0087H     UNIT         ?PR?_RESPONDE_WRITE_TARJETA_SECTOR1_BLOQUE2?VERIFICADOR
            CODE    A3BFH     0086H     UNIT         ?PR?_CHECK_STATUS?LINTECH
            CODE    A445H     0084H     UNIT         ?PR?_DEBUGBUFFERMF?TIBBO
            CODE    A4C9H     0084H     UNIT         ?PR?_ARMAR_TRAMA_PLACA?VERIFICADOR
            CODE    A54DH     0084H     UNIT         ?PR?_STRSPN?STRSPN
            CODE    A5D1H     0083H     UNIT         ?PR?_RASPBERRY_DATA?PANTALLAS
            CODE    A654H     0082H     UNIT         ?PR?RESPONDE_TIPO_TARJETA?VERIFICADOR
            CODE    A6D6H     0081H     UNIT         ?PR?MAIN?MAIN
            CODE    A757H     0081H     UNIT         ?PR?_STRPBRK?STRPBRK
            CODE    A7D8H     0080H     UNIT         ?PR?_INGRESADATO?PROG
            CODE    A858H     0080H     UNIT         ?PR?AUT_CARD_CHECK_STATUS?LINTECH
            CODE    A8D8H     0080H     UNIT         ?PR?POWER_OFF?LINTECH
            CODE    A958H     007DH     UNIT         ?PR?RELOJ_PANTALLA_LCD?PANTALLAS
BL51 BANKED LINKER/LOCATER V6.22.2.0                                                  09/03/2021  14:20:36  PAGE 5


            CODE    A9D5H     0078H     UNIT         ?PR?RESPONDE_ESTADO_SENSORES_TRANSPORTE?VERIFICADOR
            CODE    AA4DH     0075H     UNIT         ?PR?RESPUESTA_PLACA_CANCEL?VERIFICADOR
            CODE    AAC2H     0074H     UNIT         ?PR?_HORA_ENTRADA_VEHICULO?CLOCK
            CODE    AB36H     006FH     UNIT         ?PR?_ESCRIBIRMEMORIA?EEPROM
            CODE    ABA5H     006BH     UNIT         ?PR?_STRCAT?STRCAT
            CODE    AC10H     0066H     UNIT         ?PR?_LEERMEMORIA?EEPROM
            CODE    AC76H     0062H     UNIT         ?PR?_LISTACOMANDOS?PROG
            CODE    ACD8H     005EH     UNIT         ?PR?_BYTEHEX_DECIMAL?CLOCK
            CODE    AD36H     005DH     UNIT         ?PR?_PREGUNTA_LPR?VERIFICADOR
            CODE    AD93H     005DH     UNIT         ?PR?_RESPUESTA_SEGUNDA_CLAVE?VERIFICADOR
            CODE    ADF0H     005BH     UNIT         ?PR?VALIDA_SENSOR1_AUTO?IO_SENSORES
            CODE    AE4BH     0056H     UNIT         ?PR?_WR_EEPROM?EEPROM
            CODE    AEA1H     004FH     UNIT         ?PR?_DEBUG_BUFFER_RS232_LCD?TIBBO
            CODE    AEF0H     004DH     UNIT         ?PR?VARIABLE_INICIO?MAIN
            CODE    AF3DH     004DH     UNIT         ?PR?L_D_M?EEPROM
            CODE    AF8AH     004CH     UNIT         ?PR?LEE_NO_TICKET?EEPROM
            CODE    AFD6H     004CH     UNIT         ?PR?LOAD_AND_SEND_INFO_RELOJ?PTO_PARALELO
            CODE    B022H     004BH     UNIT         ?PR?_TX_AUX?TIBBO
            CODE    B06DH     0049H     UNIT         ?PR?_DEBUG_TXT_TIBBO?TIBBO
            CODE    B0B6H     0048H     UNIT         ?PR?FIRST_CLAVE?PROG
            CODE    B0FEH     0047H     UNIT         ?PR?_DEBUG_CHR_TIBBO?TIBBO
            CODE    B145H     0047H     UNIT         ?PR?_DEBUG_CHR_RS232_LCD?TIBBO
            CODE    B18CH     0047H     UNIT         ?PR?_RESPONDE_WRITE_TARJETA_SECTOR2_BLOQUE0?VERIFICADOR
            CODE    B1D3H     0046H     UNIT         ?PR?_ESCRIBIRCADENASOFT_BUFFER?MAIN
            CODE    B219H     0046H     UNIT         ?PR?_LCD_TXT_NUM_CHAR?PANTALLAS
            CODE    B25FH     0046H     UNIT         ?PR?_DEBUG_HEXDEC?TIBBO
            CODE    B2A5H     0044H     UNIT         ?PR?_LCD_TXT?PANTALLAS
            CODE    B2E9H     0043H     UNIT         ?PR?DIR_BOARD?IO_SENSORES
            CODE    B32CH     0042H     UNIT         ?PR?_VALIDARCLAVE?PROG
            CODE    B36EH     0041H     UNIT         ?PR?_MONITOR_CHR?ACCESCAN
            CODE    B3AFH     0041H     UNIT         ?PR?_TWO_ONE?CLOCK
            CODE    B3F0H     0041H     UNIT         ?PR?COM_BAUDRATE?UART
            CODE    B431H     0040H     UNIT         ?PR?_GETCMD?PROG
            CODE    B471H     0040H     UNIT         ?PR?_DEBUG_PTO_PARALELO?TIBBO
            CODE    B4B1H     003FH     UNIT         ?PR?_EB_CLK?CLOCK
            CODE    B4F0H     003EH     UNIT         ?PR?_PUTCHAR?MAIN
            CODE    B52EH     003EH     UNIT         ?PR?TRAMA_VALIDACION_P_N?VERIFICADOR
            CODE    B56CH     003DH     UNIT         ?PR?_HEX_BCD?CLOCK
            CODE    B5A9H     003DH     UNIT         ?PR?_RD_EEPROM?EEPROM
            CODE    B5E6H     003DH     UNIT         ?PR?_DEBUG_MONITOR?TIBBO
            CODE    B623H     003DH     UNIT         ?PR?_LOAD_SECUENCIA_EXPEDIDOR?VERIFICADOR
            CODE    B660H     003BH     UNIT         ?CO?ACCESCAN
            CODE    B69BH     003BH     UNIT         ?CO?EEPROM
            CODE    B6D6H     003BH     UNIT         ?PR?_COM_PUTCHAR?UART
            CODE    B711H     003AH     UNIT         ?PR?_DELAY_10MS?DELAY
            CODE    B74BH     0039H     UNIT         ?PR?RX_MONITOR?MONITOR
            CODE    B784H     0038H     UNIT         ?PR?VALIDASENSORESPASO?IO_SENSORES
            CODE    B7BCH     0038H     UNIT         ?PR?_DEBUG_TXT_RS232?TIBBO
            CODE    B7F4H     0036H     UNIT         ?PR?_RESPONDE_WRITE_TARJETA_SECTOR1_BLOQUE1?VERIFICADOR
            CODE    B82AH     0036H     UNIT         ?PR?_RESPONDE_WRITE_TARJETA_SECTOR1_BLOQUE0?VERIFICADOR
            CODE    B860H     0034H     UNIT         ?PR?INCREMENTE_TICKET?EEPROM
            CODE    B894H     0034H     UNIT         ?PR?ADDR_HORARIOS?PROG
            CODE    B8C8H     0031H     UNIT         ?PR?_TARJETA_ROTACION?VERIFICADOR
            CODE    B8F9H     0030H     UNIT         ?PR?PREGUNTA_PLACA_HABILITADA?VERIFICADOR
            CODE    B929H     0030H     UNIT         ?PR?_ARMAR_TRAMA_TARJETA_SECTOR1_BLOQUE0?VERIFICADOR
            CODE    B959H     002EH     UNIT         ?PR?TIMER0_INT?MAIN
            CODE    B987H     002AH     UNIT         ?PR?COM_INITIALIZE?UART
BL51 BANKED LINKER/LOCATER V6.22.2.0                                                  09/03/2021  14:20:36  PAGE 6


            CODE    B9B1H     002AH     UNIT         ?PR?ANALIZA_PRESENCIA_ROTACION?VERIFICADOR
            CODE    B9DBH     0028H     UNIT         ?PR?_WR_CLK?CLOCK
            CODE    BA03H     0027H     UNIT         ?PR?_TX_CHRLCD?PANTALLAS
            CODE    BA2AH     0026H     UNIT         ?PR?COM_GETCHAR?UART
            CODE    BA50H     0022H     UNIT         ?PR?_E_D_M?EEPROM
            CODE    BA72H     0022H     UNIT         ?PR?VALIDASENSOR_CERO?IO_SENSORES
            CODE    BA94H     0021H     UNIT         ?CO?PTO_PARALELO
            CODE    BAB5H     0020H     UNIT         ?PR?ACKD?EEPROM
            CODE    BAD5H     0020H     UNIT         ?PR?ACK_LECT?EEPROM
            CODE    BAF5H     001FH     UNIT         ?PR?VALIDASENSOR?IO_SENSORES
            CODE    BB14H     001EH     UNIT         ?PR?_BCD_HEX?CLOCK
            CODE    BB32H     001BH     UNIT         ?PR?_DELAY_1MS?DELAY
            CODE    BB4DH     001AH     UNIT         ?PR?CLEAR_PLACA?MONITOR
            CODE    BB67H     0017H     UNIT         ?PR?DISPLAYCURSOR?PROG
            CODE    BB7EH     0016H     UNIT         ?PR?DIR_BOARD_MONITOR?IO_SENSORES
            CODE    BB94H     0016H     UNIT         ?PR?TIME_BIT?TIBBO
            CODE    BBAAH     0014H     UNIT         ?CO?CLOCK
            CODE    BBBEH     0014H     UNIT         ?PR?_ISSPACE?ISSPACE
            CODE    BBD2H     0012H     UNIT         ?PR?_DELAY_20US?DELAY
            CODE    BBE4H     0012H     UNIT         ?PR?START?EEPROM
            CODE    BBF6H     0012H     UNIT         ?PR?BOTTON?IO_SENSORES
            CODE    BC08H     0012H     UNIT         ?PR?PULSO_BUS?PTO_PARALELO
            CODE    BC1AH     0012H     UNIT         ?PR?COM_RBUFLEN?UART
            CODE    BC2CH     0012H     UNIT         ?PR?COM_TBUFLEN?UART
            CODE    BC3EH     0010H     UNIT         ?PR?INI_TIMER?MAIN
            CODE    BC4EH     0010H     UNIT         ?PR?INICIA_BOARD?MAIN
            CODE    BC5EH     0010H     UNIT         ?PR?TIME_MBIT?TIBBO
            CODE    BC6EH     000FH     UNIT         ?PR?_ISDIGIT?ISDIGIT
            CODE    BC7DH     000CH     UNIT         ?PR?_GETKEY?MAIN
            CODE    BC89H     000AH     UNIT         ?PR?STOP?EEPROM
            CODE    BC93H     000AH     UNIT         ?PR?COND_INI_PTO?PTO_PARALELO
            CODE    BC9DH     0009H     UNIT         ?PR?DEBUG_DIVIDIR_TEXTO?TIBBO
            CODE    BCA6H     0007H     UNIT         ?PR?COND_INI_CLOCK?CLOCK
            CODE    BCADH     0007H     UNIT         ?PR?SEL_FUNCION?IO_SENSORES
            CODE    BCB4H     0007H     UNIT         ?PR?SEL_AUTO?IO_SENSORES
            CODE    BCBBH     0007H     UNIT         ?PR?SEL_PULSA?IO_SENSORES
            CODE    BCC2H     0007H     UNIT         ?PR?SEL_SENSOR2?IO_SENSORES
            CODE    BCC9H     0007H     UNIT         ?PR?SEL_SENSOR1?IO_SENSORES
            CODE    BCD0H     0007H     UNIT         ?PR?SEL_DIR1?IO_SENSORES
            CODE    BCD7H     0007H     UNIT         ?PR?SEL_DIR2?IO_SENSORES
            CODE    BCDEH     0006H     UNIT         ?PR?P_ME?EEPROM
            CODE    BCE4H     0005H     UNIT         ?PR?ON_TIMER0_INTERRUP?MAIN
            CODE    BCE9H     0005H     UNIT         ?PR?COND_INI_TIBBO?TIBBO
            CODE    BCEEH     0003H     UNIT         ?PR?OFF_TIMER0_INTERRUP?MAIN
            CODE    BCF1H     0001H     UNIT         ?PR?DELAY?DELAY



OVERLAY MAP OF MODULE:   .\Objects\expedidor_v_101 (MAIN)


SEGMENT                                             BIT_GROUP          DATA_GROUP          XDATA_GROUP
  +--> CALLED SEGMENT                            START    LENGTH     START    LENGTH     START    LENGTH
--------------------------------------------------------------------------------------------------------
?C_C51STARTUP                                    -----    -----      -----    -----      -----    -----
  +--> ?PR?MAIN?MAIN
  +--> ?C_INITSEG
BL51 BANKED LINKER/LOCATER V6.22.2.0                                                  09/03/2021  14:20:36  PAGE 7



?PR?MAIN?MAIN                                    -----    -----      -----    -----      0000H    0001H
  +--> ?PR?INI_TIMER?MAIN
  +--> ?PR?ON_TIMER0_INTERRUP?MAIN
  +--> ?PR?COM_INITIALIZE?UART
  +--> ?PR?COM_BAUDRATE?UART
  +--> ?PR?INICIA_BOARD?MAIN
  +--> ?PR?TIME_BIT?TIBBO
  +--> ?PR?_DELAY_20US?DELAY
  +--> ?PR?TIME_MBIT?TIBBO
  +--> ?PR?_TX_AUX?TIBBO
  +--> ?PR?SEL_FUNCION?IO_SENSORES
  +--> ?PR?MENU?PROG
  +--> ?PR?VARIABLE_INICIO?MAIN
  +--> ?PR?SECUENCIA_INICIO_EXPEDIDOR?VERIFI...
  +--> ?PR?RX_MONITOR?MONITOR
  +--> ?PR?_SECUENCIAEXPEDIDORMF?VERIFICADOR
  +--> ?PR?_RECIBE_PORT?PTO_PARALELO
  +--> ?PR?_DEBUG_PTO_PARALELO?TIBBO
  +--> ?PR?_VALIDA_TRAMA_PTO?ACCESCAN
  +--> ?PR?MSJ_LCD_INFORMATIVO?IO_SENSORES

?PR?COM_INITIALIZE?UART                          -----    -----      -----    -----      -----    -----
  +--> ?PR?COM_BAUDRATE?UART

?PR?COM_BAUDRATE?UART                            -----    -----      -----    -----      -----    -----
  +--> ?PR?_RD_EEPROM?EEPROM
  +--> ?PR?_WR_EEPROM?EEPROM

?PR?_RD_EEPROM?EEPROM                            -----    -----      -----    -----      -----    -----
  +--> ?PR?START?EEPROM
  +--> ?PR?ACK_LECT?EEPROM
  +--> ?PR?_E_D_M?EEPROM
  +--> ?PR?ACKD?EEPROM
  +--> ?PR?L_D_M?EEPROM
  +--> ?PR?STOP?EEPROM

?PR?ACK_LECT?EEPROM                              -----    -----      -----    -----      -----    -----
  +--> ?PR?_E_D_M?EEPROM

?PR?_E_D_M?EEPROM                                -----    -----      -----    -----      -----    -----
  +--> ?PR?P_ME?EEPROM

?PR?ACKD?EEPROM                                  -----    -----      -----    -----      -----    -----
  +--> ?PR?_E_D_M?EEPROM

?PR?_WR_EEPROM?EEPROM                            -----    -----      -----    -----      -----    -----
  +--> ?PR?START?EEPROM
  +--> ?PR?ACKD?EEPROM
  +--> ?PR?_E_D_M?EEPROM
  +--> ?PR?STOP?EEPROM
  +--> ?PR?_DELAY_1MS?DELAY
  +--> ?PR?_DELAY_20US?DELAY

?PR?_DELAY_1MS?DELAY                             -----    -----      -----    -----      -----    -----
  +--> ?PR?_DELAY_20US?DELAY

BL51 BANKED LINKER/LOCATER V6.22.2.0                                                  09/03/2021  14:20:36  PAGE 8


?PR?INICIA_BOARD?MAIN                            -----    -----      -----    -----      -----    -----
  +--> ?PR?COND_INI_TIBBO?TIBBO
  +--> ?PR?COND_INI_CLOCK?CLOCK
  +--> ?PR?COND_INI_PTO?PTO_PARALELO

?PR?_TX_AUX?TIBBO                                -----    -----      -----    -----      -----    -----
  +--> ?PR?TIME_BIT?TIBBO

?PR?MENU?PROG                                    -----    -----      -----    -----      0001H    0045H
  +--> ?CO?PROG
  +--> ?PR?PRINTF?PRINTF
  +--> ?PR?_RD_EEPROM?EEPROM
  +--> ?PR?FIRST_CLAVE?PROG
  +--> ?PR?_WR_EEPROM?EEPROM
  +--> ?PR?_LEERMEMORIA?EEPROM
  +--> ?PR?_HASH_ID?PROG
  +--> ?PR?_INGRESADATO?PROG
  +--> ?PR?_GETCMD?PROG
  +--> ?PR?_ESCRIBIRMEMORIA?EEPROM
  +--> ?PR?_VALIDARCLAVE?PROG
  +--> ?PR?DISPLAYCURSOR?PROG
  +--> ?PR?_STRLEN?STRLEN
  +--> ?PR?_GETOPTION?PROG
  +--> ?PR?_STRCAT?STRCAT
  +--> ?PR?_LISTACOMANDOS?PROG
  +--> ?PR?PROG_ID_CLIENTE?PROG
  +--> ?PR?PROG_COD_PARK?PROG
  +--> ?PR?PROG_TIEMPO_GRACIA?PROG
  +--> ?PR?PROG_SIN_COBRO?PROG
  +--> ?PR?PROG_DEBUG?PROG
  +--> ?PR?PROG_USE_LPR?PROG
  +--> ?PR?TIPO_PANTALLA?PROG
  +--> ?PR?PROG_TARJETA_AUTOMATICA_O_BOTON?PROG
  +--> ?PR?PROG_ANTIPASSBACK?PROG
  +--> ?PR?PROG_PLACA?PROG
  +--> ?PR?PROG_ADDRESS_HIGH_BOARD?PROG
  +--> ?PR?PROG_HORARIOS?PROG
  +--> ?PR?PROG_VALIDAR_TIPO_VEHICULO_MENSUA...
  +--> ?PR?PROG_APB_MENSUAL?PROG
  +--> ?PR?PROG_MENSUALES?PROG
  +--> ?PR?VER_PROG?PROG
  +--> ?PR?SHOW?PROG
  +--> ?PR?PROG_FECHA_VENCIMIENTO?PROG

?PR?PRINTF?PRINTF                                0020H.0  0001H.1    0008H    0005H      0077H    0030H
  +--> ?PR?_PUTCHAR?MAIN

?PR?_PUTCHAR?MAIN                                -----    -----      -----    -----      00A7H    0003H
  +--> ?PR?_COM_PUTCHAR?UART

?PR?_COM_PUTCHAR?UART                            -----    -----      -----    -----      00AAH    0001H
  +--> ?PR?COM_TBUFLEN?UART

?PR?FIRST_CLAVE?PROG                             -----    -----      -----    -----      0046H    000BH
  +--> ?PR?_BLOCK_READ_CLOCK_ASCII?CLOCK
  +--> ?PR?_HASH_ID?PROG
  +--> ?PR?_ESCRIBIRMEMORIA?EEPROM
BL51 BANKED LINKER/LOCATER V6.22.2.0                                                  09/03/2021  14:20:36  PAGE 9



?PR?_BLOCK_READ_CLOCK_ASCII?CLOCK                -----    -----      -----    -----      0051H    0003H
  +--> ?PR?_LEE_CLK?CLOCK

?PR?_LEE_CLK?CLOCK                               -----    -----      -----    -----      00B1H    0003H
  +--> ?PR?_DELAY_20US?DELAY
  +--> ?PR?_EB_CLK?CLOCK
  +--> ?PR?P_CK?CLOCK

?PR?_EB_CLK?CLOCK                                -----    -----      -----    -----      00B4H    0003H
  +--> ?PR?P_CK?CLOCK

?PR?P_CK?CLOCK                                   -----    -----      -----    -----      -----    -----
  +--> ?PR?DELAY?DELAY

?PR?_HASH_ID?PROG                                -----    -----      -----    -----      005DH    003FH
  +--> ?CO?PROG
  +--> ?PR?_LEERMEMORIA?EEPROM
  +--> ?PR?_CHECK_FECHAOUT?CLOCK
  +--> ?PR?_STRLEN?STRLEN

?PR?_LEERMEMORIA?EEPROM                          -----    -----      -----    -----      009CH    0005H
  +--> ?PR?_RD_EEPROM?EEPROM

?PR?_CHECK_FECHAOUT?CLOCK                        -----    -----      -----    -----      009CH    0012H
  +--> ?PR?_BLOCK_READ_CLOCK_HEX?CLOCK

?PR?_BLOCK_READ_CLOCK_HEX?CLOCK                  -----    -----      -----    -----      00AEH    0003H
  +--> ?PR?_LEE_CLK?CLOCK
  +--> ?PR?_BCD_HEX?CLOCK

?PR?_ESCRIBIRMEMORIA?EEPROM                      -----    -----      -----    -----      005DH    0005H
  +--> ?PR?_WR_EEPROM?EEPROM

?PR?_INGRESADATO?PROG                            -----    -----      -----    -----      0071H    0004H
  +--> ?PR?_GETKEY?MAIN
  +--> ?CO?PROG
  +--> ?PR?PRINTF?PRINTF
  +--> ?PR?_PUTCHAR?MAIN

?PR?_GETKEY?MAIN                                 -----    -----      -----    -----      -----    -----
  +--> ?PR?COM_GETCHAR?UART

?PR?COM_GETCHAR?UART                             -----    -----      -----    -----      -----    -----
  +--> ?PR?COM_RBUFLEN?UART

?PR?_GETCMD?PROG                                 -----    -----      -----    -----      005DH    0007H
  +--> ?CO?PROG
  +--> ?PR?_STRTOK?STRTOK

?PR?_STRTOK?STRTOK                               -----    -----      -----    -----      0064H    0006H
  +--> ?PR?_STRSPN?STRSPN
  +--> ?PR?_STRPBRK?STRPBRK

?PR?_STRSPN?STRSPN                               -----    -----      -----    -----      006AH    0008H

?PR?_STRPBRK?STRPBRK                             -----    -----      -----    -----      006AH    0009H
BL51 BANKED LINKER/LOCATER V6.22.2.0                                                  09/03/2021  14:20:36  PAGE 10



?PR?_VALIDARCLAVE?PROG                           -----    -----      -----    -----      005DH    000EH

?PR?DISPLAYCURSOR?PROG                           -----    -----      -----    -----      -----    -----
  +--> ?CO?PROG
  +--> ?PR?PRINTF?PRINTF

?PR?_GETOPTION?PROG                              -----    -----      -----    -----      0046H    000BH
  +--> ?CO?PROG
  +--> ?PR?_STRTOK?STRTOK

?PR?_STRCAT?STRCAT                               -----    -----      -----    -----      0046H    0009H

?PR?_LISTACOMANDOS?PROG                          -----    -----      -----    -----      0046H    0007H

?PR?PROG_ID_CLIENTE?PROG                         -----    -----      -----    -----      0046H    000CH
  +--> ?PR?_RD_EEPROM?EEPROM
  +--> ?CO?PROG
  +--> ?PR?PRINTF?PRINTF
  +--> ?PR?_INGRESADATO?PROG
  +--> ?PR?_ATOI?ATOI
  +--> ?PR?_WR_EEPROM?EEPROM

?PR?_ATOI?ATOI                                   0020H.0  0000H.1    -----    -----      0071H    0005H
  +--> ?PR?_ISSPACE?ISSPACE
  +--> ?PR?_ISDIGIT?ISDIGIT

?PR?PROG_COD_PARK?PROG                           -----    -----      -----    -----      0046H    000CH
  +--> ?PR?_RD_EEPROM?EEPROM
  +--> ?CO?PROG
  +--> ?PR?PRINTF?PRINTF
  +--> ?PR?_INGRESADATO?PROG
  +--> ?PR?_ATOI?ATOI
  +--> ?PR?_WR_EEPROM?EEPROM

?PR?PROG_TIEMPO_GRACIA?PROG                      -----    -----      -----    -----      0046H    000CH
  +--> ?PR?_RD_EEPROM?EEPROM
  +--> ?CO?PROG
  +--> ?PR?PRINTF?PRINTF
  +--> ?PR?_INGRESADATO?PROG
  +--> ?PR?_ATOI?ATOI
  +--> ?PR?_WR_EEPROM?EEPROM

?PR?PROG_SIN_COBRO?PROG                          -----    -----      -----    -----      0046H    000CH
  +--> ?PR?_RD_EEPROM?EEPROM
  +--> ?CO?PROG
  +--> ?PR?PRINTF?PRINTF
  +--> ?PR?_INGRESADATO?PROG
  +--> ?PR?_ATOI?ATOI
  +--> ?PR?_WR_EEPROM?EEPROM

?PR?PROG_DEBUG?PROG                              -----    -----      -----    -----      0046H    000CH
  +--> ?PR?_RD_EEPROM?EEPROM
  +--> ?CO?PROG
  +--> ?PR?PRINTF?PRINTF
  +--> ?PR?_INGRESADATO?PROG
  +--> ?PR?_ATOI?ATOI
BL51 BANKED LINKER/LOCATER V6.22.2.0                                                  09/03/2021  14:20:36  PAGE 11


  +--> ?PR?_WR_EEPROM?EEPROM

?PR?PROG_USE_LPR?PROG                            -----    -----      -----    -----      0046H    000CH
  +--> ?PR?_RD_EEPROM?EEPROM
  +--> ?CO?PROG
  +--> ?PR?PRINTF?PRINTF
  +--> ?PR?_INGRESADATO?PROG
  +--> ?PR?_ATOI?ATOI
  +--> ?PR?_WR_EEPROM?EEPROM

?PR?TIPO_PANTALLA?PROG                           -----    -----      -----    -----      0046H    000CH
  +--> ?PR?_RD_EEPROM?EEPROM
  +--> ?CO?PROG
  +--> ?PR?PRINTF?PRINTF
  +--> ?PR?_INGRESADATO?PROG
  +--> ?PR?_ATOI?ATOI
  +--> ?PR?_WR_EEPROM?EEPROM

?PR?PROG_TARJETA_AUTOMATICA_O_BOTON?PROG         -----    -----      -----    -----      0046H    000CH
  +--> ?PR?_RD_EEPROM?EEPROM
  +--> ?CO?PROG
  +--> ?PR?PRINTF?PRINTF
  +--> ?PR?_INGRESADATO?PROG
  +--> ?PR?_ATOI?ATOI
  +--> ?PR?_WR_EEPROM?EEPROM

?PR?PROG_ANTIPASSBACK?PROG                       -----    -----      -----    -----      0046H    000CH
  +--> ?PR?_RD_EEPROM?EEPROM
  +--> ?CO?PROG
  +--> ?PR?PRINTF?PRINTF
  +--> ?PR?_INGRESADATO?PROG
  +--> ?PR?_ATOI?ATOI
  +--> ?PR?_WR_EEPROM?EEPROM

?PR?PROG_PLACA?PROG                              -----    -----      -----    -----      0046H    000CH
  +--> ?PR?_RD_EEPROM?EEPROM
  +--> ?CO?PROG
  +--> ?PR?PRINTF?PRINTF
  +--> ?PR?_INGRESADATO?PROG
  +--> ?PR?_ATOI?ATOI
  +--> ?PR?_WR_EEPROM?EEPROM

?PR?PROG_ADDRESS_HIGH_BOARD?PROG                 -----    -----      -----    -----      0046H    000CH
  +--> ?PR?_RD_EEPROM?EEPROM
  +--> ?CO?PROG
  +--> ?PR?PRINTF?PRINTF
  +--> ?PR?_INGRESADATO?PROG
  +--> ?PR?_ATOI?ATOI
  +--> ?PR?_WR_EEPROM?EEPROM

?PR?PROG_HORARIOS?PROG                           -----    -----      -----    -----      0046H    001BH
  +--> ?PR?ADDR_HORARIOS?PROG
  +--> ?CO?PROG
  +--> ?PR?PRINTF?PRINTF
  +--> ?PR?_INGRESADATO?PROG
  +--> ?PR?_ATOI?ATOI
  +--> ?PR?_PROG_HORARIOS_ON_OFF?PROG
BL51 BANKED LINKER/LOCATER V6.22.2.0                                                  09/03/2021  14:20:36  PAGE 12


  +--> ?PR?_WR_EEPROM?EEPROM
  +--> ?PR?_PROG_HORARIO_DIAS?PROG
  +--> ?PR?_PROG_HORARIO_DESDE_HASTA?PROG
  +--> ?PR?_RD_EEPROM?EEPROM

?PR?ADDR_HORARIOS?PROG                           -----    -----      -----    -----      0074H    000BH

?PR?_PROG_HORARIOS_ON_OFF?PROG                   -----    -----      -----    -----      0061H    0010H
  +--> ?PR?_RD_EEPROM?EEPROM
  +--> ?CO?PROG
  +--> ?PR?PRINTF?PRINTF
  +--> ?PR?_INGRESADATO?PROG
  +--> ?PR?_ATOI?ATOI
  +--> ?PR?_WR_EEPROM?EEPROM

?PR?_PROG_HORARIO_DIAS?PROG                      -----    -----      -----    -----      0061H    000FH
  +--> ?CO?PROG
  +--> ?PR?PRINTF?PRINTF
  +--> ?PR?_INGRESADATO?PROG
  +--> ?PR?_WR_EEPROM?EEPROM
  +--> ?PR?_RD_EEPROM?EEPROM

?PR?_PROG_HORARIO_DESDE_HASTA?PROG               -----    -----      -----    -----      0061H    000CH
  +--> ?CO?PROG
  +--> ?PR?PRINTF?PRINTF
  +--> ?PR?_INGRESADATO?PROG
  +--> ?PR?_WR_EEPROM?EEPROM
  +--> ?PR?_RD_EEPROM?EEPROM

?PR?PROG_VALIDAR_TIPO_VEHICULO_MENSUA...         -----    -----      -----    -----      0046H    000CH
  +--> ?PR?_RD_EEPROM?EEPROM
  +--> ?CO?PROG
  +--> ?PR?PRINTF?PRINTF
  +--> ?PR?_INGRESADATO?PROG
  +--> ?PR?_ATOI?ATOI
  +--> ?PR?_WR_EEPROM?EEPROM

?PR?PROG_APB_MENSUAL?PROG                        -----    -----      -----    -----      0046H    000CH
  +--> ?PR?_RD_EEPROM?EEPROM
  +--> ?CO?PROG
  +--> ?PR?PRINTF?PRINTF
  +--> ?PR?_INGRESADATO?PROG
  +--> ?PR?_ATOI?ATOI
  +--> ?PR?_WR_EEPROM?EEPROM

?PR?PROG_MENSUALES?PROG                          -----    -----      -----    -----      0046H    000CH
  +--> ?PR?_RD_EEPROM?EEPROM
  +--> ?CO?PROG
  +--> ?PR?PRINTF?PRINTF
  +--> ?PR?_INGRESADATO?PROG
  +--> ?PR?_ATOI?ATOI
  +--> ?PR?_WR_EEPROM?EEPROM

?PR?VER_PROG?PROG                                -----    -----      -----    -----      0046H    0013H
  +--> ?PR?_RD_EEPROM?EEPROM
  +--> ?CO?PROG
  +--> ?PR?PRINTF?PRINTF
BL51 BANKED LINKER/LOCATER V6.22.2.0                                                  09/03/2021  14:20:36  PAGE 13


  +--> ?PR?VER_HORARIO?PROG
  +--> ?PR?_LEERMEMORIA?EEPROM
  +--> ?PR?_HEX_ASCII?CLOCK
  +--> ?PR?LEE_NO_TICKET?EEPROM

?PR?VER_HORARIO?PROG                             -----    -----      -----    -----      0059H    001BH
  +--> ?PR?ADDR_HORARIOS?PROG
  +--> ?CO?PROG
  +--> ?PR?PRINTF?PRINTF
  +--> ?PR?_RD_EEPROM?EEPROM
  +--> ?PR?_VER_HORARIO_DIAS?PROG
  +--> ?PR?_VER_HORARIO_DESDE_HASTA?PROG

?PR?_VER_HORARIO_DIAS?PROG                       -----    -----      -----    -----      0074H    0003H
  +--> ?PR?_RD_EEPROM?EEPROM
  +--> ?CO?PROG
  +--> ?PR?PRINTF?PRINTF

?PR?_VER_HORARIO_DESDE_HASTA?PROG                -----    -----      -----    -----      0074H    0002H
  +--> ?CO?PROG
  +--> ?PR?PRINTF?PRINTF
  +--> ?PR?_RD_EEPROM?EEPROM

?PR?_HEX_ASCII?CLOCK                             -----    -----      -----    -----      005DH    0006H
  +--> ?PR?_HEX_BCD?CLOCK

?PR?LEE_NO_TICKET?EEPROM                         -----    -----      -----    -----      0059H    000BH
  +--> ?PR?READ_EEPROM_TICKET?EEPROM
  +--> ?CO?EEPROM
  +--> ?PR?PRINTF?PRINTF
  +--> ?PR?_STRLEN?STRLEN
  +--> ?PR?_DEBUG_TXT_TIBBO?TIBBO

?PR?READ_EEPROM_TICKET?EEPROM                    -----    -----      -----    -----      0064H    0007H
  +--> ?PR?_RD_EEPROM?EEPROM

?PR?_DEBUG_TXT_TIBBO?TIBBO                       -----    -----      -----    -----      0064H    0004H
  +--> ?PR?_DEBUG_CHR_TIBBO?TIBBO
  +--> ?CO?TIBBO
  +--> ?PR?_TX_AUX?TIBBO

?PR?_DEBUG_CHR_TIBBO?TIBBO                       -----    -----      -----    -----      -----    -----
  +--> ?PR?_TX_AUX?TIBBO

?PR?SHOW?PROG                                    -----    -----      -----    -----      -----    -----
  +--> ?CO?PROG
  +--> ?PR?PRINTF?PRINTF

?PR?PROG_FECHA_VENCIMIENTO?PROG                  -----    -----      -----    -----      0046H    0017H
  +--> ?PR?_LEERMEMORIA?EEPROM
  +--> ?PR?_HEX_ASCII?CLOCK
  +--> ?CO?PROG
  +--> ?PR?PRINTF?PRINTF
  +--> ?PR?_HASH_ID?PROG
  +--> ?PR?_INGRESADATO?PROG
  +--> ?PR?_GETCMD?PROG
  +--> ?PR?_ESCRIBIRMEMORIA?EEPROM
BL51 BANKED LINKER/LOCATER V6.22.2.0                                                  09/03/2021  14:20:36  PAGE 14


  +--> ?PR?_VALIDARCLAVE?PROG
  +--> ?PR?_ATOI?ATOI
  +--> ?PR?_WR_EEPROM?EEPROM

?PR?VARIABLE_INICIO?MAIN                         -----    -----      -----    -----      -----    -----
  +--> ?PR?_RD_EEPROM?EEPROM

?PR?SECUENCIA_INICIO_EXPEDIDOR?VERIFI...         -----    -----      -----    -----      0001H    0001H
  +--> ?PR?_INICIALIZA?LINTECH
  +--> ?PR?TRAMA_VALIDACION_P_N?VERIFICADOR
  +--> ?CO?VERIFICADOR
  +--> ?PR?_DEBUG_TXT_TIBBO?TIBBO
  +--> ?PR?_DEBUGBUFFERMF?TIBBO
  +--> ?PR?DWLOAD_EEPROM?LINTECH

?PR?_INICIALIZA?LINTECH                          -----    -----      -----    -----      0002H    000CH
  +--> ?CO?LINTECH
  +--> ?PR?_DEBUG_TXT_TIBBO?TIBBO
  +--> ?PR?_DEBUGBUFFERMF?TIBBO
  +--> ?PR?_ESCRIBIRCADENASOFT_BUFFER?MAIN

?PR?_DEBUGBUFFERMF?TIBBO                         -----    -----      -----    -----      0027H    0006H
  +--> ?CO?TIBBO
  +--> ?PR?_DEBUG_TXT_TIBBO?TIBBO
  +--> ?PR?_DEBUG_CHR_TIBBO?TIBBO
  +--> ?PR?_TX_AUX?TIBBO

?PR?_ESCRIBIRCADENASOFT_BUFFER?MAIN              -----    -----      -----    -----      0027H    0006H
  +--> ?PR?_PUTCHAR?MAIN

?PR?TRAMA_VALIDACION_P_N?VERIFICADOR             -----    -----      -----    -----      -----    -----
  +--> ?CO?VERIFICADOR
  +--> ?PR?_DEBUG_TXT_TIBBO?TIBBO

?PR?DWLOAD_EEPROM?LINTECH                        -----    -----      -----    -----      0002H    0016H
  +--> ?CO?LINTECH
  +--> ?PR?_DEBUG_TXT_TIBBO?TIBBO
  +--> ?PR?_DEBUGBUFFERMF?TIBBO
  +--> ?PR?_ESCRIBIRCADENASOFT_BUFFER?MAIN

?PR?RX_MONITOR?MONITOR                           -----    -----      -----    -----      0003H    000EH
  +--> ?PR?_RECIBE_CMD_MONITOR?MONITOR
  +--> ?PR?_DEBUG_BUFFER_RS232_LCD?TIBBO
  +--> ?PR?_DEBUG_MONITOR?TIBBO
  +--> ?PR?_VALIDA_TRAMA_MONITOR?MONITOR

?PR?_RECIBE_CMD_MONITOR?MONITOR                  -----    -----      -----    -----      0011H    0009H
  +--> ?PR?RX_DATA?TIBBO

?PR?RX_DATA?TIBBO                                -----    -----      -----    -----      -----    -----
  +--> ?PR?TIME_MBIT?TIBBO
  +--> ?PR?TIME_BIT?TIBBO

?PR?_DEBUG_BUFFER_RS232_LCD?TIBBO                -----    -----      -----    -----      0011H    0006H
  +--> ?PR?_DEBUG_CHR_RS232_LCD?TIBBO
  +--> ?PR?_PUTCHAR?MAIN

BL51 BANKED LINKER/LOCATER V6.22.2.0                                                  09/03/2021  14:20:36  PAGE 15


?PR?_DEBUG_CHR_RS232_LCD?TIBBO                   -----    -----      -----    -----      0017H    0001H
  +--> ?PR?_PUTCHAR?MAIN

?PR?_DEBUG_MONITOR?TIBBO                         -----    -----      -----    -----      0011H    0004H
  +--> ?PR?DEBUG_DIVIDIR_TEXTO?TIBBO
  +--> ?CO?TIBBO
  +--> ?PR?_DEBUG_TXT_TIBBO?TIBBO

?PR?DEBUG_DIVIDIR_TEXTO?TIBBO                    -----    -----      -----    -----      -----    -----
  +--> ?CO?TIBBO
  +--> ?PR?_DEBUG_TXT_TIBBO?TIBBO

?PR?_VALIDA_TRAMA_MONITOR?MONITOR                -----    -----      -----    -----      0011H    0006H
  +--> ?PR?_DELAY_10MS?DELAY
  +--> ?PR?_TX_AUX?TIBBO

?PR?_DELAY_10MS?DELAY                            -----    -----      -----    -----      0017H    0004H
  +--> ?PR?_DELAY_1MS?DELAY

?PR?_SECUENCIAEXPEDIDORMF?VERIFICADOR            -----    -----      -----    -----      0001H    0001H
  +--> ?PR?_CHECK_STATUS?LINTECH
  +--> ?PR?_LOAD_SECUENCIA_EXPEDIDOR?VERIFIC...
  +--> ?PR?_RTA_CMD_TRANSPORTE?VERIFICADOR
  +--> ?PR?_MOV_CARD?LINTECH
  +--> ?PR?AUT_CARD_CHECK_STATUS?LINTECH
  +--> ?PR?LOADVERIFY_EEPROM?LINTECH
  +--> ?PR?_RD_MF?LINTECH
  +--> ?PR?_WR_MF?LINTECH
  +--> ?PR?_CARD_INSERCION?LINTECH
  +--> ?PR?DWLOAD_EEPROM?LINTECH
  +--> ?PR?ENTREGA_CARD_CAPTURA?VERIFICADOR
  +--> ?PR?_SEND_PTO_PARALELO?VERIFICADOR
  +--> ?PR?WAIT_PLACA?VERIFICADOR
  +--> ?PR?UNIQUE_IDENTIFIER_UID?LINTECH
  +--> ?PR?_PREGUNTA_LPR?VERIFICADOR
  +--> ?PR?PREGUNTA_PLACA_HABILITADA?VERIFIC...
  +--> ?PR?_VALIDA_TIPO_TARJETA?VERIFICADOR
  +--> ?PR?POWER_OFF?LINTECH
  +--> ?PR?CLAVE_SEGURIDAD_S2?LINTECH
  +--> ?PR?_RESPONDE_REELECTURA_TARJETA_SECT...
  +--> ?PR?ANALIZA_PRESENCIA_ROTACION?VERIFI...
  +--> ?PR?RX_MONITOR?MONITOR
  +--> ?PR?INGRESO_VEHICULO?VERIFICADOR
  +--> ?PR?RESPONDE_ESTADO_SENSORES_TRANSPOR...
  +--> ?PR?RESPONDE_TIPO_TARJETA?VERIFICADOR
  +--> ?PR?_RESPONDE_LECTURA_TARJETA_SECTOR1...
  +--> ?PR?_RESPONDE_LECTURA_TARJETA_SECTOR1...
  +--> ?PR?_RESPONDE_LECTURA_TARJETA_SECTOR1...
  +--> ?PR?_RESPONDE_WRITE_TARJETA_SECTOR1_B...
  +--> ?PR?_RESPONDE_WRITE_TARJETA_SECTOR2_B...
  +--> ?PR?_RESPONDE_WRITE_TARJETA_SECTOR1_B...
  +--> ?PR?_RESPONDE_WRITE_TARJETA_SECTOR1_B...
  +--> ?PR?_DISPARO_LOCK_ENTRADA_VEHICULO?VE...
  +--> ?PR?_RESPUESTA_SEGUNDA_CLAVE?VERIFICADOR
  +--> ?PR?_ANALIZA_UID_CARD?VERIFICADOR
  +--> ?CO?VERIFICADOR
  +--> ?PR?_DEBUG_TXT_TIBBO?TIBBO
BL51 BANKED LINKER/LOCATER V6.22.2.0                                                  09/03/2021  14:20:36  PAGE 16



?PR?_CHECK_STATUS?LINTECH                        -----    -----      -----    -----      0002H    000BH
  +--> ?CO?LINTECH
  +--> ?PR?_DEBUG_TXT_TIBBO?TIBBO
  +--> ?PR?_DEBUGBUFFERMF?TIBBO
  +--> ?PR?_ESCRIBIRCADENASOFT_BUFFER?MAIN

?PR?_LOAD_SECUENCIA_EXPEDIDOR?VERIFIC...         -----    -----      -----    -----      0002H    0009H

?PR?_RTA_CMD_TRANSPORTE?VERIFICADOR              -----    -----      -----    -----      0002H    0005H
  +--> ?PR?TRAMA_VALIDACION_P_N?VERIFICADOR
  +--> ?CO?VERIFICADOR
  +--> ?PR?_DEBUG_TXT_TIBBO?TIBBO
  +--> ?PR?_DEBUGBUFFERMF?TIBBO
  +--> ?PR?ERROR_RX_PTO?VERIFICADOR

?PR?ERROR_RX_PTO?VERIFICADOR                     -----    -----      -----    -----      0007H    0001H
  +--> ?CO?VERIFICADOR
  +--> ?PR?_DEBUG_TXT_TIBBO?TIBBO
  +--> ?PR?_DEBUG_CHR_TIBBO?TIBBO
  +--> ?PR?_DELAY_10MS?DELAY

?PR?_MOV_CARD?LINTECH                            -----    -----      -----    -----      0002H    000CH
  +--> ?CO?LINTECH
  +--> ?PR?_DEBUG_TXT_TIBBO?TIBBO
  +--> ?PR?_DEBUGBUFFERMF?TIBBO
  +--> ?PR?_ESCRIBIRCADENASOFT_BUFFER?MAIN

?PR?AUT_CARD_CHECK_STATUS?LINTECH                -----    -----      -----    -----      0002H    000BH
  +--> ?CO?LINTECH
  +--> ?PR?_DEBUG_TXT_TIBBO?TIBBO
  +--> ?PR?_DEBUGBUFFERMF?TIBBO
  +--> ?PR?_ESCRIBIRCADENASOFT_BUFFER?MAIN

?PR?LOADVERIFY_EEPROM?LINTECH                    -----    -----      -----    -----      0002H    0010H
  +--> ?CO?LINTECH
  +--> ?PR?_DEBUG_TXT_TIBBO?TIBBO
  +--> ?PR?_DEBUGBUFFERMF?TIBBO
  +--> ?PR?_ESCRIBIRCADENASOFT_BUFFER?MAIN

?PR?_RD_MF?LINTECH                               -----    -----      -----    -----      0002H    0012H
  +--> ?CO?LINTECH
  +--> ?PR?_DEBUG_TXT_TIBBO?TIBBO
  +--> ?PR?_DEBUG_CHR_TIBBO?TIBBO
  +--> ?PR?_DEBUGBUFFERMF?TIBBO
  +--> ?PR?_ESCRIBIRCADENASOFT_BUFFER?MAIN

?PR?_WR_MF?LINTECH                               -----    -----      -----    -----      0002H    0025H
  +--> ?CO?LINTECH
  +--> ?PR?_DEBUG_TXT_TIBBO?TIBBO
  +--> ?PR?_DEBUG_CHR_TIBBO?TIBBO
  +--> ?PR?_DEBUGBUFFERMF?TIBBO
  +--> ?PR?_ESCRIBIRCADENASOFT_BUFFER?MAIN

?PR?_CARD_INSERCION?LINTECH                      -----    -----      -----    -----      0002H    000AH
  +--> ?CO?LINTECH
  +--> ?PR?_DEBUG_TXT_TIBBO?TIBBO
BL51 BANKED LINKER/LOCATER V6.22.2.0                                                  09/03/2021  14:20:36  PAGE 17


  +--> ?PR?_DEBUGBUFFERMF?TIBBO
  +--> ?PR?_ESCRIBIRCADENASOFT_BUFFER?MAIN

?PR?ENTREGA_CARD_CAPTURA?VERIFICADOR             -----    -----      -----    -----      0002H    0001H
  +--> ?CO?VERIFICADOR
  +--> ?PR?_DEBUG_TXT_TIBBO?TIBBO
  +--> ?PR?SEL_SENSOR2?IO_SENSORES
  +--> ?PR?VALIDASENSOR?IO_SENSORES
  +--> ?PR?VALIDA_SENSOR1_AUTO?IO_SENSORES

?PR?VALIDA_SENSOR1_AUTO?IO_SENSORES              -----    -----      -----    -----      0012H    0001H
  +--> ?PR?SEL_SENSOR1?IO_SENSORES
  +--> ?PR?SEL_AUTO?IO_SENSORES
  +--> ?CO?IO_SENSORES
  +--> ?PR?_DEBUG_TXT_TIBBO?TIBBO
  +--> ?PR?BOTTON?IO_SENSORES

?PR?BOTTON?IO_SENSORES                           -----    -----      -----    -----      -----    -----
  +--> ?PR?SEL_PULSA?IO_SENSORES
  +--> ?CO?IO_SENSORES
  +--> ?PR?_DEBUG_TXT_TIBBO?TIBBO

?PR?_SEND_PTO_PARALELO?VERIFICADOR               -----    -----      -----    -----      0002H    0007H
  +--> ?PR?_ARMAR_TRAMA_PTO_PARALELO_EXPEDID...
  +--> ?PR?_ARMAR_TRAMA_PTO_PARALELO_EXPEDID...
  +--> ?PR?INCREMENTE_TICKET?EEPROM
  +--> ?PR?_SEND_PORT?PTO_PARALELO
  +--> ?CO?VERIFICADOR
  +--> ?PR?_DEBUG_TXT_TIBBO?TIBBO
  +--> ?PR?_DEBUGBUFFERMF?TIBBO
  +--> ?PR?CLEAR_PLACA?MONITOR

?PR?_ARMAR_TRAMA_PTO_PARALELO_EXPEDID...         -----    -----      -----    -----      0009H    0006H
  +--> ?PR?_BCD_HEX?CLOCK
  +--> ?PR?_RD_EEPROM?EEPROM

?PR?_ARMAR_TRAMA_PTO_PARALELO_EXPEDID...         -----    -----      -----    -----      0009H    0012H
  +--> ?PR?LEE_NO_TICKET?EEPROM
  +--> ?PR?_STRCAT?STRCAT
  +--> ?PR?_STRLEN?STRLEN
  +--> ?PR?_BCD_HEX?CLOCK
  +--> ?PR?_RD_EEPROM?EEPROM

?PR?INCREMENTE_TICKET?EEPROM                     -----    -----      -----    -----      0009H    000BH
  +--> ?PR?READ_EEPROM_TICKET?EEPROM
  +--> ?CO?EEPROM
  +--> ?PR?PRINTF?PRINTF
  +--> ?PR?_WRITE_EEPROM_TICKET?EEPROM

?PR?_WRITE_EEPROM_TICKET?EEPROM                  -----    -----      -----    -----      0016H    000BH
  +--> ?CO?EEPROM
  +--> ?PR?_DEBUG_TXT_TIBBO?TIBBO
  +--> ?PR?_ATOL?ATOL
  +--> ?PR?_DEBUG_CHR_TIBBO?TIBBO
  +--> ?PR?_WR_EEPROM?EEPROM

?PR?_ATOL?ATOL                                   0020H.0  0000H.1    -----    -----      0021H    0007H
BL51 BANKED LINKER/LOCATER V6.22.2.0                                                  09/03/2021  14:20:36  PAGE 18


  +--> ?PR?_ISSPACE?ISSPACE
  +--> ?PR?_ISDIGIT?ISDIGIT

?PR?_SEND_PORT?PTO_PARALELO                      -----    -----      -----    -----      0016H    000AH
  +--> ?PR?PULSO_BUS?PTO_PARALELO
  +--> ?PR?_DELAY_20US?DELAY

?PR?PULSO_BUS?PTO_PARALELO                       -----    -----      -----    -----      -----    -----
  +--> ?PR?_DELAY_20US?DELAY

?PR?WAIT_PLACA?VERIFICADOR                       -----    -----      -----    -----      0002H    0001H
  +--> ?CO?VERIFICADOR
  +--> ?PR?_DEBUG_TXT_TIBBO?TIBBO
  +--> ?PR?RX_MONITOR?MONITOR
  +--> ?PR?RESPUESTA_PLACA_CANCEL?VERIFICADOR

?PR?RESPUESTA_PLACA_CANCEL?VERIFICADOR           -----    -----      -----    -----      0003H    0004H
  +--> ?CO?VERIFICADOR
  +--> ?PR?_DEBUG_TXT_TIBBO?TIBBO
  +--> ?PR?_DEBUG_TXT_RS232?TIBBO

?PR?_DEBUG_TXT_RS232?TIBBO                       -----    -----      -----    -----      0007H    0005H
  +--> ?PR?_PUTCHAR?MAIN

?PR?UNIQUE_IDENTIFIER_UID?LINTECH                -----    -----      -----    -----      0002H    000BH
  +--> ?CO?LINTECH
  +--> ?PR?_DEBUG_TXT_TIBBO?TIBBO
  +--> ?PR?_DEBUGBUFFERMF?TIBBO
  +--> ?PR?_ESCRIBIRCADENASOFT_BUFFER?MAIN

?PR?_PREGUNTA_LPR?VERIFICADOR                    -----    -----      -----    -----      0002H    0007H
  +--> ?CO?VERIFICADOR
  +--> ?PR?_DEBUG_TXT_TIBBO?TIBBO
  +--> ?PR?_HORA_ENTRADA_VEHICULO?CLOCK
  +--> ?PR?_RD_EEPROM?EEPROM
  +--> ?PR?_ARMAR_TRAMA_MONITOR?VERIFICADOR

?PR?_HORA_ENTRADA_VEHICULO?CLOCK                 -----    -----      -----    -----      0009H    0003H
  +--> ?PR?_LEE_CLK?CLOCK

?PR?_ARMAR_TRAMA_MONITOR?VERIFICADOR             -----    -----      -----    -----      0009H    000FH
  +--> ?PR?DIR_BOARD_MONITOR?IO_SENSORES
  +--> ?PR?LEE_NO_TICKET?EEPROM
  +--> ?PR?_STRCAT?STRCAT
  +--> ?PR?_BYTEHEX_DECIMAL?CLOCK
  +--> ?PR?_STRLEN?STRLEN
  +--> ?PR?_TWO_BYTEHEX_DECIMAL?CLOCK

?PR?DIR_BOARD_MONITOR?IO_SENSORES                -----    -----      -----    -----      -----    -----
  +--> ?PR?_RD_EEPROM?EEPROM

?PR?_BYTEHEX_DECIMAL?CLOCK                       -----    -----      -----    -----      0018H    0001H

?PR?_TWO_BYTEHEX_DECIMAL?CLOCK                   -----    -----      -----    -----      0018H    000CH
  +--> ?PR?_POW?POW

?PR?_POW?POW                                     -----    -----      -----    -----      0024H    000AH
BL51 BANKED LINKER/LOCATER V6.22.2.0                                                  09/03/2021  14:20:36  PAGE 19


  +--> ?PR?LOG?LOG
  +--> ?PR?EXP?EXP

?PR?LOG?LOG                                      0020H.0  0000H.1    -----    -----      002EH    0004H

?PR?PREGUNTA_PLACA_HABILITADA?VERIFIC...         -----    -----      -----    -----      0002H    0001H
  +--> ?CO?VERIFICADOR
  +--> ?PR?_DEBUG_TXT_TIBBO?TIBBO
  +--> ?PR?_RD_EEPROM?EEPROM

?PR?_VALIDA_TIPO_TARJETA?VERIFICADOR             -----    -----      -----    -----      0002H    0007H
  +--> ?CO?VERIFICADOR
  +--> ?PR?_DEBUG_TXT_TIBBO?TIBBO
  +--> ?PR?_RD_EEPROM?EEPROM
  +--> ?PR?_SEND_PORTERR?PTO_PARALELO
  +--> ?PR?_TARJETA_ROTACION?VERIFICADOR
  +--> ?PR?_PANTALLALCD?PANTALLAS

?PR?_SEND_PORTERR?PTO_PARALELO                   -----    -----      -----    -----      0018H    0006H
  +--> ?PR?PULSO_BUS?PTO_PARALELO
  +--> ?PR?_DELAY_20US?DELAY

?PR?_TARJETA_ROTACION?VERIFICADOR                -----    -----      -----    -----      0009H    0006H
  +--> ?PR?_ARMAR_TRAMA_TARJETA_SECTOR1_BLOQ...

?PR?_ARMAR_TRAMA_TARJETA_SECTOR1_BLOQ...         -----    -----      -----    -----      000FH    0006H
  +--> ?PR?_BCD_HEX?CLOCK
  +--> ?PR?DIR_BOARD?IO_SENSORES

?PR?DIR_BOARD?IO_SENSORES                        -----    -----      -----    -----      0033H    0001H
  +--> ?PR?SEL_DIR1?IO_SENSORES
  +--> ?PR?SEL_DIR2?IO_SENSORES
  +--> ?PR?_RD_EEPROM?EEPROM

?PR?_PANTALLALCD?PANTALLAS                       -----    -----      -----    -----      0018H    0030H
  +--> ?CO?PANTALLAS
  +--> ?PR?_LCD_TXT?PANTALLAS
  +--> ?PR?_STRLEN?STRLEN
  +--> ?PR?_TX_CHRLCD?PANTALLAS
  +--> ?PR?_RASPBERRY_DATA?PANTALLAS

?PR?_LCD_TXT?PANTALLAS                           -----    -----      -----    -----      0048H    0005H
  +--> ?PR?_TX_CHRLCD?PANTALLAS

?PR?_TX_CHRLCD?PANTALLAS                         -----    -----      -----    -----      004DH    0002H
  +--> ?PR?_PUTCHAR?MAIN

?PR?_RASPBERRY_DATA?PANTALLAS                    -----    -----      -----    -----      0048H    0006H
  +--> ?PR?_STRLEN?STRLEN
  +--> ?PR?_PUTCHAR?MAIN

?PR?POWER_OFF?LINTECH                            -----    -----      -----    -----      0002H    000BH
  +--> ?CO?LINTECH
  +--> ?PR?_DEBUG_TXT_TIBBO?TIBBO
  +--> ?PR?_DEBUGBUFFERMF?TIBBO
  +--> ?PR?_ESCRIBIRCADENASOFT_BUFFER?MAIN

BL51 BANKED LINKER/LOCATER V6.22.2.0                                                  09/03/2021  14:20:36  PAGE 20


?PR?CLAVE_SEGURIDAD_S2?LINTECH                   -----    -----      -----    -----      0002H    0016H
  +--> ?CO?LINTECH
  +--> ?PR?_DEBUG_TXT_TIBBO?TIBBO
  +--> ?PR?_DEBUGBUFFERMF?TIBBO
  +--> ?PR?_ESCRIBIRCADENASOFT_BUFFER?MAIN

?PR?_RESPONDE_REELECTURA_TARJETA_SECT...         -----    -----      -----    -----      0002H    000AH
  +--> ?CO?VERIFICADOR
  +--> ?PR?_DEBUG_TXT_TIBBO?TIBBO
  +--> ?PR?_DEBUGBUFFERMF?TIBBO
  +--> ?PR?_ARMAR_TRAMA_TARJETA_SECTOR1_BLOQ...

?PR?_ARMAR_TRAMA_TARJETA_SECTOR1_BLOQ...         -----    -----      -----    -----      000CH    0003H
  +--> ?PR?LEE_NO_TICKET?EEPROM

?PR?ANALIZA_PRESENCIA_ROTACION?VERIFI...         -----    -----      -----    -----      0002H    0001H
  +--> ?PR?VALIDASENSORESPASO?IO_SENSORES
  +--> ?PR?_SEND_PORTERR?PTO_PARALELO
  +--> ?PR?_PANTALLALCD?PANTALLAS

?PR?VALIDASENSORESPASO?IO_SENSORES               -----    -----      -----    -----      0011H    0001H
  +--> ?PR?SEL_SENSOR2?IO_SENSORES
  +--> ?PR?VALIDASENSOR?IO_SENSORES
  +--> ?PR?VALIDA_SENSOR1_AUTO?IO_SENSORES
  +--> ?CO?IO_SENSORES
  +--> ?PR?_DEBUG_TXT_TIBBO?TIBBO

?PR?INGRESO_VEHICULO?VERIFICADOR                 -----    -----      -----    -----      0002H    0001H
  +--> ?CO?VERIFICADOR
  +--> ?PR?_DEBUG_TXT_TIBBO?TIBBO
  +--> ?PR?VALIDASENSORESPASO?IO_SENSORES
  +--> ?PR?_RD_EEPROM?EEPROM
  +--> ?PR?RX_MONITOR?MONITOR
  +--> ?PR?_SEND_PORTERR?PTO_PARALELO
  +--> ?PR?_PANTALLALCD?PANTALLAS
  +--> ?PR?BOTTON?IO_SENSORES

?PR?RESPONDE_ESTADO_SENSORES_TRANSPOR...         -----    -----      -----    -----      0002H    0001H
  +--> ?CO?VERIFICADOR
  +--> ?PR?_DEBUG_TXT_TIBBO?TIBBO
  +--> ?PR?_SEND_PORTERR?PTO_PARALELO

?PR?RESPONDE_TIPO_TARJETA?VERIFICADOR            -----    -----      -----    -----      0002H    0001H
  +--> ?CO?VERIFICADOR
  +--> ?PR?_DEBUG_TXT_TIBBO?TIBBO
  +--> ?PR?_SEND_PORTERR?PTO_PARALELO
  +--> ?PR?_PANTALLALCD?PANTALLAS

?PR?_RESPONDE_LECTURA_TARJETA_SECTOR1...         -----    -----      -----    -----      0002H    0016H
  +--> ?CO?VERIFICADOR
  +--> ?PR?_DEBUG_TXT_TIBBO?TIBBO
  +--> ?PR?_DEBUGBUFFERMF?TIBBO
  +--> ?PR?_RD_EEPROM?EEPROM
  +--> ?PR?_DEBUG_HEXDEC?TIBBO
  +--> ?PR?_DEBUG_CHR_TIBBO?TIBBO
  +--> ?PR?_SEND_PORTERR?PTO_PARALELO
  +--> ?PR?_PANTALLALCD?PANTALLAS
BL51 BANKED LINKER/LOCATER V6.22.2.0                                                  09/03/2021  14:20:36  PAGE 21



?PR?_DEBUG_HEXDEC?TIBBO                          -----    -----      -----    -----      0018H    0002H
  +--> ?PR?_TX_AUX?TIBBO

?PR?_RESPONDE_LECTURA_TARJETA_SECTOR1...         -----    -----      -----    -----      0002H    0004H
  +--> ?CO?VERIFICADOR
  +--> ?PR?_DEBUG_TXT_TIBBO?TIBBO

?PR?_RESPONDE_LECTURA_TARJETA_SECTOR1...         -----    -----      -----    -----      0002H    0015H
  +--> ?CO?VERIFICADOR
  +--> ?PR?_DEBUG_TXT_TIBBO?TIBBO
  +--> ?PR?_DEBUGBUFFERMF?TIBBO
  +--> ?PR?_DEBUG_CHR_TIBBO?TIBBO

?PR?_RESPONDE_WRITE_TARJETA_SECTOR1_B...         -----    -----      -----    -----      0002H    0007H
  +--> ?CO?VERIFICADOR
  +--> ?PR?_DEBUG_TXT_TIBBO?TIBBO
  +--> ?PR?_DEBUGBUFFERMF?TIBBO
  +--> ?PR?_ARMAR_TRAMA_TARJETA_SECTOR1_BLOQ...

?PR?_RESPONDE_WRITE_TARJETA_SECTOR2_B...         -----    -----      -----    -----      0002H    0003H
  +--> ?CO?VERIFICADOR
  +--> ?PR?_DEBUG_TXT_TIBBO?TIBBO
  +--> ?PR?_DEBUGBUFFERMF?TIBBO

?PR?_RESPONDE_WRITE_TARJETA_SECTOR1_B...         -----    -----      -----    -----      0002H    0003H
  +--> ?CO?VERIFICADOR
  +--> ?PR?_DEBUG_TXT_TIBBO?TIBBO
  +--> ?PR?_DEBUGBUFFERMF?TIBBO

?PR?_RESPONDE_WRITE_TARJETA_SECTOR1_B...         -----    -----      -----    -----      0002H    0003H
  +--> ?CO?VERIFICADOR
  +--> ?PR?_DEBUG_TXT_TIBBO?TIBBO
  +--> ?PR?_DEBUGBUFFERMF?TIBBO

?PR?_DISPARO_LOCK_ENTRADA_VEHICULO?VE...         -----    -----      -----    -----      0002H    0004H
  +--> ?CO?VERIFICADOR
  +--> ?PR?_DEBUG_TXT_TIBBO?TIBBO
  +--> ?PR?_SEND_PORTERR?PTO_PARALELO
  +--> ?PR?_PANTALLALCD_LINEA_2?PANTALLAS
  +--> ?PR?VALIDA_SENSOR1_AUTO?IO_SENSORES
  +--> ?PR?_PANTALLALCD?PANTALLAS

?PR?_PANTALLALCD_LINEA_2?PANTALLAS               -----    -----      -----    -----      0011H    0033H
  +--> ?CO?PANTALLAS
  +--> ?PR?_LCD_TXT?PANTALLAS
  +--> ?PR?_STRLEN?STRLEN
  +--> ?PR?_TX_CHRLCD?PANTALLAS
  +--> ?PR?_RASPBERRY_DATA?PANTALLAS
  +--> ?PR?LEE_NO_TICKET?EEPROM
  +--> ?PR?_STRCAT?STRCAT

?PR?_RESPUESTA_SEGUNDA_CLAVE?VERIFICADOR         -----    -----      -----    -----      0002H    0006H
  +--> ?CO?VERIFICADOR
  +--> ?PR?_DEBUG_TXT_TIBBO?TIBBO
  +--> ?PR?_DEBUGBUFFERMF?TIBBO
  +--> ?PR?_ARMAR_TRAMA_PLACA?VERIFICADOR
BL51 BANKED LINKER/LOCATER V6.22.2.0                                                  09/03/2021  14:20:36  PAGE 22



?PR?_ARMAR_TRAMA_PLACA?VERIFICADOR               -----    -----      -----    -----      0008H    0004H
  +--> ?PR?_STRLEN?STRLEN
  +--> ?CO?VERIFICADOR

?PR?_ANALIZA_UID_CARD?VERIFICADOR                -----    -----      -----    -----      0002H    0015H
  +--> ?CO?VERIFICADOR
  +--> ?PR?_DEBUG_TXT_TIBBO?TIBBO
  +--> ?PR?_DEBUGBUFFERMF?TIBBO
  +--> ?PR?_DEBUG_CHR_TIBBO?TIBBO

?PR?_RECIBE_PORT?PTO_PARALELO                    -----    -----      -----    -----      0001H    0008H
  +--> ?PR?OFF_TIMER0_INTERRUP?MAIN
  +--> ?PR?ON_TIMER0_INTERRUP?MAIN

?PR?_DEBUG_PTO_PARALELO?TIBBO                    -----    -----      -----    -----      0001H    0004H
  +--> ?CO?TIBBO
  +--> ?PR?_DEBUG_TXT_TIBBO?TIBBO
  +--> ?PR?_DEBUGBUFFERMF?TIBBO
  +--> ?PR?DEBUG_DIVIDIR_TEXTO?TIBBO

?PR?_VALIDA_TRAMA_PTO?ACCESCAN                   -----    -----      -----    -----      0001H    0010H
  +--> ?CO?ACCESCAN
  +--> ?PR?_DEBUG_TXT_TIBBO?TIBBO
  +--> ?PR?_DEBUG_CHR_TIBBO?TIBBO
  +--> ?PR?_VALIDAR_CLK?CLOCK
  +--> ?PR?_BLOCK_WRITE_CLOCK_ASCII?CLOCK
  +--> ?PR?RELOJ_PANTALLA_LCD?PANTALLAS
  +--> ?PR?_SEND_PORT?PTO_PARALELO
  +--> ?PR?_PANTALLALCD?PANTALLAS
  +--> ?PR?_BYTEHEX_DECIMAL?CLOCK
  +--> ?PR?_TWO_BYTEHEX_DECIMAL?CLOCK
  +--> ?PR?VALIDASENSORESPASO?IO_SENSORES
  +--> ?PR?_CMD_LPR_SALIDA_WIEGAND?ACCESCAN
  +--> ?PR?_PANTALLALCD_LINEA_2?PANTALLAS
  +--> ?PR?_GRABA_SERIE?EEPROM

?PR?_BLOCK_WRITE_CLOCK_ASCII?CLOCK               -----    -----      -----    -----      0011H    0003H
  +--> ?CO?CLOCK
  +--> ?PR?_DEBUG_TXT_TIBBO?TIBBO
  +--> ?PR?_TWO_ONE?CLOCK
  +--> ?PR?_WR_CLK?CLOCK

?PR?_WR_CLK?CLOCK                                -----    -----      -----    -----      0014H    0002H
  +--> ?PR?_DELAY_20US?DELAY
  +--> ?PR?_EB_CLK?CLOCK

?PR?RELOJ_PANTALLA_LCD?PANTALLAS                 -----    -----      -----    -----      0011H    000DH
  +--> ?CO?PANTALLAS
  +--> ?PR?_BLOCK_READ_CLOCK?CLOCK
  +--> ?PR?_LCD_TXT_NUM_CHAR?PANTALLAS
  +--> ?PR?_BLOCK_READ_CLOCK_ASCII_RASBERRY?...
  +--> ?PR?_STRCAT?STRCAT
  +--> ?PR?_RASPBERRY_DATA?PANTALLAS

?PR?_BLOCK_READ_CLOCK?CLOCK                      -----    -----      -----    -----      001EH    0003H
  +--> ?PR?_LEE_CLK?CLOCK
BL51 BANKED LINKER/LOCATER V6.22.2.0                                                  09/03/2021  14:20:36  PAGE 23



?PR?_LCD_TXT_NUM_CHAR?PANTALLAS                  -----    -----      -----    -----      001EH    0006H
  +--> ?PR?_TX_CHRLCD?PANTALLAS

?PR?_BLOCK_READ_CLOCK_ASCII_RASBERRY?...         -----    -----      -----    -----      001EH    0003H
  +--> ?PR?_LEE_CLK?CLOCK

?PR?_CMD_LPR_SALIDA_WIEGAND?ACCESCAN             -----    -----      -----    -----      0011H    0022H
  +--> ?PR?DIR_BOARD?IO_SENSORES
  +--> ?PR?_BLOCK_READ_CLOCK_ASCII?CLOCK
  +--> ?PR?_MONITOR_CHR?ACCESCAN

?PR?_MONITOR_CHR?ACCESCAN                        -----    -----      -----    -----      0033H    0005H
  +--> ?PR?_TX_AUX?TIBBO

?PR?_GRABA_SERIE?EEPROM                          -----    -----      -----    -----      0011H    0005H
  +--> ?CO?EEPROM
  +--> ?PR?_DEBUG_TXT_TIBBO?TIBBO
  +--> ?PR?_WRITE_EEPROM_TICKET?EEPROM
  +--> ?PR?_WR_EEPROM?EEPROM

?PR?MSJ_LCD_INFORMATIVO?IO_SENSORES              -----    -----      -----    -----      0001H    0001H
  +--> ?PR?SEL_FUNCION?IO_SENSORES
  +--> ?PR?VALIDASENSOR_CERO?IO_SENSORES
  +--> ?CO?IO_SENSORES
  +--> ?PR?_DEBUG_TXT_TIBBO?TIBBO
  +--> ?PR?_DEBUG_CHR_TIBBO?TIBBO
  +--> ?PR?LOAD_AND_SEND_INFO_RELOJ?PTO_PARA...
  +--> ?PR?VALIDASENSOR?IO_SENSORES
  +--> ?PR?_DELAY_10MS?DELAY
  +--> ?PR?LOAD_AND_SEND_ID_COD?PTO_PARALELO

?PR?LOAD_AND_SEND_INFO_RELOJ?PTO_PARA...         -----    -----      -----    -----      0002H    000BH
  +--> ?PR?_BLOCK_READ_CLOCK?CLOCK
  +--> ?PR?_LEE_CLK?CLOCK
  +--> ?CO?PTO_PARALELO
  +--> ?PR?_DEBUG_TXT_TIBBO?TIBBO
  +--> ?PR?_DEBUGBUFFERMF?TIBBO
  +--> ?PR?DEBUG_DIVIDIR_TEXTO?TIBBO
  +--> ?PR?_SEND_PORT?PTO_PARALELO

?PR?LOAD_AND_SEND_ID_COD?PTO_PARALELO            -----    -----      -----    -----      0002H    0014H
  +--> ?PR?_RD_EEPROM?EEPROM
  +--> ?CO?PTO_PARALELO
  +--> ?PR?PRINTF?PRINTF
  +--> ?PR?_STRCAT?STRCAT
  +--> ?PR?_STRLEN?STRLEN
  +--> ?PR?_DEBUG_TXT_TIBBO?TIBBO
  +--> ?PR?_DEBUGBUFFERMF?TIBBO
  +--> ?PR?DEBUG_DIVIDIR_TEXTO?TIBBO
  +--> ?PR?_SEND_PORT?PTO_PARALELO



SYMBOL TABLE OF MODULE:  .\Objects\expedidor_v_101 (MAIN)

  VALUE           TYPE          NAME
BL51 BANKED LINKER/LOCATER V6.22.2.0                                                  09/03/2021  14:20:36  PAGE 24


  ----------------------------------

  -------         MODULE        MAIN
  C:0000H         SYMBOL        _ICE_DUMMY_
  X:0171H         PUBLIC        STX
  D:0080H         PUBLIC        P0
  D:0090H         PUBLIC        P1
  C:B959H         PUBLIC        timer0_int
  D:00B0H         PUBLIC        P3
  B:00A8H.7       PUBLIC        EA
  B:0080H.2       PUBLIC        led_err_imp
  C:BCEEH         PUBLIC        off_Timer0_Interrup
  X:0172H         PUBLIC        ValTimeOutCom
  X:0173H         PUBLIC        Buffer_Rta_Lintech
  X:01A5H         PUBLIC        Timer_wait
  B:0021H.1       PUBLIC        pto_paraleo
  X:01A6H         PUBLIC        g_cContByteRx
  B:0080H.0       PUBLIC        rx_ip
  C:A6D6H         PUBLIC        main
  X:01A7H         PUBLIC        Timer_tivo
  B:0080H.3       PUBLIC        Atascado_GP0_PIN_3
  C:AEF0H         PUBLIC        variable_inicio
  B:0090H.7       PUBLIC        lock
  I:0023H         PUBLIC        rbuf
  C:BCE4H         PUBLIC        on_Timer0_Interrup
  I:0055H         PUBLIC        tbuf
  B:0090H.1       PUBLIC        DataIn
  D:0089H         PUBLIC        TMOD
  X:01A9H         PUBLIC        USE_LPR
  X:01AAH         PUBLIC        Debug_Tibbo
  X:01ABH         PUBLIC        Raspberry
  X:01ACH         PUBLIC        SIN_COBRO
  X:01AEH         PUBLIC        Tipo_Vehiculo
  B:00B0H.3       PUBLIC        busy
  C:BC3EH         PUBLIC        ini_timer
  B:00A8H.1       PUBLIC        ET0
  X:01AFH         PUBLIC        precarga
  B:0088H.5       PUBLIC        TF0
  D:008CH         PUBLIC        TH0
  X:01B0H         PUBLIC        ACK
  X:01B1H         PUBLIC        g_cEstadoComSoft
  D:008AH         PUBLIC        TL0
  B:0088H.4       PUBLIC        TR0
  C:BC4EH         PUBLIC        inicia_board
  X:01B2H         PUBLIC        T_GRACIA
  B:0080H.7       PUBLIC        sel_com
  X:01B4H         PUBLIC        STX_LINTECH
  C:BC7DH         PUBLIC        _getkey
  X:01B5H         PUBLIC        ETX
  C:B1D3H         PUBLIC        _EscribirCadenaSoft_buffer
  B:0021H.2       PUBLIC        buffer_ready
  C:B4F0H         PUBLIC        _putchar
  B:0021H.3       PUBLIC        placa_ready
  -------         PROC          TIMER0_INT
  C:B959H         LINE#         16
  C:B95FH         LINE#         19
  C:B965H         LINE#         20
BL51 BANKED LINKER/LOCATER V6.22.2.0                                                  09/03/2021  14:20:36  PAGE 25


  C:B96AH         LINE#         21
  C:B96AH         LINE#         22
  C:B970H         LINE#         23
  C:B970H         LINE#         25
  C:B97EH         LINE#         26
  C:B980H         LINE#         28
  -------         ENDPROC       TIMER0_INT
  -------         PROC          INI_TIMER
  C:BC3EH         LINE#         31
  C:BC3EH         LINE#         32
  C:BC3EH         LINE#         34
  C:BC46H         LINE#         36
  C:BC49H         LINE#         37
  C:BC4BH         LINE#         38
  C:BC4DH         LINE#         40
  -------         ENDPROC       INI_TIMER
  -------         PROC          ON_TIMER0_INTERRUP
  C:BCE4H         LINE#         43
  C:BCE4H         LINE#         44
  C:BCE4H         LINE#         45
  C:BCE6H         LINE#         46
  C:BCE8H         LINE#         48
  -------         ENDPROC       ON_TIMER0_INTERRUP
  -------         PROC          OFF_TIMER0_INTERRUP
  C:BCEEH         LINE#         51
  C:BCEEH         LINE#         52
  C:BCEEH         LINE#         53
  C:BCF0H         LINE#         55
  -------         ENDPROC       OFF_TIMER0_INTERRUP
  -------         PROC          _GETKEY
  -------         DO            
  D:0006H         SYMBOL        k
  -------         ENDDO         
  C:BC7DH         LINE#         63
  C:BC7DH         LINE#         64
  C:BC7DH         LINE#         68
  C:BC7DH         LINE#         69
  C:BC80H         LINE#         70
  C:BC80H         LINE#         71
  C:BC88H         LINE#         73
  C:BC88H         LINE#         74
  -------         ENDPROC       _GETKEY
  -------         PROC          _PUTCHAR
  X:00A7H         SYMBOL        c
  -------         DO            
  X:00A8H         SYMBOL        i
  -------         ENDDO         
  C:B4F0H         LINE#         78
  C:B4F5H         LINE#         79
  C:B4F5H         LINE#         82
  C:B504H         LINE#         83
  C:B504H         LINE#         84
  C:B51AH         LINE#         85
  C:B51AH         LINE#         87
  C:B528H         LINE#         88
  C:B528H         LINE#         90
  C:B52DH         LINE#         91
BL51 BANKED LINKER/LOCATER V6.22.2.0                                                  09/03/2021  14:20:36  PAGE 26


  -------         ENDPROC       _PUTCHAR
  -------         PROC          _ESCRIBIRCADENASOFT_BUFFER
  X:0027H         SYMBOL        buffer
  X:002AH         SYMBOL        tamano_cadena
  -------         DO            
  X:002BH         SYMBOL        i
  X:002CH         SYMBOL        d
  -------         ENDDO         
  C:B1D3H         LINE#         95
  C:B1E1H         LINE#         96
  C:B1E1H         LINE#         98
  C:B1EFH         LINE#         99
  C:B1EFH         LINE#         100
  C:B206H         LINE#         101
  C:B210H         LINE#         102
  C:B218H         LINE#         103
  -------         ENDPROC       _ESCRIBIRCADENASOFT_BUFFER
  -------         PROC          INICIA_BOARD
  C:BC4EH         LINE#         108
  C:BC4EH         LINE#         109
  C:BC4EH         LINE#         110
  C:BC51H         LINE#         111
  C:BC54H         LINE#         112
  C:BC57H         LINE#         113
  C:BC59H         LINE#         114
  C:BC5BH         LINE#         115
  C:BC5DH         LINE#         117
  -------         ENDPROC       INICIA_BOARD
  -------         PROC          VARIABLE_INICIO
  C:AEF0H         LINE#         122
  C:AEF0H         LINE#         123
  C:AEF0H         LINE#         126
  C:AF01H         LINE#         127
  C:AF12H         LINE#         128
  C:AF20H         LINE#         129
  C:AF2EH         LINE#         130
  C:AF3CH         LINE#         134
  -------         ENDPROC       VARIABLE_INICIO
  -------         PROC          MAIN
  -------         DO            
  X:0148H         SYMBOL        buffer
  X:0170H         SYMBOL        Estado_Comunicacion_Secuencia_MF
  X:0000H         SYMBOL        Length_trama
  -------         ENDDO         
  C:A6D6H         LINE#         142
  C:A6D6H         LINE#         143
  C:A6D6H         LINE#         150
  C:A6D9H         LINE#         151
  C:A6DCH         LINE#         152
  C:A6DFH         LINE#         153
  C:A6E2H         LINE#         154
  C:A6E5H         LINE#         155
  C:A6E7H         LINE#         157
  C:A6EAH         LINE#         158
  C:A6F1H         LINE#         159
  C:A6F4H         LINE#         161
  C:A6F9H         LINE#         162
BL51 BANKED LINKER/LOCATER V6.22.2.0                                                  09/03/2021  14:20:36  PAGE 27


  C:A6FBH         LINE#         163
  C:A6FEH         LINE#         165
  C:A701H         LINE#         166
  C:A701H         LINE#         167
  C:A704H         LINE#         168
  C:A704H         LINE#         171
  C:A707H         LINE#         172
  C:A70DH         LINE#         173
  C:A713H         LINE#         175
  C:A713H         LINE#         176
  C:A713H         LINE#         178
  C:A716H         LINE#         179
  C:A716H         LINE#         180
  C:A719H         LINE#         181
  C:A719H         LINE#         185
  C:A726H         LINE#         190
  C:A72CH         LINE#         191
  C:A72CH         LINE#         193
  C:A73BH         LINE#         196
  C:A744H         LINE#         197
  C:A752H         LINE#         202
  C:A752H         LINE#         203
  C:A755H         LINE#         206
  -------         ENDPROC       MAIN
  -------         ENDMOD        MAIN

  -------         MODULE        ACCESCAN
  C:0000H         SYMBOL        _ICE_DUMMY_
  D:0080H         PUBLIC        P0
  D:0090H         PUBLIC        P1
  D:00B0H         PUBLIC        P3
  C:B36EH         PUBLIC        _Monitor_chr
  B:0080H.3       PUBLIC        Atascado_GP0_PIN_3
  B:0090H.7       PUBLIC        lock
  C:338CH         PUBLIC        _Valida_Trama_Pto
  C:8994H         PUBLIC        _Cmd_LPR_Salida_wiegand
  -------         PROC          _VALIDA_TRAMA_PTO
  X:0001H         SYMBOL        buffer
  X:0004H         SYMBOL        length_trama
  -------         DO            
  X:021DH         SYMBOL        cont
  X:0005H         SYMBOL        bcc
  D:0004H         SYMBOL        j
  X:0006H         SYMBOL        buff
  -------         ENDDO         
  C:338CH         LINE#         113
  C:339AH         LINE#         114
  C:339AH         LINE#         117
  C:339DH         LINE#         123
  C:33E0H         LINE#         124
  C:33E0H         LINE#         125
  C:33E9H         LINE#         126
  C:33FEH         LINE#         127
  C:3407H         LINE#         128
  C:3414H         LINE#         129
  C:3414H         LINE#         130
  C:3430H         LINE#         131
BL51 BANKED LINKER/LOCATER V6.22.2.0                                                  09/03/2021  14:20:36  PAGE 28


  C:3433H         LINE#         133
  C:343CH         LINE#         134
  C:3444H         LINE#         135
  C:344DH         LINE#         136
  C:3466H         LINE#         137
  C:3466H         LINE#         139
  C:3476H         LINE#         140
  C:3476H         LINE#         141
  C:3489H         LINE#         143
  C:348CH         LINE#         145
  C:348CH         LINE#         148
  C:348CH         LINE#         150
  C:348CH         LINE#         152
  C:3492H         LINE#         153
  C:3496H         LINE#         154
  C:349AH         LINE#         155
  C:349DH         LINE#         156
  C:34A8H         LINE#         158
  C:34B1H         LINE#         159
  C:34B9H         LINE#         160
  C:34C1H         LINE#         161
  C:34C9H         LINE#         162
  C:34D2H         LINE#         163
  C:34D2H         LINE#         166
  C:34D2H         LINE#         169
  C:34E4H         LINE#         170
  C:34E4H         LINE#         171
  C:34E6H         LINE#         172
  C:34E9H         LINE#         174
  C:34FBH         LINE#         175
  C:34FBH         LINE#         176
  C:34FDH         LINE#         177
  C:3500H         LINE#         179
  C:3512H         LINE#         180
  C:3512H         LINE#         181
  C:3514H         LINE#         182
  C:3517H         LINE#         184
  C:3531H         LINE#         185
  C:3531H         LINE#         186
  C:3533H         LINE#         187
  C:3536H         LINE#         189
  C:3550H         LINE#         190
  C:3550H         LINE#         191
  C:3552H         LINE#         192
  C:3555H         LINE#         194
  C:3567H         LINE#         195
  C:3567H         LINE#         196
  C:356DH         LINE#         197
  C:357AH         LINE#         198
  C:357AH         LINE#         199
  C:357FH         LINE#         201
  C:3584H         LINE#         202
  C:3586H         LINE#         203
  C:3588H         LINE#         204
  C:358CH         LINE#         205
  C:358CH         LINE#         206
  C:358DH         LINE#         208
BL51 BANKED LINKER/LOCATER V6.22.2.0                                                  09/03/2021  14:20:36  PAGE 29


  C:35A5H         LINE#         209
  C:35A5H         LINE#         211
  C:35B2H         LINE#         212
  C:35B2H         LINE#         213
  C:35B4H         LINE#         214
  C:35B6H         LINE#         216
  C:35B8H         LINE#         217
  C:35B8H         LINE#         219
  C:35DEH         LINE#         220
  C:35DEH         LINE#         221
  C:35E2H         LINE#         222
  C:35E7H         LINE#         223
  C:35F0H         LINE#         224
  C:35F5H         LINE#         225
  C:35F5H         LINE#         228
  C:35F6H         LINE#         230
  C:3610H         LINE#         231
  C:3610H         LINE#         232
  C:3612H         LINE#         233
  C:3615H         LINE#         235
  C:3648H         LINE#         236
  C:3648H         LINE#         238
  C:3648H         LINE#         240
  C:3662H         LINE#         241
  C:3662H         LINE#         242
  C:3664H         LINE#         243
  C:3667H         LINE#         245
  C:3681H         LINE#         246
  C:3681H         LINE#         247
  C:3683H         LINE#         248
  C:3685H         LINE#         250
  C:369FH         LINE#         251
  C:369FH         LINE#         252
  C:36A1H         LINE#         253
  C:36A3H         LINE#         256
  C:36BDH         LINE#         257
  C:36BDH         LINE#         258
  C:36BFH         LINE#         259
  C:36C1H         LINE#         263
  C:36DBH         LINE#         264
  C:36DBH         LINE#         265
  C:36DDH         LINE#         266
  C:36DFH         LINE#         269
  C:36F9H         LINE#         270
  C:36F9H         LINE#         271
  C:36FEH         LINE#         272
  C:36FEH         LINE#         275
  C:372FH         LINE#         276
  C:372FH         LINE#         277
  C:3737H         LINE#         278
  C:3740H         LINE#         279
  C:3743H         LINE#         282
  C:3774H         LINE#         283
  C:3774H         LINE#         285
  C:377CH         LINE#         286
  C:3785H         LINE#         287
  C:3788H         LINE#         290
BL51 BANKED LINKER/LOCATER V6.22.2.0                                                  09/03/2021  14:20:36  PAGE 30


  C:37C8H         LINE#         291
  C:37C8H         LINE#         293
  C:37DDH         LINE#         294
  C:37E3H         LINE#         295
  C:380DH         LINE#         298
  C:3815H         LINE#         299
  C:3815H         LINE#         302
  C:381CH         LINE#         303
  C:381CH         LINE#         304
  C:3821H         LINE#         305
  C:3821H         LINE#         306
  C:3823H         LINE#         308
  C:3823H         LINE#         309
  C:382CH         LINE#         310
  C:3834H         LINE#         311
  C:3834H         LINE#         315
  C:3836H         LINE#         318
  C:3836H         LINE#         326
  C:383EH         LINE#         330
  C:383EH         LINE#         331
  C:3840H         LINE#         333
  C:3878H         LINE#         334
  C:3878H         LINE#         335
  C:3880H         LINE#         336
  C:388CH         LINE#         337
  C:388CH         LINE#         339
  C:38B9H         LINE#         340
  C:38B9H         LINE#         341
  C:38C8H         LINE#         343
  C:38C8H         LINE#         345
  -------         ENDPROC       _VALIDA_TRAMA_PTO
  -------         PROC          _MONITOR_CHR
  X:0033H         SYMBOL        str
  X:0036H         SYMBOL        num_char
  -------         DO            
  X:0037H         SYMBOL        j
  -------         ENDDO         
  C:B36EH         LINE#         500
  C:B37CH         LINE#         501
  C:B37CH         LINE#         503
  C:B38AH         LINE#         504
  C:B38AH         LINE#         505
  C:B39CH         LINE#         506
  C:B3A6H         LINE#         507
  C:B3AEH         LINE#         508
  -------         ENDPROC       _MONITOR_CHR
  -------         PROC          _CMD_LPR_SALIDA_WIEGAND
  X:0011H         SYMBOL        buffer
  -------         DO            
  X:0014H         SYMBOL        Buffer_Lpr
  X:0032H         SYMBOL        j
  -------         ENDDO         
  C:8994H         LINE#         513
  C:899FH         LINE#         514
  C:899FH         LINE#         516
  C:89A5H         LINE#         517
  C:89AAH         LINE#         518
BL51 BANKED LINKER/LOCATER V6.22.2.0                                                  09/03/2021  14:20:36  PAGE 31


  C:89B2H         LINE#         519
  C:89B6H         LINE#         520
  C:89BFH         LINE#         521
  C:89BFH         LINE#         522
  C:89D0H         LINE#         523
  C:89D2H         LINE#         525
  C:89D2H         LINE#         526
  C:89E3H         LINE#         527
  C:89E3H         LINE#         531
  C:89FAH         LINE#         532
  C:89FAH         LINE#         533
  C:8A09H         LINE#         534
  C:8A13H         LINE#         536
  C:8A1BH         LINE#         537
  C:8A2FH         LINE#         539
  C:8A3FH         LINE#         540
  C:8A50H         LINE#         541
  C:8A5DH         LINE#         545
  -------         ENDPROC       _CMD_LPR_SALIDA_WIEGAND
  -------         ENDMOD        ACCESCAN

  -------         MODULE        CLOCK
  C:0000H         SYMBOL        _ICE_DUMMY_
  C:B3E3H         PUBLIC        _two_one
  D:0090H         PUBLIC        P1
  C:75C4H         PUBLIC        _validar_clk
  C:B9DBH         PUBLIC        _wr_clk
  C:8CCFH         PUBLIC        _check_fechaOut
  C:6117H         PUBLIC        _Block_read_clock_ascii_rasberry
  B:00D0H.7       PUBLIC        CY
  C:0003H         PUBLIC        p_ck
  C:9D28H         PUBLIC        _hex_ascii
  C:AAC2H         PUBLIC        _hora_entrada_vehiculo
  X:021EH         PUBLIC        data_clk
  C:BCA6H         PUBLIC        cond_ini_clock
  C:8D98H         PUBLIC        _Block_read_Clock
  B:0090H.4       PUBLIC        sck
  C:96F9H         PUBLIC        _Block_read_Clock_Hex
  C:6492H         PUBLIC        _Block_read_clock_ascii
  C:B588H         PUBLIC        _hex_bcd
  C:BB14H         PUBLIC        _bcd_hex
  C:ACD8H         PUBLIC        _ByteHex_Decimal
  C:9E54H         PUBLIC        _lee_clk
  B:0090H.5       PUBLIC        io
  C:98E6H         PUBLIC        _Block_write_clock_ascii
  B:0090H.6       PUBLIC        rst
  C:B4B1H         PUBLIC        _eb_clk
[...]
  -------         ENDDO         
  C:38C9H         LINE#         2542
  C:38CEH         LINE#         2543
  C:38CEH         LINE#         2551
  C:393AH         LINE#         2552
  C:393AH         LINE#         2555
  C:393AH         LINE#         2557
  C:394DH         LINE#         2558
  C:394DH         LINE#         2559
  C:394FH         LINE#         2560
  C:3951H         LINE#         2561
  C:3956H         LINE#         2562
  C:395EH         LINE#         2563
  C:3963H         LINE#         2564
  C:3963H         LINE#         2566
  C:3966H         LINE#         2567
  C:3966H         LINE#         2569
  C:396FH         LINE#         2570
  C:3972H         LINE#         2571
  C:3972H         LINE#         2572
  C:3977H         LINE#         2573
  C:3997H         LINE#         2574
  C:399AH         LINE#         2575
  C:399AH         LINE#         2576
  C:399DH         LINE#         2577
  C:39A5H         LINE#         2578
  C:39ABH         LINE#         2579
  C:39AEH         LINE#         2581
  C:39AEH         LINE#         2582
  C:39B1H         LINE#         2583
  C:39D6H         LINE#         2584
  C:39DCH         LINE#         2585
  C:39DEH         LINE#         2586
  C:39E1H         LINE#         2587
  C:39E1H         LINE#         2588
  C:39ECH         LINE#         2589
  C:39F4H         LINE#         2590
  C:39FAH         LINE#         2591
  C:39FDH         LINE#         2592
  C:39FDH         LINE#         2593
  C:3A0EH         LINE#         2594
  C:3A16H         LINE#         2595
  C:3A1CH         LINE#         2596
  C:3A1FH         LINE#         2597
  C:3A1FH         LINE#         2598
  C:3A24H         LINE#         2599
  C:3A47H         LINE#         2600
  C:3A49H         LINE#         2601
BL51 BANKED LINKER/LOCATER V6.22.2.0                                                  09/03/2021  14:20:36  PAGE 130


  C:3A4CH         LINE#         2602
  C:3A4CH         LINE#         2603
  C:3A51H         LINE#         2604
  C:3A71H         LINE#         2605
  C:3A74H         LINE#         2606
  C:3A74H         LINE#         2607
  C:3A79H         LINE#         2608
  C:3A7BH         LINE#         2609
  C:3A99H         LINE#         2610
  C:3A9CH         LINE#         2611
  C:3A9CH         LINE#         2612
  C:3AA1H         LINE#         2613
  C:3AC1H         LINE#         2614
  C:3AC4H         LINE#         2615
  C:3AC4H         LINE#         2616
  C:3AD7H         LINE#         2617
  C:3AD7H         LINE#         2618
  C:3ADCH         LINE#         2619
  C:3AE4H         LINE#         2620
  C:3AE7H         LINE#         2621
  C:3AE7H         LINE#         2622
  C:3AEAH         LINE#         2624
  C:3AEAH         LINE#         2625
  C:3AEDH         LINE#         2626
  C:3B0DH         LINE#         2627
  C:3B10H         LINE#         2628
  C:3B10H         LINE#         2629
  C:3B12H         LINE#         2630
  C:3B15H         LINE#         2631
  C:3B18H         LINE#         2632
  C:3B18H         LINE#         2633
  C:3B21H         LINE#         2634
  C:3B24H         LINE#         2635
  C:3B24H         LINE#         2637
  C:3B2AH         LINE#         2638
  C:3B2DH         LINE#         2639
  C:3B30H         LINE#         2640
  C:3B30H         LINE#         2641
  C:3B33H         LINE#         2642
  C:3B3BH         LINE#         2643
  C:3B41H         LINE#         2644
  C:3B44H         LINE#         2645
  C:3B44H         LINE#         2646
  C:3B4DH         LINE#         2647
  C:3B50H         LINE#         2648
  C:3B50H         LINE#         2649
  C:3B52H         LINE#         2650
  C:3B55H         LINE#         2651
  C:3B58H         LINE#         2652
  C:3B58H         LINE#         2653
  C:3B6FH         LINE#         2654
  C:3B72H         LINE#         2655
  C:3B72H         LINE#         2658
  C:3B77H         LINE#         2659
  C:3B7FH         LINE#         2660
  C:3B85H         LINE#         2662
  C:3B88H         LINE#         2663
BL51 BANKED LINKER/LOCATER V6.22.2.0                                                  09/03/2021  14:20:36  PAGE 131


  C:3B88H         LINE#         2664
  C:3B8BH         LINE#         2665
  C:3BABH         LINE#         2666
  C:3BAEH         LINE#         2667
  C:3BAEH         LINE#         2668
  C:3BB1H         LINE#         2669
  C:3BD1H         LINE#         2670
  C:3BD4H         LINE#         2671
  C:3BD4H         LINE#         2672
  C:3BD7H         LINE#         2673
  C:3BDFH         LINE#         2674
  C:3BE5H         LINE#         2675
  C:3BE8H         LINE#         2676
  C:3BE8H         LINE#         2678
  C:3BF3H         LINE#         2679
  C:3BFBH         LINE#         2680
  C:3C0FH         LINE#         2681
  C:3C12H         LINE#         2682
  C:3C12H         LINE#         2683
  C:3C25H         LINE#         2684
  C:3C25H         LINE#         2685
  C:3C28H         LINE#         2686
  C:3C28H         LINE#         2687
  C:3C2BH         LINE#         2688
  C:3C2BH         LINE#         2689
  C:3C3EH         LINE#         2690
  C:3C3EH         LINE#         2691
  C:3C41H         LINE#         2692
  C:3C41H         LINE#         2693
  C:3C44H         LINE#         2694
  C:3C44H         LINE#         2695
  C:3C47H         LINE#         2696
  C:3C4AH         LINE#         2698
  C:3C4AH         LINE#         2699
  C:3C50H         LINE#         2700
  C:3C50H         LINE#         2701
  C:3C53H         LINE#         2702
  C:3C53H         LINE#         2703
  C:3C53H         LINE#         2704
  C:3C56H         LINE#         2708
  C:3C56H         LINE#         2709
  C:3C5CH         LINE#         2710
  C:3C62H         LINE#         2711
  C:3C62H         LINE#         2712
  C:3C6AH         LINE#         2713
  C:3C70H         LINE#         2715
  C:3C73H         LINE#         2716
  C:3C7BH         LINE#         2717
  C:3C7BH         LINE#         2719
  C:3C7EH         LINE#         2720
  C:3C81H         LINE#         2721
  C:3C89H         LINE#         2722
  C:3C89H         LINE#         2723
  C:3C97H         LINE#         2724
  C:3C97H         LINE#         2725
  C:3CA0H         LINE#         2726
  C:3CA3H         LINE#         2727
BL51 BANKED LINKER/LOCATER V6.22.2.0                                                  09/03/2021  14:20:36  PAGE 132


  C:3CAFH         LINE#         2728
  C:3CAFH         LINE#         2729
  C:3CB8H         LINE#         2730
  C:3CBBH         LINE#         2732
  C:3CBBH         LINE#         2733
  C:3CC4H         LINE#         2734
  C:3CC4H         LINE#         2735
  C:3CC7H         LINE#         2736
  C:3CCFH         LINE#         2737
  C:3CCFH         LINE#         2738
  C:3CDDH         LINE#         2739
  C:3CDDH         LINE#         2740
  C:3CF3H         LINE#         2741
  C:3CF6H         LINE#         2742
  C:3D02H         LINE#         2743
  C:3D02H         LINE#         2744
  C:3D0BH         LINE#         2745
  C:3D0DH         LINE#         2746
  C:3D1BH         LINE#         2747
  C:3D1BH         LINE#         2748
  C:3D24H         LINE#         2749
  C:3D26H         LINE#         2751
  C:3D26H         LINE#         2752
  C:3D2FH         LINE#         2753
  C:3D2FH         LINE#         2754
  C:3D31H         LINE#         2755
  C:3D39H         LINE#         2756
  C:3D39H         LINE#         2757
  C:3D42H         LINE#         2758
  C:3D44H         LINE#         2759
  C:3D4CH         LINE#         2760
  C:3D4CH         LINE#         2761
  C:3D62H         LINE#         2762
  C:3D64H         LINE#         2764
  C:3D6CH         LINE#         2765
  C:3D6CH         LINE#         2766
  C:3D75H         LINE#         2767
  C:3D77H         LINE#         2770
  C:3D7FH         LINE#         2771
  C:3D7FH         LINE#         2772
  C:3D87H         LINE#         2773
  C:3D89H         LINE#         2775
  C:3D89H         LINE#         2776
  C:3D92H         LINE#         2777
  C:3D92H         LINE#         2778
  C:3D94H         LINE#         2779
  C:3D94H         LINE#         2780
  C:3D99H         LINE#         2781
  C:3D99H         LINE#         2783
  C:3D99H         LINE#         2784
  C:3D9EH         LINE#         2785
  -------         ENDPROC       _SECUENCIAEXPEDIDORMF
  -------         ENDMOD        VERIFICADOR

  -------         MODULE        MONITOR
  C:0000H         SYMBOL        _ICE_DUMMY_
  D:0080H         PUBLIC        P0
BL51 BANKED LINKER/LOCATER V6.22.2.0                                                  09/03/2021  14:20:36  PAGE 133


  D:0090H         PUBLIC        P1
  I:0011H         PUBLIC        placa
  B:0080H.2       PUBLIC        led_err_imp
  C:B74BH         PUBLIC        Rx_Monitor
  B:0080H.0       PUBLIC        rx_ip
  B:0090H.7       PUBLIC        lock
  C:8A6AH         PUBLIC        _recibe_cmd_Monitor
  C:BB4DH         PUBLIC        clear_placa
  C:9219H         PUBLIC        _Valida_Trama_Monitor
  -------         PROC          _RECIBE_CMD_MONITOR
  X:0011H         SYMBOL        buffer_cmd
  -------         DO            
  X:0014H         SYMBOL        j
  X:0015H         SYMBOL        NumDatos
  X:0016H         SYMBOL        time_out
  X:0017H         SYMBOL        MaxChrRx
  X:0018H         SYMBOL        contador
  -------         ENDDO         
  C:8A6AH         LINE#         51
  C:8A75H         LINE#         52
  C:8A75H         LINE#         56
  C:8A7AH         LINE#         57
  C:8A80H         LINE#         58
  C:8A84H         LINE#         61
  C:8A98H         LINE#         62
  C:8A98H         LINE#         63
  C:8A9FH         LINE#         64
  C:8AA3H         LINE#         65
  C:8AACH         LINE#         66
  C:8AACH         LINE#         67
  C:8ABAH         LINE#         68
  C:8AD1H         LINE#         69
  C:8AD1H         LINE#         70
  C:8AD7H         LINE#         71
  C:8ADDH         LINE#         72
  C:8ADDH         LINE#         73
  C:8ADFH         LINE#         74
  C:8AE7H         LINE#         75
  C:8AEDH         LINE#         77
  C:8AFFH         LINE#         78
  C:8B11H         LINE#         79
  C:8B11H         LINE#         80
  C:8B1BH         LINE#         81
  C:8B1BH         LINE#         82
  C:8B24H         LINE#         84
  C:8B33H         LINE#         88
  C:8B38H         LINE#         89
  -------         ENDPROC       _RECIBE_CMD_MONITOR
  -------         PROC          _VALIDA_TRAMA_MONITOR
  X:0011H         SYMBOL        buffer
  D:0005H         SYMBOL        length_trama
  -------         DO            
  X:0014H         SYMBOL        j
  X:0015H         SYMBOL        p
  X:0016H         SYMBOL        cont
  -------         ENDDO         
  C:9219H         LINE#         94
BL51 BANKED LINKER/LOCATER V6.22.2.0                                                  09/03/2021  14:20:36  PAGE 134


  C:9224H         LINE#         95
  C:9224H         LINE#         96
  C:9227H         LINE#         97
  C:922BH         LINE#         98
  C:922EH         LINE#         99
  C:9230H         LINE#         102
  C:9244H         LINE#         103
  C:9244H         LINE#         105
  C:9246H         LINE#         107
  C:924DH         LINE#         108
  C:9252H         LINE#         110
  C:9252H         LINE#         112
  C:926DH         LINE#         113
  C:926DH         LINE#         116
  C:926DH         LINE#         117
  C:928EH         LINE#         118
  C:9292H         LINE#         119
  C:9298H         LINE#         120
  C:92AAH         LINE#         121
  C:92C2H         LINE#         122
  C:92CBH         LINE#         123
  C:92CDH         LINE#         124
  C:92D3H         LINE#         125
  C:92D5H         LINE#         127
  C:92D5H         LINE#         130
  -------         ENDPROC       _VALIDA_TRAMA_MONITOR
  -------         PROC          CLEAR_PLACA
  -------         DO            
  D:0007H         SYMBOL        i
  -------         ENDDO         
  C:BB4DH         LINE#         131
  C:BB4DH         LINE#         132
  C:BB4DH         LINE#         134
  C:BB59H         LINE#         135
  C:BB59H         LINE#         136
  C:BB5FH         LINE#         137
  C:BB62H         LINE#         138
  C:BB64H         LINE#         139
  C:BB66H         LINE#         140
  -------         ENDPROC       CLEAR_PLACA
  -------         PROC          RX_MONITOR
  -------         DO            
  X:0003H         SYMBOL        Length_trama
  X:0004H         SYMBOL        buffer1
  -------         ENDDO         
  C:B74BH         LINE#         141
  C:B74BH         LINE#         142
  C:B74BH         LINE#         145
  C:B750H         LINE#         146
  C:B75FH         LINE#         147
  C:B768H         LINE#         148
  C:B776H         LINE#         149
  -------         ENDPROC       RX_MONITOR
  -------         ENDMOD        MONITOR

  -------         MODULE        ?C?FPADD
  C:145DH         PUBLIC        ?C?FPADD
BL51 BANKED LINKER/LOCATER V6.22.2.0                                                  09/03/2021  14:20:36  PAGE 135


  C:1459H         PUBLIC        ?C?FPSUB
  -------         ENDMOD        ?C?FPADD

  -------         MODULE        ?C?FPMUL
  C:154EH         PUBLIC        ?C?FPMUL
  -------         ENDMOD        ?C?FPMUL

  -------         MODULE        ?C?FCAST
  C:165EH         PUBLIC        ?C?FCASTC
  C:1659H         PUBLIC        ?C?FCASTI
  C:1654H         PUBLIC        ?C?FCASTL
  -------         ENDMOD        ?C?FCAST

  -------         MODULE        ?C?CASTF
  C:1692H         PUBLIC        ?C?CASTF
  -------         ENDMOD        ?C?CASTF

  -------         MODULE        PRINTF
  X:0077H         PUBLIC        ?_PRINTF?BYTE
  X:0077H         PUBLIC        ?_SPRINTF?BYTE
  C:3E0AH         PUBLIC        _PRINTF
  C:3E04H         PUBLIC        _SPRINTF
  -------         ENDMOD        PRINTF

  -------         MODULE        POW
  X:0024H         PUBLIC        ?_pow?BYTE
  C:6600H         PUBLIC        _pow
  -------         ENDMOD        POW

  -------         MODULE        ?C?CHKFLOAT
  C:1713H         PUBLIC        ?C?CHKFLOAT
  -------         ENDMOD        ?C?CHKFLOAT

  -------         MODULE        ?C?FPCMP
  C:172FH         PUBLIC        ?C?FPCMP
  C:172DH         PUBLIC        ?C?FPCMP3
  -------         ENDMOD        ?C?FPCMP

  -------         MODULE        ?C?FPNEG
  C:17A6H         PUBLIC        ?C?FPNEG
  -------         ENDMOD        ?C?FPNEG

  -------         MODULE        ?C?FPROUND
  C:17B7H         PUBLIC        ?C?FPROUND
  -------         ENDMOD        ?C?FPROUND

  -------         MODULE        ?C?FPCONVERT
  C:17F4H         PUBLIC        ?C?FPCONVERT
  -------         ENDMOD        ?C?FPCONVERT

  -------         MODULE        EXP
  C:9B95H         PUBLIC        _EXP
  -------         ENDMOD        EXP

  -------         MODULE        LOG
  C:7174H         PUBLIC        _LOG
  C:7170H         PUBLIC        _LOG10
BL51 BANKED LINKER/LOCATER V6.22.2.0                                                  09/03/2021  14:20:36  PAGE 136


  -------         ENDMOD        LOG

  -------         MODULE        ?C?FPDIV
  C:18FCH         PUBLIC        ?C?FPDIV
  -------         ENDMOD        ?C?FPDIV

  -------         MODULE        ?C?FTNPWR
  C:19C9H         PUBLIC        ?C?FTNPWR
  -------         ENDMOD        ?C?FTNPWR

  -------         MODULE        ?C?COPY
  C:1B26H         PUBLIC        ?C?COPY
  -------         ENDMOD        ?C?COPY

  -------         MODULE        ?C?CLDPTR
  C:1B4CH         PUBLIC        ?C?CLDPTR
  -------         ENDMOD        ?C?CLDPTR

  -------         MODULE        ?C?CLDOPTR
  C:1B65H         PUBLIC        ?C?CLDOPTR
  -------         ENDMOD        ?C?CLDOPTR

  -------         MODULE        ?C?CSTPTR
  C:1B92H         PUBLIC        ?C?CSTPTR
  -------         ENDMOD        ?C?CSTPTR

  -------         MODULE        ?C?CSTOPTR
  C:1BA4H         PUBLIC        ?C?CSTOPTR
  -------         ENDMOD        ?C?CSTOPTR

  -------         MODULE        ?C?IMUL
  C:1BC6H         PUBLIC        ?C?IMUL
  -------         ENDMOD        ?C?IMUL

  -------         MODULE        ?C?IILDX
  C:1BD8H         PUBLIC        ?C?IILDX
  -------         ENDMOD        ?C?IILDX

  -------         MODULE        ?C?LNEG
  C:1BEEH         PUBLIC        ?C?LNEG
  -------         ENDMOD        ?C?LNEG

  -------         MODULE        ?C?SLCMP
  C:1BFCH         PUBLIC        ?C?SLCMP
  -------         ENDMOD        ?C?SLCMP

  -------         MODULE        ?C?ULCMP
  C:1C12H         PUBLIC        ?C?ULCMP
  -------         ENDMOD        ?C?ULCMP

  -------         MODULE        ?C?ULSHR
  C:1C23H         PUBLIC        ?C?ULSHR
  -------         ENDMOD        ?C?ULSHR

  -------         MODULE        ?C?LSHL
  C:1C36H         PUBLIC        ?C?LSHL
  -------         ENDMOD        ?C?LSHL
BL51 BANKED LINKER/LOCATER V6.22.2.0                                                  09/03/2021  14:20:36  PAGE 137



  -------         MODULE        ?C?LLDCODE
  C:1C49H         PUBLIC        ?C?LLDCODE
  -------         ENDMOD        ?C?LLDCODE

  -------         MODULE        ?C?LLDXDATA0
  C:1C59H         PUBLIC        ?C?LLDXDATA0
  -------         ENDMOD        ?C?LLDXDATA0

  -------         MODULE        ?C?LLDCODE0
  C:1C65H         PUBLIC        ?C?LLDCODE0
  -------         ENDMOD        ?C?LLDCODE0

  -------         MODULE        ?C?LSTXDATA
  C:1C75H         PUBLIC        ?C?LSTXDATA
  -------         ENDMOD        ?C?LSTXDATA

  -------         MODULE        ?C?LSTKXDATA
  C:1C81H         PUBLIC        ?C?LSTKXDATA
  -------         ENDMOD        ?C?LSTKXDATA

  -------         MODULE        ?C?PLDIXDATA
  C:1CB2H         PUBLIC        ?C?PLDIXDATA
  -------         ENDMOD        ?C?PLDIXDATA

  -------         MODULE        ?C?PSTXDATA
  C:1CC9H         PUBLIC        ?C?PSTXDATA
  -------         ENDMOD        ?C?PSTXDATA

  -------         MODULE        ?C?CCASE
  C:1CD2H         PUBLIC        ?C?CCASE
  -------         ENDMOD        ?C?CCASE

  -------         MODULE        STRCAT
  X:0046H         PUBLIC        ?_strcat?BYTE
  C:ABA5H         PUBLIC        _strcat
  -------         ENDMOD        STRCAT

  -------         MODULE        ?C?STRCMP
  C:1E76H         PUBLIC        ?C?STRCMP
  -------         ENDMOD        ?C?STRCMP

  -------         MODULE        ?C?STRCPY
  C:1F5FH         PUBLIC        ?C?STRCPY
  -------         ENDMOD        ?C?STRCPY

  -------         MODULE        STRLEN
  C:000EH         PUBLIC        _STRLEN
  -------         ENDMOD        STRLEN

  -------         MODULE        STRTOK
  X:0064H         PUBLIC        ?_strtok?BYTE
  C:8390H         PUBLIC        _strtok
  -------         ENDMOD        STRTOK

  -------         MODULE        ATOL
  C:76D9H         PUBLIC        _atol
BL51 BANKED LINKER/LOCATER V6.22.2.0                                                  09/03/2021  14:20:36  PAGE 138


  -------         ENDMOD        ATOL

  -------         MODULE        ATOI
  C:862EH         PUBLIC        _atoi
  -------         ENDMOD        ATOI

  -------         MODULE        ?C?ILDIX
  C:1F7CH         PUBLIC        ?C?ILDIX
  -------         ENDMOD        ?C?ILDIX

  -------         MODULE        ?C?LMUL
  C:1F92H         PUBLIC        ?C?LMUL
  -------         ENDMOD        ?C?LMUL

  -------         MODULE        ISDIGIT
  C:BC6EH         PUBLIC        _isdigit
  -------         ENDMOD        ISDIGIT

  -------         MODULE        ISSPACE
  C:BBBEH         PUBLIC        _isspace
  -------         ENDMOD        ISSPACE

  -------         MODULE        STRSPN
  X:006AH         PUBLIC        ?_strspn?BYTE
  C:A54DH         PUBLIC        _strspn
  -------         ENDMOD        STRSPN

  -------         MODULE        STRPBRK
  X:006AH         PUBLIC        ?_strpbrk?BYTE
  C:A757H         PUBLIC        _strpbrk
  -------         ENDMOD        STRPBRK

Program Size: data=99.1 xdata=543 code=48370
LINK/LOCATE RUN COMPLETE.  0 WARNING(S),  0 ERROR(S)
