BL51 BANKED LINKER/LOCATER V6.22.2.0                                                    09/02/2021  16:32:27  PAGE 1


BL51 BANKED LINKER/LOCATER V6.22.2.0, INVOKED BY:
C:\KEIL_V5\C51\BIN\BL51.EXE .\Objects\main.obj, .\Objects\Accescan.obj, .\Objects\Clock.obj, .\Objects\delay.obj, .\Obje
>> cts\eeprom.obj, .\Objects\io_sensores.obj, .\Objects\pantallas.obj, .\Objects\prog.obj, .\Objects\pto_paralelo.obj, .
>> \Objects\tibbo.obj, .\Objects\uart.obj, .\Objects\lintech.obj, .\Objects\verificador.obj, .\Objects\Monitor.obj TO .\
>> Objects\expedidor_v_101 PRINT (.\Listings\expedidor_v_101.m51) RAMSIZE (256)


MEMORY MODEL: LARGE WITH FLOATING POINT ARITHMETIC


INPUT MODULES INCLUDED:
  .\Objects\main.obj (MAIN)
  .\Objects\Accescan.obj (ACCESCAN)
  .\Objects\Clock.obj (CLOCK)
  .\Objects\delay.obj (DELAY)
  .\Objects\eeprom.obj (EEPROM)
  .\Objects\io_sensores.obj (IO_SENSORES)
  .\Objects\pantallas.obj (PANTALLAS)
  .\Objects\prog.obj (PROG)
  .\Objects\pto_paralelo.obj (PTO_PARALELO)
  .\Objects\tibbo.obj (TIBBO)
  .\Objects\uart.obj (UART)
  .\Objects\lintech.obj (LINTECH)
  .\Objects\verificador.obj (VERIFICADOR)
  .\Objects\Monitor.obj (MONITOR)
  C:\KEIL_V5\C51\LIB\C51FPL.LIB (?C?FPADD)
  C:\KEIL_V5\C51\LIB\C51FPL.LIB (?C?FPMUL)
  C:\KEIL_V5\C51\LIB\C51FPL.LIB (?C?FCAST)
  C:\KEIL_V5\C51\LIB\C51FPL.LIB (?C?CASTF)
  C:\KEIL_V5\C51\LIB\C51FPL.LIB (PRINTF)
  C:\KEIL_V5\C51\LIB\C51FPL.LIB (POW)
  C:\KEIL_V5\C51\LIB\C51FPL.LIB (?C?FPGETOPN)
  C:\KEIL_V5\C51\LIB\C51FPL.LIB (?C?CHKFLOAT)
  C:\KEIL_V5\C51\LIB\C51FPL.LIB (?C?FPCMP)
  C:\KEIL_V5\C51\LIB\C51FPL.LIB (?C?FPNEG)
  C:\KEIL_V5\C51\LIB\C51FPL.LIB (?C?FPROUND)
  C:\KEIL_V5\C51\LIB\C51FPL.LIB (?C?FPCONVERT)
  C:\KEIL_V5\C51\LIB\C51FPL.LIB (EXP)
  C:\KEIL_V5\C51\LIB\C51FPL.LIB (LOG)
  C:\KEIL_V5\C51\LIB\C51FPL.LIB (?C?FPDIV)
  C:\KEIL_V5\C51\LIB\C51FPL.LIB (?C?FTNPWR)
  C:\KEIL_V5\C51\LIB\C51FPL.LIB (?C?FPSERIES)
  C:\KEIL_V5\C51\LIB\C51L.LIB (?C_STARTUP)
  C:\KEIL_V5\C51\LIB\C51L.LIB (?C?COPY)
  C:\KEIL_V5\C51\LIB\C51L.LIB (?C?CLDPTR)
  C:\KEIL_V5\C51\LIB\C51L.LIB (?C?CLDOPTR)
  C:\KEIL_V5\C51\LIB\C51L.LIB (?C?CSTPTR)
  C:\KEIL_V5\C51\LIB\C51L.LIB (?C?CSTOPTR)
  C:\KEIL_V5\C51\LIB\C51L.LIB (?C?IMUL)
  C:\KEIL_V5\C51\LIB\C51L.LIB (?C?IILDX)
  C:\KEIL_V5\C51\LIB\C51L.LIB (?C?LNEG)
  C:\KEIL_V5\C51\LIB\C51L.LIB (?C?SLCMP)
  C:\KEIL_V5\C51\LIB\C51L.LIB (?C?ULCMP)
  C:\KEIL_V5\C51\LIB\C51L.LIB (?C?ULSHR)
  C:\KEIL_V5\C51\LIB\C51L.LIB (?C?LSHL)
  C:\KEIL_V5\C51\LIB\C51L.LIB (?C?LLDCODE)
  C:\KEIL_V5\C51\LIB\C51L.LIB (?C?LLDXDATA0)
  C:\KEIL_V5\C51\LIB\C51L.LIB (?C?LLDCODE0)
BL51 BANKED LINKER/LOCATER V6.22.2.0                                                  09/02/2021  16:32:27  PAGE 2


  C:\KEIL_V5\C51\LIB\C51L.LIB (?C?LSTXDATA)
  C:\KEIL_V5\C51\LIB\C51L.LIB (?C?LSTKXDATA)
  C:\KEIL_V5\C51\LIB\C51L.LIB (?C?PLDIXDATA)
  C:\KEIL_V5\C51\LIB\C51L.LIB (?C?PSTXDATA)
  C:\KEIL_V5\C51\LIB\C51L.LIB (?C?CCASE)
  C:\KEIL_V5\C51\LIB\C51L.LIB (STRCAT)
  C:\KEIL_V5\C51\LIB\C51L.LIB (?C?STRCMP)
  C:\KEIL_V5\C51\LIB\C51L.LIB (?C?STRCPY)
  C:\KEIL_V5\C51\LIB\C51L.LIB (STRLEN)
  C:\KEIL_V5\C51\LIB\C51L.LIB (STRTOK)
  C:\KEIL_V5\C51\LIB\C51L.LIB (ATOL)
  C:\KEIL_V5\C51\LIB\C51L.LIB (ATOI)
  C:\KEIL_V5\C51\LIB\C51L.LIB (?C_INIT)
  C:\KEIL_V5\C51\LIB\C51L.LIB (?C?ILDIX)
  C:\KEIL_V5\C51\LIB\C51L.LIB (?C?LMUL)
  C:\KEIL_V5\C51\LIB\C51L.LIB (ISDIGIT)
  C:\KEIL_V5\C51\LIB\C51L.LIB (ISSPACE)
  C:\KEIL_V5\C51\LIB\C51L.LIB (STRSPN)
  C:\KEIL_V5\C51\LIB\C51L.LIB (STRPBRK)


LINK MAP OF MODULE:  .\Objects\expedidor_v_101 (MAIN)


            TYPE    BASE      LENGTH    RELOCATION   SEGMENT NAME
            -----------------------------------------------------

            * * * * * * *   D A T A   M E M O R Y   * * * * * * *
            REG     0000H     0008H     ABSOLUTE     "REG BANK 0"
            DATA    0008H     0005H     UNIT         _DATA_GROUP_
            DATA    000DH     0004H     UNIT         ?DT?UART
            IDATA   0011H     0009H     UNIT         ?ID?MONITOR
                    001AH     0006H                  *** GAP ***
            BIT     0020H.0   0001H.1   UNIT         _BIT_GROUP_
            BIT     0021H.1   0000H.3   UNIT         ?BI?MAIN
            BIT     0021H.4   0000H.2   UNIT         ?BI?UART
            BIT     0021H.6   0000H.1   UNIT         ?BI?EEPROM
            BIT     0021H.7   0000H.1   UNIT         ?BI?IO_SENSORES
            BIT     0022H.0   0000H.1   UNIT         ?BI?VERIFICADOR
                    0022H.1   0000H.7                *** GAP ***
            IDATA   0023H     0046H     UNIT         ?ID?MAIN
            IDATA   0069H     0001H     UNIT         ?STACK

            * * * * * * *  X D A T A   M E M O R Y  * * * * * * *
            XDATA   0000H     00B7H     UNIT         _XDATA_GROUP_
            XDATA   00B7H     0091H     UNIT         ?XD?VERIFICADOR
            XDATA   0148H     006EH     UNIT         ?XD?MAIN
            XDATA   01B6H     005CH     UNIT         ?XD?PROG
            XDATA   0212H     0003H     UNIT         ?XD?EEPROM
            XDATA   0215H     0003H     UNIT         ?XD?UART
            XDATA   0218H     0003H     UNIT         ?XD?STRTOK
            XDATA   021BH     0002H     UNIT         ?XD?IO_SENSORES
            XDATA   021DH     0001H     UNIT         ?XD?ACCESCAN
            XDATA   021EH     0001H     UNIT         ?XD?CLOCK

            * * * * * * *   C O D E   M E M O R Y   * * * * * * *
            CODE    0000H     0003H     ABSOLUTE     
BL51 BANKED LINKER/LOCATER V6.22.2.0                                                  09/02/2021  16:32:27  PAGE 3


            CODE    0003H     0008H     UNIT         ?PR?P_CK?CLOCK
            CODE    000BH     0003H     ABSOLUTE     
            CODE    000EH     0015H     UNIT         ?PR?_STRLEN?STRLEN
            CODE    0023H     0003H     ABSOLUTE     
            CODE    0026H     1430H     UNIT         ?CO?PROG
            CODE    1456H     0B8BH     UNIT         ?C?LIB_CODE
            CODE    1FE1H     0747H     UNIT         ?PR?_PANTALLALCD?PANTALLAS
            CODE    2728H     06EFH     UNIT         ?CO?PANTALLAS
            CODE    2E17H     0690H     UNIT         ?CO?VERIFICADOR
            CODE    34A7H     053DH     UNIT         ?PR?_VALIDA_TRAMA_PTO?ACCESCAN
            CODE    39E4H     04CFH     UNIT         ?PR?_SECUENCIAEXPEDIDORMF?VERIFICADOR
            CODE    3EB3H     0483H     UNIT         ?PR?PRINTF?PRINTF
            CODE    4336H     03C8H     UNIT         ?PR?VER_PROG?PROG
            CODE    46FEH     02D0H     UNIT         ?PR?_TWO_BYTEHEX_DECIMAL?CLOCK
            CODE    49CEH     02B7H     UNIT         ?PR?_PROG_HORARIO_DIAS?PROG
            CODE    4C85H     02A5H     UNIT         ?PR?_PANTALLALCD_LINEA_2?PANTALLAS
            CODE    4F2AH     02A3H     UNIT         ?PR?_ARMAR_TRAMA_MONITOR?VERIFICADOR
            CODE    51CDH     0256H     UNIT         ?PR?_ARMAR_TRAMA_PTO_PARALELO_EXPEDIDOR?VERIFICADOR
            CODE    5423H     0254H     UNIT         ?PR?MENU?PROG
            CODE    5677H     0208H     UNIT         ?PR?_HASH_ID?PROG
            CODE    587FH     01FAH     UNIT         ?PR?_PROG_HORARIO_DESDE_HASTA?PROG
            CODE    5A79H     01F5H     UNIT         ?PR?PROG_FECHA_VENCIMIENTO?PROG
            CODE    5C6EH     01F5H     UNIT         ?PR?COM_ISR?UART
            CODE    5E63H     01EBH     UNIT         ?PR?_ARMAR_TRAMA_TARJETA_SECTOR1_BLOQUE2?VERIFICADOR
            CODE    604EH     01DDH     UNIT         ?PR?_RESPONDE_LECTURA_TARJETA_SECTOR1_BLOQUE1?VERIFICADOR
            CODE    622BH     01D8H     UNIT         ?PR?_BLOCK_READ_CLOCK_ASCII_RASBERRY?CLOCK
            CODE    6403H     01A3H     UNIT         ?CO?LINTECH
            CODE    65A6H     016EH     UNIT         ?PR?_BLOCK_READ_CLOCK_ASCII?CLOCK
            CODE    6714H     0166H     UNIT         ?PR?_POW?POW
            CODE    687AH     014FH     UNIT         ?PR?_RESPONDE_REELECTURA_TARJETA_SECTOR1_BLOQUE2?VERIFICADOR
            CODE    69C9H     0145H     UNIT         ?PR?PROG_HORARIOS?PROG
            CODE    6B0EH     013EH     UNIT         ?PR?PROG_SIN_COBRO?PROG
            CODE    6C4CH     013EH     UNIT         ?PR?SECUENCIA_INICIO_EXPEDIDOR?VERIFICADOR
            CODE    6D8AH     013CH     UNIT         ?PR?LOAD_AND_SEND_ID_COD?PTO_PARALELO
            CODE    6EC6H     0137H     UNIT         ?PR?VER_HORARIO?PROG
            CODE    6FFDH     012EH     UNIT         ?PR?_ARMAR_TRAMA_PTO_PARALELO_EXPEDIDOR_MENSUAL?VERIFICADOR
            CODE    712BH     0129H     UNIT         ?PR?_RESPONDE_LECTURA_TARJETA_SECTOR1_BLOQUE2?VERIFICADOR
            CODE    7254H     0129H     UNIT         ?PR?LOG?LOG
            CODE    737DH     0128H     UNIT         ?PR?_VER_HORARIO_DIAS?PROG
            CODE    74A5H     011AH     UNIT         ?PR?_PROG_HORARIOS_ON_OFF?PROG
            CODE    75BFH     0119H     UNIT         ?PR?_VER_HORARIO_DESDE_HASTA?PROG
            CODE    76D8H     0115H     UNIT         ?PR?_VALIDAR_CLK?CLOCK
            CODE    77EDH     010CH     UNIT         ?PR?_ATOL?ATOL
            CODE    78F9H     0100H     UNIT         ?PR?_WR_MF?LINTECH
            CODE    79F9H     00FCH     UNIT         ?PR?PROG_DEBUG?PROG
            CODE    7AF5H     00FCH     UNIT         ?PR?PROG_USE_LPR?PROG
            CODE    7BF1H     00FCH     UNIT         ?PR?TIPO_PANTALLA?PROG
            CODE    7CEDH     00FCH     UNIT         ?PR?PROG_ANTIPASSBACK?PROG
            CODE    7DE9H     00FCH     UNIT         ?PR?PROG_PLACA?PROG
            CODE    7EE5H     00FCH     UNIT         ?PR?PROG_VALIDAR_TIPO_VEHICULO_MENSUAL?PROG
            CODE    7FE1H     00FCH     UNIT         ?PR?PROG_APB_MENSUAL?PROG
            CODE    80DDH     00FCH     UNIT         ?PR?PROG_MENSUALES?PROG
            CODE    81D9H     00F1H     UNIT         ?PR?_WRITE_EEPROM_TICKET?EEPROM
            CODE    82CAH     00F0H     UNIT         ?CO?IO_SENSORES
            CODE    83BAH     00EAH     UNIT         ?PR?_MOV_CARD?LINTECH
            CODE    84A4H     00E4H     UNIT         ?PR?_STRTOK?STRTOK
            CODE    8588H     00DEH     UNIT         ?PR?PROG_ADDRESS_HIGH_BOARD?PROG
BL51 BANKED LINKER/LOCATER V6.22.2.0                                                  09/02/2021  16:32:27  PAGE 4


            CODE    8666H     00DCH     UNIT         ?PR?_RTA_CMD_TRANSPORTE?VERIFICADOR
            CODE    8742H     00DBH     UNIT         ?PR?_ATOI?ATOI
            CODE    881DH     00DAH     UNIT         ?C_INITSEG
            CODE    88F7H     00DAH     UNIT         ?PR?_VALIDA_TIPO_TARJETA?VERIFICADOR
            CODE    89D1H     00D7H     UNIT         ?PR?_ANALIZA_UID_CARD?VERIFICADOR
            CODE    8AA8H     00D6H     UNIT         ?PR?_CMD_LPR_SALIDA_WIEGAND?ACCESCAN
            CODE    8B7EH     00CFH     UNIT         ?PR?_RECIBE_CMD_MONITOR?MONITOR
            CODE    8C4DH     00CCH     UNIT         ?PR?_GRABA_SERIE?EEPROM
            CODE    8D19H     00CAH     UNIT         ?PR?READ_EEPROM_TICKET?EEPROM
            CODE    8DE3H     00C9H     UNIT         ?PR?_CHECK_FECHAOUT?CLOCK
            CODE    8EACH     00C4H     UNIT         ?PR?_BLOCK_READ_CLOCK?CLOCK
            CODE    8F70H     00C3H     UNIT         ?PR?_RD_MF?LINTECH
            CODE    9033H     00C2H     UNIT         ?PR?PROG_TARJETA_AUTOMATICA_O_BOTON?PROG
            CODE    90F5H     00BEH     UNIT         ?PR?ERROR_RX_PTO?VERIFICADOR
            CODE    91B3H     00BDH     UNIT         ?PR?PROG_COD_PARK?PROG
            CODE    9270H     00BDH     UNIT         ?PR?PROG_TIEMPO_GRACIA?PROG
            CODE    932DH     00BDH     UNIT         ?PR?_VALIDA_TRAMA_MONITOR?MONITOR
            CODE    93EAH     00B9H     UNIT         ?CO?TIBBO
            CODE    94A3H     00B6H     UNIT         ?PR?PROG_ID_CLIENTE?PROG
            CODE    9559H     00B2H     UNIT         ?PR?_SEND_PORT?PTO_PARALELO
            CODE    960BH     00AFH     UNIT         ?PR?MSJ_LCD_INFORMATIVO?IO_SENSORES
            CODE    96BAH     00AAH     UNIT         ?PR?CLAVE_SEGURIDAD_S2?LINTECH
            CODE    9764H     00A9H     UNIT         ?PR?DWLOAD_EEPROM?LINTECH
            CODE    980DH     00A6H     UNIT         ?PR?_BLOCK_READ_CLOCK_HEX?CLOCK
            CODE    98B3H     00A5H     UNIT         ?PR?_SEND_PTO_PARALELO?VERIFICADOR
            CODE    9958H     00A2H     UNIT         ?PR?SHOW?PROG
            CODE    99FAH     00A1H     UNIT         ?PR?_BLOCK_WRITE_CLOCK_ASCII?CLOCK
            CODE    9A9BH     009EH     UNIT         ?PR?INGRESO_VEHICULO?VERIFICADOR
            CODE    9B39H     009DH     UNIT         ?PR?_INICIALIZA?LINTECH
            CODE    9BD6H     009BH     UNIT         ?PR?ENTREGA_CARD_CAPTURA?VERIFICADOR
            CODE    9C71H     009AH     UNIT         ?PR?EXP?EXP
            CODE    9D0BH     0099H     UNIT         ?PR?_RECIBE_PORT?PTO_PARALELO
            CODE    9DA4H     0098H     UNIT         ?PR?_RESPONDE_LECTURA_TARJETA_SECTOR1_BLOQUE0?VERIFICADOR
            CODE    9E3CH     0091H     UNIT         ?PR?_HEX_ASCII?CLOCK
            CODE    9ECDH     0091H     UNIT         ?PR?_CARD_INSERCION?LINTECH
            CODE    9F5EH     0090H     UNIT         ?PR?_LEE_CLK?CLOCK
            CODE    9FEEH     0090H     UNIT         ?PR?_GETOPTION?PROG
            CODE    A07EH     0090H     UNIT         ?PR?_DISPARO_LOCK_ENTRADA_VEHICULO?VERIFICADOR
            CODE    A10EH     008DH     UNIT         ?PR?LOADVERIFY_EEPROM?LINTECH
            CODE    A19BH     008DH     UNIT         ?PR?WAIT_PLACA?VERIFICADOR
            CODE    A228H     008CH     UNIT         ?C_C51STARTUP
            CODE    A2B4H     0088H     UNIT         ?PR?_SEND_PORTERR?PTO_PARALELO
            CODE    A33CH     0088H     UNIT         ?PR?RX_DATA?TIBBO
            CODE    A3C4H     0088H     UNIT         ?PR?UNIQUE_IDENTIFIER_UID?LINTECH
            CODE    A44CH     0087H     UNIT         ?PR?_RESPONDE_WRITE_TARJETA_SECTOR1_BLOQUE2?VERIFICADOR
            CODE    A4D3H     0086H     UNIT         ?PR?_CHECK_STATUS?LINTECH
            CODE    A559H     0084H     UNIT         ?PR?_DEBUGBUFFERMF?TIBBO
            CODE    A5DDH     0084H     UNIT         ?PR?_ARMAR_TRAMA_PLACA?VERIFICADOR
            CODE    A661H     0084H     UNIT         ?PR?_STRSPN?STRSPN
            CODE    A6E5H     0083H     UNIT         ?PR?_RASPBERRY_DATA?PANTALLAS
            CODE    A768H     0082H     UNIT         ?PR?RESPONDE_TIPO_TARJETA?VERIFICADOR
            CODE    A7EAH     0081H     UNIT         ?PR?MAIN?MAIN
            CODE    A86BH     0081H     UNIT         ?PR?_STRPBRK?STRPBRK
            CODE    A8ECH     0080H     UNIT         ?PR?_INGRESADATO?PROG
            CODE    A96CH     0080H     UNIT         ?PR?AUT_CARD_CHECK_STATUS?LINTECH
            CODE    A9ECH     0080H     UNIT         ?PR?POWER_OFF?LINTECH
            CODE    AA6CH     007DH     UNIT         ?PR?RELOJ_PANTALLA_LCD?PANTALLAS
BL51 BANKED LINKER/LOCATER V6.22.2.0                                                  09/02/2021  16:32:27  PAGE 5


            CODE    AAE9H     0078H     UNIT         ?PR?RESPONDE_ESTADO_SENSORES_TRANSPORTE?VERIFICADOR
            CODE    AB61H     0075H     UNIT         ?PR?RESPUESTA_PLACA_CANCEL?VERIFICADOR
            CODE    ABD6H     0074H     UNIT         ?PR?_HORA_ENTRADA_VEHICULO?CLOCK
            CODE    AC4AH     006FH     UNIT         ?PR?_ESCRIBIRMEMORIA?EEPROM
            CODE    ACB9H     006BH     UNIT         ?PR?_STRCAT?STRCAT
            CODE    AD24H     0066H     UNIT         ?PR?_LEERMEMORIA?EEPROM
            CODE    AD8AH     0062H     UNIT         ?PR?_LISTACOMANDOS?PROG
            CODE    ADECH     005EH     UNIT         ?PR?_BYTEHEX_DECIMAL?CLOCK
            CODE    AE4AH     005DH     UNIT         ?PR?_PREGUNTA_LPR?VERIFICADOR
            CODE    AEA7H     005DH     UNIT         ?PR?_RESPUESTA_SEGUNDA_CLAVE?VERIFICADOR
            CODE    AF04H     005BH     UNIT         ?PR?VALIDA_SENSOR1_AUTO?IO_SENSORES
            CODE    AF5FH     0056H     UNIT         ?PR?_WR_EEPROM?EEPROM
            CODE    AFB5H     004FH     UNIT         ?PR?_DEBUG_BUFFER_RS232_LCD?TIBBO
            CODE    B004H     004DH     UNIT         ?PR?VARIABLE_INICIO?MAIN
            CODE    B051H     004DH     UNIT         ?PR?L_D_M?EEPROM
            CODE    B09EH     004CH     UNIT         ?PR?LEE_NO_TICKET?EEPROM
            CODE    B0EAH     004CH     UNIT         ?PR?LOAD_AND_SEND_INFO_RELOJ?PTO_PARALELO
            CODE    B136H     004BH     UNIT         ?PR?_TX_AUX?TIBBO
            CODE    B181H     0049H     UNIT         ?PR?_DEBUG_TXT_TIBBO?TIBBO
            CODE    B1CAH     0048H     UNIT         ?PR?FIRST_CLAVE?PROG
            CODE    B212H     0047H     UNIT         ?PR?_DEBUG_CHR_TIBBO?TIBBO
            CODE    B259H     0047H     UNIT         ?PR?_DEBUG_CHR_RS232_LCD?TIBBO
            CODE    B2A0H     0047H     UNIT         ?PR?_RESPONDE_WRITE_TARJETA_SECTOR2_BLOQUE0?VERIFICADOR
            CODE    B2E7H     0046H     UNIT         ?PR?_ESCRIBIRCADENASOFT_BUFFER?MAIN
            CODE    B32DH     0046H     UNIT         ?PR?_LCD_TXT_NUM_CHAR?PANTALLAS
            CODE    B373H     0046H     UNIT         ?PR?_DEBUG_HEXDEC?TIBBO
            CODE    B3B9H     0044H     UNIT         ?PR?_LCD_TXT?PANTALLAS
            CODE    B3FDH     0043H     UNIT         ?PR?DIR_BOARD?IO_SENSORES
            CODE    B440H     0042H     UNIT         ?PR?_VALIDARCLAVE?PROG
            CODE    B482H     0041H     UNIT         ?PR?_MONITOR_CHR?ACCESCAN
            CODE    B4C3H     0041H     UNIT         ?PR?_TWO_ONE?CLOCK
            CODE    B504H     0041H     UNIT         ?PR?COM_BAUDRATE?UART
            CODE    B545H     0040H     UNIT         ?PR?_GETCMD?PROG
            CODE    B585H     0040H     UNIT         ?PR?_DEBUG_PTO_PARALELO?TIBBO
            CODE    B5C5H     003FH     UNIT         ?PR?_EB_CLK?CLOCK
            CODE    B604H     003EH     UNIT         ?PR?_PUTCHAR?MAIN
            CODE    B642H     003EH     UNIT         ?PR?TRAMA_VALIDACION_P_N?VERIFICADOR
            CODE    B680H     003DH     UNIT         ?PR?_HEX_BCD?CLOCK
            CODE    B6BDH     003DH     UNIT         ?PR?_RD_EEPROM?EEPROM
            CODE    B6FAH     003DH     UNIT         ?PR?_DEBUG_MONITOR?TIBBO
            CODE    B737H     003DH     UNIT         ?PR?_LOAD_SECUENCIA_EXPEDIDOR?VERIFICADOR
            CODE    B774H     003BH     UNIT         ?CO?ACCESCAN
            CODE    B7AFH     003BH     UNIT         ?CO?EEPROM
            CODE    B7EAH     003BH     UNIT         ?PR?_COM_PUTCHAR?UART
            CODE    B825H     003AH     UNIT         ?PR?_DELAY_10MS?DELAY
            CODE    B85FH     0039H     UNIT         ?PR?RX_MONITOR?MONITOR
            CODE    B898H     0038H     UNIT         ?PR?VALIDASENSORESPASO?IO_SENSORES
            CODE    B8D0H     0038H     UNIT         ?PR?_DEBUG_TXT_RS232?TIBBO
            CODE    B908H     0036H     UNIT         ?PR?_RESPONDE_WRITE_TARJETA_SECTOR1_BLOQUE1?VERIFICADOR
            CODE    B93EH     0036H     UNIT         ?PR?_RESPONDE_WRITE_TARJETA_SECTOR1_BLOQUE0?VERIFICADOR
            CODE    B974H     0034H     UNIT         ?PR?INCREMENTE_TICKET?EEPROM
            CODE    B9A8H     0034H     UNIT         ?PR?ADDR_HORARIOS?PROG
            CODE    B9DCH     0031H     UNIT         ?PR?_TARJETA_ROTACION?VERIFICADOR
            CODE    BA0DH     0030H     UNIT         ?PR?PREGUNTA_PLACA_HABILITADA?VERIFICADOR
            CODE    BA3DH     0030H     UNIT         ?PR?_ARMAR_TRAMA_TARJETA_SECTOR1_BLOQUE0?VERIFICADOR
            CODE    BA6DH     002EH     UNIT         ?PR?TIMER0_INT?MAIN
            CODE    BA9BH     002AH     UNIT         ?PR?COM_INITIALIZE?UART
BL51 BANKED LINKER/LOCATER V6.22.2.0                                                  09/02/2021  16:32:27  PAGE 6


            CODE    BAC5H     002AH     UNIT         ?PR?ANALIZA_PRESENCIA_ROTACION?VERIFICADOR
            CODE    BAEFH     0028H     UNIT         ?PR?_WR_CLK?CLOCK
            CODE    BB17H     0027H     UNIT         ?PR?_TX_CHRLCD?PANTALLAS
            CODE    BB3EH     0026H     UNIT         ?PR?COM_GETCHAR?UART
            CODE    BB64H     0022H     UNIT         ?PR?_E_D_M?EEPROM
            CODE    BB86H     0022H     UNIT         ?PR?VALIDASENSOR_CERO?IO_SENSORES
            CODE    BBA8H     0021H     UNIT         ?CO?PTO_PARALELO
            CODE    BBC9H     0020H     UNIT         ?PR?ACKD?EEPROM
            CODE    BBE9H     0020H     UNIT         ?PR?ACK_LECT?EEPROM
            CODE    BC09H     001FH     UNIT         ?PR?VALIDASENSOR?IO_SENSORES
            CODE    BC28H     001EH     UNIT         ?PR?_BCD_HEX?CLOCK
            CODE    BC46H     001BH     UNIT         ?PR?_DELAY_1MS?DELAY
            CODE    BC61H     001AH     UNIT         ?PR?CLEAR_PLACA?MONITOR
            CODE    BC7BH     0017H     UNIT         ?PR?DISPLAYCURSOR?PROG
            CODE    BC92H     0016H     UNIT         ?PR?DIR_BOARD_MONITOR?IO_SENSORES
            CODE    BCA8H     0016H     UNIT         ?PR?TIME_BIT?TIBBO
            CODE    BCBEH     0014H     UNIT         ?CO?CLOCK
            CODE    BCD2H     0014H     UNIT         ?PR?_ISSPACE?ISSPACE
            CODE    BCE6H     0012H     UNIT         ?PR?_DELAY_20US?DELAY
            CODE    BCF8H     0012H     UNIT         ?PR?START?EEPROM
            CODE    BD0AH     0012H     UNIT         ?PR?BOTTON?IO_SENSORES
            CODE    BD1CH     0012H     UNIT         ?PR?PULSO_BUS?PTO_PARALELO
            CODE    BD2EH     0012H     UNIT         ?PR?COM_RBUFLEN?UART
            CODE    BD40H     0012H     UNIT         ?PR?COM_TBUFLEN?UART
            CODE    BD52H     0010H     UNIT         ?PR?INI_TIMER?MAIN
            CODE    BD62H     0010H     UNIT         ?PR?INICIA_BOARD?MAIN
            CODE    BD72H     0010H     UNIT         ?PR?TIME_MBIT?TIBBO
            CODE    BD82H     000FH     UNIT         ?PR?_ISDIGIT?ISDIGIT
            CODE    BD91H     000CH     UNIT         ?PR?_GETKEY?MAIN
            CODE    BD9DH     000AH     UNIT         ?PR?STOP?EEPROM
            CODE    BDA7H     000AH     UNIT         ?PR?COND_INI_PTO?PTO_PARALELO
            CODE    BDB1H     0009H     UNIT         ?PR?DEBUG_DIVIDIR_TEXTO?TIBBO
            CODE    BDBAH     0007H     UNIT         ?PR?COND_INI_CLOCK?CLOCK
            CODE    BDC1H     0007H     UNIT         ?PR?SEL_FUNCION?IO_SENSORES
            CODE    BDC8H     0007H     UNIT         ?PR?SEL_AUTO?IO_SENSORES
            CODE    BDCFH     0007H     UNIT         ?PR?SEL_PULSA?IO_SENSORES
            CODE    BDD6H     0007H     UNIT         ?PR?SEL_SENSOR2?IO_SENSORES
            CODE    BDDDH     0007H     UNIT         ?PR?SEL_SENSOR1?IO_SENSORES
            CODE    BDE4H     0007H     UNIT         ?PR?SEL_DIR1?IO_SENSORES
            CODE    BDEBH     0007H     UNIT         ?PR?SEL_DIR2?IO_SENSORES
            CODE    BDF2H     0006H     UNIT         ?PR?P_ME?EEPROM
            CODE    BDF8H     0005H     UNIT         ?PR?ON_TIMER0_INTERRUP?MAIN
            CODE    BDFDH     0005H     UNIT         ?PR?COND_INI_TIBBO?TIBBO
            CODE    BE02H     0003H     UNIT         ?PR?OFF_TIMER0_INTERRUP?MAIN
            CODE    BE05H     0001H     UNIT         ?PR?DELAY?DELAY



OVERLAY MAP OF MODULE:   .\Objects\expedidor_v_101 (MAIN)


SEGMENT                                             BIT_GROUP          DATA_GROUP          XDATA_GROUP
  +--> CALLED SEGMENT                            START    LENGTH     START    LENGTH     START    LENGTH
--------------------------------------------------------------------------------------------------------
?C_C51STARTUP                                    -----    -----      -----    -----      -----    -----
  +--> ?PR?MAIN?MAIN
  +--> ?C_INITSEG
BL51 BANKED LINKER/LOCATER V6.22.2.0                                                  09/02/2021  16:32:27  PAGE 7



?PR?MAIN?MAIN                                    -----    -----      -----    -----      0000H    0001H
  +--> ?PR?INI_TIMER?MAIN
  +--> ?PR?ON_TIMER0_INTERRUP?MAIN
  +--> ?PR?COM_INITIALIZE?UART
  +--> ?PR?COM_BAUDRATE?UART
  +--> ?PR?INICIA_BOARD?MAIN
  +--> ?PR?TIME_BIT?TIBBO
  +--> ?PR?_DELAY_20US?DELAY
  +--> ?PR?TIME_MBIT?TIBBO
  +--> ?PR?_TX_AUX?TIBBO
  +--> ?PR?SEL_FUNCION?IO_SENSORES
  +--> ?PR?MENU?PROG
  +--> ?PR?VARIABLE_INICIO?MAIN
  +--> ?PR?SECUENCIA_INICIO_EXPEDIDOR?VERIFI...
  +--> ?PR?RX_MONITOR?MONITOR
  +--> ?PR?_SECUENCIAEXPEDIDORMF?VERIFICADOR
  +--> ?PR?_RECIBE_PORT?PTO_PARALELO
  +--> ?PR?_DEBUG_PTO_PARALELO?TIBBO
  +--> ?PR?_VALIDA_TRAMA_PTO?ACCESCAN
  +--> ?PR?MSJ_LCD_INFORMATIVO?IO_SENSORES

?PR?COM_INITIALIZE?UART                          -----    -----      -----    -----      -----    -----
  +--> ?PR?COM_BAUDRATE?UART

?PR?COM_BAUDRATE?UART                            -----    -----      -----    -----      -----    -----
  +--> ?PR?_RD_EEPROM?EEPROM
  +--> ?PR?_WR_EEPROM?EEPROM

?PR?_RD_EEPROM?EEPROM                            -----    -----      -----    -----      -----    -----
  +--> ?PR?START?EEPROM
  +--> ?PR?ACK_LECT?EEPROM
  +--> ?PR?_E_D_M?EEPROM
  +--> ?PR?ACKD?EEPROM
  +--> ?PR?L_D_M?EEPROM
  +--> ?PR?STOP?EEPROM

?PR?ACK_LECT?EEPROM                              -----    -----      -----    -----      -----    -----
  +--> ?PR?_E_D_M?EEPROM

?PR?_E_D_M?EEPROM                                -----    -----      -----    -----      -----    -----
  +--> ?PR?P_ME?EEPROM

?PR?ACKD?EEPROM                                  -----    -----      -----    -----      -----    -----
  +--> ?PR?_E_D_M?EEPROM

?PR?_WR_EEPROM?EEPROM                            -----    -----      -----    -----      -----    -----
  +--> ?PR?START?EEPROM
  +--> ?PR?ACKD?EEPROM
  +--> ?PR?_E_D_M?EEPROM
  +--> ?PR?STOP?EEPROM
  +--> ?PR?_DELAY_1MS?DELAY
  +--> ?PR?_DELAY_20US?DELAY

?PR?_DELAY_1MS?DELAY                             -----    -----      -----    -----      -----    -----
  +--> ?PR?_DELAY_20US?DELAY

BL51 BANKED LINKER/LOCATER V6.22.2.0                                                  09/02/2021  16:32:27  PAGE 8


?PR?INICIA_BOARD?MAIN                            -----    -----      -----    -----      -----    -----
  +--> ?PR?COND_INI_TIBBO?TIBBO
  +--> ?PR?COND_INI_CLOCK?CLOCK
  +--> ?PR?COND_INI_PTO?PTO_PARALELO

?PR?_TX_AUX?TIBBO                                -----    -----      -----    -----      -----    -----
  +--> ?PR?TIME_BIT?TIBBO

?PR?MENU?PROG                                    -----    -----      -----    -----      0001H    0045H
  +--> ?CO?PROG
  +--> ?PR?PRINTF?PRINTF
  +--> ?PR?_RD_EEPROM?EEPROM
  +--> ?PR?FIRST_CLAVE?PROG
  +--> ?PR?_WR_EEPROM?EEPROM
  +--> ?PR?_LEERMEMORIA?EEPROM
  +--> ?PR?_HASH_ID?PROG
  +--> ?PR?_INGRESADATO?PROG
  +--> ?PR?_GETCMD?PROG
  +--> ?PR?_ESCRIBIRMEMORIA?EEPROM
  +--> ?PR?_VALIDARCLAVE?PROG
  +--> ?PR?DISPLAYCURSOR?PROG
  +--> ?PR?_STRLEN?STRLEN
  +--> ?PR?_GETOPTION?PROG
  +--> ?PR?_STRCAT?STRCAT
  +--> ?PR?_LISTACOMANDOS?PROG
  +--> ?PR?PROG_ID_CLIENTE?PROG
  +--> ?PR?PROG_COD_PARK?PROG
  +--> ?PR?PROG_TIEMPO_GRACIA?PROG
  +--> ?PR?PROG_SIN_COBRO?PROG
  +--> ?PR?PROG_DEBUG?PROG
  +--> ?PR?PROG_USE_LPR?PROG
  +--> ?PR?TIPO_PANTALLA?PROG
  +--> ?PR?PROG_TARJETA_AUTOMATICA_O_BOTON?PROG
  +--> ?PR?PROG_ANTIPASSBACK?PROG
  +--> ?PR?PROG_PLACA?PROG
  +--> ?PR?PROG_ADDRESS_HIGH_BOARD?PROG
  +--> ?PR?PROG_HORARIOS?PROG
  +--> ?PR?PROG_VALIDAR_TIPO_VEHICULO_MENSUA...
  +--> ?PR?PROG_APB_MENSUAL?PROG
  +--> ?PR?PROG_MENSUALES?PROG
  +--> ?PR?VER_PROG?PROG
  +--> ?PR?SHOW?PROG
  +--> ?PR?PROG_FECHA_VENCIMIENTO?PROG

?PR?PRINTF?PRINTF                                0020H.0  0001H.1    0008H    0005H      0077H    0030H
  +--> ?PR?_PUTCHAR?MAIN

?PR?_PUTCHAR?MAIN                                -----    -----      -----    -----      00A7H    0003H
  +--> ?PR?_COM_PUTCHAR?UART

?PR?_COM_PUTCHAR?UART                            -----    -----      -----    -----      00AAH    0001H
  +--> ?PR?COM_TBUFLEN?UART

?PR?FIRST_CLAVE?PROG                             -----    -----      -----    -----      0046H    000BH
  +--> ?PR?_BLOCK_READ_CLOCK_ASCII?CLOCK
  +--> ?PR?_HASH_ID?PROG
  +--> ?PR?_ESCRIBIRMEMORIA?EEPROM
BL51 BANKED LINKER/LOCATER V6.22.2.0                                                  09/02/2021  16:32:27  PAGE 9



?PR?_BLOCK_READ_CLOCK_ASCII?CLOCK                -----    -----      -----    -----      0051H    0003H
  +--> ?PR?_LEE_CLK?CLOCK

?PR?_LEE_CLK?CLOCK                               -----    -----      -----    -----      00B1H    0003H
  +--> ?PR?_DELAY_20US?DELAY
  +--> ?PR?_EB_CLK?CLOCK
  +--> ?PR?P_CK?CLOCK

?PR?_EB_CLK?CLOCK                                -----    -----      -----    -----      00B4H    0003H
  +--> ?PR?P_CK?CLOCK

?PR?P_CK?CLOCK                                   -----    -----      -----    -----      -----    -----
  +--> ?PR?DELAY?DELAY

?PR?_HASH_ID?PROG                                -----    -----      -----    -----      005DH    003FH
  +--> ?CO?PROG
  +--> ?PR?_LEERMEMORIA?EEPROM
  +--> ?PR?_CHECK_FECHAOUT?CLOCK
  +--> ?PR?_STRLEN?STRLEN

?PR?_LEERMEMORIA?EEPROM                          -----    -----      -----    -----      009CH    0005H
  +--> ?PR?_RD_EEPROM?EEPROM

?PR?_CHECK_FECHAOUT?CLOCK                        -----    -----      -----    -----      009CH    0012H
  +--> ?PR?_BLOCK_READ_CLOCK_HEX?CLOCK

?PR?_BLOCK_READ_CLOCK_HEX?CLOCK                  -----    -----      -----    -----      00AEH    0003H
  +--> ?PR?_LEE_CLK?CLOCK
  +--> ?PR?_BCD_HEX?CLOCK

?PR?_ESCRIBIRMEMORIA?EEPROM                      -----    -----      -----    -----      005DH    0005H
  +--> ?PR?_WR_EEPROM?EEPROM

?PR?_INGRESADATO?PROG                            -----    -----      -----    -----      0071H    0004H
  +--> ?PR?_GETKEY?MAIN
  +--> ?CO?PROG
  +--> ?PR?PRINTF?PRINTF
  +--> ?PR?_PUTCHAR?MAIN

?PR?_GETKEY?MAIN                                 -----    -----      -----    -----      -----    -----
  +--> ?PR?COM_GETCHAR?UART

?PR?COM_GETCHAR?UART                             -----    -----      -----    -----      -----    -----
  +--> ?PR?COM_RBUFLEN?UART

?PR?_GETCMD?PROG                                 -----    -----      -----    -----      005DH    0007H
  +--> ?CO?PROG
  +--> ?PR?_STRTOK?STRTOK

?PR?_STRTOK?STRTOK                               -----    -----      -----    -----      0064H    0006H
  +--> ?PR?_STRSPN?STRSPN
  +--> ?PR?_STRPBRK?STRPBRK

?PR?_STRSPN?STRSPN                               -----    -----      -----    -----      006AH    0008H

?PR?_STRPBRK?STRPBRK                             -----    -----      -----    -----      006AH    0009H
BL51 BANKED LINKER/LOCATER V6.22.2.0                                                  09/02/2021  16:32:27  PAGE 10



?PR?_VALIDARCLAVE?PROG                           -----    -----      -----    -----      005DH    000EH

?PR?DISPLAYCURSOR?PROG                           -----    -----      -----    -----      -----    -----
  +--> ?CO?PROG
  +--> ?PR?PRINTF?PRINTF

?PR?_GETOPTION?PROG                              -----    -----      -----    -----      0046H    000BH
  +--> ?CO?PROG
  +--> ?PR?_STRTOK?STRTOK

?PR?_STRCAT?STRCAT                               -----    -----      -----    -----      0046H    0009H

?PR?_LISTACOMANDOS?PROG                          -----    -----      -----    -----      0046H    0007H

?PR?PROG_ID_CLIENTE?PROG                         -----    -----      -----    -----      0046H    000CH
  +--> ?PR?_RD_EEPROM?EEPROM
  +--> ?CO?PROG
  +--> ?PR?PRINTF?PRINTF
  +--> ?PR?_INGRESADATO?PROG
  +--> ?PR?_ATOI?ATOI
  +--> ?PR?_WR_EEPROM?EEPROM

?PR?_ATOI?ATOI                                   0020H.0  0000H.1    -----    -----      0071H    0005H
  +--> ?PR?_ISSPACE?ISSPACE
  +--> ?PR?_ISDIGIT?ISDIGIT

?PR?PROG_COD_PARK?PROG                           -----    -----      -----    -----      0046H    000CH
  +--> ?PR?_RD_EEPROM?EEPROM
  +--> ?CO?PROG
  +--> ?PR?PRINTF?PRINTF
  +--> ?PR?_INGRESADATO?PROG
  +--> ?PR?_ATOI?ATOI
  +--> ?PR?_WR_EEPROM?EEPROM

?PR?PROG_TIEMPO_GRACIA?PROG                      -----    -----      -----    -----      0046H    000CH
  +--> ?PR?_RD_EEPROM?EEPROM
  +--> ?CO?PROG
  +--> ?PR?PRINTF?PRINTF
  +--> ?PR?_INGRESADATO?PROG
  +--> ?PR?_ATOI?ATOI
  +--> ?PR?_WR_EEPROM?EEPROM

?PR?PROG_SIN_COBRO?PROG                          -----    -----      -----    -----      0046H    000CH
  +--> ?PR?_RD_EEPROM?EEPROM
  +--> ?CO?PROG
  +--> ?PR?PRINTF?PRINTF
  +--> ?PR?_INGRESADATO?PROG
  +--> ?PR?_ATOI?ATOI
  +--> ?PR?_WR_EEPROM?EEPROM

?PR?PROG_DEBUG?PROG                              -----    -----      -----    -----      0046H    000CH
  +--> ?PR?_RD_EEPROM?EEPROM
  +--> ?CO?PROG
  +--> ?PR?PRINTF?PRINTF
  +--> ?PR?_INGRESADATO?PROG
  +--> ?PR?_ATOI?ATOI
BL51 BANKED LINKER/LOCATER V6.22.2.0                                                  09/02/2021  16:32:27  PAGE 11


  +--> ?PR?_WR_EEPROM?EEPROM

?PR?PROG_USE_LPR?PROG                            -----    -----      -----    -----      0046H    000CH
  +--> ?PR?_RD_EEPROM?EEPROM
  +--> ?CO?PROG
  +--> ?PR?PRINTF?PRINTF
  +--> ?PR?_INGRESADATO?PROG
  +--> ?PR?_ATOI?ATOI
  +--> ?PR?_WR_EEPROM?EEPROM

?PR?TIPO_PANTALLA?PROG                           -----    -----      -----    -----      0046H    000CH
  +--> ?PR?_RD_EEPROM?EEPROM
  +--> ?CO?PROG
  +--> ?PR?PRINTF?PRINTF
  +--> ?PR?_INGRESADATO?PROG
  +--> ?PR?_ATOI?ATOI
  +--> ?PR?_WR_EEPROM?EEPROM

?PR?PROG_TARJETA_AUTOMATICA_O_BOTON?PROG         -----    -----      -----    -----      0046H    000CH
  +--> ?PR?_RD_EEPROM?EEPROM
  +--> ?CO?PROG
  +--> ?PR?PRINTF?PRINTF
  +--> ?PR?_INGRESADATO?PROG
  +--> ?PR?_ATOI?ATOI
  +--> ?PR?_WR_EEPROM?EEPROM

?PR?PROG_ANTIPASSBACK?PROG                       -----    -----      -----    -----      0046H    000CH
  +--> ?PR?_RD_EEPROM?EEPROM
  +--> ?CO?PROG
  +--> ?PR?PRINTF?PRINTF
  +--> ?PR?_INGRESADATO?PROG
  +--> ?PR?_ATOI?ATOI
  +--> ?PR?_WR_EEPROM?EEPROM

?PR?PROG_PLACA?PROG                              -----    -----      -----    -----      0046H    000CH
  +--> ?PR?_RD_EEPROM?EEPROM
  +--> ?CO?PROG
  +--> ?PR?PRINTF?PRINTF
  +--> ?PR?_INGRESADATO?PROG
  +--> ?PR?_ATOI?ATOI
  +--> ?PR?_WR_EEPROM?EEPROM

?PR?PROG_ADDRESS_HIGH_BOARD?PROG                 -----    -----      -----    -----      0046H    000CH
  +--> ?PR?_RD_EEPROM?EEPROM
  +--> ?CO?PROG
  +--> ?PR?PRINTF?PRINTF
  +--> ?PR?_INGRESADATO?PROG
  +--> ?PR?_ATOI?ATOI
  +--> ?PR?_WR_EEPROM?EEPROM

?PR?PROG_HORARIOS?PROG                           -----    -----      -----    -----      0046H    001BH
  +--> ?PR?ADDR_HORARIOS?PROG
  +--> ?CO?PROG
  +--> ?PR?PRINTF?PRINTF
  +--> ?PR?_INGRESADATO?PROG
  +--> ?PR?_ATOI?ATOI
  +--> ?PR?_PROG_HORARIOS_ON_OFF?PROG
BL51 BANKED LINKER/LOCATER V6.22.2.0                                                  09/02/2021  16:32:27  PAGE 12


  +--> ?PR?_WR_EEPROM?EEPROM
  +--> ?PR?_PROG_HORARIO_DIAS?PROG
  +--> ?PR?_PROG_HORARIO_DESDE_HASTA?PROG
  +--> ?PR?_RD_EEPROM?EEPROM

?PR?ADDR_HORARIOS?PROG                           -----    -----      -----    -----      0074H    000BH

?PR?_PROG_HORARIOS_ON_OFF?PROG                   -----    -----      -----    -----      0061H    0010H
  +--> ?PR?_RD_EEPROM?EEPROM
  +--> ?CO?PROG
  +--> ?PR?PRINTF?PRINTF
  +--> ?PR?_INGRESADATO?PROG
  +--> ?PR?_ATOI?ATOI
  +--> ?PR?_WR_EEPROM?EEPROM

?PR?_PROG_HORARIO_DIAS?PROG                      -----    -----      -----    -----      0061H    000FH
  +--> ?CO?PROG
  +--> ?PR?PRINTF?PRINTF
  +--> ?PR?_INGRESADATO?PROG
  +--> ?PR?_WR_EEPROM?EEPROM
  +--> ?PR?_RD_EEPROM?EEPROM

?PR?_PROG_HORARIO_DESDE_HASTA?PROG               -----    -----      -----    -----      0061H    000CH
  +--> ?CO?PROG
  +--> ?PR?PRINTF?PRINTF
  +--> ?PR?_INGRESADATO?PROG
  +--> ?PR?_WR_EEPROM?EEPROM
  +--> ?PR?_RD_EEPROM?EEPROM

?PR?PROG_VALIDAR_TIPO_VEHICULO_MENSUA...         -----    -----      -----    -----      0046H    000CH
  +--> ?PR?_RD_EEPROM?EEPROM
  +--> ?CO?PROG
  +--> ?PR?PRINTF?PRINTF
  +--> ?PR?_INGRESADATO?PROG
  +--> ?PR?_ATOI?ATOI
  +--> ?PR?_WR_EEPROM?EEPROM

?PR?PROG_APB_MENSUAL?PROG                        -----    -----      -----    -----      0046H    000CH
  +--> ?PR?_RD_EEPROM?EEPROM
  +--> ?CO?PROG
  +--> ?PR?PRINTF?PRINTF
  +--> ?PR?_INGRESADATO?PROG
  +--> ?PR?_ATOI?ATOI
  +--> ?PR?_WR_EEPROM?EEPROM

?PR?PROG_MENSUALES?PROG                          -----    -----      -----    -----      0046H    000CH
  +--> ?PR?_RD_EEPROM?EEPROM
  +--> ?CO?PROG
  +--> ?PR?PRINTF?PRINTF
  +--> ?PR?_INGRESADATO?PROG
  +--> ?PR?_ATOI?ATOI
  +--> ?PR?_WR_EEPROM?EEPROM

?PR?VER_PROG?PROG                                -----    -----      -----    -----      0046H    0013H
  +--> ?PR?_RD_EEPROM?EEPROM
  +--> ?CO?PROG
  +--> ?PR?PRINTF?PRINTF
BL51 BANKED LINKER/LOCATER V6.22.2.0                                                  09/02/2021  16:32:27  PAGE 13


  +--> ?PR?VER_HORARIO?PROG
  +--> ?PR?_LEERMEMORIA?EEPROM
  +--> ?PR?_HEX_ASCII?CLOCK
  +--> ?PR?LEE_NO_TICKET?EEPROM

?PR?VER_HORARIO?PROG                             -----    -----      -----    -----      0059H    001BH
  +--> ?PR?ADDR_HORARIOS?PROG
  +--> ?CO?PROG
  +--> ?PR?PRINTF?PRINTF
  +--> ?PR?_RD_EEPROM?EEPROM
  +--> ?PR?_VER_HORARIO_DIAS?PROG
  +--> ?PR?_VER_HORARIO_DESDE_HASTA?PROG

?PR?_VER_HORARIO_DIAS?PROG                       -----    -----      -----    -----      0074H    0003H
  +--> ?PR?_RD_EEPROM?EEPROM
  +--> ?CO?PROG
  +--> ?PR?PRINTF?PRINTF

?PR?_VER_HORARIO_DESDE_HASTA?PROG                -----    -----      -----    -----      0074H    0002H
  +--> ?CO?PROG
  +--> ?PR?PRINTF?PRINTF
  +--> ?PR?_RD_EEPROM?EEPROM

?PR?_HEX_ASCII?CLOCK                             -----    -----      -----    -----      005DH    0006H
  +--> ?PR?_HEX_BCD?CLOCK

?PR?LEE_NO_TICKET?EEPROM                         -----    -----      -----    -----      0059H    000BH
  +--> ?PR?READ_EEPROM_TICKET?EEPROM
  +--> ?CO?EEPROM
  +--> ?PR?PRINTF?PRINTF
  +--> ?PR?_STRLEN?STRLEN
  +--> ?PR?_DEBUG_TXT_TIBBO?TIBBO

?PR?READ_EEPROM_TICKET?EEPROM                    -----    -----      -----    -----      0064H    0007H
  +--> ?PR?_RD_EEPROM?EEPROM

?PR?_DEBUG_TXT_TIBBO?TIBBO                       -----    -----      -----    -----      0064H    0004H
  +--> ?PR?_DEBUG_CHR_TIBBO?TIBBO
  +--> ?CO?TIBBO
  +--> ?PR?_TX_AUX?TIBBO

?PR?_DEBUG_CHR_TIBBO?TIBBO                       -----    -----      -----    -----      -----    -----
  +--> ?PR?_TX_AUX?TIBBO

?PR?SHOW?PROG                                    -----    -----      -----    -----      -----    -----
  +--> ?CO?PROG
  +--> ?PR?PRINTF?PRINTF

?PR?PROG_FECHA_VENCIMIENTO?PROG                  -----    -----      -----    -----      0046H    0017H
  +--> ?PR?_LEERMEMORIA?EEPROM
  +--> ?PR?_HEX_ASCII?CLOCK
  +--> ?CO?PROG
  +--> ?PR?PRINTF?PRINTF
  +--> ?PR?_HASH_ID?PROG
  +--> ?PR?_INGRESADATO?PROG
  +--> ?PR?_GETCMD?PROG
  +--> ?PR?_ESCRIBIRMEMORIA?EEPROM
BL51 BANKED LINKER/LOCATER V6.22.2.0                                                  09/02/2021  16:32:27  PAGE 14


  +--> ?PR?_VALIDARCLAVE?PROG
  +--> ?PR?_ATOI?ATOI
  +--> ?PR?_WR_EEPROM?EEPROM

?PR?VARIABLE_INICIO?MAIN                         -----    -----      -----    -----      -----    -----
  +--> ?PR?_RD_EEPROM?EEPROM

?PR?SECUENCIA_INICIO_EXPEDIDOR?VERIFI...         -----    -----      -----    -----      0001H    0001H
  +--> ?PR?_INICIALIZA?LINTECH
  +--> ?PR?TRAMA_VALIDACION_P_N?VERIFICADOR
  +--> ?CO?VERIFICADOR
  +--> ?PR?_DEBUG_TXT_TIBBO?TIBBO
  +--> ?PR?_DEBUGBUFFERMF?TIBBO
  +--> ?PR?DWLOAD_EEPROM?LINTECH

?PR?_INICIALIZA?LINTECH                          -----    -----      -----    -----      0002H    000CH
  +--> ?CO?LINTECH
  +--> ?PR?_DEBUG_TXT_TIBBO?TIBBO
  +--> ?PR?_DEBUGBUFFERMF?TIBBO
  +--> ?PR?_ESCRIBIRCADENASOFT_BUFFER?MAIN

?PR?_DEBUGBUFFERMF?TIBBO                         -----    -----      -----    -----      0027H    0006H
  +--> ?CO?TIBBO
  +--> ?PR?_DEBUG_TXT_TIBBO?TIBBO
  +--> ?PR?_DEBUG_CHR_TIBBO?TIBBO
  +--> ?PR?_TX_AUX?TIBBO

?PR?_ESCRIBIRCADENASOFT_BUFFER?MAIN              -----    -----      -----    -----      0027H    0006H
  +--> ?PR?_PUTCHAR?MAIN

?PR?TRAMA_VALIDACION_P_N?VERIFICADOR             -----    -----      -----    -----      -----    -----
  +--> ?CO?VERIFICADOR
  +--> ?PR?_DEBUG_TXT_TIBBO?TIBBO

?PR?DWLOAD_EEPROM?LINTECH                        -----    -----      -----    -----      0002H    0016H
  +--> ?CO?LINTECH
  +--> ?PR?_DEBUG_TXT_TIBBO?TIBBO
  +--> ?PR?_DEBUGBUFFERMF?TIBBO
  +--> ?PR?_ESCRIBIRCADENASOFT_BUFFER?MAIN

?PR?RX_MONITOR?MONITOR                           -----    -----      -----    -----      0003H    000EH
  +--> ?PR?_RECIBE_CMD_MONITOR?MONITOR
  +--> ?PR?_DEBUG_BUFFER_RS232_LCD?TIBBO
  +--> ?PR?_DEBUG_MONITOR?TIBBO
  +--> ?PR?_VALIDA_TRAMA_MONITOR?MONITOR

?PR?_RECIBE_CMD_MONITOR?MONITOR                  -----    -----      -----    -----      0011H    0009H
  +--> ?PR?RX_DATA?TIBBO

?PR?RX_DATA?TIBBO                                -----    -----      -----    -----      -----    -----
  +--> ?PR?TIME_MBIT?TIBBO
  +--> ?PR?TIME_BIT?TIBBO

?PR?_DEBUG_BUFFER_RS232_LCD?TIBBO                -----    -----      -----    -----      0011H    0006H
  +--> ?PR?_DEBUG_CHR_RS232_LCD?TIBBO
  +--> ?PR?_PUTCHAR?MAIN

BL51 BANKED LINKER/LOCATER V6.22.2.0                                                  09/02/2021  16:32:27  PAGE 15


?PR?_DEBUG_CHR_RS232_LCD?TIBBO                   -----    -----      -----    -----      0017H    0001H
  +--> ?PR?_PUTCHAR?MAIN

?PR?_DEBUG_MONITOR?TIBBO                         -----    -----      -----    -----      0011H    0004H
  +--> ?PR?DEBUG_DIVIDIR_TEXTO?TIBBO
  +--> ?CO?TIBBO
  +--> ?PR?_DEBUG_TXT_TIBBO?TIBBO

?PR?DEBUG_DIVIDIR_TEXTO?TIBBO                    -----    -----      -----    -----      -----    -----
  +--> ?CO?TIBBO
  +--> ?PR?_DEBUG_TXT_TIBBO?TIBBO

?PR?_VALIDA_TRAMA_MONITOR?MONITOR                -----    -----      -----    -----      0011H    0006H
  +--> ?PR?_DELAY_10MS?DELAY
  +--> ?PR?_TX_AUX?TIBBO

?PR?_DELAY_10MS?DELAY                            -----    -----      -----    -----      0017H    0004H
  +--> ?PR?_DELAY_1MS?DELAY

?PR?_SECUENCIAEXPEDIDORMF?VERIFICADOR            -----    -----      -----    -----      0001H    0001H
  +--> ?PR?_CHECK_STATUS?LINTECH
  +--> ?PR?_LOAD_SECUENCIA_EXPEDIDOR?VERIFIC...
  +--> ?PR?_RTA_CMD_TRANSPORTE?VERIFICADOR
  +--> ?PR?_MOV_CARD?LINTECH
  +--> ?PR?AUT_CARD_CHECK_STATUS?LINTECH
  +--> ?PR?LOADVERIFY_EEPROM?LINTECH
  +--> ?PR?_RD_MF?LINTECH
  +--> ?PR?_WR_MF?LINTECH
  +--> ?PR?_CARD_INSERCION?LINTECH
  +--> ?PR?DWLOAD_EEPROM?LINTECH
  +--> ?PR?ENTREGA_CARD_CAPTURA?VERIFICADOR
  +--> ?PR?_SEND_PTO_PARALELO?VERIFICADOR
  +--> ?PR?WAIT_PLACA?VERIFICADOR
  +--> ?PR?UNIQUE_IDENTIFIER_UID?LINTECH
  +--> ?PR?_PREGUNTA_LPR?VERIFICADOR
  +--> ?PR?PREGUNTA_PLACA_HABILITADA?VERIFIC...
  +--> ?PR?_VALIDA_TIPO_TARJETA?VERIFICADOR
  +--> ?PR?POWER_OFF?LINTECH
  +--> ?PR?CLAVE_SEGURIDAD_S2?LINTECH
  +--> ?PR?_RESPONDE_REELECTURA_TARJETA_SECT...
  +--> ?PR?ANALIZA_PRESENCIA_ROTACION?VERIFI...
  +--> ?PR?RX_MONITOR?MONITOR
  +--> ?PR?INGRESO_VEHICULO?VERIFICADOR
  +--> ?PR?RESPONDE_ESTADO_SENSORES_TRANSPOR...
  +--> ?PR?RESPONDE_TIPO_TARJETA?VERIFICADOR
  +--> ?PR?_RESPONDE_LECTURA_TARJETA_SECTOR1...
  +--> ?PR?_RESPONDE_LECTURA_TARJETA_SECTOR1...
  +--> ?PR?_RESPONDE_LECTURA_TARJETA_SECTOR1...
  +--> ?PR?_RESPONDE_WRITE_TARJETA_SECTOR1_B...
  +--> ?PR?_RESPONDE_WRITE_TARJETA_SECTOR2_B...
  +--> ?PR?_RESPONDE_WRITE_TARJETA_SECTOR1_B...
  +--> ?PR?_RESPONDE_WRITE_TARJETA_SECTOR1_B...
  +--> ?PR?_DISPARO_LOCK_ENTRADA_VEHICULO?VE...
  +--> ?PR?_RESPUESTA_SEGUNDA_CLAVE?VERIFICADOR
  +--> ?PR?_ANALIZA_UID_CARD?VERIFICADOR
  +--> ?CO?VERIFICADOR
  +--> ?PR?_DEBUG_TXT_TIBBO?TIBBO
BL51 BANKED LINKER/LOCATER V6.22.2.0                                                  09/02/2021  16:32:27  PAGE 16



?PR?_CHECK_STATUS?LINTECH                        -----    -----      -----    -----      0002H    000BH
  +--> ?CO?LINTECH
  +--> ?PR?_DEBUG_TXT_TIBBO?TIBBO
  +--> ?PR?_DEBUGBUFFERMF?TIBBO
  +--> ?PR?_ESCRIBIRCADENASOFT_BUFFER?MAIN

?PR?_LOAD_SECUENCIA_EXPEDIDOR?VERIFIC...         -----    -----      -----    -----      0002H    0009H

?PR?_RTA_CMD_TRANSPORTE?VERIFICADOR              -----    -----      -----    -----      0002H    0005H
  +--> ?PR?TRAMA_VALIDACION_P_N?VERIFICADOR
  +--> ?CO?VERIFICADOR
  +--> ?PR?_DEBUG_TXT_TIBBO?TIBBO
  +--> ?PR?_DEBUGBUFFERMF?TIBBO
  +--> ?PR?ERROR_RX_PTO?VERIFICADOR

?PR?ERROR_RX_PTO?VERIFICADOR                     -----    -----      -----    -----      0007H    0001H
  +--> ?CO?VERIFICADOR
  +--> ?PR?_DEBUG_TXT_TIBBO?TIBBO
  +--> ?PR?_DEBUG_CHR_TIBBO?TIBBO
  +--> ?PR?_DELAY_10MS?DELAY

?PR?_MOV_CARD?LINTECH                            -----    -----      -----    -----      0002H    000CH
  +--> ?CO?LINTECH
  +--> ?PR?_DEBUG_TXT_TIBBO?TIBBO
  +--> ?PR?_DEBUGBUFFERMF?TIBBO
  +--> ?PR?_ESCRIBIRCADENASOFT_BUFFER?MAIN

?PR?AUT_CARD_CHECK_STATUS?LINTECH                -----    -----      -----    -----      0002H    000BH
  +--> ?CO?LINTECH
  +--> ?PR?_DEBUG_TXT_TIBBO?TIBBO
  +--> ?PR?_DEBUGBUFFERMF?TIBBO
  +--> ?PR?_ESCRIBIRCADENASOFT_BUFFER?MAIN

?PR?LOADVERIFY_EEPROM?LINTECH                    -----    -----      -----    -----      0002H    0010H
  +--> ?CO?LINTECH
  +--> ?PR?_DEBUG_TXT_TIBBO?TIBBO
  +--> ?PR?_DEBUGBUFFERMF?TIBBO
  +--> ?PR?_ESCRIBIRCADENASOFT_BUFFER?MAIN

?PR?_RD_MF?LINTECH                               -----    -----      -----    -----      0002H    0012H
  +--> ?CO?LINTECH
  +--> ?PR?_DEBUG_TXT_TIBBO?TIBBO
  +--> ?PR?_DEBUG_CHR_TIBBO?TIBBO
  +--> ?PR?_DEBUGBUFFERMF?TIBBO
  +--> ?PR?_ESCRIBIRCADENASOFT_BUFFER?MAIN

?PR?_WR_MF?LINTECH                               -----    -----      -----    -----      0002H    0025H
  +--> ?CO?LINTECH
  +--> ?PR?_DEBUG_TXT_TIBBO?TIBBO
  +--> ?PR?_DEBUG_CHR_TIBBO?TIBBO
  +--> ?PR?_DEBUGBUFFERMF?TIBBO
  +--> ?PR?_ESCRIBIRCADENASOFT_BUFFER?MAIN

?PR?_CARD_INSERCION?LINTECH                      -----    -----      -----    -----      0002H    000AH
  +--> ?CO?LINTECH
  +--> ?PR?_DEBUG_TXT_TIBBO?TIBBO
BL51 BANKED LINKER/LOCATER V6.22.2.0                                                  09/02/2021  16:32:27  PAGE 17


  +--> ?PR?_DEBUGBUFFERMF?TIBBO
  +--> ?PR?_ESCRIBIRCADENASOFT_BUFFER?MAIN

?PR?ENTREGA_CARD_CAPTURA?VERIFICADOR             -----    -----      -----    -----      0002H    0001H
  +--> ?CO?VERIFICADOR
  +--> ?PR?_DEBUG_TXT_TIBBO?TIBBO
  +--> ?PR?SEL_SENSOR2?IO_SENSORES
  +--> ?PR?VALIDASENSOR?IO_SENSORES
  +--> ?PR?VALIDA_SENSOR1_AUTO?IO_SENSORES

?PR?VALIDA_SENSOR1_AUTO?IO_SENSORES              -----    -----      -----    -----      0012H    0001H
  +--> ?PR?SEL_SENSOR1?IO_SENSORES
  +--> ?PR?SEL_AUTO?IO_SENSORES
  +--> ?CO?IO_SENSORES
  +--> ?PR?_DEBUG_TXT_TIBBO?TIBBO
  +--> ?PR?BOTTON?IO_SENSORES

?PR?BOTTON?IO_SENSORES                           -----    -----      -----    -----      -----    -----
  +--> ?PR?SEL_PULSA?IO_SENSORES
  +--> ?CO?IO_SENSORES
  +--> ?PR?_DEBUG_TXT_TIBBO?TIBBO

?PR?_SEND_PTO_PARALELO?VERIFICADOR               -----    -----      -----    -----      0002H    0007H
  +--> ?PR?_ARMAR_TRAMA_PTO_PARALELO_EXPEDID...
  +--> ?PR?_ARMAR_TRAMA_PTO_PARALELO_EXPEDID...
  +--> ?PR?INCREMENTE_TICKET?EEPROM
  +--> ?PR?_SEND_PORT?PTO_PARALELO
  +--> ?CO?VERIFICADOR
  +--> ?PR?_DEBUG_TXT_TIBBO?TIBBO
  +--> ?PR?_DEBUGBUFFERMF?TIBBO
  +--> ?PR?CLEAR_PLACA?MONITOR

?PR?_ARMAR_TRAMA_PTO_PARALELO_EXPEDID...         -----    -----      -----    -----      0009H    0006H
  +--> ?PR?_BCD_HEX?CLOCK
  +--> ?PR?_RD_EEPROM?EEPROM

?PR?_ARMAR_TRAMA_PTO_PARALELO_EXPEDID...         -----    -----      -----    -----      0009H    0012H
  +--> ?PR?LEE_NO_TICKET?EEPROM
  +--> ?PR?_STRCAT?STRCAT
  +--> ?PR?_STRLEN?STRLEN
  +--> ?PR?_BCD_HEX?CLOCK
  +--> ?PR?_RD_EEPROM?EEPROM

?PR?INCREMENTE_TICKET?EEPROM                     -----    -----      -----    -----      0009H    000BH
  +--> ?PR?READ_EEPROM_TICKET?EEPROM
  +--> ?CO?EEPROM
  +--> ?PR?PRINTF?PRINTF
  +--> ?PR?_WRITE_EEPROM_TICKET?EEPROM

?PR?_WRITE_EEPROM_TICKET?EEPROM                  -----    -----      -----    -----      0016H    000BH
  +--> ?CO?EEPROM
  +--> ?PR?_DEBUG_TXT_TIBBO?TIBBO
  +--> ?PR?_ATOL?ATOL
  +--> ?PR?_DEBUG_CHR_TIBBO?TIBBO
  +--> ?PR?_WR_EEPROM?EEPROM

?PR?_ATOL?ATOL                                   0020H.0  0000H.1    -----    -----      0021H    0007H
BL51 BANKED LINKER/LOCATER V6.22.2.0                                                  09/02/2021  16:32:27  PAGE 18


  +--> ?PR?_ISSPACE?ISSPACE
  +--> ?PR?_ISDIGIT?ISDIGIT

?PR?_SEND_PORT?PTO_PARALELO                      -----    -----      -----    -----      0016H    000AH
  +--> ?PR?PULSO_BUS?PTO_PARALELO
  +--> ?PR?_DELAY_20US?DELAY

?PR?PULSO_BUS?PTO_PARALELO                       -----    -----      -----    -----      -----    -----
  +--> ?PR?_DELAY_20US?DELAY

?PR?WAIT_PLACA?VERIFICADOR                       -----    -----      -----    -----      0002H    0001H
  +--> ?CO?VERIFICADOR
  +--> ?PR?_DEBUG_TXT_TIBBO?TIBBO
  +--> ?PR?RX_MONITOR?MONITOR
  +--> ?PR?RESPUESTA_PLACA_CANCEL?VERIFICADOR

?PR?RESPUESTA_PLACA_CANCEL?VERIFICADOR           -----    -----      -----    -----      0003H    0004H
  +--> ?CO?VERIFICADOR
  +--> ?PR?_DEBUG_TXT_TIBBO?TIBBO
  +--> ?PR?_DEBUG_TXT_RS232?TIBBO

?PR?_DEBUG_TXT_RS232?TIBBO                       -----    -----      -----    -----      0007H    0005H
  +--> ?PR?_PUTCHAR?MAIN

?PR?UNIQUE_IDENTIFIER_UID?LINTECH                -----    -----      -----    -----      0002H    000BH
  +--> ?CO?LINTECH
  +--> ?PR?_DEBUG_TXT_TIBBO?TIBBO
  +--> ?PR?_DEBUGBUFFERMF?TIBBO
  +--> ?PR?_ESCRIBIRCADENASOFT_BUFFER?MAIN

?PR?_PREGUNTA_LPR?VERIFICADOR                    -----    -----      -----    -----      0002H    0007H
  +--> ?CO?VERIFICADOR
  +--> ?PR?_DEBUG_TXT_TIBBO?TIBBO
  +--> ?PR?_HORA_ENTRADA_VEHICULO?CLOCK
  +--> ?PR?_RD_EEPROM?EEPROM
  +--> ?PR?_ARMAR_TRAMA_MONITOR?VERIFICADOR

?PR?_HORA_ENTRADA_VEHICULO?CLOCK                 -----    -----      -----    -----      0009H    0003H
  +--> ?PR?_LEE_CLK?CLOCK

?PR?_ARMAR_TRAMA_MONITOR?VERIFICADOR             -----    -----      -----    -----      0009H    000FH
  +--> ?PR?DIR_BOARD_MONITOR?IO_SENSORES
  +--> ?PR?LEE_NO_TICKET?EEPROM
  +--> ?PR?_STRCAT?STRCAT
  +--> ?PR?_BYTEHEX_DECIMAL?CLOCK
  +--> ?PR?_STRLEN?STRLEN
  +--> ?PR?_TWO_BYTEHEX_DECIMAL?CLOCK

?PR?DIR_BOARD_MONITOR?IO_SENSORES                -----    -----      -----    -----      -----    -----
  +--> ?PR?_RD_EEPROM?EEPROM

?PR?_BYTEHEX_DECIMAL?CLOCK                       -----    -----      -----    -----      0018H    0001H

?PR?_TWO_BYTEHEX_DECIMAL?CLOCK                   -----    -----      -----    -----      0018H    000CH
  +--> ?PR?_POW?POW

?PR?_POW?POW                                     -----    -----      -----    -----      0024H    000AH
BL51 BANKED LINKER/LOCATER V6.22.2.0                                                  09/02/2021  16:32:27  PAGE 19


  +--> ?PR?LOG?LOG
  +--> ?PR?EXP?EXP

?PR?LOG?LOG                                      0020H.0  0000H.1    -----    -----      002EH    0004H

?PR?PREGUNTA_PLACA_HABILITADA?VERIFIC...         -----    -----      -----    -----      0002H    0001H
  +--> ?CO?VERIFICADOR
  +--> ?PR?_DEBUG_TXT_TIBBO?TIBBO
  +--> ?PR?_RD_EEPROM?EEPROM

?PR?_VALIDA_TIPO_TARJETA?VERIFICADOR             -----    -----      -----    -----      0002H    0007H
  +--> ?CO?VERIFICADOR
  +--> ?PR?_DEBUG_TXT_TIBBO?TIBBO
  +--> ?PR?_RD_EEPROM?EEPROM
  +--> ?PR?_SEND_PORTERR?PTO_PARALELO
  +--> ?PR?_TARJETA_ROTACION?VERIFICADOR
  +--> ?PR?_PANTALLALCD?PANTALLAS

?PR?_SEND_PORTERR?PTO_PARALELO                   -----    -----      -----    -----      0018H    0006H
  +--> ?PR?PULSO_BUS?PTO_PARALELO
  +--> ?PR?_DELAY_20US?DELAY

?PR?_TARJETA_ROTACION?VERIFICADOR                -----    -----      -----    -----      0009H    0006H
  +--> ?PR?_ARMAR_TRAMA_TARJETA_SECTOR1_BLOQ...

?PR?_ARMAR_TRAMA_TARJETA_SECTOR1_BLOQ...         -----    -----      -----    -----      000FH    0006H
  +--> ?PR?_BCD_HEX?CLOCK
  +--> ?PR?DIR_BOARD?IO_SENSORES

?PR?DIR_BOARD?IO_SENSORES                        -----    -----      -----    -----      0033H    0001H
  +--> ?PR?SEL_DIR1?IO_SENSORES
  +--> ?PR?SEL_DIR2?IO_SENSORES
  +--> ?PR?_RD_EEPROM?EEPROM

?PR?_PANTALLALCD?PANTALLAS                       -----    -----      -----    -----      0018H    000AH
  +--> ?CO?PANTALLAS
  +--> ?PR?_LCD_TXT?PANTALLAS
  +--> ?PR?_STRLEN?STRLEN
  +--> ?PR?_TX_CHRLCD?PANTALLAS
  +--> ?PR?_RASPBERRY_DATA?PANTALLAS

?PR?_LCD_TXT?PANTALLAS                           -----    -----      -----    -----      0044H    0005H
  +--> ?PR?_TX_CHRLCD?PANTALLAS

?PR?_TX_CHRLCD?PANTALLAS                         -----    -----      -----    -----      0049H    0002H
  +--> ?PR?_PUTCHAR?MAIN

?PR?_RASPBERRY_DATA?PANTALLAS                    -----    -----      -----    -----      0044H    0006H
  +--> ?PR?_STRLEN?STRLEN
  +--> ?PR?_PUTCHAR?MAIN

?PR?POWER_OFF?LINTECH                            -----    -----      -----    -----      0002H    000BH
  +--> ?CO?LINTECH
  +--> ?PR?_DEBUG_TXT_TIBBO?TIBBO
  +--> ?PR?_DEBUGBUFFERMF?TIBBO
  +--> ?PR?_ESCRIBIRCADENASOFT_BUFFER?MAIN

BL51 BANKED LINKER/LOCATER V6.22.2.0                                                  09/02/2021  16:32:27  PAGE 20


?PR?CLAVE_SEGURIDAD_S2?LINTECH                   -----    -----      -----    -----      0002H    0016H
  +--> ?CO?LINTECH
  +--> ?PR?_DEBUG_TXT_TIBBO?TIBBO
  +--> ?PR?_DEBUGBUFFERMF?TIBBO
  +--> ?PR?_ESCRIBIRCADENASOFT_BUFFER?MAIN

?PR?_RESPONDE_REELECTURA_TARJETA_SECT...         -----    -----      -----    -----      0002H    000AH
  +--> ?CO?VERIFICADOR
  +--> ?PR?_DEBUG_TXT_TIBBO?TIBBO
  +--> ?PR?_DEBUGBUFFERMF?TIBBO
  +--> ?PR?_ARMAR_TRAMA_TARJETA_SECTOR1_BLOQ...

?PR?_ARMAR_TRAMA_TARJETA_SECTOR1_BLOQ...         -----    -----      -----    -----      000CH    0003H
  +--> ?PR?LEE_NO_TICKET?EEPROM

?PR?ANALIZA_PRESENCIA_ROTACION?VERIFI...         -----    -----      -----    -----      0002H    0001H
  +--> ?PR?VALIDASENSORESPASO?IO_SENSORES
  +--> ?PR?_SEND_PORTERR?PTO_PARALELO
  +--> ?PR?_PANTALLALCD?PANTALLAS

?PR?VALIDASENSORESPASO?IO_SENSORES               -----    -----      -----    -----      0011H    0001H
  +--> ?PR?SEL_SENSOR2?IO_SENSORES
  +--> ?PR?VALIDASENSOR?IO_SENSORES
  +--> ?PR?VALIDA_SENSOR1_AUTO?IO_SENSORES
  +--> ?CO?IO_SENSORES
  +--> ?PR?_DEBUG_TXT_TIBBO?TIBBO

?PR?INGRESO_VEHICULO?VERIFICADOR                 -----    -----      -----    -----      0002H    0001H
  +--> ?CO?VERIFICADOR
  +--> ?PR?_DEBUG_TXT_TIBBO?TIBBO
  +--> ?PR?VALIDASENSORESPASO?IO_SENSORES
  +--> ?PR?_RD_EEPROM?EEPROM
  +--> ?PR?RX_MONITOR?MONITOR
  +--> ?PR?_SEND_PORTERR?PTO_PARALELO
  +--> ?PR?_PANTALLALCD?PANTALLAS
  +--> ?PR?BOTTON?IO_SENSORES

?PR?RESPONDE_ESTADO_SENSORES_TRANSPOR...         -----    -----      -----    -----      0002H    0001H
  +--> ?CO?VERIFICADOR
  +--> ?PR?_DEBUG_TXT_TIBBO?TIBBO
  +--> ?PR?_SEND_PORTERR?PTO_PARALELO

?PR?RESPONDE_TIPO_TARJETA?VERIFICADOR            -----    -----      -----    -----      0002H    0001H
  +--> ?CO?VERIFICADOR
  +--> ?PR?_DEBUG_TXT_TIBBO?TIBBO
  +--> ?PR?_SEND_PORTERR?PTO_PARALELO
  +--> ?PR?_PANTALLALCD?PANTALLAS

?PR?_RESPONDE_LECTURA_TARJETA_SECTOR1...         -----    -----      -----    -----      0002H    0016H
  +--> ?CO?VERIFICADOR
  +--> ?PR?_DEBUG_TXT_TIBBO?TIBBO
  +--> ?PR?_DEBUGBUFFERMF?TIBBO
  +--> ?PR?_RD_EEPROM?EEPROM
  +--> ?PR?_DEBUG_HEXDEC?TIBBO
  +--> ?PR?_DEBUG_CHR_TIBBO?TIBBO
  +--> ?PR?_SEND_PORTERR?PTO_PARALELO
  +--> ?PR?_PANTALLALCD?PANTALLAS
BL51 BANKED LINKER/LOCATER V6.22.2.0                                                  09/02/2021  16:32:27  PAGE 21



?PR?_DEBUG_HEXDEC?TIBBO                          -----    -----      -----    -----      0018H    0002H
  +--> ?PR?_TX_AUX?TIBBO

?PR?_RESPONDE_LECTURA_TARJETA_SECTOR1...         -----    -----      -----    -----      0002H    0004H
  +--> ?CO?VERIFICADOR
  +--> ?PR?_DEBUG_TXT_TIBBO?TIBBO

?PR?_RESPONDE_LECTURA_TARJETA_SECTOR1...         -----    -----      -----    -----      0002H    0015H
  +--> ?CO?VERIFICADOR
  +--> ?PR?_DEBUG_TXT_TIBBO?TIBBO
  +--> ?PR?_DEBUGBUFFERMF?TIBBO
  +--> ?PR?_DEBUG_CHR_TIBBO?TIBBO

?PR?_RESPONDE_WRITE_TARJETA_SECTOR1_B...         -----    -----      -----    -----      0002H    0007H
  +--> ?CO?VERIFICADOR
  +--> ?PR?_DEBUG_TXT_TIBBO?TIBBO
  +--> ?PR?_DEBUGBUFFERMF?TIBBO
  +--> ?PR?_ARMAR_TRAMA_TARJETA_SECTOR1_BLOQ...

?PR?_RESPONDE_WRITE_TARJETA_SECTOR2_B...         -----    -----      -----    -----      0002H    0003H
  +--> ?CO?VERIFICADOR
  +--> ?PR?_DEBUG_TXT_TIBBO?TIBBO
  +--> ?PR?_DEBUGBUFFERMF?TIBBO

?PR?_RESPONDE_WRITE_TARJETA_SECTOR1_B...         -----    -----      -----    -----      0002H    0003H
  +--> ?CO?VERIFICADOR
  +--> ?PR?_DEBUG_TXT_TIBBO?TIBBO
  +--> ?PR?_DEBUGBUFFERMF?TIBBO

?PR?_RESPONDE_WRITE_TARJETA_SECTOR1_B...         -----    -----      -----    -----      0002H    0003H
  +--> ?CO?VERIFICADOR
  +--> ?PR?_DEBUG_TXT_TIBBO?TIBBO
  +--> ?PR?_DEBUGBUFFERMF?TIBBO

?PR?_DISPARO_LOCK_ENTRADA_VEHICULO?VE...         -----    -----      -----    -----      0002H    0004H
  +--> ?CO?VERIFICADOR
  +--> ?PR?_DEBUG_TXT_TIBBO?TIBBO
  +--> ?PR?_SEND_PORTERR?PTO_PARALELO
  +--> ?PR?_PANTALLALCD_LINEA_2?PANTALLAS
  +--> ?PR?VALIDA_SENSOR1_AUTO?IO_SENSORES
  +--> ?PR?_PANTALLALCD?PANTALLAS

?PR?_PANTALLALCD_LINEA_2?PANTALLAS               -----    -----      -----    -----      0011H    0033H
  +--> ?CO?PANTALLAS
  +--> ?PR?_LCD_TXT?PANTALLAS
  +--> ?PR?_STRLEN?STRLEN
  +--> ?PR?_TX_CHRLCD?PANTALLAS
  +--> ?PR?_RASPBERRY_DATA?PANTALLAS
  +--> ?PR?LEE_NO_TICKET?EEPROM
  +--> ?PR?_STRCAT?STRCAT

?PR?_RESPUESTA_SEGUNDA_CLAVE?VERIFICADOR         -----    -----      -----    -----      0002H    0006H
  +--> ?CO?VERIFICADOR
  +--> ?PR?_DEBUG_TXT_TIBBO?TIBBO
  +--> ?PR?_DEBUGBUFFERMF?TIBBO
  +--> ?PR?_ARMAR_TRAMA_PLACA?VERIFICADOR
BL51 BANKED LINKER/LOCATER V6.22.2.0                                                  09/02/2021  16:32:27  PAGE 22



?PR?_ARMAR_TRAMA_PLACA?VERIFICADOR               -----    -----      -----    -----      0008H    0004H
  +--> ?PR?_STRLEN?STRLEN
  +--> ?CO?VERIFICADOR

?PR?_ANALIZA_UID_CARD?VERIFICADOR                -----    -----      -----    -----      0002H    0015H
  +--> ?CO?VERIFICADOR
  +--> ?PR?_DEBUG_TXT_TIBBO?TIBBO
  +--> ?PR?_DEBUGBUFFERMF?TIBBO
  +--> ?PR?_DEBUG_CHR_TIBBO?TIBBO

?PR?_RECIBE_PORT?PTO_PARALELO                    -----    -----      -----    -----      0001H    0008H
  +--> ?PR?OFF_TIMER0_INTERRUP?MAIN
  +--> ?PR?ON_TIMER0_INTERRUP?MAIN

?PR?_DEBUG_PTO_PARALELO?TIBBO                    -----    -----      -----    -----      0001H    0004H
  +--> ?CO?TIBBO
  +--> ?PR?_DEBUG_TXT_TIBBO?TIBBO
  +--> ?PR?_DEBUGBUFFERMF?TIBBO
  +--> ?PR?DEBUG_DIVIDIR_TEXTO?TIBBO

?PR?_VALIDA_TRAMA_PTO?ACCESCAN                   -----    -----      -----    -----      0001H    0010H
  +--> ?CO?ACCESCAN
  +--> ?PR?_DEBUG_TXT_TIBBO?TIBBO
  +--> ?PR?_DEBUG_CHR_TIBBO?TIBBO
  +--> ?PR?_VALIDAR_CLK?CLOCK
  +--> ?PR?_BLOCK_WRITE_CLOCK_ASCII?CLOCK
  +--> ?PR?RELOJ_PANTALLA_LCD?PANTALLAS
  +--> ?PR?_SEND_PORT?PTO_PARALELO
  +--> ?PR?_PANTALLALCD?PANTALLAS
  +--> ?PR?_BYTEHEX_DECIMAL?CLOCK
  +--> ?PR?_TWO_BYTEHEX_DECIMAL?CLOCK
  +--> ?PR?VALIDASENSORESPASO?IO_SENSORES
  +--> ?PR?_CMD_LPR_SALIDA_WIEGAND?ACCESCAN
  +--> ?PR?_PANTALLALCD_LINEA_2?PANTALLAS
  +--> ?PR?_GRABA_SERIE?EEPROM

?PR?_BLOCK_WRITE_CLOCK_ASCII?CLOCK               -----    -----      -----    -----      0011H    0003H
  +--> ?CO?CLOCK
  +--> ?PR?_DEBUG_TXT_TIBBO?TIBBO
  +--> ?PR?_TWO_ONE?CLOCK
  +--> ?PR?_WR_CLK?CLOCK

?PR?_WR_CLK?CLOCK                                -----    -----      -----    -----      0014H    0002H
  +--> ?PR?_DELAY_20US?DELAY
  +--> ?PR?_EB_CLK?CLOCK

?PR?RELOJ_PANTALLA_LCD?PANTALLAS                 -----    -----      -----    -----      0011H    000DH
  +--> ?CO?PANTALLAS
  +--> ?PR?_BLOCK_READ_CLOCK?CLOCK
  +--> ?PR?_LCD_TXT_NUM_CHAR?PANTALLAS
  +--> ?PR?_BLOCK_READ_CLOCK_ASCII_RASBERRY?...
  +--> ?PR?_STRCAT?STRCAT
  +--> ?PR?_RASPBERRY_DATA?PANTALLAS

?PR?_BLOCK_READ_CLOCK?CLOCK                      -----    -----      -----    -----      001EH    0003H
  +--> ?PR?_LEE_CLK?CLOCK
BL51 BANKED LINKER/LOCATER V6.22.2.0                                                  09/02/2021  16:32:27  PAGE 23



?PR?_LCD_TXT_NUM_CHAR?PANTALLAS                  -----    -----      -----    -----      001EH    0006H
  +--> ?PR?_TX_CHRLCD?PANTALLAS

?PR?_BLOCK_READ_CLOCK_ASCII_RASBERRY?...         -----    -----      -----    -----      001EH    0003H
  +--> ?PR?_LEE_CLK?CLOCK

?PR?_CMD_LPR_SALIDA_WIEGAND?ACCESCAN             -----    -----      -----    -----      0011H    0022H
  +--> ?PR?DIR_BOARD?IO_SENSORES
  +--> ?PR?_BLOCK_READ_CLOCK_ASCII?CLOCK
  +--> ?PR?_MONITOR_CHR?ACCESCAN

?PR?_MONITOR_CHR?ACCESCAN                        -----    -----      -----    -----      0033H    0005H
  +--> ?PR?_TX_AUX?TIBBO

?PR?_GRABA_SERIE?EEPROM                          -----    -----      -----    -----      0011H    0005H
  +--> ?CO?EEPROM
  +--> ?PR?_DEBUG_TXT_TIBBO?TIBBO
  +--> ?PR?_WRITE_EEPROM_TICKET?EEPROM
  +--> ?PR?_WR_EEPROM?EEPROM

?PR?MSJ_LCD_INFORMATIVO?IO_SENSORES              -----    -----      -----    -----      0001H    0001H
  +--> ?PR?SEL_FUNCION?IO_SENSORES
  +--> ?PR?VALIDASENSOR_CERO?IO_SENSORES
  +--> ?CO?IO_SENSORES
  +--> ?PR?_DEBUG_TXT_TIBBO?TIBBO
  +--> ?PR?_DEBUG_CHR_TIBBO?TIBBO
  +--> ?PR?LOAD_AND_SEND_INFO_RELOJ?PTO_PARA...
  +--> ?PR?VALIDASENSOR?IO_SENSORES
  +--> ?PR?_DELAY_10MS?DELAY
  +--> ?PR?LOAD_AND_SEND_ID_COD?PTO_PARALELO

?PR?LOAD_AND_SEND_INFO_RELOJ?PTO_PARA...         -----    -----      -----    -----      0002H    000BH
  +--> ?PR?_BLOCK_READ_CLOCK?CLOCK
  +--> ?PR?_LEE_CLK?CLOCK
  +--> ?CO?PTO_PARALELO
  +--> ?PR?_DEBUG_TXT_TIBBO?TIBBO
  +--> ?PR?_DEBUGBUFFERMF?TIBBO
  +--> ?PR?DEBUG_DIVIDIR_TEXTO?TIBBO
  +--> ?PR?_SEND_PORT?PTO_PARALELO

?PR?LOAD_AND_SEND_ID_COD?PTO_PARALELO            -----    -----      -----    -----      0002H    0014H
  +--> ?PR?_RD_EEPROM?EEPROM
  +--> ?CO?PTO_PARALELO
  +--> ?PR?PRINTF?PRINTF
  +--> ?PR?_STRCAT?STRCAT
  +--> ?PR?_STRLEN?STRLEN
  +--> ?PR?_DEBUG_TXT_TIBBO?TIBBO
  +--> ?PR?_DEBUGBUFFERMF?TIBBO
  +--> ?PR?DEBUG_DIVIDIR_TEXTO?TIBBO
  +--> ?PR?_SEND_PORT?PTO_PARALELO



SYMBOL TABLE OF MODULE:  .\Objects\expedidor_v_101 (MAIN)

  VALUE           TYPE          NAME
BL51 BANKED LINKER/LOCATER V6.22.2.0                                                  09/02/2021  16:32:27  PAGE 24


  ----------------------------------

  -------         MODULE        MAIN
  C:0000H         SYMBOL        _ICE_DUMMY_
  X:0171H         PUBLIC        STX
  D:0080H         PUBLIC        P0
  D:0090H         PUBLIC        P1
  C:BA6DH         PUBLIC        timer0_int
  D:00B0H         PUBLIC        P3
  B:00A8H.7       PUBLIC        EA
  B:0080H.2       PUBLIC        led_err_imp
  C:BE02H         PUBLIC        off_Timer0_Interrup
  X:0172H         PUBLIC        ValTimeOutCom
  X:0173H         PUBLIC        Buffer_Rta_Lintech
  X:01A5H         PUBLIC        Timer_wait
  B:0021H.1       PUBLIC        pto_paraleo
  X:01A6H         PUBLIC        g_cContByteRx
  B:0080H.0       PUBLIC        rx_ip
  C:A7EAH         PUBLIC        main
  X:01A7H         PUBLIC        Timer_tivo
  B:0080H.3       PUBLIC        Atascado_GP0_PIN_3
  C:B004H         PUBLIC        variable_inicio
  B:0090H.7       PUBLIC        lock
  I:0023H         PUBLIC        rbuf
  C:BDF8H         PUBLIC        on_Timer0_Interrup
  I:0055H         PUBLIC        tbuf
  B:0090H.1       PUBLIC        DataIn
  D:0089H         PUBLIC        TMOD
  X:01A9H         PUBLIC        USE_LPR
  X:01AAH         PUBLIC        Debug_Tibbo
  X:01ABH         PUBLIC        Raspberry
  X:01ACH         PUBLIC        SIN_COBRO
  X:01AEH         PUBLIC        Tipo_Vehiculo
  B:00B0H.3       PUBLIC        busy
  C:BD52H         PUBLIC        ini_timer
  B:00A8H.1       PUBLIC        ET0
  X:01AFH         PUBLIC        precarga
  B:0088H.5       PUBLIC        TF0
  D:008CH         PUBLIC        TH0
  X:01B0H         PUBLIC        ACK
  X:01B1H         PUBLIC        g_cEstadoComSoft
  D:008AH         PUBLIC        TL0
  B:0088H.4       PUBLIC        TR0
  C:BD62H         PUBLIC        inicia_board
  X:01B2H         PUBLIC        T_GRACIA
  B:0080H.7       PUBLIC        sel_com
  X:01B4H         PUBLIC        STX_LINTECH
  C:BD91H         PUBLIC        _getkey
  X:01B5H         PUBLIC        ETX
  C:B2E7H         PUBLIC        _EscribirCadenaSoft_buffer
  B:0021H.2       PUBLIC        buffer_ready
  C:B604H         PUBLIC        _putchar
  B:0021H.3       PUBLIC        placa_ready
  -------         PROC          TIMER0_INT
  C:BA6DH         LINE#         16
  C:BA73H         LINE#         19
  C:BA79H         LINE#         20
BL51 BANKED LINKER/LOCATER V6.22.2.0                                                  09/02/2021  16:32:27  PAGE 25


  C:BA7EH         LINE#         21
  C:BA7EH         LINE#         22
  C:BA84H         LINE#         23
  C:BA84H         LINE#         25
  C:BA92H         LINE#         26
  C:BA94H         LINE#         28
  -------         ENDPROC       TIMER0_INT
  -------         PROC          INI_TIMER
  C:BD52H         LINE#         31
  C:BD52H         LINE#         32
  C:BD52H         LINE#         34
  C:BD5AH         LINE#         36
  C:BD5DH         LINE#         37
  C:BD5FH         LINE#         38
  C:BD61H         LINE#         40
  -------         ENDPROC       INI_TIMER
  -------         PROC          ON_TIMER0_INTERRUP
  C:BDF8H         LINE#         43
  C:BDF8H         LINE#         44
  C:BDF8H         LINE#         45
  C:BDFAH         LINE#         46
  C:BDFCH         LINE#         48
  -------         ENDPROC       ON_TIMER0_INTERRUP
  -------         PROC          OFF_TIMER0_INTERRUP
  C:BE02H         LINE#         51
  C:BE02H         LINE#         52
  C:BE02H         LINE#         53
  C:BE04H         LINE#         55
  -------         ENDPROC       OFF_TIMER0_INTERRUP
  -------         PROC          _GETKEY
  -------         DO            
  D:0006H         SYMBOL        k
  -------         ENDDO         
  C:BD91H         LINE#         63
  C:BD91H         LINE#         64
  C:BD91H         LINE#         68
  C:BD91H         LINE#         69
  C:BD94H         LINE#         70
  C:BD94H         LINE#         71
  C:BD9CH         LINE#         73
  C:BD9CH         LINE#         74
  -------         ENDPROC       _GETKEY
  -------         PROC          _PUTCHAR
  X:00A7H         SYMBOL        c
  -------         DO            
  X:00A8H         SYMBOL        i
  -------         ENDDO         
  C:B604H         LINE#         78
  C:B609H         LINE#         79
  C:B609H         LINE#         82
  C:B618H         LINE#         83
  C:B618H         LINE#         84
  C:B62EH         LINE#         85
  C:B62EH         LINE#         87
  C:B63CH         LINE#         88
  C:B63CH         LINE#         90
  C:B641H         LINE#         91
BL51 BANKED LINKER/LOCATER V6.22.2.0                                                  09/02/2021  16:32:27  PAGE 26


  -------         ENDPROC       _PUTCHAR
  -------         PROC          _ESCRIBIRCADENASOFT_BUFFER
  X:0027H         SYMBOL        buffer
  X:002AH         SYMBOL        tamano_cadena
  -------         DO            
  X:002BH         SYMBOL        i
  X:002CH         SYMBOL        d
  -------         ENDDO         
  C:B2E7H         LINE#         95
  C:B2F5H         LINE#         96
  C:B2F5H         LINE#         98
  C:B303H         LINE#         99
  C:B303H         LINE#         100
  C:B31AH         LINE#         101
  C:B324H         LINE#         102
  C:B32CH         LINE#         103
  -------         ENDPROC       _ESCRIBIRCADENASOFT_BUFFER
  -------         PROC          INICIA_BOARD
  C:BD62H         LINE#         108
  C:BD62H         LINE#         109
  C:BD62H         LINE#         110
  C:BD65H         LINE#         111
  C:BD68H         LINE#         112
  C:BD6BH         LINE#         113
  C:BD6DH         LINE#         114
  C:BD6FH         LINE#         115
  C:BD71H         LINE#         117
  -------         ENDPROC       INICIA_BOARD
  -------         PROC          VARIABLE_INICIO
  C:B004H         LINE#         122
  C:B004H         LINE#         123
  C:B004H         LINE#         126
  C:B015H         LINE#         127
  C:B026H         LINE#         128
  C:B034H         LINE#         129
  C:B042H         LINE#         130
  C:B050H         LINE#         134
  -------         ENDPROC       VARIABLE_INICIO
  -------         PROC          MAIN
  -------         DO            
  X:0148H         SYMBOL        buffer
  X:0170H         SYMBOL        Estado_Comunicacion_Secuencia_MF
  X:0000H         SYMBOL        Length_trama
  -------         ENDDO         
  C:A7EAH         LINE#         142
  C:A7EAH         LINE#         143
  C:A7EAH         LINE#         150
  C:A7EDH         LINE#         151
  C:A7F0H         LINE#         152
  C:A7F3H         LINE#         153
  C:A7F6H         LINE#         154
  C:A7F9H         LINE#         155
  C:A7FBH         LINE#         157
  C:A7FEH         LINE#         158
  C:A805H         LINE#         159
  C:A808H         LINE#         161
  C:A80DH         LINE#         162
BL51 BANKED LINKER/LOCATER V6.22.2.0                                                  09/02/2021  16:32:27  PAGE 27


  C:A80FH         LINE#         163
  C:A812H         LINE#         165
  C:A815H         LINE#         166
  C:A815H         LINE#         167
  C:A818H         LINE#         168
  C:A818H         LINE#         171
  C:A81BH         LINE#         172
  C:A821H         LINE#         173
  C:A827H         LINE#         175
  C:A827H         LINE#         176
  C:A827H         LINE#         178
  C:A82AH         LINE#         179
  C:A82AH         LINE#         180
  C:A82DH         LINE#         181
  C:A82DH         LINE#         185
  C:A83AH         LINE#         190
  C:A840H         LINE#         191
  C:A840H         LINE#         193
  C:A84FH         LINE#         196
  C:A858H         LINE#         197
  C:A866H         LINE#         202
  C:A866H         LINE#         203
  C:A869H         LINE#         206
  -------         ENDPROC       MAIN
  -------         ENDMOD        MAIN

  -------         MODULE        ACCESCAN
  C:0000H         SYMBOL        _ICE_DUMMY_
  D:0080H         PUBLIC        P0
  D:0090H         PUBLIC        P1
  D:00B0H         PUBLIC        P3
  C:B482H         PUBLIC        _Monitor_chr
  B:0080H.3       PUBLIC        Atascado_GP0_PIN_3
  B:0090H.7       PUBLIC        lock
  C:34A7H         PUBLIC        _Valida_Trama_Pto
  C:8AA8H         PUBLIC        _Cmd_LPR_Salida_wiegand
  -------         PROC          _VALIDA_TRAMA_PTO
  X:0001H         SYMBOL        buffer
  X:0004H         SYMBOL        length_trama
  -------         DO            
  X:021DH         SYMBOL        cont
  X:0005H         SYMBOL        bcc
  D:0004H         SYMBOL        j
  X:0006H         SYMBOL        buff
  -------         ENDDO         
  C:34A7H         LINE#         113
  C:34B5H         LINE#         114
  C:34B5H         LINE#         117
  C:34B8H         LINE#         123
  C:34FBH         LINE#         124
  C:34FBH         LINE#         125
  C:3504H         LINE#         126
  C:3519H         LINE#         127
  C:3522H         LINE#         128
  C:352FH         LINE#         129
  C:352FH         LINE#         130
  C:354BH         LINE#         131
BL51 BANKED LINKER/LOCATER V6.22.2.0                                                  09/02/2021  16:32:27  PAGE 28


  C:354EH         LINE#         133
  C:3557H         LINE#         134
  C:355FH         LINE#         135
  C:3568H         LINE#         136
  C:3581H         LINE#         137
  C:3581H         LINE#         139
  C:3591H         LINE#         140
  C:3591H         LINE#         141
  C:35A4H         LINE#         143
  C:35A7H         LINE#         145
  C:35A7H         LINE#         148
  C:35A7H         LINE#         150
  C:35A7H         LINE#         152
  C:35ADH         LINE#         153
  C:35B1H         LINE#         154
  C:35B5H         LINE#         155
  C:35B8H         LINE#         156
  C:35C3H         LINE#         158
  C:35CCH         LINE#         159
  C:35D4H         LINE#         160
  C:35DCH         LINE#         161
  C:35E4H         LINE#         162
  C:35EDH         LINE#         163
  C:35EDH         LINE#         166
  C:35EDH         LINE#         169
  C:35FFH         LINE#         170
  C:35FFH         LINE#         171
  C:3601H         LINE#         172
  C:3604H         LINE#         174
  C:3616H         LINE#         175
  C:3616H         LINE#         176
  C:3618H         LINE#         177
  C:361BH         LINE#         179
  C:362DH         LINE#         180
  C:362DH         LINE#         181
  C:362FH         LINE#         182
  C:3632H         LINE#         184
  C:364CH         LINE#         185
  C:364CH         LINE#         186
  C:364EH         LINE#         187
  C:3651H         LINE#         189
  C:366BH         LINE#         190
  C:366BH         LINE#         191
  C:366DH         LINE#         192
  C:3670H         LINE#         194
  C:3682H         LINE#         195
  C:3682H         LINE#         196
  C:3688H         LINE#         197
  C:3695H         LINE#         198
  C:3695H         LINE#         199
  C:369AH         LINE#         201
  C:369FH         LINE#         202
  C:36A1H         LINE#         203
  C:36A3H         LINE#         204
  C:36A7H         LINE#         205
  C:36A7H         LINE#         206
  C:36A8H         LINE#         208
BL51 BANKED LINKER/LOCATER V6.22.2.0                                                  09/02/2021  16:32:27  PAGE 29


  C:36C0H         LINE#         209
  C:36C0H         LINE#         211
  C:36CDH         LINE#         212
  C:36CDH         LINE#         213
  C:36CFH         LINE#         214
  C:36D1H         LINE#         216
  C:36D3H         LINE#         217
  C:36D3H         LINE#         219
  C:36F9H         LINE#         220
  C:36F9H         LINE#         221
  C:36FDH         LINE#         222
  C:3702H         LINE#         223
  C:370BH         LINE#         224
  C:3710H         LINE#         225
  C:3710H         LINE#         228
  C:3711H         LINE#         230
  C:372BH         LINE#         231
  C:372BH         LINE#         232
  C:372DH         LINE#         233
  C:3730H         LINE#         235
  C:3763H         LINE#         236
  C:3763H         LINE#         238
  C:3763H         LINE#         240
  C:377DH         LINE#         241
  C:377DH         LINE#         242
  C:377FH         LINE#         243
  C:3782H         LINE#         245
  C:379CH         LINE#         246
  C:379CH         LINE#         247
  C:379EH         LINE#         248
  C:37A0H         LINE#         250
  C:37BAH         LINE#         251
  C:37BAH         LINE#         252
  C:37BCH         LINE#         253
  C:37BEH         LINE#         256
  C:37D8H         LINE#         257
  C:37D8H         LINE#         258
  C:37DAH         LINE#         259
  C:37DCH         LINE#         263
  C:37F6H         LINE#         264
  C:37F6H         LINE#         265
  C:37F8H         LINE#         266
  C:37FAH         LINE#         269
  C:3814H         LINE#         270
  C:3814H         LINE#         271
  C:3819H         LINE#         272
  C:3819H         LINE#         275
  C:384AH         LINE#         276
  C:384AH         LINE#         277
  C:3852H         LINE#         278
  C:385BH         LINE#         279
  C:385EH         LINE#         282
  C:388FH         LINE#         283
  C:388FH         LINE#         285
  C:3897H         LINE#         286
  C:38A0H         LINE#         287
  C:38A3H         LINE#         290
BL51 BANKED LINKER/LOCATER V6.22.2.0                                                  09/02/2021  16:32:27  PAGE 30


  C:38E3H         LINE#         291
  C:38E3H         LINE#         293
  C:38F8H         LINE#         294
  C:38FEH         LINE#         295
  C:3928H         LINE#         298
  C:3930H         LINE#         299
  C:3930H         LINE#         302
  C:3937H         LINE#         303
  C:3937H         LINE#         304
  C:393CH         LINE#         305
  C:393CH         LINE#         306
  C:393EH         LINE#         308
  C:393EH         LINE#         309
  C:3947H         LINE#         310
  C:394FH         LINE#         311
  C:394FH         LINE#         315
  C:3951H         LINE#         318
  C:3951H         LINE#         326
  C:3959H         LINE#         330
  C:3959H         LINE#         331
  C:395BH         LINE#         333
  C:3993H         LINE#         334
  C:3993H         LINE#         335
  C:399BH         LINE#         336
  C:39A7H         LINE#         337
  C:39A7H         LINE#         339
  C:39D4H         LINE#         340
  C:39D4H         LINE#         341
  C:39E3H         LINE#         343
  C:39E3H         LINE#         345
  -------         ENDPROC       _VALIDA_TRAMA_PTO
  -------         PROC          _MONITOR_CHR
  X:0033H         SYMBOL        str
  X:0036H         SYMBOL        num_char
  -------         DO            
  X:0037H         SYMBOL        j
  -------         ENDDO         
  C:B482H         LINE#         500
  C:B490H         LINE#         501
  C:B490H         LINE#         503
  C:B49EH         LINE#         504
  C:B49EH         LINE#         505
  C:B4B0H         LINE#         506
  C:B4BAH         LINE#         507
  C:B4C2H         LINE#         508
  -------         ENDPROC       _MONITOR_CHR
  -------         PROC          _CMD_LPR_SALIDA_WIEGAND
  X:0011H         SYMBOL        buffer
  -------         DO            
  X:0014H         SYMBOL        Buffer_Lpr
  X:0032H         SYMBOL        j
  -------         ENDDO         
  C:8AA8H         LINE#         513
  C:8AB3H         LINE#         514
  C:8AB3H         LINE#         516
  C:8AB9H         LINE#         517
  C:8ABEH         LINE#         518
BL51 BANKED LINKER/LOCATER V6.22.2.0                                                  09/02/2021  16:32:27  PAGE 31


  C:8AC6H         LINE#         519
  C:8ACAH         LINE#         520
  C:8AD3H         LINE#         521
  C:8AD3H         LINE#         522
  C:8AE4H         LINE#         523
  C:8AE6H         LINE#         525
  C:8AE6H         LINE#         526
  C:8AF7H         LINE#         527
  C:8AF7H         LINE#         531
  C:8B0EH         LINE#         532
  C:8B0EH         LINE#         533
  C:8B1DH         LINE#         534
  C:8B27H         LINE#         536
  C:8B2FH         LINE#         537
  C:8B43H         LINE#         539
  C:8B53H         LINE#         540
  C:8B64H         LINE#         541
  C:8B71H         LINE#         545
  -------         ENDPROC       _CMD_LPR_SALIDA_WIEGAND
  -------         ENDMOD        ACCESCAN

  -------         MODULE        CLOCK
  C:0000H         SYMBOL        _ICE_DUMMY_
  C:B4F7H         PUBLIC        _two_one
  D:0090H         PUBLIC        P1
  C:76D8H         PUBLIC        _validar_clk
  C:BAEFH         PUBLIC        _wr_clk
  C:8DE3H         PUBLIC        _check_fechaOut
  C:622BH         PUBLIC        _Block_read_clock_ascii_rasberry
  B:00D0H.7       PUBLIC        CY
  C:0003H         PUBLIC        p_ck
  C:9E3CH         PUBLIC        _hex_ascii
  C:ABD6H         PUBLIC        _hora_entrada_vehiculo
  X:021EH         PUBLIC        data_clk
  C:BDBAH         PUBLIC        cond_ini_clock
  C:8EACH         PUBLIC        _Block_read_Clock
  B:0090H.4       PUBLIC        sck
  C:980DH         PUBLIC        _Block_read_Clock_Hex
  C:65A6H         PUBLIC        _Block_read_clock_ascii
  C:B69CH         PUBLIC        _hex_bcd
  C:BC28H         PUBLIC        _bcd_hex
  C:ADECH         PUBLIC        _ByteHex_Decimal
  C:9F68H         PUBLIC        _lee_clk
  B:0090H.5       PUBLIC        io
  C:99FAH         PUBLIC        _Block_write_clock_ascii
  B:0090H.6       PUBLIC        rst
  C:B5C5H         PUBLIC        _eb_clk
[...]
  X:0136H         SYMBOL        Nombre_Mensual
  -------         ENDDO         
  C:39E4H         LINE#         2542
  C:39E9H         LINE#         2543
  C:39E9H         LINE#         2551
  C:3A55H         LINE#         2552
  C:3A55H         LINE#         2555
  C:3A55H         LINE#         2557
  C:3A68H         LINE#         2558
  C:3A68H         LINE#         2559
  C:3A6AH         LINE#         2560
  C:3A6CH         LINE#         2561
  C:3A71H         LINE#         2562
  C:3A79H         LINE#         2563
  C:3A7EH         LINE#         2564
  C:3A7EH         LINE#         2566
  C:3A81H         LINE#         2567
  C:3A81H         LINE#         2569
  C:3A8AH         LINE#         2570
  C:3A8DH         LINE#         2571
  C:3A8DH         LINE#         2572
  C:3A92H         LINE#         2573
  C:3AB2H         LINE#         2574
  C:3AB5H         LINE#         2575
  C:3AB5H         LINE#         2576
  C:3AB8H         LINE#         2577
  C:3AC0H         LINE#         2578
  C:3AC6H         LINE#         2579
  C:3AC9H         LINE#         2581
  C:3AC9H         LINE#         2582
  C:3ACCH         LINE#         2583
  C:3AF1H         LINE#         2584
  C:3AF7H         LINE#         2585
  C:3AF9H         LINE#         2586
  C:3AFCH         LINE#         2587
  C:3AFCH         LINE#         2588
  C:3B07H         LINE#         2589
  C:3B0FH         LINE#         2590
  C:3B15H         LINE#         2591
  C:3B18H         LINE#         2592
  C:3B18H         LINE#         2593
  C:3B29H         LINE#         2594
  C:3B31H         LINE#         2595
  C:3B37H         LINE#         2596
  C:3B3AH         LINE#         2597
  C:3B3AH         LINE#         2598
  C:3B3FH         LINE#         2599
  C:3B5DH         LINE#         2600
BL51 BANKED LINKER/LOCATER V6.22.2.0                                                  09/02/2021  16:32:27  PAGE 130


  C:3B60H         LINE#         2601
  C:3B60H         LINE#         2602
  C:3B65H         LINE#         2603
  C:3B85H         LINE#         2604
  C:3B88H         LINE#         2605
  C:3B88H         LINE#         2606
  C:3B8DH         LINE#         2607
  C:3B8FH         LINE#         2608
  C:3BADH         LINE#         2609
  C:3BB0H         LINE#         2610
  C:3BB0H         LINE#         2611
  C:3BB5H         LINE#         2612
  C:3BD5H         LINE#         2613
  C:3BD8H         LINE#         2614
  C:3BD8H         LINE#         2615
  C:3BEBH         LINE#         2616
  C:3BEBH         LINE#         2617
  C:3BF0H         LINE#         2618
  C:3BF8H         LINE#         2619
  C:3BFBH         LINE#         2620
  C:3BFBH         LINE#         2621
  C:3BFEH         LINE#         2623
  C:3BFEH         LINE#         2624
  C:3C01H         LINE#         2625
  C:3C21H         LINE#         2626
  C:3C24H         LINE#         2627
  C:3C24H         LINE#         2628
  C:3C26H         LINE#         2629
  C:3C29H         LINE#         2630
  C:3C2CH         LINE#         2631
  C:3C2CH         LINE#         2632
  C:3C35H         LINE#         2633
  C:3C38H         LINE#         2634
  C:3C38H         LINE#         2636
  C:3C3EH         LINE#         2637
  C:3C41H         LINE#         2638
  C:3C44H         LINE#         2639
  C:3C44H         LINE#         2640
  C:3C47H         LINE#         2641
  C:3C4FH         LINE#         2642
  C:3C55H         LINE#         2643
  C:3C58H         LINE#         2644
  C:3C58H         LINE#         2645
  C:3C61H         LINE#         2646
  C:3C64H         LINE#         2647
  C:3C64H         LINE#         2648
  C:3C66H         LINE#         2649
  C:3C69H         LINE#         2650
  C:3C6CH         LINE#         2651
  C:3C6CH         LINE#         2652
  C:3C83H         LINE#         2653
  C:3C86H         LINE#         2654
  C:3C86H         LINE#         2657
  C:3C8BH         LINE#         2658
  C:3C93H         LINE#         2659
  C:3C99H         LINE#         2661
  C:3C9CH         LINE#         2662
BL51 BANKED LINKER/LOCATER V6.22.2.0                                                  09/02/2021  16:32:27  PAGE 131


  C:3C9CH         LINE#         2663
  C:3C9FH         LINE#         2664
  C:3CBFH         LINE#         2665
  C:3CC2H         LINE#         2666
  C:3CC2H         LINE#         2667
  C:3CC5H         LINE#         2668
  C:3CE5H         LINE#         2669
  C:3CE8H         LINE#         2670
  C:3CE8H         LINE#         2671
  C:3CEBH         LINE#         2672
  C:3CF3H         LINE#         2673
  C:3CF9H         LINE#         2674
  C:3CFCH         LINE#         2675
  C:3CFCH         LINE#         2677
  C:3D07H         LINE#         2678
  C:3D0FH         LINE#         2679
  C:3D23H         LINE#         2680
  C:3D26H         LINE#         2681
  C:3D26H         LINE#         2682
  C:3D39H         LINE#         2683
  C:3D39H         LINE#         2684
  C:3D3CH         LINE#         2685
  C:3D3CH         LINE#         2686
  C:3D3FH         LINE#         2687
  C:3D3FH         LINE#         2688
  C:3D52H         LINE#         2689
  C:3D52H         LINE#         2690
  C:3D55H         LINE#         2691
  C:3D55H         LINE#         2692
  C:3D58H         LINE#         2693
  C:3D58H         LINE#         2694
  C:3D5BH         LINE#         2695
  C:3D5EH         LINE#         2697
  C:3D5EH         LINE#         2698
  C:3D64H         LINE#         2699
  C:3D64H         LINE#         2700
  C:3D67H         LINE#         2701
  C:3D67H         LINE#         2702
  C:3D67H         LINE#         2703
  C:3D6AH         LINE#         2707
  C:3D6AH         LINE#         2708
  C:3D70H         LINE#         2709
  C:3D76H         LINE#         2710
  C:3D76H         LINE#         2711
  C:3D7EH         LINE#         2712
  C:3D84H         LINE#         2714
  C:3D87H         LINE#         2715
  C:3D8FH         LINE#         2716
  C:3D8FH         LINE#         2718
  C:3D92H         LINE#         2719
  C:3D95H         LINE#         2720
  C:3D9DH         LINE#         2721
  C:3D9DH         LINE#         2722
  C:3DABH         LINE#         2723
  C:3DABH         LINE#         2724
  C:3DB4H         LINE#         2725
  C:3DB7H         LINE#         2726
BL51 BANKED LINKER/LOCATER V6.22.2.0                                                  09/02/2021  16:32:27  PAGE 132


  C:3DC3H         LINE#         2727
  C:3DC3H         LINE#         2728
  C:3DCCH         LINE#         2729
  C:3DCFH         LINE#         2731
  C:3DCFH         LINE#         2732
  C:3DD8H         LINE#         2733
  C:3DD8H         LINE#         2734
  C:3DDBH         LINE#         2735
  C:3DE3H         LINE#         2736
  C:3DE3H         LINE#         2737
  C:3DF1H         LINE#         2738
  C:3DF1H         LINE#         2739
  C:3E07H         LINE#         2740
  C:3E0AH         LINE#         2741
  C:3E16H         LINE#         2742
  C:3E16H         LINE#         2743
  C:3E1FH         LINE#         2744
  C:3E21H         LINE#         2745
  C:3E2FH         LINE#         2746
  C:3E2FH         LINE#         2747
  C:3E38H         LINE#         2748
  C:3E3AH         LINE#         2750
  C:3E3AH         LINE#         2751
  C:3E43H         LINE#         2752
  C:3E43H         LINE#         2753
  C:3E45H         LINE#         2754
  C:3E4DH         LINE#         2755
  C:3E4DH         LINE#         2756
  C:3E56H         LINE#         2757
  C:3E58H         LINE#         2758
  C:3E60H         LINE#         2759
  C:3E60H         LINE#         2760
  C:3E76H         LINE#         2761
  C:3E78H         LINE#         2763
  C:3E80H         LINE#         2764
  C:3E80H         LINE#         2765
  C:3E89H         LINE#         2766
  C:3E8BH         LINE#         2769
  C:3E93H         LINE#         2770
  C:3E93H         LINE#         2771
  C:3E9BH         LINE#         2772
  C:3E9DH         LINE#         2774
  C:3E9DH         LINE#         2775
  C:3EA6H         LINE#         2776
  C:3EA6H         LINE#         2777
  C:3EA8H         LINE#         2778
  C:3EA8H         LINE#         2779
  C:3EADH         LINE#         2780
  C:3EADH         LINE#         2782
  C:3EADH         LINE#         2783
  C:3EB2H         LINE#         2784
  -------         ENDPROC       _SECUENCIAEXPEDIDORMF
  -------         ENDMOD        VERIFICADOR

  -------         MODULE        MONITOR
  C:0000H         SYMBOL        _ICE_DUMMY_
  D:0080H         PUBLIC        P0
BL51 BANKED LINKER/LOCATER V6.22.2.0                                                  09/02/2021  16:32:27  PAGE 133


  D:0090H         PUBLIC        P1
  I:0011H         PUBLIC        placa
  B:0080H.2       PUBLIC        led_err_imp
  C:B85FH         PUBLIC        Rx_Monitor
  B:0080H.0       PUBLIC        rx_ip
  B:0090H.7       PUBLIC        lock
  C:8B7EH         PUBLIC        _recibe_cmd_Monitor
  C:BC61H         PUBLIC        clear_placa
  C:932DH         PUBLIC        _Valida_Trama_Monitor
  -------         PROC          _RECIBE_CMD_MONITOR
  X:0011H         SYMBOL        buffer_cmd
  -------         DO            
  X:0014H         SYMBOL        j
  X:0015H         SYMBOL        NumDatos
  X:0016H         SYMBOL        time_out
  X:0017H         SYMBOL        MaxChrRx
  X:0018H         SYMBOL        contador
  -------         ENDDO         
  C:8B7EH         LINE#         51
  C:8B89H         LINE#         52
  C:8B89H         LINE#         56
  C:8B8EH         LINE#         57
  C:8B94H         LINE#         58
  C:8B98H         LINE#         61
  C:8BACH         LINE#         62
  C:8BACH         LINE#         63
  C:8BB3H         LINE#         64
  C:8BB7H         LINE#         65
  C:8BC0H         LINE#         66
  C:8BC0H         LINE#         67
  C:8BCEH         LINE#         68
  C:8BE5H         LINE#         69
  C:8BE5H         LINE#         70
  C:8BEBH         LINE#         71
  C:8BF1H         LINE#         72
  C:8BF1H         LINE#         73
  C:8BF3H         LINE#         74
  C:8BFBH         LINE#         75
  C:8C01H         LINE#         77
  C:8C13H         LINE#         78
  C:8C25H         LINE#         79
  C:8C25H         LINE#         80
  C:8C2FH         LINE#         81
  C:8C2FH         LINE#         82
  C:8C38H         LINE#         84
  C:8C47H         LINE#         88
  C:8C4CH         LINE#         89
  -------         ENDPROC       _RECIBE_CMD_MONITOR
  -------         PROC          _VALIDA_TRAMA_MONITOR
  X:0011H         SYMBOL        buffer
  D:0005H         SYMBOL        length_trama
  -------         DO            
  X:0014H         SYMBOL        j
  X:0015H         SYMBOL        p
  X:0016H         SYMBOL        cont
  -------         ENDDO         
  C:932DH         LINE#         94
BL51 BANKED LINKER/LOCATER V6.22.2.0                                                  09/02/2021  16:32:27  PAGE 134


  C:9338H         LINE#         95
  C:9338H         LINE#         96
  C:933BH         LINE#         97
  C:933FH         LINE#         98
  C:9342H         LINE#         99
  C:9344H         LINE#         102
  C:9358H         LINE#         103
  C:9358H         LINE#         105
  C:935AH         LINE#         107
  C:9361H         LINE#         108
  C:9366H         LINE#         110
  C:9366H         LINE#         112
  C:9381H         LINE#         113
  C:9381H         LINE#         116
  C:9381H         LINE#         117
  C:93A2H         LINE#         118
  C:93A6H         LINE#         119
  C:93ACH         LINE#         120
  C:93BEH         LINE#         121
  C:93D6H         LINE#         122
  C:93DFH         LINE#         123
  C:93E1H         LINE#         124
  C:93E7H         LINE#         125
  C:93E9H         LINE#         127
  C:93E9H         LINE#         130
  -------         ENDPROC       _VALIDA_TRAMA_MONITOR
  -------         PROC          CLEAR_PLACA
  -------         DO            
  D:0007H         SYMBOL        i
  -------         ENDDO         
  C:BC61H         LINE#         131
  C:BC61H         LINE#         132
  C:BC61H         LINE#         134
  C:BC6DH         LINE#         135
  C:BC6DH         LINE#         136
  C:BC73H         LINE#         137
  C:BC76H         LINE#         138
  C:BC78H         LINE#         139
  C:BC7AH         LINE#         140
  -------         ENDPROC       CLEAR_PLACA
  -------         PROC          RX_MONITOR
  -------         DO            
  X:0003H         SYMBOL        Length_trama
  X:0004H         SYMBOL        buffer1
  -------         ENDDO         
  C:B85FH         LINE#         141
  C:B85FH         LINE#         142
  C:B85FH         LINE#         145
  C:B864H         LINE#         146
  C:B873H         LINE#         147
  C:B87CH         LINE#         148
  C:B88AH         LINE#         149
  -------         ENDPROC       RX_MONITOR
  -------         ENDMOD        MONITOR

  -------         MODULE        ?C?FPADD
  C:145DH         PUBLIC        ?C?FPADD
BL51 BANKED LINKER/LOCATER V6.22.2.0                                                  09/02/2021  16:32:27  PAGE 135


  C:1459H         PUBLIC        ?C?FPSUB
  -------         ENDMOD        ?C?FPADD

  -------         MODULE        ?C?FPMUL
  C:154EH         PUBLIC        ?C?FPMUL
  -------         ENDMOD        ?C?FPMUL

  -------         MODULE        ?C?FCAST
  C:165EH         PUBLIC        ?C?FCASTC
  C:1659H         PUBLIC        ?C?FCASTI
  C:1654H         PUBLIC        ?C?FCASTL
  -------         ENDMOD        ?C?FCAST

  -------         MODULE        ?C?CASTF
  C:1692H         PUBLIC        ?C?CASTF
  -------         ENDMOD        ?C?CASTF

  -------         MODULE        PRINTF
  X:0077H         PUBLIC        ?_PRINTF?BYTE
  X:0077H         PUBLIC        ?_SPRINTF?BYTE
  C:3F1EH         PUBLIC        _PRINTF
  C:3F18H         PUBLIC        _SPRINTF
  -------         ENDMOD        PRINTF

  -------         MODULE        POW
  X:0024H         PUBLIC        ?_pow?BYTE
  C:6714H         PUBLIC        _pow
  -------         ENDMOD        POW

  -------         MODULE        ?C?CHKFLOAT
  C:1713H         PUBLIC        ?C?CHKFLOAT
  -------         ENDMOD        ?C?CHKFLOAT

  -------         MODULE        ?C?FPCMP
  C:172FH         PUBLIC        ?C?FPCMP
  C:172DH         PUBLIC        ?C?FPCMP3
  -------         ENDMOD        ?C?FPCMP

  -------         MODULE        ?C?FPNEG
  C:17A6H         PUBLIC        ?C?FPNEG
  -------         ENDMOD        ?C?FPNEG

  -------         MODULE        ?C?FPROUND
  C:17B7H         PUBLIC        ?C?FPROUND
  -------         ENDMOD        ?C?FPROUND

  -------         MODULE        ?C?FPCONVERT
  C:17F4H         PUBLIC        ?C?FPCONVERT
  -------         ENDMOD        ?C?FPCONVERT

  -------         MODULE        EXP
  C:9CA9H         PUBLIC        _EXP
  -------         ENDMOD        EXP

  -------         MODULE        LOG
  C:7288H         PUBLIC        _LOG
  C:7284H         PUBLIC        _LOG10
BL51 BANKED LINKER/LOCATER V6.22.2.0                                                  09/02/2021  16:32:27  PAGE 136


  -------         ENDMOD        LOG

  -------         MODULE        ?C?FPDIV
  C:18FCH         PUBLIC        ?C?FPDIV
  -------         ENDMOD        ?C?FPDIV

  -------         MODULE        ?C?FTNPWR
  C:19C9H         PUBLIC        ?C?FTNPWR
  -------         ENDMOD        ?C?FTNPWR

  -------         MODULE        ?C?COPY
  C:1B26H         PUBLIC        ?C?COPY
  -------         ENDMOD        ?C?COPY

  -------         MODULE        ?C?CLDPTR
  C:1B4CH         PUBLIC        ?C?CLDPTR
  -------         ENDMOD        ?C?CLDPTR

  -------         MODULE        ?C?CLDOPTR
  C:1B65H         PUBLIC        ?C?CLDOPTR
  -------         ENDMOD        ?C?CLDOPTR

  -------         MODULE        ?C?CSTPTR
  C:1B92H         PUBLIC        ?C?CSTPTR
  -------         ENDMOD        ?C?CSTPTR

  -------         MODULE        ?C?CSTOPTR
  C:1BA4H         PUBLIC        ?C?CSTOPTR
  -------         ENDMOD        ?C?CSTOPTR

  -------         MODULE        ?C?IMUL
  C:1BC6H         PUBLIC        ?C?IMUL
  -------         ENDMOD        ?C?IMUL

  -------         MODULE        ?C?IILDX
  C:1BD8H         PUBLIC        ?C?IILDX
  -------         ENDMOD        ?C?IILDX

  -------         MODULE        ?C?LNEG
  C:1BEEH         PUBLIC        ?C?LNEG
  -------         ENDMOD        ?C?LNEG

  -------         MODULE        ?C?SLCMP
  C:1BFCH         PUBLIC        ?C?SLCMP
  -------         ENDMOD        ?C?SLCMP

  -------         MODULE        ?C?ULCMP
  C:1C12H         PUBLIC        ?C?ULCMP
  -------         ENDMOD        ?C?ULCMP

  -------         MODULE        ?C?ULSHR
  C:1C23H         PUBLIC        ?C?ULSHR
  -------         ENDMOD        ?C?ULSHR

  -------         MODULE        ?C?LSHL
  C:1C36H         PUBLIC        ?C?LSHL
  -------         ENDMOD        ?C?LSHL
BL51 BANKED LINKER/LOCATER V6.22.2.0                                                  09/02/2021  16:32:27  PAGE 137



  -------         MODULE        ?C?LLDCODE
  C:1C49H         PUBLIC        ?C?LLDCODE
  -------         ENDMOD        ?C?LLDCODE

  -------         MODULE        ?C?LLDXDATA0
  C:1C59H         PUBLIC        ?C?LLDXDATA0
  -------         ENDMOD        ?C?LLDXDATA0

  -------         MODULE        ?C?LLDCODE0
  C:1C65H         PUBLIC        ?C?LLDCODE0
  -------         ENDMOD        ?C?LLDCODE0

  -------         MODULE        ?C?LSTXDATA
  C:1C75H         PUBLIC        ?C?LSTXDATA
  -------         ENDMOD        ?C?LSTXDATA

  -------         MODULE        ?C?LSTKXDATA
  C:1C81H         PUBLIC        ?C?LSTKXDATA
  -------         ENDMOD        ?C?LSTKXDATA

  -------         MODULE        ?C?PLDIXDATA
  C:1CB2H         PUBLIC        ?C?PLDIXDATA
  -------         ENDMOD        ?C?PLDIXDATA

  -------         MODULE        ?C?PSTXDATA
  C:1CC9H         PUBLIC        ?C?PSTXDATA
  -------         ENDMOD        ?C?PSTXDATA

  -------         MODULE        ?C?CCASE
  C:1CD2H         PUBLIC        ?C?CCASE
  -------         ENDMOD        ?C?CCASE

  -------         MODULE        STRCAT
  X:0046H         PUBLIC        ?_strcat?BYTE
  C:ACB9H         PUBLIC        _strcat
  -------         ENDMOD        STRCAT

  -------         MODULE        ?C?STRCMP
  C:1E76H         PUBLIC        ?C?STRCMP
  -------         ENDMOD        ?C?STRCMP

  -------         MODULE        ?C?STRCPY
  C:1F5FH         PUBLIC        ?C?STRCPY
  -------         ENDMOD        ?C?STRCPY

  -------         MODULE        STRLEN
  C:000EH         PUBLIC        _STRLEN
  -------         ENDMOD        STRLEN

  -------         MODULE        STRTOK
  X:0064H         PUBLIC        ?_strtok?BYTE
  C:84A4H         PUBLIC        _strtok
  -------         ENDMOD        STRTOK

  -------         MODULE        ATOL
  C:77EDH         PUBLIC        _atol
BL51 BANKED LINKER/LOCATER V6.22.2.0                                                  09/02/2021  16:32:27  PAGE 138


  -------         ENDMOD        ATOL

  -------         MODULE        ATOI
  C:8742H         PUBLIC        _atoi
  -------         ENDMOD        ATOI

  -------         MODULE        ?C?ILDIX
  C:1F7CH         PUBLIC        ?C?ILDIX
  -------         ENDMOD        ?C?ILDIX

  -------         MODULE        ?C?LMUL
  C:1F92H         PUBLIC        ?C?LMUL
  -------         ENDMOD        ?C?LMUL

  -------         MODULE        ISDIGIT
  C:BD82H         PUBLIC        _isdigit
  -------         ENDMOD        ISDIGIT

  -------         MODULE        ISSPACE
  C:BCD2H         PUBLIC        _isspace
  -------         ENDMOD        ISSPACE

  -------         MODULE        STRSPN
  X:006AH         PUBLIC        ?_strspn?BYTE
  C:A661H         PUBLIC        _strspn
  -------         ENDMOD        STRSPN

  -------         MODULE        STRPBRK
  X:006AH         PUBLIC        ?_strpbrk?BYTE
  C:A86BH         PUBLIC        _strpbrk
  -------         ENDMOD        STRPBRK

Program Size: data=99.1 xdata=543 code=48646
LINK/LOCATE RUN COMPLETE.  0 WARNING(S),  0 ERROR(S)
