BL51 BANKED LINKER/LOCATER V6.22.2.0                                                    08/31/2021  16:49:19  PAGE 1


BL51 BANKED LINKER/LOCATER V6.22.2.0, INVOKED BY:
C:\KEIL_V5\C51\BIN\BL51.EXE .\Objects\main.obj, .\Objects\Accescan.obj, .\Objects\Clock.obj, .\Objects\delay.obj, .\Obje
>> cts\eeprom.obj, .\Objects\io_sensores.obj, .\Objects\pantallas.obj, .\Objects\prog.obj, .\Objects\pto_paralelo.obj, .
>> \Objects\tibbo.obj, .\Objects\uart.obj, .\Objects\lintech.obj, .\Objects\verificador.obj, .\Objects\Monitor.obj TO .\
>> Objects\expedidor_v_01_raspberry PRINT (.\Listings\expedidor_v_01_raspberry.m51) RAMSIZE (256)


MEMORY MODEL: LARGE WITH FLOATING POINT ARITHMETIC


INPUT MODULES INCLUDED:
  .\Objects\main.obj (MAIN)
  .\Objects\Accescan.obj (ACCESCAN)
  .\Objects\Clock.obj (CLOCK)
  .\Objects\delay.obj (DELAY)
  .\Objects\eeprom.obj (EEPROM)
  .\Objects\io_sensores.obj (IO_SENSORES)
  .\Objects\pantallas.obj (PANTALLAS)
  .\Objects\prog.obj (PROG)
  .\Objects\pto_paralelo.obj (PTO_PARALELO)
  .\Objects\tibbo.obj (TIBBO)
  .\Objects\uart.obj (UART)
  .\Objects\lintech.obj (LINTECH)
  .\Objects\verificador.obj (VERIFICADOR)
  .\Objects\Monitor.obj (MONITOR)
  C:\KEIL_V5\C51\LIB\C51FPL.LIB (?C?FPADD)
  C:\KEIL_V5\C51\LIB\C51FPL.LIB (?C?FPMUL)
  C:\KEIL_V5\C51\LIB\C51FPL.LIB (?C?FCAST)
  C:\KEIL_V5\C51\LIB\C51FPL.LIB (?C?CASTF)
  C:\KEIL_V5\C51\LIB\C51FPL.LIB (PRINTF)
  C:\KEIL_V5\C51\LIB\C51FPL.LIB (POW)
  C:\KEIL_V5\C51\LIB\C51FPL.LIB (?C?FPGETOPN)
  C:\KEIL_V5\C51\LIB\C51FPL.LIB (?C?CHKFLOAT)
  C:\KEIL_V5\C51\LIB\C51FPL.LIB (?C?FPCMP)
  C:\KEIL_V5\C51\LIB\C51FPL.LIB (?C?FPNEG)
  C:\KEIL_V5\C51\LIB\C51FPL.LIB (?C?FPROUND)
  C:\KEIL_V5\C51\LIB\C51FPL.LIB (?C?FPCONVERT)
  C:\KEIL_V5\C51\LIB\C51FPL.LIB (EXP)
  C:\KEIL_V5\C51\LIB\C51FPL.LIB (LOG)
  C:\KEIL_V5\C51\LIB\C51FPL.LIB (?C?FPDIV)
  C:\KEIL_V5\C51\LIB\C51FPL.LIB (?C?FTNPWR)
  C:\KEIL_V5\C51\LIB\C51FPL.LIB (?C?FPSERIES)
  C:\KEIL_V5\C51\LIB\C51L.LIB (?C_STARTUP)
  C:\KEIL_V5\C51\LIB\C51L.LIB (?C?COPY)
  C:\KEIL_V5\C51\LIB\C51L.LIB (?C?CLDPTR)
  C:\KEIL_V5\C51\LIB\C51L.LIB (?C?CLDOPTR)
  C:\KEIL_V5\C51\LIB\C51L.LIB (?C?CSTPTR)
  C:\KEIL_V5\C51\LIB\C51L.LIB (?C?CSTOPTR)
  C:\KEIL_V5\C51\LIB\C51L.LIB (?C?IMUL)
  C:\KEIL_V5\C51\LIB\C51L.LIB (?C?IILDX)
  C:\KEIL_V5\C51\LIB\C51L.LIB (?C?LNEG)
  C:\KEIL_V5\C51\LIB\C51L.LIB (?C?SLCMP)
  C:\KEIL_V5\C51\LIB\C51L.LIB (?C?ULCMP)
  C:\KEIL_V5\C51\LIB\C51L.LIB (?C?ULSHR)
  C:\KEIL_V5\C51\LIB\C51L.LIB (?C?LSHL)
  C:\KEIL_V5\C51\LIB\C51L.LIB (?C?LLDCODE)
  C:\KEIL_V5\C51\LIB\C51L.LIB (?C?LLDXDATA0)
  C:\KEIL_V5\C51\LIB\C51L.LIB (?C?LLDCODE0)
BL51 BANKED LINKER/LOCATER V6.22.2.0                                                  08/31/2021  16:49:19  PAGE 2


  C:\KEIL_V5\C51\LIB\C51L.LIB (?C?LSTXDATA)
  C:\KEIL_V5\C51\LIB\C51L.LIB (?C?LSTKXDATA)
  C:\KEIL_V5\C51\LIB\C51L.LIB (?C?PLDIXDATA)
  C:\KEIL_V5\C51\LIB\C51L.LIB (?C?PSTXDATA)
  C:\KEIL_V5\C51\LIB\C51L.LIB (?C?CCASE)
  C:\KEIL_V5\C51\LIB\C51L.LIB (STRCAT)
  C:\KEIL_V5\C51\LIB\C51L.LIB (?C?STRCMP)
  C:\KEIL_V5\C51\LIB\C51L.LIB (?C?STRCPY)
  C:\KEIL_V5\C51\LIB\C51L.LIB (STRLEN)
  C:\KEIL_V5\C51\LIB\C51L.LIB (STRTOK)
  C:\KEIL_V5\C51\LIB\C51L.LIB (ATOL)
  C:\KEIL_V5\C51\LIB\C51L.LIB (ATOI)
  C:\KEIL_V5\C51\LIB\C51L.LIB (?C_INIT)
  C:\KEIL_V5\C51\LIB\C51L.LIB (?C?ILDIX)
  C:\KEIL_V5\C51\LIB\C51L.LIB (?C?LMUL)
  C:\KEIL_V5\C51\LIB\C51L.LIB (ISDIGIT)
  C:\KEIL_V5\C51\LIB\C51L.LIB (ISSPACE)
  C:\KEIL_V5\C51\LIB\C51L.LIB (STRSPN)
  C:\KEIL_V5\C51\LIB\C51L.LIB (STRPBRK)


LINK MAP OF MODULE:  .\Objects\expedidor_v_01_raspberry (MAIN)


            TYPE    BASE      LENGTH    RELOCATION   SEGMENT NAME
            -----------------------------------------------------

            * * * * * * *   D A T A   M E M O R Y   * * * * * * *
            REG     0000H     0008H     ABSOLUTE     "REG BANK 0"
            DATA    0008H     0005H     UNIT         _DATA_GROUP_
            DATA    000DH     0004H     UNIT         ?DT?UART
            IDATA   0011H     0009H     UNIT         ?ID?MONITOR
                    001AH     0006H                  *** GAP ***
            BIT     0020H.0   0001H.1   UNIT         _BIT_GROUP_
            BIT     0021H.1   0000H.3   UNIT         ?BI?MAIN
            BIT     0021H.4   0000H.2   UNIT         ?BI?UART
            BIT     0021H.6   0000H.1   UNIT         ?BI?EEPROM
            BIT     0021H.7   0000H.1   UNIT         ?BI?IO_SENSORES
            BIT     0022H.0   0000H.1   UNIT         ?BI?VERIFICADOR
                    0022H.1   0000H.7                *** GAP ***
            IDATA   0023H     0046H     UNIT         ?ID?MAIN
            IDATA   0069H     0001H     UNIT         ?STACK

            * * * * * * *  X D A T A   M E M O R Y  * * * * * * *
            XDATA   0000H     00B7H     UNIT         _XDATA_GROUP_
            XDATA   00B7H     0091H     UNIT         ?XD?VERIFICADOR
            XDATA   0148H     006EH     UNIT         ?XD?MAIN
            XDATA   01B6H     005CH     UNIT         ?XD?PROG
            XDATA   0212H     0003H     UNIT         ?XD?EEPROM
            XDATA   0215H     0003H     UNIT         ?XD?UART
            XDATA   0218H     0003H     UNIT         ?XD?STRTOK
            XDATA   021BH     0002H     UNIT         ?XD?IO_SENSORES
            XDATA   021DH     0001H     UNIT         ?XD?ACCESCAN
            XDATA   021EH     0001H     UNIT         ?XD?CLOCK

            * * * * * * *   C O D E   M E M O R Y   * * * * * * *
            CODE    0000H     0003H     ABSOLUTE     
BL51 BANKED LINKER/LOCATER V6.22.2.0                                                  08/31/2021  16:49:19  PAGE 3


            CODE    0003H     0008H     UNIT         ?PR?P_CK?CLOCK
            CODE    000BH     0003H     ABSOLUTE     
            CODE    000EH     0015H     UNIT         ?PR?_STRLEN?STRLEN
            CODE    0023H     0003H     ABSOLUTE     
            CODE    0026H     1430H     UNIT         ?CO?PROG
            CODE    1456H     0B8BH     UNIT         ?C?LIB_CODE
            CODE    1FE1H     0747H     UNIT         ?PR?_PANTALLALCD?PANTALLAS
            CODE    2728H     06EFH     UNIT         ?CO?PANTALLAS
            CODE    2E17H     0690H     UNIT         ?CO?VERIFICADOR
            CODE    34A7H     053DH     UNIT         ?PR?_VALIDA_TRAMA_PTO?ACCESCAN
            CODE    39E4H     04E3H     UNIT         ?PR?_SECUENCIAEXPEDIDORMF?VERIFICADOR
            CODE    3EC7H     0483H     UNIT         ?PR?PRINTF?PRINTF
            CODE    434AH     03C8H     UNIT         ?PR?VER_PROG?PROG
            CODE    4712H     02D0H     UNIT         ?PR?_TWO_BYTEHEX_DECIMAL?CLOCK
            CODE    49E2H     02B7H     UNIT         ?PR?_PROG_HORARIO_DIAS?PROG
            CODE    4C99H     02A5H     UNIT         ?PR?_PANTALLALCD_LINEA_2?PANTALLAS
            CODE    4F3EH     02A3H     UNIT         ?PR?_ARMAR_TRAMA_MONITOR?VERIFICADOR
            CODE    51E1H     0256H     UNIT         ?PR?_ARMAR_TRAMA_PTO_PARALELO_EXPEDIDOR?VERIFICADOR
            CODE    5437H     0254H     UNIT         ?PR?MENU?PROG
            CODE    568BH     0208H     UNIT         ?PR?_HASH_ID?PROG
            CODE    5893H     01FAH     UNIT         ?PR?_PROG_HORARIO_DESDE_HASTA?PROG
            CODE    5A8DH     01F5H     UNIT         ?PR?PROG_FECHA_VENCIMIENTO?PROG
            CODE    5C82H     01F5H     UNIT         ?PR?COM_ISR?UART
            CODE    5E77H     01EBH     UNIT         ?PR?_ARMAR_TRAMA_TARJETA_SECTOR1_BLOQUE2?VERIFICADOR
            CODE    6062H     01DDH     UNIT         ?PR?_RESPONDE_LECTURA_TARJETA_SECTOR1_BLOQUE1?VERIFICADOR
            CODE    623FH     01D8H     UNIT         ?PR?_BLOCK_READ_CLOCK_ASCII_RASBERRY?CLOCK
            CODE    6417H     01A3H     UNIT         ?CO?LINTECH
            CODE    65BAH     016EH     UNIT         ?PR?_BLOCK_READ_CLOCK_ASCII?CLOCK
            CODE    6728H     0166H     UNIT         ?PR?_POW?POW
            CODE    688EH     0157H     UNIT         ?PR?_RESPONDE_REELECTURA_TARJETA_SECTOR1_BLOQUE2?VERIFICADOR
            CODE    69E5H     0145H     UNIT         ?PR?PROG_HORARIOS?PROG
            CODE    6B2AH     013EH     UNIT         ?PR?PROG_SIN_COBRO?PROG
            CODE    6C68H     013EH     UNIT         ?PR?SECUENCIA_INICIO_EXPEDIDOR?VERIFICADOR
            CODE    6DA6H     013CH     UNIT         ?PR?LOAD_AND_SEND_ID_COD?PTO_PARALELO
            CODE    6EE2H     0137H     UNIT         ?PR?VER_HORARIO?PROG
            CODE    7019H     012EH     UNIT         ?PR?_ARMAR_TRAMA_PTO_PARALELO_EXPEDIDOR_MENSUAL?VERIFICADOR
            CODE    7147H     0129H     UNIT         ?PR?_RESPONDE_LECTURA_TARJETA_SECTOR1_BLOQUE2?VERIFICADOR
            CODE    7270H     0129H     UNIT         ?PR?LOG?LOG
            CODE    7399H     0128H     UNIT         ?PR?_VER_HORARIO_DIAS?PROG
            CODE    74C1H     011AH     UNIT         ?PR?_PROG_HORARIOS_ON_OFF?PROG
            CODE    75DBH     0119H     UNIT         ?PR?_VER_HORARIO_DESDE_HASTA?PROG
            CODE    76F4H     0115H     UNIT         ?PR?_VALIDAR_CLK?CLOCK
            CODE    7809H     010CH     UNIT         ?PR?_ATOL?ATOL
            CODE    7915H     0100H     UNIT         ?PR?_WR_MF?LINTECH
            CODE    7A15H     00FCH     UNIT         ?PR?PROG_DEBUG?PROG
            CODE    7B11H     00FCH     UNIT         ?PR?PROG_USE_LPR?PROG
            CODE    7C0DH     00FCH     UNIT         ?PR?TIPO_PANTALLA?PROG
            CODE    7D09H     00FCH     UNIT         ?PR?PROG_ANTIPASSBACK?PROG
            CODE    7E05H     00FCH     UNIT         ?PR?PROG_PLACA?PROG
            CODE    7F01H     00FCH     UNIT         ?PR?PROG_VALIDAR_TIPO_VEHICULO_MENSUAL?PROG
            CODE    7FFDH     00FCH     UNIT         ?PR?PROG_APB_MENSUAL?PROG
            CODE    80F9H     00FCH     UNIT         ?PR?PROG_MENSUALES?PROG
            CODE    81F5H     00F1H     UNIT         ?PR?_WRITE_EEPROM_TICKET?EEPROM
            CODE    82E6H     00F0H     UNIT         ?CO?IO_SENSORES
            CODE    83D6H     00EAH     UNIT         ?PR?_MOV_CARD?LINTECH
            CODE    84C0H     00E4H     UNIT         ?PR?_STRTOK?STRTOK
            CODE    85A4H     00DEH     UNIT         ?PR?PROG_ADDRESS_HIGH_BOARD?PROG
BL51 BANKED LINKER/LOCATER V6.22.2.0                                                  08/31/2021  16:49:19  PAGE 4


            CODE    8682H     00DEH     UNIT         ?PR?_DWLOAD_EEPROM_PROG?LINTECH
            CODE    8760H     00DCH     UNIT         ?PR?_RTA_CMD_TRANSPORTE?VERIFICADOR
            CODE    883CH     00DBH     UNIT         ?PR?_ATOI?ATOI
            CODE    8917H     00DAH     UNIT         ?C_INITSEG
            CODE    89F1H     00DAH     UNIT         ?PR?_VALIDA_TIPO_TARJETA?VERIFICADOR
            CODE    8ACBH     00D7H     UNIT         ?PR?_ANALIZA_UID_CARD?VERIFICADOR
            CODE    8BA2H     00D7H     UNIT         ?PR?_RESPUESTA_PLACA_CANCEL?VERIFICADOR
            CODE    8C79H     00D6H     UNIT         ?PR?_CMD_LPR_SALIDA_WIEGAND?ACCESCAN
            CODE    8D4FH     00CFH     UNIT         ?PR?_RECIBE_CMD_MONITOR?MONITOR
            CODE    8E1EH     00CCH     UNIT         ?PR?_GRABA_SERIE?EEPROM
            CODE    8EEAH     00CAH     UNIT         ?PR?READ_EEPROM_TICKET?EEPROM
            CODE    8FB4H     00C9H     UNIT         ?PR?_CHECK_FECHAOUT?CLOCK
            CODE    907DH     00C4H     UNIT         ?PR?_BLOCK_READ_CLOCK?CLOCK
            CODE    9141H     00C3H     UNIT         ?PR?_RD_MF?LINTECH
            CODE    9204H     00C2H     UNIT         ?PR?PROG_TARJETA_AUTOMATICA_O_BOTON?PROG
            CODE    92C6H     00BEH     UNIT         ?PR?ERROR_RX_PTO?VERIFICADOR
            CODE    9384H     00BDH     UNIT         ?PR?PROG_COD_PARK?PROG
            CODE    9441H     00BDH     UNIT         ?PR?PROG_TIEMPO_GRACIA?PROG
            CODE    94FEH     00BDH     UNIT         ?PR?_VALIDA_TRAMA_MONITOR?MONITOR
            CODE    95BBH     00B9H     UNIT         ?CO?TIBBO
            CODE    9674H     00B8H     UNIT         ?PR?_WAIT_PLACA?VERIFICADOR
            CODE    972CH     00B6H     UNIT         ?PR?PROG_ID_CLIENTE?PROG
            CODE    97E2H     00B2H     UNIT         ?PR?_SEND_PORT?PTO_PARALELO
            CODE    9894H     00AFH     UNIT         ?PR?MSJ_LCD_INFORMATIVO?IO_SENSORES
            CODE    9943H     00AAH     UNIT         ?PR?CLAVE_SEGURIDAD_S2?LINTECH
            CODE    99EDH     00A9H     UNIT         ?PR?DWLOAD_EEPROM?LINTECH
            CODE    9A96H     00A6H     UNIT         ?PR?_BLOCK_READ_CLOCK_HEX?CLOCK
            CODE    9B3CH     00A5H     UNIT         ?PR?_SEND_PTO_PARALELO?VERIFICADOR
            CODE    9BE1H     00A4H     UNIT         ?PR?_ARMAR_TRAMA_TARJETA_SECTOR1_BLOQUE1_CAMCEL?VERIFICADOR
            CODE    9C85H     00A2H     UNIT         ?PR?SHOW?PROG
            CODE    9D27H     00A1H     UNIT         ?PR?_BLOCK_WRITE_CLOCK_ASCII?CLOCK
            CODE    9DC8H     009EH     UNIT         ?PR?INGRESO_VEHICULO?VERIFICADOR
            CODE    9E66H     009DH     UNIT         ?PR?_INICIALIZA?LINTECH
            CODE    9F03H     009BH     UNIT         ?PR?ENTREGA_CARD_CAPTURA?VERIFICADOR
            CODE    9F9EH     009AH     UNIT         ?PR?EXP?EXP
            CODE    A038H     0099H     UNIT         ?PR?_RECIBE_PORT?PTO_PARALELO
            CODE    A0D1H     0098H     UNIT         ?PR?_RESPONDE_LECTURA_TARJETA_SECTOR1_BLOQUE0?VERIFICADOR
            CODE    A169H     0091H     UNIT         ?PR?_HEX_ASCII?CLOCK
            CODE    A1FAH     0091H     UNIT         ?PR?_CARD_INSERCION?LINTECH
            CODE    A28BH     0090H     UNIT         ?PR?_LEE_CLK?CLOCK
            CODE    A31BH     0090H     UNIT         ?PR?_GETOPTION?PROG
            CODE    A3ABH     0090H     UNIT         ?PR?_DISPARO_LOCK_ENTRADA_VEHICULO?VERIFICADOR
            CODE    A43BH     008DH     UNIT         ?PR?LOADVERIFY_EEPROM?LINTECH
            CODE    A4C8H     008CH     UNIT         ?C_C51STARTUP
            CODE    A554H     0088H     UNIT         ?PR?_SEND_PORTERR?PTO_PARALELO
            CODE    A5DCH     0088H     UNIT         ?PR?RX_DATA?TIBBO
            CODE    A664H     0088H     UNIT         ?PR?UNIQUE_IDENTIFIER_UID?LINTECH
            CODE    A6ECH     0086H     UNIT         ?PR?_CHECK_STATUS?LINTECH
            CODE    A772H     0084H     UNIT         ?PR?_DEBUGBUFFERMF?TIBBO
            CODE    A7F6H     0084H     UNIT         ?PR?_STRSPN?STRSPN
            CODE    A87AH     0083H     UNIT         ?PR?_RASPBERRY_DATA?PANTALLAS
            CODE    A8FDH     0082H     UNIT         ?PR?RESPONDE_TIPO_TARJETA?VERIFICADOR
            CODE    A97FH     0081H     UNIT         ?PR?MAIN?MAIN
            CODE    AA00H     0081H     UNIT         ?PR?_STRPBRK?STRPBRK
            CODE    AA81H     0080H     UNIT         ?PR?_INGRESADATO?PROG
            CODE    AB01H     0080H     UNIT         ?PR?AUT_CARD_CHECK_STATUS?LINTECH
            CODE    AB81H     0080H     UNIT         ?PR?POWER_OFF?LINTECH
BL51 BANKED LINKER/LOCATER V6.22.2.0                                                  08/31/2021  16:49:19  PAGE 5


            CODE    AC01H     007DH     UNIT         ?PR?RELOJ_PANTALLA_LCD?PANTALLAS
            CODE    AC7EH     0078H     UNIT         ?PR?RESPONDE_ESTADO_SENSORES_TRANSPORTE?VERIFICADOR
            CODE    ACF6H     0074H     UNIT         ?PR?_HORA_ENTRADA_VEHICULO?CLOCK
            CODE    AD6AH     006FH     UNIT         ?PR?_ESCRIBIRMEMORIA?EEPROM
            CODE    ADD9H     006CH     UNIT         ?PR?_RESPONDE_WRITE_TARJETA_SECTOR1_BLOQUE2?VERIFICADOR
            CODE    AE45H     006BH     UNIT         ?PR?_STRCAT?STRCAT
            CODE    AEB0H     0066H     UNIT         ?PR?_LEERMEMORIA?EEPROM
            CODE    AF16H     0062H     UNIT         ?PR?_LISTACOMANDOS?PROG
            CODE    AF78H     005EH     UNIT         ?PR?_BYTEHEX_DECIMAL?CLOCK
            CODE    AFD6H     005DH     UNIT         ?PR?_PREGUNTA_LPR?VERIFICADOR
            CODE    B033H     005DH     UNIT         ?PR?_RESPUESTA_SEGUNDA_CLAVE?VERIFICADOR
            CODE    B090H     005CH     UNIT         ?PR?_ARMAR_TRAMA_PLACA?VERIFICADOR
            CODE    B0ECH     005BH     UNIT         ?PR?VALIDA_SENSOR1_AUTO?IO_SENSORES
            CODE    B147H     0057H     UNIT         ?PR?FORMATO_EEPROM?EEPROM
            CODE    B19EH     0056H     UNIT         ?PR?_WR_EEPROM?EEPROM
            CODE    B1F4H     004FH     UNIT         ?PR?_DEBUG_BUFFER_RS232_LCD?TIBBO
            CODE    B243H     004DH     UNIT         ?PR?VARIABLE_INICIO?MAIN
            CODE    B290H     004DH     UNIT         ?PR?L_D_M?EEPROM
            CODE    B2DDH     004CH     UNIT         ?PR?LEE_NO_TICKET?EEPROM
            CODE    B329H     004CH     UNIT         ?PR?LOAD_AND_SEND_INFO_RELOJ?PTO_PARALELO
            CODE    B375H     004BH     UNIT         ?PR?_TX_AUX?TIBBO
            CODE    B3C0H     0049H     UNIT         ?PR?_DEBUG_TXT_TIBBO?TIBBO
            CODE    B409H     0048H     UNIT         ?PR?FIRST_CLAVE?PROG
            CODE    B451H     0047H     UNIT         ?PR?_DEBUG_CHR_TIBBO?TIBBO
            CODE    B498H     0047H     UNIT         ?PR?_DEBUG_CHR_RS232_LCD?TIBBO
            CODE    B4DFH     0047H     UNIT         ?PR?_RESPONDE_WRITE_TARJETA_SECTOR2_BLOQUE0?VERIFICADOR
            CODE    B526H     0046H     UNIT         ?PR?_ESCRIBIRCADENASOFT_BUFFER?MAIN
            CODE    B56CH     0046H     UNIT         ?PR?_LCD_TXT_NUM_CHAR?PANTALLAS
            CODE    B5B2H     0046H     UNIT         ?PR?_DEBUG_HEXDEC?TIBBO
            CODE    B5F8H     0044H     UNIT         ?PR?_LCD_TXT?PANTALLAS
            CODE    B63CH     0043H     UNIT         ?PR?DIR_BOARD?IO_SENSORES
            CODE    B67FH     0042H     UNIT         ?CO?EEPROM
            CODE    B6C1H     0042H     UNIT         ?PR?_VALIDARCLAVE?PROG
            CODE    B703H     0041H     UNIT         ?PR?_MONITOR_CHR?ACCESCAN
            CODE    B744H     0041H     UNIT         ?PR?_TWO_ONE?CLOCK
            CODE    B785H     0040H     UNIT         ?PR?_GETCMD?PROG
            CODE    B7C5H     0040H     UNIT         ?PR?_DEBUG_PTO_PARALELO?TIBBO
            CODE    B805H     003FH     UNIT         ?PR?_EB_CLK?CLOCK
            CODE    B844H     003EH     UNIT         ?PR?_PUTCHAR?MAIN
            CODE    B882H     003EH     UNIT         ?PR?COM_BAUDRATE?UART
            CODE    B8C0H     003EH     UNIT         ?PR?TRAMA_VALIDACION_P_N?VERIFICADOR
            CODE    B8FEH     003DH     UNIT         ?PR?_HEX_BCD?CLOCK
            CODE    B93BH     003DH     UNIT         ?PR?_RD_EEPROM?EEPROM
            CODE    B978H     003DH     UNIT         ?PR?_DEBUG_MONITOR?TIBBO
            CODE    B9B5H     003DH     UNIT         ?PR?_LOAD_SECUENCIA_EXPEDIDOR?VERIFICADOR
            CODE    B9F2H     003BH     UNIT         ?CO?ACCESCAN
            CODE    BA2DH     003BH     UNIT         ?PR?_COM_PUTCHAR?UART
            CODE    BA68H     003AH     UNIT         ?PR?_DELAY_10MS?DELAY
            CODE    BAA2H     0039H     UNIT         ?PR?RX_MONITOR?MONITOR
            CODE    BADBH     0038H     UNIT         ?PR?VALIDASENSORESPASO?IO_SENSORES
            CODE    BB13H     0038H     UNIT         ?PR?_DEBUG_TXT_RS232?TIBBO
            CODE    BB4BH     0036H     UNIT         ?PR?_RESPONDE_WRITE_TARJETA_SECTOR1_BLOQUE1?VERIFICADOR
            CODE    BB81H     0036H     UNIT         ?PR?_RESPONDE_WRITE_TARJETA_SECTOR1_BLOQUE0?VERIFICADOR
            CODE    BBB7H     0034H     UNIT         ?PR?INCREMENTE_TICKET?EEPROM
            CODE    BBEBH     0034H     UNIT         ?PR?ADDR_HORARIOS?PROG
            CODE    BC1FH     0031H     UNIT         ?PR?_TARJETA_ROTACION?VERIFICADOR
            CODE    BC50H     0030H     UNIT         ?PR?PREGUNTA_PLACA_HABILITADA?VERIFICADOR
BL51 BANKED LINKER/LOCATER V6.22.2.0                                                  08/31/2021  16:49:19  PAGE 6


            CODE    BC80H     002EH     UNIT         ?PR?TIMER0_INT?MAIN
            CODE    BCAEH     002AH     UNIT         ?PR?COM_INITIALIZE?UART
            CODE    BCD8H     002AH     UNIT         ?PR?ANALIZA_PRESENCIA_ROTACION?VERIFICADOR
            CODE    BD02H     0028H     UNIT         ?PR?_WR_CLK?CLOCK
            CODE    BD2AH     0028H     UNIT         ?PR?_ARMAR_TRAMA_TARJETA_SECTOR1_BLOQUE0?VERIFICADOR
            CODE    BD52H     0027H     UNIT         ?PR?_TX_CHRLCD?PANTALLAS
            CODE    BD79H     0026H     UNIT         ?PR?COM_GETCHAR?UART
            CODE    BD9FH     0022H     UNIT         ?PR?_E_D_M?EEPROM
            CODE    BDC1H     0022H     UNIT         ?PR?VALIDASENSOR_CERO?IO_SENSORES
            CODE    BDE3H     0021H     UNIT         ?CO?PTO_PARALELO
            CODE    BE04H     0020H     UNIT         ?PR?ACKD?EEPROM
            CODE    BE24H     0020H     UNIT         ?PR?ACK_LECT?EEPROM
            CODE    BE44H     001FH     UNIT         ?PR?VALIDASENSOR?IO_SENSORES
            CODE    BE63H     001EH     UNIT         ?PR?_BCD_HEX?CLOCK
            CODE    BE81H     001BH     UNIT         ?PR?_DELAY_1MS?DELAY
            CODE    BE9CH     001AH     UNIT         ?PR?CLEAR_PLACA?MONITOR
            CODE    BEB6H     0017H     UNIT         ?PR?DISPLAYCURSOR?PROG
            CODE    BECDH     0016H     UNIT         ?PR?DIR_BOARD_MONITOR?IO_SENSORES
            CODE    BEE3H     0016H     UNIT         ?PR?TIME_BIT?TIBBO
            CODE    BEF9H     0014H     UNIT         ?CO?CLOCK
            CODE    BF0DH     0014H     UNIT         ?PR?_ISSPACE?ISSPACE
            CODE    BF21H     0012H     UNIT         ?PR?_DELAY_20US?DELAY
            CODE    BF33H     0012H     UNIT         ?PR?START?EEPROM
            CODE    BF45H     0012H     UNIT         ?PR?BOTTON?IO_SENSORES
            CODE    BF57H     0012H     UNIT         ?PR?PULSO_BUS?PTO_PARALELO
            CODE    BF69H     0012H     UNIT         ?PR?COM_RBUFLEN?UART
            CODE    BF7BH     0012H     UNIT         ?PR?COM_TBUFLEN?UART
            CODE    BF8DH     0010H     UNIT         ?PR?INI_TIMER?MAIN
            CODE    BF9DH     0010H     UNIT         ?PR?INICIA_BOARD?MAIN
            CODE    BFADH     0010H     UNIT         ?PR?TIME_MBIT?TIBBO
            CODE    BFBDH     000FH     UNIT         ?PR?_ISDIGIT?ISDIGIT
            CODE    BFCCH     000CH     UNIT         ?PR?_GETKEY?MAIN
            CODE    BFD8H     000AH     UNIT         ?PR?STOP?EEPROM
            CODE    BFE2H     000AH     UNIT         ?PR?COND_INI_PTO?PTO_PARALELO
            CODE    BFECH     0009H     UNIT         ?PR?DEBUG_DIVIDIR_TEXTO?TIBBO
            CODE    BFF5H     0007H     UNIT         ?PR?COND_INI_CLOCK?CLOCK
            CODE    BFFCH     0007H     UNIT         ?PR?SEL_FUNCION?IO_SENSORES
            CODE    C003H     0007H     UNIT         ?PR?SEL_AUTO?IO_SENSORES
            CODE    C00AH     0007H     UNIT         ?PR?SEL_PULSA?IO_SENSORES
            CODE    C011H     0007H     UNIT         ?PR?SEL_SENSOR2?IO_SENSORES
            CODE    C018H     0007H     UNIT         ?PR?SEL_SENSOR1?IO_SENSORES
            CODE    C01FH     0007H     UNIT         ?PR?SEL_DIR1?IO_SENSORES
            CODE    C026H     0007H     UNIT         ?PR?SEL_DIR2?IO_SENSORES
            CODE    C02DH     0006H     UNIT         ?PR?P_ME?EEPROM
            CODE    C033H     0005H     UNIT         ?PR?ON_TIMER0_INTERRUP?MAIN
            CODE    C038H     0005H     UNIT         ?PR?COND_INI_TIBBO?TIBBO
            CODE    C03DH     0003H     UNIT         ?PR?OFF_TIMER0_INTERRUP?MAIN
            CODE    C040H     0001H     UNIT         ?PR?DELAY?DELAY



OVERLAY MAP OF MODULE:   .\Objects\expedidor_v_01_raspberry (MAIN)


SEGMENT                                             BIT_GROUP          DATA_GROUP          XDATA_GROUP
  +--> CALLED SEGMENT                            START    LENGTH     START    LENGTH     START    LENGTH
--------------------------------------------------------------------------------------------------------
BL51 BANKED LINKER/LOCATER V6.22.2.0                                                  08/31/2021  16:49:19  PAGE 7


?C_C51STARTUP                                    -----    -----      -----    -----      -----    -----
  +--> ?PR?MAIN?MAIN
  +--> ?C_INITSEG

?PR?MAIN?MAIN                                    -----    -----      -----    -----      0000H    0001H
  +--> ?PR?INI_TIMER?MAIN
  +--> ?PR?ON_TIMER0_INTERRUP?MAIN
  +--> ?PR?COM_INITIALIZE?UART
  +--> ?PR?COM_BAUDRATE?UART
  +--> ?PR?INICIA_BOARD?MAIN
  +--> ?PR?TIME_BIT?TIBBO
  +--> ?PR?_DELAY_20US?DELAY
  +--> ?PR?TIME_MBIT?TIBBO
  +--> ?PR?_TX_AUX?TIBBO
  +--> ?PR?SEL_FUNCION?IO_SENSORES
  +--> ?PR?MENU?PROG
  +--> ?PR?VARIABLE_INICIO?MAIN
  +--> ?PR?SECUENCIA_INICIO_EXPEDIDOR?VERIFI...
  +--> ?PR?RX_MONITOR?MONITOR
  +--> ?PR?_SECUENCIAEXPEDIDORMF?VERIFICADOR
  +--> ?PR?_RECIBE_PORT?PTO_PARALELO
  +--> ?PR?_DEBUG_PTO_PARALELO?TIBBO
  +--> ?PR?_VALIDA_TRAMA_PTO?ACCESCAN
  +--> ?PR?MSJ_LCD_INFORMATIVO?IO_SENSORES

?PR?COM_INITIALIZE?UART                          -----    -----      -----    -----      -----    -----
  +--> ?PR?COM_BAUDRATE?UART

?PR?COM_BAUDRATE?UART                            -----    -----      -----    -----      -----    -----
  +--> ?PR?_RD_EEPROM?EEPROM

?PR?_RD_EEPROM?EEPROM                            -----    -----      -----    -----      -----    -----
  +--> ?PR?START?EEPROM
  +--> ?PR?ACK_LECT?EEPROM
  +--> ?PR?_E_D_M?EEPROM
  +--> ?PR?ACKD?EEPROM
  +--> ?PR?L_D_M?EEPROM
  +--> ?PR?STOP?EEPROM

?PR?ACK_LECT?EEPROM                              -----    -----      -----    -----      -----    -----
  +--> ?PR?_E_D_M?EEPROM

?PR?_E_D_M?EEPROM                                -----    -----      -----    -----      -----    -----
  +--> ?PR?P_ME?EEPROM

?PR?ACKD?EEPROM                                  -----    -----      -----    -----      -----    -----
  +--> ?PR?_E_D_M?EEPROM

?PR?INICIA_BOARD?MAIN                            -----    -----      -----    -----      -----    -----
  +--> ?PR?COND_INI_TIBBO?TIBBO
  +--> ?PR?COND_INI_CLOCK?CLOCK
  +--> ?PR?COND_INI_PTO?PTO_PARALELO

?PR?_TX_AUX?TIBBO                                -----    -----      -----    -----      -----    -----
  +--> ?PR?TIME_BIT?TIBBO

?PR?MENU?PROG                                    -----    -----      -----    -----      0001H    0045H
BL51 BANKED LINKER/LOCATER V6.22.2.0                                                  08/31/2021  16:49:19  PAGE 8


  +--> ?CO?PROG
  +--> ?PR?PRINTF?PRINTF
  +--> ?PR?_RD_EEPROM?EEPROM
  +--> ?PR?FIRST_CLAVE?PROG
  +--> ?PR?_WR_EEPROM?EEPROM
  +--> ?PR?_LEERMEMORIA?EEPROM
  +--> ?PR?_HASH_ID?PROG
  +--> ?PR?_INGRESADATO?PROG
  +--> ?PR?_GETCMD?PROG
  +--> ?PR?_ESCRIBIRMEMORIA?EEPROM
  +--> ?PR?_VALIDARCLAVE?PROG
  +--> ?PR?DISPLAYCURSOR?PROG
  +--> ?PR?_STRLEN?STRLEN
  +--> ?PR?_GETOPTION?PROG
  +--> ?PR?_STRCAT?STRCAT
  +--> ?PR?_LISTACOMANDOS?PROG
  +--> ?PR?PROG_ID_CLIENTE?PROG
  +--> ?PR?PROG_COD_PARK?PROG
  +--> ?PR?PROG_TIEMPO_GRACIA?PROG
  +--> ?PR?PROG_SIN_COBRO?PROG
  +--> ?PR?PROG_DEBUG?PROG
  +--> ?PR?PROG_USE_LPR?PROG
  +--> ?PR?TIPO_PANTALLA?PROG
  +--> ?PR?PROG_TARJETA_AUTOMATICA_O_BOTON?PROG
  +--> ?PR?PROG_ANTIPASSBACK?PROG
  +--> ?PR?PROG_PLACA?PROG
  +--> ?PR?PROG_ADDRESS_HIGH_BOARD?PROG
  +--> ?PR?PROG_HORARIOS?PROG
  +--> ?PR?PROG_VALIDAR_TIPO_VEHICULO_MENSUA...
  +--> ?PR?PROG_APB_MENSUAL?PROG
  +--> ?PR?PROG_MENSUALES?PROG
  +--> ?PR?VER_PROG?PROG
  +--> ?PR?SHOW?PROG
  +--> ?PR?PROG_FECHA_VENCIMIENTO?PROG

?PR?PRINTF?PRINTF                                0020H.0  0001H.1    0008H    0005H      0077H    0030H
  +--> ?PR?_PUTCHAR?MAIN

?PR?_PUTCHAR?MAIN                                -----    -----      -----    -----      00A7H    0003H
  +--> ?PR?_COM_PUTCHAR?UART

?PR?_COM_PUTCHAR?UART                            -----    -----      -----    -----      00AAH    0001H
  +--> ?PR?COM_TBUFLEN?UART

?PR?FIRST_CLAVE?PROG                             -----    -----      -----    -----      0046H    000BH
  +--> ?PR?_BLOCK_READ_CLOCK_ASCII?CLOCK
  +--> ?PR?_HASH_ID?PROG
  +--> ?PR?_ESCRIBIRMEMORIA?EEPROM

?PR?_BLOCK_READ_CLOCK_ASCII?CLOCK                -----    -----      -----    -----      0051H    0003H
  +--> ?PR?_LEE_CLK?CLOCK

?PR?_LEE_CLK?CLOCK                               -----    -----      -----    -----      00B1H    0003H
  +--> ?PR?_DELAY_20US?DELAY
  +--> ?PR?_EB_CLK?CLOCK
  +--> ?PR?P_CK?CLOCK

BL51 BANKED LINKER/LOCATER V6.22.2.0                                                  08/31/2021  16:49:19  PAGE 9


?PR?_EB_CLK?CLOCK                                -----    -----      -----    -----      00B4H    0003H
  +--> ?PR?P_CK?CLOCK

?PR?P_CK?CLOCK                                   -----    -----      -----    -----      -----    -----
  +--> ?PR?DELAY?DELAY

?PR?_HASH_ID?PROG                                -----    -----      -----    -----      005DH    003FH
  +--> ?CO?PROG
  +--> ?PR?_LEERMEMORIA?EEPROM
  +--> ?PR?_CHECK_FECHAOUT?CLOCK
  +--> ?PR?_STRLEN?STRLEN

?PR?_LEERMEMORIA?EEPROM                          -----    -----      -----    -----      009CH    0005H
  +--> ?PR?_RD_EEPROM?EEPROM

?PR?_CHECK_FECHAOUT?CLOCK                        -----    -----      -----    -----      009CH    0012H
  +--> ?PR?_BLOCK_READ_CLOCK_HEX?CLOCK

?PR?_BLOCK_READ_CLOCK_HEX?CLOCK                  -----    -----      -----    -----      00AEH    0003H
  +--> ?PR?_LEE_CLK?CLOCK
  +--> ?PR?_BCD_HEX?CLOCK

?PR?_ESCRIBIRMEMORIA?EEPROM                      -----    -----      -----    -----      005DH    0005H
  +--> ?PR?_WR_EEPROM?EEPROM

?PR?_WR_EEPROM?EEPROM                            -----    -----      -----    -----      -----    -----
  +--> ?PR?START?EEPROM
  +--> ?PR?ACKD?EEPROM
  +--> ?PR?_E_D_M?EEPROM
  +--> ?PR?STOP?EEPROM
  +--> ?PR?_DELAY_1MS?DELAY
  +--> ?PR?_DELAY_20US?DELAY

?PR?_DELAY_1MS?DELAY                             -----    -----      -----    -----      -----    -----
  +--> ?PR?_DELAY_20US?DELAY

?PR?_INGRESADATO?PROG                            -----    -----      -----    -----      0071H    0004H
  +--> ?PR?_GETKEY?MAIN
  +--> ?CO?PROG
  +--> ?PR?PRINTF?PRINTF
  +--> ?PR?_PUTCHAR?MAIN

?PR?_GETKEY?MAIN                                 -----    -----      -----    -----      -----    -----
  +--> ?PR?COM_GETCHAR?UART

?PR?COM_GETCHAR?UART                             -----    -----      -----    -----      -----    -----
  +--> ?PR?COM_RBUFLEN?UART

?PR?_GETCMD?PROG                                 -----    -----      -----    -----      005DH    0007H
  +--> ?CO?PROG
  +--> ?PR?_STRTOK?STRTOK

?PR?_STRTOK?STRTOK                               -----    -----      -----    -----      0064H    0006H
  +--> ?PR?_STRSPN?STRSPN
  +--> ?PR?_STRPBRK?STRPBRK

?PR?_STRSPN?STRSPN                               -----    -----      -----    -----      006AH    0008H
BL51 BANKED LINKER/LOCATER V6.22.2.0                                                  08/31/2021  16:49:19  PAGE 10



?PR?_STRPBRK?STRPBRK                             -----    -----      -----    -----      006AH    0009H

?PR?_VALIDARCLAVE?PROG                           -----    -----      -----    -----      005DH    000EH

?PR?DISPLAYCURSOR?PROG                           -----    -----      -----    -----      -----    -----
  +--> ?CO?PROG
  +--> ?PR?PRINTF?PRINTF

?PR?_GETOPTION?PROG                              -----    -----      -----    -----      0046H    000BH
  +--> ?CO?PROG
  +--> ?PR?_STRTOK?STRTOK

?PR?_STRCAT?STRCAT                               -----    -----      -----    -----      0046H    0009H

?PR?_LISTACOMANDOS?PROG                          -----    -----      -----    -----      0046H    0007H

?PR?PROG_ID_CLIENTE?PROG                         -----    -----      -----    -----      0046H    000CH
  +--> ?PR?_RD_EEPROM?EEPROM
  +--> ?CO?PROG
  +--> ?PR?PRINTF?PRINTF
  +--> ?PR?_INGRESADATO?PROG
  +--> ?PR?_ATOI?ATOI
  +--> ?PR?_WR_EEPROM?EEPROM

?PR?_ATOI?ATOI                                   0020H.0  0000H.1    -----    -----      0071H    0005H
  +--> ?PR?_ISSPACE?ISSPACE
  +--> ?PR?_ISDIGIT?ISDIGIT

?PR?PROG_COD_PARK?PROG                           -----    -----      -----    -----      0046H    000CH
  +--> ?PR?_RD_EEPROM?EEPROM
  +--> ?CO?PROG
  +--> ?PR?PRINTF?PRINTF
  +--> ?PR?_INGRESADATO?PROG
  +--> ?PR?_ATOI?ATOI
  +--> ?PR?_WR_EEPROM?EEPROM

?PR?PROG_TIEMPO_GRACIA?PROG                      -----    -----      -----    -----      0046H    000CH
  +--> ?PR?_RD_EEPROM?EEPROM
  +--> ?CO?PROG
  +--> ?PR?PRINTF?PRINTF
  +--> ?PR?_INGRESADATO?PROG
  +--> ?PR?_ATOI?ATOI
  +--> ?PR?_WR_EEPROM?EEPROM

?PR?PROG_SIN_COBRO?PROG                          -----    -----      -----    -----      0046H    000CH
  +--> ?PR?_RD_EEPROM?EEPROM
  +--> ?CO?PROG
  +--> ?PR?PRINTF?PRINTF
  +--> ?PR?_INGRESADATO?PROG
  +--> ?PR?_ATOI?ATOI
  +--> ?PR?_WR_EEPROM?EEPROM

?PR?PROG_DEBUG?PROG                              -----    -----      -----    -----      0046H    000CH
  +--> ?PR?_RD_EEPROM?EEPROM
  +--> ?CO?PROG
  +--> ?PR?PRINTF?PRINTF
BL51 BANKED LINKER/LOCATER V6.22.2.0                                                  08/31/2021  16:49:19  PAGE 11


  +--> ?PR?_INGRESADATO?PROG
  +--> ?PR?_ATOI?ATOI
  +--> ?PR?_WR_EEPROM?EEPROM

?PR?PROG_USE_LPR?PROG                            -----    -----      -----    -----      0046H    000CH
  +--> ?PR?_RD_EEPROM?EEPROM
  +--> ?CO?PROG
  +--> ?PR?PRINTF?PRINTF
  +--> ?PR?_INGRESADATO?PROG
  +--> ?PR?_ATOI?ATOI
  +--> ?PR?_WR_EEPROM?EEPROM

?PR?TIPO_PANTALLA?PROG                           -----    -----      -----    -----      0046H    000CH
  +--> ?PR?_RD_EEPROM?EEPROM
  +--> ?CO?PROG
  +--> ?PR?PRINTF?PRINTF
  +--> ?PR?_INGRESADATO?PROG
  +--> ?PR?_ATOI?ATOI
  +--> ?PR?_WR_EEPROM?EEPROM

?PR?PROG_TARJETA_AUTOMATICA_O_BOTON?PROG         -----    -----      -----    -----      0046H    000CH
  +--> ?PR?_RD_EEPROM?EEPROM
  +--> ?CO?PROG
  +--> ?PR?PRINTF?PRINTF
  +--> ?PR?_INGRESADATO?PROG
  +--> ?PR?_ATOI?ATOI
  +--> ?PR?_WR_EEPROM?EEPROM

?PR?PROG_ANTIPASSBACK?PROG                       -----    -----      -----    -----      0046H    000CH
  +--> ?PR?_RD_EEPROM?EEPROM
  +--> ?CO?PROG
  +--> ?PR?PRINTF?PRINTF
  +--> ?PR?_INGRESADATO?PROG
  +--> ?PR?_ATOI?ATOI
  +--> ?PR?_WR_EEPROM?EEPROM

?PR?PROG_PLACA?PROG                              -----    -----      -----    -----      0046H    000CH
  +--> ?PR?_RD_EEPROM?EEPROM
  +--> ?CO?PROG
  +--> ?PR?PRINTF?PRINTF
  +--> ?PR?_INGRESADATO?PROG
  +--> ?PR?_ATOI?ATOI
  +--> ?PR?_WR_EEPROM?EEPROM

?PR?PROG_ADDRESS_HIGH_BOARD?PROG                 -----    -----      -----    -----      0046H    000CH
  +--> ?PR?_RD_EEPROM?EEPROM
  +--> ?CO?PROG
  +--> ?PR?PRINTF?PRINTF
  +--> ?PR?_INGRESADATO?PROG
  +--> ?PR?_ATOI?ATOI
  +--> ?PR?_WR_EEPROM?EEPROM

?PR?PROG_HORARIOS?PROG                           -----    -----      -----    -----      0046H    001BH
  +--> ?PR?ADDR_HORARIOS?PROG
  +--> ?CO?PROG
  +--> ?PR?PRINTF?PRINTF
  +--> ?PR?_INGRESADATO?PROG
BL51 BANKED LINKER/LOCATER V6.22.2.0                                                  08/31/2021  16:49:19  PAGE 12


  +--> ?PR?_ATOI?ATOI
  +--> ?PR?_PROG_HORARIOS_ON_OFF?PROG
  +--> ?PR?_WR_EEPROM?EEPROM
  +--> ?PR?_PROG_HORARIO_DIAS?PROG
  +--> ?PR?_PROG_HORARIO_DESDE_HASTA?PROG
  +--> ?PR?_RD_EEPROM?EEPROM

?PR?ADDR_HORARIOS?PROG                           -----    -----      -----    -----      0074H    000BH

?PR?_PROG_HORARIOS_ON_OFF?PROG                   -----    -----      -----    -----      0061H    0010H
  +--> ?PR?_RD_EEPROM?EEPROM
  +--> ?CO?PROG
  +--> ?PR?PRINTF?PRINTF
  +--> ?PR?_INGRESADATO?PROG
  +--> ?PR?_ATOI?ATOI
  +--> ?PR?_WR_EEPROM?EEPROM

?PR?_PROG_HORARIO_DIAS?PROG                      -----    -----      -----    -----      0061H    000FH
  +--> ?CO?PROG
  +--> ?PR?PRINTF?PRINTF
  +--> ?PR?_INGRESADATO?PROG
  +--> ?PR?_WR_EEPROM?EEPROM
  +--> ?PR?_RD_EEPROM?EEPROM

?PR?_PROG_HORARIO_DESDE_HASTA?PROG               -----    -----      -----    -----      0061H    000CH
  +--> ?CO?PROG
  +--> ?PR?PRINTF?PRINTF
  +--> ?PR?_INGRESADATO?PROG
  +--> ?PR?_WR_EEPROM?EEPROM
  +--> ?PR?_RD_EEPROM?EEPROM

?PR?PROG_VALIDAR_TIPO_VEHICULO_MENSUA...         -----    -----      -----    -----      0046H    000CH
  +--> ?PR?_RD_EEPROM?EEPROM
  +--> ?CO?PROG
  +--> ?PR?PRINTF?PRINTF
  +--> ?PR?_INGRESADATO?PROG
  +--> ?PR?_ATOI?ATOI
  +--> ?PR?_WR_EEPROM?EEPROM

?PR?PROG_APB_MENSUAL?PROG                        -----    -----      -----    -----      0046H    000CH
  +--> ?PR?_RD_EEPROM?EEPROM
  +--> ?CO?PROG
  +--> ?PR?PRINTF?PRINTF
  +--> ?PR?_INGRESADATO?PROG
  +--> ?PR?_ATOI?ATOI
  +--> ?PR?_WR_EEPROM?EEPROM

?PR?PROG_MENSUALES?PROG                          -----    -----      -----    -----      0046H    000CH
  +--> ?PR?_RD_EEPROM?EEPROM
  +--> ?CO?PROG
  +--> ?PR?PRINTF?PRINTF
  +--> ?PR?_INGRESADATO?PROG
  +--> ?PR?_ATOI?ATOI
  +--> ?PR?_WR_EEPROM?EEPROM

?PR?VER_PROG?PROG                                -----    -----      -----    -----      0046H    0013H
  +--> ?PR?_RD_EEPROM?EEPROM
BL51 BANKED LINKER/LOCATER V6.22.2.0                                                  08/31/2021  16:49:19  PAGE 13


  +--> ?CO?PROG
  +--> ?PR?PRINTF?PRINTF
  +--> ?PR?VER_HORARIO?PROG
  +--> ?PR?_LEERMEMORIA?EEPROM
  +--> ?PR?_HEX_ASCII?CLOCK
  +--> ?PR?LEE_NO_TICKET?EEPROM

?PR?VER_HORARIO?PROG                             -----    -----      -----    -----      0059H    001BH
  +--> ?PR?ADDR_HORARIOS?PROG
  +--> ?CO?PROG
  +--> ?PR?PRINTF?PRINTF
  +--> ?PR?_RD_EEPROM?EEPROM
  +--> ?PR?_VER_HORARIO_DIAS?PROG
  +--> ?PR?_VER_HORARIO_DESDE_HASTA?PROG

?PR?_VER_HORARIO_DIAS?PROG                       -----    -----      -----    -----      0074H    0003H
  +--> ?PR?_RD_EEPROM?EEPROM
  +--> ?CO?PROG
  +--> ?PR?PRINTF?PRINTF

?PR?_VER_HORARIO_DESDE_HASTA?PROG                -----    -----      -----    -----      0074H    0002H
  +--> ?CO?PROG
  +--> ?PR?PRINTF?PRINTF
  +--> ?PR?_RD_EEPROM?EEPROM

?PR?_HEX_ASCII?CLOCK                             -----    -----      -----    -----      005DH    0006H
  +--> ?PR?_HEX_BCD?CLOCK

?PR?LEE_NO_TICKET?EEPROM                         -----    -----      -----    -----      0059H    000BH
  +--> ?PR?READ_EEPROM_TICKET?EEPROM
  +--> ?CO?EEPROM
  +--> ?PR?PRINTF?PRINTF
  +--> ?PR?_STRLEN?STRLEN
  +--> ?PR?_DEBUG_TXT_TIBBO?TIBBO

?PR?READ_EEPROM_TICKET?EEPROM                    -----    -----      -----    -----      0064H    0007H
  +--> ?PR?_RD_EEPROM?EEPROM

?PR?_DEBUG_TXT_TIBBO?TIBBO                       -----    -----      -----    -----      0064H    0004H
  +--> ?PR?_DEBUG_CHR_TIBBO?TIBBO
  +--> ?CO?TIBBO
  +--> ?PR?_TX_AUX?TIBBO

?PR?_DEBUG_CHR_TIBBO?TIBBO                       -----    -----      -----    -----      -----    -----
  +--> ?PR?_TX_AUX?TIBBO

?PR?SHOW?PROG                                    -----    -----      -----    -----      -----    -----
  +--> ?CO?PROG
  +--> ?PR?PRINTF?PRINTF

?PR?PROG_FECHA_VENCIMIENTO?PROG                  -----    -----      -----    -----      0046H    0017H
  +--> ?PR?_LEERMEMORIA?EEPROM
  +--> ?PR?_HEX_ASCII?CLOCK
  +--> ?CO?PROG
  +--> ?PR?PRINTF?PRINTF
  +--> ?PR?_HASH_ID?PROG
  +--> ?PR?_INGRESADATO?PROG
BL51 BANKED LINKER/LOCATER V6.22.2.0                                                  08/31/2021  16:49:19  PAGE 14


  +--> ?PR?_GETCMD?PROG
  +--> ?PR?_ESCRIBIRMEMORIA?EEPROM
  +--> ?PR?_VALIDARCLAVE?PROG
  +--> ?PR?_ATOI?ATOI
  +--> ?PR?_WR_EEPROM?EEPROM

?PR?VARIABLE_INICIO?MAIN                         -----    -----      -----    -----      -----    -----
  +--> ?PR?_RD_EEPROM?EEPROM

?PR?SECUENCIA_INICIO_EXPEDIDOR?VERIFI...         -----    -----      -----    -----      0001H    0001H
  +--> ?PR?_INICIALIZA?LINTECH
  +--> ?PR?TRAMA_VALIDACION_P_N?VERIFICADOR
  +--> ?CO?VERIFICADOR
  +--> ?PR?_DEBUG_TXT_TIBBO?TIBBO
  +--> ?PR?_DEBUGBUFFERMF?TIBBO
  +--> ?PR?DWLOAD_EEPROM?LINTECH

?PR?_INICIALIZA?LINTECH                          -----    -----      -----    -----      0002H    000CH
  +--> ?CO?LINTECH
  +--> ?PR?_DEBUG_TXT_TIBBO?TIBBO
  +--> ?PR?_DEBUGBUFFERMF?TIBBO
  +--> ?PR?_ESCRIBIRCADENASOFT_BUFFER?MAIN

?PR?_DEBUGBUFFERMF?TIBBO                         -----    -----      -----    -----      0034H    0006H
  +--> ?CO?TIBBO
  +--> ?PR?_DEBUG_TXT_TIBBO?TIBBO
  +--> ?PR?_DEBUG_CHR_TIBBO?TIBBO
  +--> ?PR?_TX_AUX?TIBBO

?PR?_ESCRIBIRCADENASOFT_BUFFER?MAIN              -----    -----      -----    -----      0034H    0006H
  +--> ?PR?_PUTCHAR?MAIN

?PR?TRAMA_VALIDACION_P_N?VERIFICADOR             -----    -----      -----    -----      -----    -----
  +--> ?CO?VERIFICADOR
  +--> ?PR?_DEBUG_TXT_TIBBO?TIBBO

?PR?DWLOAD_EEPROM?LINTECH                        -----    -----      -----    -----      0002H    0016H
  +--> ?CO?LINTECH
  +--> ?PR?_DEBUG_TXT_TIBBO?TIBBO
  +--> ?PR?_DEBUGBUFFERMF?TIBBO
  +--> ?PR?_ESCRIBIRCADENASOFT_BUFFER?MAIN

?PR?RX_MONITOR?MONITOR                           -----    -----      -----    -----      0009H    000EH
  +--> ?PR?_RECIBE_CMD_MONITOR?MONITOR
  +--> ?PR?_DEBUG_BUFFER_RS232_LCD?TIBBO
  +--> ?PR?_DEBUG_MONITOR?TIBBO
  +--> ?PR?_VALIDA_TRAMA_MONITOR?MONITOR

?PR?_RECIBE_CMD_MONITOR?MONITOR                  -----    -----      -----    -----      0017H    0009H
  +--> ?PR?RX_DATA?TIBBO

?PR?RX_DATA?TIBBO                                -----    -----      -----    -----      -----    -----
  +--> ?PR?TIME_MBIT?TIBBO
  +--> ?PR?TIME_BIT?TIBBO

?PR?_DEBUG_BUFFER_RS232_LCD?TIBBO                -----    -----      -----    -----      0017H    0006H
  +--> ?PR?_DEBUG_CHR_RS232_LCD?TIBBO
BL51 BANKED LINKER/LOCATER V6.22.2.0                                                  08/31/2021  16:49:19  PAGE 15


  +--> ?PR?_PUTCHAR?MAIN

?PR?_DEBUG_CHR_RS232_LCD?TIBBO                   -----    -----      -----    -----      001DH    0001H
  +--> ?PR?_PUTCHAR?MAIN

?PR?_DEBUG_MONITOR?TIBBO                         -----    -----      -----    -----      0017H    0004H
  +--> ?PR?DEBUG_DIVIDIR_TEXTO?TIBBO
  +--> ?CO?TIBBO
  +--> ?PR?_DEBUG_TXT_TIBBO?TIBBO

?PR?DEBUG_DIVIDIR_TEXTO?TIBBO                    -----    -----      -----    -----      -----    -----
  +--> ?CO?TIBBO
  +--> ?PR?_DEBUG_TXT_TIBBO?TIBBO

?PR?_VALIDA_TRAMA_MONITOR?MONITOR                -----    -----      -----    -----      0017H    0006H
  +--> ?PR?_DELAY_10MS?DELAY
  +--> ?PR?_TX_AUX?TIBBO

?PR?_DELAY_10MS?DELAY                            -----    -----      -----    -----      001DH    0004H
  +--> ?PR?_DELAY_1MS?DELAY

?PR?_SECUENCIAEXPEDIDORMF?VERIFICADOR            -----    -----      -----    -----      0001H    0001H
  +--> ?PR?_CHECK_STATUS?LINTECH
  +--> ?PR?_LOAD_SECUENCIA_EXPEDIDOR?VERIFIC...
  +--> ?PR?_RTA_CMD_TRANSPORTE?VERIFICADOR
  +--> ?PR?_MOV_CARD?LINTECH
  +--> ?PR?AUT_CARD_CHECK_STATUS?LINTECH
  +--> ?PR?LOADVERIFY_EEPROM?LINTECH
  +--> ?PR?_RD_MF?LINTECH
  +--> ?PR?_WR_MF?LINTECH
  +--> ?PR?_CARD_INSERCION?LINTECH
  +--> ?PR?DWLOAD_EEPROM?LINTECH
  +--> ?PR?ENTREGA_CARD_CAPTURA?VERIFICADOR
  +--> ?PR?_SEND_PTO_PARALELO?VERIFICADOR
  +--> ?PR?_WAIT_PLACA?VERIFICADOR
  +--> ?PR?UNIQUE_IDENTIFIER_UID?LINTECH
  +--> ?PR?_PREGUNTA_LPR?VERIFICADOR
  +--> ?PR?PREGUNTA_PLACA_HABILITADA?VERIFIC...
  +--> ?PR?_VALIDA_TIPO_TARJETA?VERIFICADOR
  +--> ?PR?POWER_OFF?LINTECH
  +--> ?PR?CLAVE_SEGURIDAD_S2?LINTECH
  +--> ?PR?_RESPONDE_REELECTURA_TARJETA_SECT...
  +--> ?PR?ANALIZA_PRESENCIA_ROTACION?VERIFI...
  +--> ?PR?RX_MONITOR?MONITOR
  +--> ?PR?INGRESO_VEHICULO?VERIFICADOR
  +--> ?PR?RESPONDE_ESTADO_SENSORES_TRANSPOR...
  +--> ?PR?RESPONDE_TIPO_TARJETA?VERIFICADOR
  +--> ?PR?_RESPONDE_LECTURA_TARJETA_SECTOR1...
  +--> ?PR?_RESPONDE_LECTURA_TARJETA_SECTOR1...
  +--> ?PR?_RESPONDE_LECTURA_TARJETA_SECTOR1...
  +--> ?PR?_RESPONDE_WRITE_TARJETA_SECTOR1_B...
  +--> ?PR?_RESPONDE_WRITE_TARJETA_SECTOR2_B...
  +--> ?PR?_RESPONDE_WRITE_TARJETA_SECTOR1_B...
  +--> ?PR?_RESPONDE_WRITE_TARJETA_SECTOR1_B...
  +--> ?PR?_DISPARO_LOCK_ENTRADA_VEHICULO?VE...
  +--> ?PR?_RESPUESTA_SEGUNDA_CLAVE?VERIFICADOR
  +--> ?PR?_ANALIZA_UID_CARD?VERIFICADOR
BL51 BANKED LINKER/LOCATER V6.22.2.0                                                  08/31/2021  16:49:19  PAGE 16


  +--> ?CO?VERIFICADOR
  +--> ?PR?_DEBUG_TXT_TIBBO?TIBBO

?PR?_CHECK_STATUS?LINTECH                        -----    -----      -----    -----      0002H    000BH
  +--> ?CO?LINTECH
  +--> ?PR?_DEBUG_TXT_TIBBO?TIBBO
  +--> ?PR?_DEBUGBUFFERMF?TIBBO
  +--> ?PR?_ESCRIBIRCADENASOFT_BUFFER?MAIN

?PR?_LOAD_SECUENCIA_EXPEDIDOR?VERIFIC...         -----    -----      -----    -----      0002H    0009H

?PR?_RTA_CMD_TRANSPORTE?VERIFICADOR              -----    -----      -----    -----      0002H    0005H
  +--> ?PR?TRAMA_VALIDACION_P_N?VERIFICADOR
  +--> ?CO?VERIFICADOR
  +--> ?PR?_DEBUG_TXT_TIBBO?TIBBO
  +--> ?PR?_DEBUGBUFFERMF?TIBBO
  +--> ?PR?ERROR_RX_PTO?VERIFICADOR

?PR?ERROR_RX_PTO?VERIFICADOR                     -----    -----      -----    -----      0007H    0001H
  +--> ?CO?VERIFICADOR
  +--> ?PR?_DEBUG_TXT_TIBBO?TIBBO
  +--> ?PR?_DEBUG_CHR_TIBBO?TIBBO
  +--> ?PR?_DELAY_10MS?DELAY

?PR?_MOV_CARD?LINTECH                            -----    -----      -----    -----      0002H    000CH
  +--> ?CO?LINTECH
  +--> ?PR?_DEBUG_TXT_TIBBO?TIBBO
  +--> ?PR?_DEBUGBUFFERMF?TIBBO
  +--> ?PR?_ESCRIBIRCADENASOFT_BUFFER?MAIN

?PR?AUT_CARD_CHECK_STATUS?LINTECH                -----    -----      -----    -----      0002H    000BH
  +--> ?CO?LINTECH
  +--> ?PR?_DEBUG_TXT_TIBBO?TIBBO
  +--> ?PR?_DEBUGBUFFERMF?TIBBO
  +--> ?PR?_ESCRIBIRCADENASOFT_BUFFER?MAIN

?PR?LOADVERIFY_EEPROM?LINTECH                    -----    -----      -----    -----      0002H    0010H
  +--> ?CO?LINTECH
  +--> ?PR?_DEBUG_TXT_TIBBO?TIBBO
  +--> ?PR?_DEBUGBUFFERMF?TIBBO
  +--> ?PR?_ESCRIBIRCADENASOFT_BUFFER?MAIN

?PR?_RD_MF?LINTECH                               -----    -----      -----    -----      0002H    0012H
  +--> ?CO?LINTECH
  +--> ?PR?_DEBUG_TXT_TIBBO?TIBBO
  +--> ?PR?_DEBUG_CHR_TIBBO?TIBBO
  +--> ?PR?_DEBUGBUFFERMF?TIBBO
  +--> ?PR?_ESCRIBIRCADENASOFT_BUFFER?MAIN

?PR?_WR_MF?LINTECH                               -----    -----      -----    -----      0002H    0025H
  +--> ?CO?LINTECH
  +--> ?PR?_DEBUG_TXT_TIBBO?TIBBO
  +--> ?PR?_DEBUG_CHR_TIBBO?TIBBO
  +--> ?PR?_DEBUGBUFFERMF?TIBBO
  +--> ?PR?_ESCRIBIRCADENASOFT_BUFFER?MAIN

?PR?_CARD_INSERCION?LINTECH                      -----    -----      -----    -----      0002H    000AH
BL51 BANKED LINKER/LOCATER V6.22.2.0                                                  08/31/2021  16:49:19  PAGE 17


  +--> ?CO?LINTECH
  +--> ?PR?_DEBUG_TXT_TIBBO?TIBBO
  +--> ?PR?_DEBUGBUFFERMF?TIBBO
  +--> ?PR?_ESCRIBIRCADENASOFT_BUFFER?MAIN

?PR?ENTREGA_CARD_CAPTURA?VERIFICADOR             -----    -----      -----    -----      0002H    0001H
  +--> ?CO?VERIFICADOR
  +--> ?PR?_DEBUG_TXT_TIBBO?TIBBO
  +--> ?PR?SEL_SENSOR2?IO_SENSORES
  +--> ?PR?VALIDASENSOR?IO_SENSORES
  +--> ?PR?VALIDA_SENSOR1_AUTO?IO_SENSORES

?PR?VALIDA_SENSOR1_AUTO?IO_SENSORES              -----    -----      -----    -----      0012H    0001H
  +--> ?PR?SEL_SENSOR1?IO_SENSORES
  +--> ?PR?SEL_AUTO?IO_SENSORES
  +--> ?CO?IO_SENSORES
  +--> ?PR?_DEBUG_TXT_TIBBO?TIBBO
  +--> ?PR?BOTTON?IO_SENSORES

?PR?BOTTON?IO_SENSORES                           -----    -----      -----    -----      -----    -----
  +--> ?PR?SEL_PULSA?IO_SENSORES
  +--> ?CO?IO_SENSORES
  +--> ?PR?_DEBUG_TXT_TIBBO?TIBBO

?PR?_SEND_PTO_PARALELO?VERIFICADOR               -----    -----      -----    -----      0002H    0007H
  +--> ?PR?_ARMAR_TRAMA_PTO_PARALELO_EXPEDID...
  +--> ?PR?_ARMAR_TRAMA_PTO_PARALELO_EXPEDID...
  +--> ?PR?INCREMENTE_TICKET?EEPROM
  +--> ?PR?_SEND_PORT?PTO_PARALELO
  +--> ?CO?VERIFICADOR
  +--> ?PR?_DEBUG_TXT_TIBBO?TIBBO
  +--> ?PR?_DEBUGBUFFERMF?TIBBO
  +--> ?PR?CLEAR_PLACA?MONITOR

?PR?_ARMAR_TRAMA_PTO_PARALELO_EXPEDID...         -----    -----      -----    -----      0009H    0006H
  +--> ?PR?_BCD_HEX?CLOCK
  +--> ?PR?_RD_EEPROM?EEPROM

?PR?_ARMAR_TRAMA_PTO_PARALELO_EXPEDID...         -----    -----      -----    -----      0009H    0012H
  +--> ?PR?LEE_NO_TICKET?EEPROM
  +--> ?PR?_STRCAT?STRCAT
  +--> ?PR?_STRLEN?STRLEN
  +--> ?PR?_BCD_HEX?CLOCK
  +--> ?PR?_RD_EEPROM?EEPROM

?PR?INCREMENTE_TICKET?EEPROM                     -----    -----      -----    -----      0009H    000BH
  +--> ?PR?READ_EEPROM_TICKET?EEPROM
  +--> ?CO?EEPROM
  +--> ?PR?PRINTF?PRINTF
  +--> ?PR?_WRITE_EEPROM_TICKET?EEPROM

?PR?_WRITE_EEPROM_TICKET?EEPROM                  -----    -----      -----    -----      0016H    000BH
  +--> ?CO?EEPROM
  +--> ?PR?_DEBUG_TXT_TIBBO?TIBBO
  +--> ?PR?_ATOL?ATOL
  +--> ?PR?_DEBUG_CHR_TIBBO?TIBBO
  +--> ?PR?_WR_EEPROM?EEPROM
BL51 BANKED LINKER/LOCATER V6.22.2.0                                                  08/31/2021  16:49:19  PAGE 18



?PR?_ATOL?ATOL                                   0020H.0  0000H.1    -----    -----      0021H    0007H
  +--> ?PR?_ISSPACE?ISSPACE
  +--> ?PR?_ISDIGIT?ISDIGIT

?PR?_SEND_PORT?PTO_PARALELO                      -----    -----      -----    -----      0016H    000AH
  +--> ?PR?PULSO_BUS?PTO_PARALELO
  +--> ?PR?_DELAY_20US?DELAY

?PR?PULSO_BUS?PTO_PARALELO                       -----    -----      -----    -----      -----    -----
  +--> ?PR?_DELAY_20US?DELAY

?PR?_WAIT_PLACA?VERIFICADOR                      -----    -----      -----    -----      0002H    0007H
  +--> ?CO?VERIFICADOR
  +--> ?PR?_DEBUG_TXT_TIBBO?TIBBO
  +--> ?PR?RX_MONITOR?MONITOR
  +--> ?PR?_RESPUESTA_PLACA_CANCEL?VERIFICADOR

?PR?_RESPUESTA_PLACA_CANCEL?VERIFICADOR          -----    -----      -----    -----      0009H    000AH
  +--> ?CO?VERIFICADOR
  +--> ?PR?_DEBUG_TXT_TIBBO?TIBBO
  +--> ?PR?_ARMAR_TRAMA_TARJETA_SECTOR1_BLOQ...
  +--> ?PR?_DEBUG_TXT_RS232?TIBBO

?PR?_ARMAR_TRAMA_TARJETA_SECTOR1_BLOQ...         -----    -----      -----    -----      0013H    0004H
  +--> ?PR?CLEAR_PLACA?MONITOR
  +--> ?PR?_RD_EEPROM?EEPROM

?PR?_DEBUG_TXT_RS232?TIBBO                       -----    -----      -----    -----      0013H    0005H
  +--> ?PR?_PUTCHAR?MAIN

?PR?UNIQUE_IDENTIFIER_UID?LINTECH                -----    -----      -----    -----      0002H    000BH
  +--> ?CO?LINTECH
  +--> ?PR?_DEBUG_TXT_TIBBO?TIBBO
  +--> ?PR?_DEBUGBUFFERMF?TIBBO
  +--> ?PR?_ESCRIBIRCADENASOFT_BUFFER?MAIN

?PR?_PREGUNTA_LPR?VERIFICADOR                    -----    -----      -----    -----      0002H    0007H
  +--> ?CO?VERIFICADOR
  +--> ?PR?_DEBUG_TXT_TIBBO?TIBBO
  +--> ?PR?_HORA_ENTRADA_VEHICULO?CLOCK
  +--> ?PR?_RD_EEPROM?EEPROM
  +--> ?PR?_ARMAR_TRAMA_MONITOR?VERIFICADOR

?PR?_HORA_ENTRADA_VEHICULO?CLOCK                 -----    -----      -----    -----      0009H    0003H
  +--> ?PR?_LEE_CLK?CLOCK

?PR?_ARMAR_TRAMA_MONITOR?VERIFICADOR             -----    -----      -----    -----      0009H    000FH
  +--> ?PR?DIR_BOARD_MONITOR?IO_SENSORES
  +--> ?PR?LEE_NO_TICKET?EEPROM
  +--> ?PR?_STRCAT?STRCAT
  +--> ?PR?_BYTEHEX_DECIMAL?CLOCK
  +--> ?PR?_STRLEN?STRLEN
  +--> ?PR?_TWO_BYTEHEX_DECIMAL?CLOCK

?PR?DIR_BOARD_MONITOR?IO_SENSORES                -----    -----      -----    -----      -----    -----
  +--> ?PR?_RD_EEPROM?EEPROM
BL51 BANKED LINKER/LOCATER V6.22.2.0                                                  08/31/2021  16:49:19  PAGE 19



?PR?_BYTEHEX_DECIMAL?CLOCK                       -----    -----      -----    -----      0018H    0001H

?PR?_TWO_BYTEHEX_DECIMAL?CLOCK                   -----    -----      -----    -----      0018H    000CH
  +--> ?PR?_POW?POW

?PR?_POW?POW                                     -----    -----      -----    -----      0024H    000AH
  +--> ?PR?LOG?LOG
  +--> ?PR?EXP?EXP

?PR?LOG?LOG                                      0020H.0  0000H.1    -----    -----      002EH    0004H

?PR?PREGUNTA_PLACA_HABILITADA?VERIFIC...         -----    -----      -----    -----      0002H    0001H
  +--> ?CO?VERIFICADOR
  +--> ?PR?_DEBUG_TXT_TIBBO?TIBBO
  +--> ?PR?_RD_EEPROM?EEPROM

?PR?_VALIDA_TIPO_TARJETA?VERIFICADOR             -----    -----      -----    -----      0002H    0007H
  +--> ?CO?VERIFICADOR
  +--> ?PR?_DEBUG_TXT_TIBBO?TIBBO
  +--> ?PR?_RD_EEPROM?EEPROM
  +--> ?PR?_SEND_PORTERR?PTO_PARALELO
  +--> ?PR?_TARJETA_ROTACION?VERIFICADOR
  +--> ?PR?_PANTALLALCD?PANTALLAS

?PR?_SEND_PORTERR?PTO_PARALELO                   -----    -----      -----    -----      0018H    0006H
  +--> ?PR?PULSO_BUS?PTO_PARALELO
  +--> ?PR?_DELAY_20US?DELAY

?PR?_TARJETA_ROTACION?VERIFICADOR                -----    -----      -----    -----      0009H    0006H
  +--> ?PR?_ARMAR_TRAMA_TARJETA_SECTOR1_BLOQ...

?PR?_ARMAR_TRAMA_TARJETA_SECTOR1_BLOQ...         -----    -----      -----    -----      000FH    0006H
  +--> ?PR?_BCD_HEX?CLOCK
  +--> ?PR?DIR_BOARD?IO_SENSORES

?PR?DIR_BOARD?IO_SENSORES                        -----    -----      -----    -----      0033H    0001H
  +--> ?PR?SEL_DIR1?IO_SENSORES
  +--> ?PR?SEL_DIR2?IO_SENSORES
  +--> ?PR?_RD_EEPROM?EEPROM

?PR?_PANTALLALCD?PANTALLAS                       -----    -----      -----    -----      0018H    000AH
  +--> ?CO?PANTALLAS
  +--> ?PR?_LCD_TXT?PANTALLAS
  +--> ?PR?_STRLEN?STRLEN
  +--> ?PR?_TX_CHRLCD?PANTALLAS
  +--> ?PR?_RASPBERRY_DATA?PANTALLAS

?PR?_LCD_TXT?PANTALLAS                           -----    -----      -----    -----      0044H    0005H
  +--> ?PR?_TX_CHRLCD?PANTALLAS

?PR?_TX_CHRLCD?PANTALLAS                         -----    -----      -----    -----      0049H    0002H
  +--> ?PR?_PUTCHAR?MAIN

?PR?_RASPBERRY_DATA?PANTALLAS                    -----    -----      -----    -----      0044H    0006H
  +--> ?PR?_STRLEN?STRLEN
  +--> ?PR?_PUTCHAR?MAIN
BL51 BANKED LINKER/LOCATER V6.22.2.0                                                  08/31/2021  16:49:19  PAGE 20



?PR?POWER_OFF?LINTECH                            -----    -----      -----    -----      0002H    000BH
  +--> ?CO?LINTECH
  +--> ?PR?_DEBUG_TXT_TIBBO?TIBBO
  +--> ?PR?_DEBUGBUFFERMF?TIBBO
  +--> ?PR?_ESCRIBIRCADENASOFT_BUFFER?MAIN

?PR?CLAVE_SEGURIDAD_S2?LINTECH                   -----    -----      -----    -----      0002H    0016H
  +--> ?CO?LINTECH
  +--> ?PR?_DEBUG_TXT_TIBBO?TIBBO
  +--> ?PR?_DEBUGBUFFERMF?TIBBO
  +--> ?PR?_ESCRIBIRCADENASOFT_BUFFER?MAIN

?PR?_RESPONDE_REELECTURA_TARJETA_SECT...         -----    -----      -----    -----      0002H    000AH
  +--> ?CO?VERIFICADOR
  +--> ?PR?_DEBUG_TXT_TIBBO?TIBBO
  +--> ?PR?_DEBUGBUFFERMF?TIBBO
  +--> ?PR?_ARMAR_TRAMA_TARJETA_SECTOR1_BLOQ...

?PR?_ARMAR_TRAMA_TARJETA_SECTOR1_BLOQ...         -----    -----      -----    -----      000CH    0003H
  +--> ?PR?LEE_NO_TICKET?EEPROM

?PR?ANALIZA_PRESENCIA_ROTACION?VERIFI...         -----    -----      -----    -----      0002H    0001H
  +--> ?PR?VALIDASENSORESPASO?IO_SENSORES
  +--> ?PR?_SEND_PORTERR?PTO_PARALELO
  +--> ?PR?_PANTALLALCD?PANTALLAS

?PR?VALIDASENSORESPASO?IO_SENSORES               -----    -----      -----    -----      0011H    0001H
  +--> ?PR?SEL_SENSOR2?IO_SENSORES
  +--> ?PR?VALIDASENSOR?IO_SENSORES
  +--> ?PR?VALIDA_SENSOR1_AUTO?IO_SENSORES
  +--> ?CO?IO_SENSORES
  +--> ?PR?_DEBUG_TXT_TIBBO?TIBBO

?PR?INGRESO_VEHICULO?VERIFICADOR                 -----    -----      -----    -----      0002H    0001H
  +--> ?CO?VERIFICADOR
  +--> ?PR?_DEBUG_TXT_TIBBO?TIBBO
  +--> ?PR?VALIDASENSORESPASO?IO_SENSORES
  +--> ?PR?_RD_EEPROM?EEPROM
  +--> ?PR?RX_MONITOR?MONITOR
  +--> ?PR?_SEND_PORTERR?PTO_PARALELO
  +--> ?PR?_PANTALLALCD?PANTALLAS
  +--> ?PR?BOTTON?IO_SENSORES

?PR?RESPONDE_ESTADO_SENSORES_TRANSPOR...         -----    -----      -----    -----      0002H    0001H
  +--> ?CO?VERIFICADOR
  +--> ?PR?_DEBUG_TXT_TIBBO?TIBBO
  +--> ?PR?_SEND_PORTERR?PTO_PARALELO

?PR?RESPONDE_TIPO_TARJETA?VERIFICADOR            -----    -----      -----    -----      0002H    0001H
  +--> ?CO?VERIFICADOR
  +--> ?PR?_DEBUG_TXT_TIBBO?TIBBO
  +--> ?PR?_SEND_PORTERR?PTO_PARALELO
  +--> ?PR?_PANTALLALCD?PANTALLAS

?PR?_RESPONDE_LECTURA_TARJETA_SECTOR1...         -----    -----      -----    -----      0002H    0016H
  +--> ?CO?VERIFICADOR
BL51 BANKED LINKER/LOCATER V6.22.2.0                                                  08/31/2021  16:49:19  PAGE 21


  +--> ?PR?_DEBUG_TXT_TIBBO?TIBBO
  +--> ?PR?_DEBUGBUFFERMF?TIBBO
  +--> ?PR?_RD_EEPROM?EEPROM
  +--> ?PR?_DEBUG_HEXDEC?TIBBO
  +--> ?PR?_DEBUG_CHR_TIBBO?TIBBO
  +--> ?PR?_SEND_PORTERR?PTO_PARALELO
  +--> ?PR?_PANTALLALCD?PANTALLAS

?PR?_DEBUG_HEXDEC?TIBBO                          -----    -----      -----    -----      0018H    0002H
  +--> ?PR?_TX_AUX?TIBBO

?PR?_RESPONDE_LECTURA_TARJETA_SECTOR1...         -----    -----      -----    -----      0002H    0004H
  +--> ?CO?VERIFICADOR
  +--> ?PR?_DEBUG_TXT_TIBBO?TIBBO

?PR?_RESPONDE_LECTURA_TARJETA_SECTOR1...         -----    -----      -----    -----      0002H    0015H
  +--> ?CO?VERIFICADOR
  +--> ?PR?_DEBUG_TXT_TIBBO?TIBBO
  +--> ?PR?_DEBUGBUFFERMF?TIBBO
  +--> ?PR?_DEBUG_CHR_TIBBO?TIBBO

?PR?_RESPONDE_WRITE_TARJETA_SECTOR1_B...         -----    -----      -----    -----      0002H    0007H
  +--> ?CO?VERIFICADOR
  +--> ?PR?_DEBUG_TXT_TIBBO?TIBBO
  +--> ?PR?_DEBUGBUFFERMF?TIBBO

?PR?_RESPONDE_WRITE_TARJETA_SECTOR2_B...         -----    -----      -----    -----      0002H    0003H
  +--> ?CO?VERIFICADOR
  +--> ?PR?_DEBUG_TXT_TIBBO?TIBBO
  +--> ?PR?_DEBUGBUFFERMF?TIBBO

?PR?_RESPONDE_WRITE_TARJETA_SECTOR1_B...         -----    -----      -----    -----      0002H    0003H
  +--> ?CO?VERIFICADOR
  +--> ?PR?_DEBUG_TXT_TIBBO?TIBBO
  +--> ?PR?_DEBUGBUFFERMF?TIBBO

?PR?_RESPONDE_WRITE_TARJETA_SECTOR1_B...         -----    -----      -----    -----      0002H    0003H
  +--> ?CO?VERIFICADOR
  +--> ?PR?_DEBUG_TXT_TIBBO?TIBBO
  +--> ?PR?_DEBUGBUFFERMF?TIBBO

?PR?_DISPARO_LOCK_ENTRADA_VEHICULO?VE...         -----    -----      -----    -----      0002H    0004H
  +--> ?CO?VERIFICADOR
  +--> ?PR?_DEBUG_TXT_TIBBO?TIBBO
  +--> ?PR?_SEND_PORTERR?PTO_PARALELO
  +--> ?PR?_PANTALLALCD_LINEA_2?PANTALLAS
  +--> ?PR?VALIDA_SENSOR1_AUTO?IO_SENSORES
  +--> ?PR?_PANTALLALCD?PANTALLAS

?PR?_PANTALLALCD_LINEA_2?PANTALLAS               -----    -----      -----    -----      0011H    0033H
  +--> ?CO?PANTALLAS
  +--> ?PR?_LCD_TXT?PANTALLAS
  +--> ?PR?_STRLEN?STRLEN
  +--> ?PR?_TX_CHRLCD?PANTALLAS
  +--> ?PR?_RASPBERRY_DATA?PANTALLAS
  +--> ?PR?LEE_NO_TICKET?EEPROM
  +--> ?PR?_STRCAT?STRCAT
BL51 BANKED LINKER/LOCATER V6.22.2.0                                                  08/31/2021  16:49:19  PAGE 22



?PR?_RESPUESTA_SEGUNDA_CLAVE?VERIFICADOR         -----    -----      -----    -----      0002H    0006H
  +--> ?CO?VERIFICADOR
  +--> ?PR?_DEBUG_TXT_TIBBO?TIBBO
  +--> ?PR?_DEBUGBUFFERMF?TIBBO
  +--> ?PR?_ARMAR_TRAMA_PLACA?VERIFICADOR

?PR?_ARMAR_TRAMA_PLACA?VERIFICADOR               -----    -----      -----    -----      0008H    0003H
  +--> ?PR?_STRLEN?STRLEN

?PR?_ANALIZA_UID_CARD?VERIFICADOR                -----    -----      -----    -----      0002H    0015H
  +--> ?CO?VERIFICADOR
  +--> ?PR?_DEBUG_TXT_TIBBO?TIBBO
  +--> ?PR?_DEBUGBUFFERMF?TIBBO
  +--> ?PR?_DEBUG_CHR_TIBBO?TIBBO

?PR?_RECIBE_PORT?PTO_PARALELO                    -----    -----      -----    -----      0001H    0008H
  +--> ?PR?OFF_TIMER0_INTERRUP?MAIN
  +--> ?PR?ON_TIMER0_INTERRUP?MAIN

?PR?_DEBUG_PTO_PARALELO?TIBBO                    -----    -----      -----    -----      0001H    0004H
  +--> ?CO?TIBBO
  +--> ?PR?_DEBUG_TXT_TIBBO?TIBBO
  +--> ?PR?_DEBUGBUFFERMF?TIBBO
  +--> ?PR?DEBUG_DIVIDIR_TEXTO?TIBBO

?PR?_VALIDA_TRAMA_PTO?ACCESCAN                   -----    -----      -----    -----      0001H    0010H
  +--> ?CO?ACCESCAN
  +--> ?PR?_DEBUG_TXT_TIBBO?TIBBO
  +--> ?PR?_DEBUG_CHR_TIBBO?TIBBO
  +--> ?PR?_VALIDAR_CLK?CLOCK
  +--> ?PR?_BLOCK_WRITE_CLOCK_ASCII?CLOCK
  +--> ?PR?RELOJ_PANTALLA_LCD?PANTALLAS
  +--> ?PR?_SEND_PORT?PTO_PARALELO
  +--> ?PR?_PANTALLALCD?PANTALLAS
  +--> ?PR?FORMATO_EEPROM?EEPROM
  +--> ?PR?_BYTEHEX_DECIMAL?CLOCK
  +--> ?PR?_TWO_BYTEHEX_DECIMAL?CLOCK
  +--> ?PR?VALIDASENSORESPASO?IO_SENSORES
  +--> ?PR?_CMD_LPR_SALIDA_WIEGAND?ACCESCAN
  +--> ?PR?_PANTALLALCD_LINEA_2?PANTALLAS
  +--> ?PR?_GRABA_SERIE?EEPROM

?PR?_BLOCK_WRITE_CLOCK_ASCII?CLOCK               -----    -----      -----    -----      0011H    0003H
  +--> ?CO?CLOCK
  +--> ?PR?_DEBUG_TXT_TIBBO?TIBBO
  +--> ?PR?_TWO_ONE?CLOCK
  +--> ?PR?_WR_CLK?CLOCK

?PR?_WR_CLK?CLOCK                                -----    -----      -----    -----      0014H    0002H
  +--> ?PR?_DELAY_20US?DELAY
  +--> ?PR?_EB_CLK?CLOCK

?PR?RELOJ_PANTALLA_LCD?PANTALLAS                 -----    -----      -----    -----      0011H    000DH
  +--> ?CO?PANTALLAS
  +--> ?PR?_BLOCK_READ_CLOCK?CLOCK
  +--> ?PR?_LCD_TXT_NUM_CHAR?PANTALLAS
BL51 BANKED LINKER/LOCATER V6.22.2.0                                                  08/31/2021  16:49:19  PAGE 23


  +--> ?PR?_BLOCK_READ_CLOCK_ASCII_RASBERRY?...
  +--> ?PR?_STRCAT?STRCAT
  +--> ?PR?_RASPBERRY_DATA?PANTALLAS

?PR?_BLOCK_READ_CLOCK?CLOCK                      -----    -----      -----    -----      001EH    0003H
  +--> ?PR?_LEE_CLK?CLOCK

?PR?_LCD_TXT_NUM_CHAR?PANTALLAS                  -----    -----      -----    -----      001EH    0006H
  +--> ?PR?_TX_CHRLCD?PANTALLAS

?PR?_BLOCK_READ_CLOCK_ASCII_RASBERRY?...         -----    -----      -----    -----      001EH    0003H
  +--> ?PR?_LEE_CLK?CLOCK

?PR?FORMATO_EEPROM?EEPROM                        -----    -----      -----    -----      0011H    000AH
  +--> ?PR?_WR_EEPROM?EEPROM
  +--> ?CO?EEPROM
  +--> ?PR?_DWLOAD_EEPROM_PROG?LINTECH

?PR?_DWLOAD_EEPROM_PROG?LINTECH                  -----    -----      -----    -----      001BH    0019H
  +--> ?CO?LINTECH
  +--> ?PR?_DEBUG_TXT_TIBBO?TIBBO
  +--> ?PR?_DEBUGBUFFERMF?TIBBO
  +--> ?PR?_ESCRIBIRCADENASOFT_BUFFER?MAIN

?PR?_CMD_LPR_SALIDA_WIEGAND?ACCESCAN             -----    -----      -----    -----      0011H    0022H
  +--> ?PR?DIR_BOARD?IO_SENSORES
  +--> ?PR?_BLOCK_READ_CLOCK_ASCII?CLOCK
  +--> ?PR?_MONITOR_CHR?ACCESCAN

?PR?_MONITOR_CHR?ACCESCAN                        -----    -----      -----    -----      0033H    0005H
  +--> ?PR?_TX_AUX?TIBBO

?PR?_GRABA_SERIE?EEPROM                          -----    -----      -----    -----      0011H    0005H
  +--> ?CO?EEPROM
  +--> ?PR?_DEBUG_TXT_TIBBO?TIBBO
  +--> ?PR?_WRITE_EEPROM_TICKET?EEPROM
  +--> ?PR?_WR_EEPROM?EEPROM

?PR?MSJ_LCD_INFORMATIVO?IO_SENSORES              -----    -----      -----    -----      0001H    0001H
  +--> ?PR?SEL_FUNCION?IO_SENSORES
  +--> ?PR?VALIDASENSOR_CERO?IO_SENSORES
  +--> ?CO?IO_SENSORES
  +--> ?PR?_DEBUG_TXT_TIBBO?TIBBO
  +--> ?PR?_DEBUG_CHR_TIBBO?TIBBO
  +--> ?PR?LOAD_AND_SEND_INFO_RELOJ?PTO_PARA...
  +--> ?PR?VALIDASENSOR?IO_SENSORES
  +--> ?PR?_DELAY_10MS?DELAY
  +--> ?PR?LOAD_AND_SEND_ID_COD?PTO_PARALELO

?PR?LOAD_AND_SEND_INFO_RELOJ?PTO_PARA...         -----    -----      -----    -----      0002H    000BH
  +--> ?PR?_BLOCK_READ_CLOCK?CLOCK
  +--> ?PR?_LEE_CLK?CLOCK
  +--> ?CO?PTO_PARALELO
  +--> ?PR?_DEBUG_TXT_TIBBO?TIBBO
  +--> ?PR?_DEBUGBUFFERMF?TIBBO
  +--> ?PR?DEBUG_DIVIDIR_TEXTO?TIBBO
  +--> ?PR?_SEND_PORT?PTO_PARALELO
BL51 BANKED LINKER/LOCATER V6.22.2.0                                                  08/31/2021  16:49:19  PAGE 24



?PR?LOAD_AND_SEND_ID_COD?PTO_PARALELO            -----    -----      -----    -----      0002H    0014H
  +--> ?PR?_RD_EEPROM?EEPROM
  +--> ?CO?PTO_PARALELO
  +--> ?PR?PRINTF?PRINTF
  +--> ?PR?_STRCAT?STRCAT
  +--> ?PR?_STRLEN?STRLEN
  +--> ?PR?_DEBUG_TXT_TIBBO?TIBBO
  +--> ?PR?_DEBUGBUFFERMF?TIBBO
  +--> ?PR?DEBUG_DIVIDIR_TEXTO?TIBBO
  +--> ?PR?_SEND_PORT?PTO_PARALELO



SYMBOL TABLE OF MODULE:  .\Objects\expedidor_v_01_raspberry (MAIN)

  VALUE           TYPE          NAME
  ----------------------------------

  -------         MODULE        MAIN
  C:0000H         SYMBOL        _ICE_DUMMY_
  X:0171H         PUBLIC        STX
  D:0080H         PUBLIC        P0
  D:0090H         PUBLIC        P1
  C:BC80H         PUBLIC        timer0_int
  D:00B0H         PUBLIC        P3
  B:00A8H.7       PUBLIC        EA
  B:0080H.2       PUBLIC        led_err_imp
  C:C03DH         PUBLIC        off_Timer0_Interrup
  X:0172H         PUBLIC        ValTimeOutCom
  X:0173H         PUBLIC        Buffer_Rta_Lintech
  X:01A5H         PUBLIC        Timer_wait
  B:0021H.1       PUBLIC        pto_paraleo
  X:01A6H         PUBLIC        g_cContByteRx
  B:0080H.0       PUBLIC        rx_ip
  C:A97FH         PUBLIC        main
  X:01A7H         PUBLIC        Timer_tivo
  B:0080H.3       PUBLIC        Atascado_GP0_PIN_3
  C:B243H         PUBLIC        variable_inicio
  B:0090H.7       PUBLIC        lock
  I:0023H         PUBLIC        rbuf
  C:C033H         PUBLIC        on_Timer0_Interrup
  I:0055H         PUBLIC        tbuf
  B:0090H.1       PUBLIC        DataIn
  D:0089H         PUBLIC        TMOD
  X:01A9H         PUBLIC        USE_LPR
  X:01AAH         PUBLIC        Debug_Tibbo
  X:01ABH         PUBLIC        Raspberry
  X:01ACH         PUBLIC        SIN_COBRO
  X:01AEH         PUBLIC        Tipo_Vehiculo
  B:00B0H.3       PUBLIC        busy
  C:BF8DH         PUBLIC        ini_timer
  B:00A8H.1       PUBLIC        ET0
  X:01AFH         PUBLIC        precarga
  B:0088H.5       PUBLIC        TF0
  D:008CH         PUBLIC        TH0
  X:01B0H         PUBLIC        ACK
BL51 BANKED LINKER/LOCATER V6.22.2.0                                                  08/31/2021  16:49:19  PAGE 25


  X:01B1H         PUBLIC        g_cEstadoComSoft
  D:008AH         PUBLIC        TL0
  B:0088H.4       PUBLIC        TR0
  C:BF9DH         PUBLIC        inicia_board
  X:01B2H         PUBLIC        T_GRACIA
  B:0080H.7       PUBLIC        sel_com
  X:01B4H         PUBLIC        STX_LINTECH
  C:BFCCH         PUBLIC        _getkey
  X:01B5H         PUBLIC        ETX
  C:B526H         PUBLIC        _EscribirCadenaSoft_buffer
  B:0021H.2       PUBLIC        buffer_ready
  C:B844H         PUBLIC        _putchar
  B:0021H.3       PUBLIC        placa_ready
  -------         PROC          TIMER0_INT
  C:BC80H         LINE#         16
  C:BC86H         LINE#         19
  C:BC8CH         LINE#         20
  C:BC91H         LINE#         21
  C:BC91H         LINE#         22
  C:BC97H         LINE#         23
  C:BC97H         LINE#         25
  C:BCA5H         LINE#         26
  C:BCA7H         LINE#         28
  -------         ENDPROC       TIMER0_INT
  -------         PROC          INI_TIMER
  C:BF8DH         LINE#         31
  C:BF8DH         LINE#         32
  C:BF8DH         LINE#         34
  C:BF95H         LINE#         36
  C:BF98H         LINE#         37
  C:BF9AH         LINE#         38
  C:BF9CH         LINE#         40
  -------         ENDPROC       INI_TIMER
  -------         PROC          ON_TIMER0_INTERRUP
  C:C033H         LINE#         43
  C:C033H         LINE#         44
  C:C033H         LINE#         45
  C:C035H         LINE#         46
  C:C037H         LINE#         48
  -------         ENDPROC       ON_TIMER0_INTERRUP
  -------         PROC          OFF_TIMER0_INTERRUP
  C:C03DH         LINE#         51
  C:C03DH         LINE#         52
  C:C03DH         LINE#         53
  C:C03FH         LINE#         55
  -------         ENDPROC       OFF_TIMER0_INTERRUP
  -------         PROC          _GETKEY
  -------         DO            
  D:0006H         SYMBOL        k
  -------         ENDDO         
  C:BFCCH         LINE#         63
  C:BFCCH         LINE#         64
  C:BFCCH         LINE#         68
  C:BFCCH         LINE#         69
  C:BFCFH         LINE#         70
  C:BFCFH         LINE#         71
  C:BFD7H         LINE#         73
BL51 BANKED LINKER/LOCATER V6.22.2.0                                                  08/31/2021  16:49:19  PAGE 26


  C:BFD7H         LINE#         74
  -------         ENDPROC       _GETKEY
  -------         PROC          _PUTCHAR
  X:00A7H         SYMBOL        c
  -------         DO            
  X:00A8H         SYMBOL        i
  -------         ENDDO         
  C:B844H         LINE#         78
  C:B849H         LINE#         79
  C:B849H         LINE#         82
  C:B858H         LINE#         83
  C:B858H         LINE#         84
  C:B86EH         LINE#         85
  C:B86EH         LINE#         87
  C:B87CH         LINE#         88
  C:B87CH         LINE#         90
  C:B881H         LINE#         91
  -------         ENDPROC       _PUTCHAR
  -------         PROC          _ESCRIBIRCADENASOFT_BUFFER
  X:0034H         SYMBOL        buffer
  X:0037H         SYMBOL        tamano_cadena
  -------         DO            
  X:0038H         SYMBOL        i
  X:0039H         SYMBOL        d
  -------         ENDDO         
  C:B526H         LINE#         95
  C:B534H         LINE#         96
  C:B534H         LINE#         98
  C:B542H         LINE#         99
  C:B542H         LINE#         100
  C:B559H         LINE#         101
  C:B563H         LINE#         102
  C:B56BH         LINE#         103
  -------         ENDPROC       _ESCRIBIRCADENASOFT_BUFFER
  -------         PROC          INICIA_BOARD
  C:BF9DH         LINE#         108
  C:BF9DH         LINE#         109
  C:BF9DH         LINE#         110
  C:BFA0H         LINE#         111
  C:BFA3H         LINE#         112
  C:BFA6H         LINE#         113
  C:BFA8H         LINE#         114
  C:BFAAH         LINE#         115
  C:BFACH         LINE#         117
  -------         ENDPROC       INICIA_BOARD
  -------         PROC          VARIABLE_INICIO
  C:B243H         LINE#         122
  C:B243H         LINE#         123
  C:B243H         LINE#         126
  C:B254H         LINE#         127
  C:B265H         LINE#         128
  C:B273H         LINE#         129
  C:B281H         LINE#         130
  C:B28FH         LINE#         134
  -------         ENDPROC       VARIABLE_INICIO
  -------         PROC          MAIN
  -------         DO            
BL51 BANKED LINKER/LOCATER V6.22.2.0                                                  08/31/2021  16:49:19  PAGE 27


  X:0148H         SYMBOL        buffer
  X:0170H         SYMBOL        Estado_Comunicacion_Secuencia_MF
  X:0000H         SYMBOL        Length_trama
  -------         ENDDO         
  C:A97FH         LINE#         142
  C:A97FH         LINE#         143
  C:A97FH         LINE#         150
  C:A982H         LINE#         151
  C:A985H         LINE#         152
  C:A988H         LINE#         153
  C:A98BH         LINE#         154
  C:A98EH         LINE#         155
  C:A990H         LINE#         157
  C:A993H         LINE#         158
  C:A99AH         LINE#         159
  C:A99DH         LINE#         161
  C:A9A2H         LINE#         162
  C:A9A4H         LINE#         163
  C:A9A7H         LINE#         165
  C:A9AAH         LINE#         166
  C:A9AAH         LINE#         167
  C:A9ADH         LINE#         168
  C:A9ADH         LINE#         171
  C:A9B0H         LINE#         172
  C:A9B6H         LINE#         173
  C:A9BCH         LINE#         175
  C:A9BCH         LINE#         176
  C:A9BCH         LINE#         178
  C:A9BFH         LINE#         179
  C:A9BFH         LINE#         180
  C:A9C2H         LINE#         181
  C:A9C2H         LINE#         185
  C:A9CFH         LINE#         190
  C:A9D5H         LINE#         191
  C:A9D5H         LINE#         193
  C:A9E4H         LINE#         196
  C:A9EDH         LINE#         197
  C:A9FBH         LINE#         202
  C:A9FBH         LINE#         203
  C:A9FEH         LINE#         206
  -------         ENDPROC       MAIN
  -------         ENDMOD        MAIN

  -------         MODULE        ACCESCAN
  C:0000H         SYMBOL        _ICE_DUMMY_
  D:0080H         PUBLIC        P0
  D:0090H         PUBLIC        P1
  D:00B0H         PUBLIC        P3
  C:B703H         PUBLIC        _Monitor_chr
  B:0080H.3       PUBLIC        Atascado_GP0_PIN_3
  B:0090H.7       PUBLIC        lock
  C:34A7H         PUBLIC        _Valida_Trama_Pto
  C:8C79H         PUBLIC        _Cmd_LPR_Salida_wiegand
  -------         PROC          _VALIDA_TRAMA_PTO
  X:0001H         SYMBOL        buffer
  X:0004H         SYMBOL        length_trama
  -------         DO            
BL51 BANKED LINKER/LOCATER V6.22.2.0                                                  08/31/2021  16:49:19  PAGE 28


  X:021DH         SYMBOL        cont
  X:0005H         SYMBOL        bcc
  D:0004H         SYMBOL        j
  X:0006H         SYMBOL        buff
  -------         ENDDO         
  C:34A7H         LINE#         113
  C:34B5H         LINE#         114
  C:34B5H         LINE#         117
  C:34B8H         LINE#         123
  C:34FBH         LINE#         124
  C:34FBH         LINE#         125
  C:3504H         LINE#         126
  C:3519H         LINE#         127
  C:3522H         LINE#         128
  C:352FH         LINE#         129
  C:352FH         LINE#         130
  C:354BH         LINE#         131
  C:354EH         LINE#         133
  C:3557H         LINE#         134
  C:355FH         LINE#         135
  C:3568H         LINE#         136
  C:3581H         LINE#         137
  C:3581H         LINE#         139
  C:3591H         LINE#         140
  C:3591H         LINE#         141
  C:35A4H         LINE#         143
  C:35A7H         LINE#         145
  C:35A7H         LINE#         148
  C:35A7H         LINE#         150
  C:35A7H         LINE#         152
  C:35ADH         LINE#         153
  C:35B1H         LINE#         154
  C:35B5H         LINE#         155
  C:35B8H         LINE#         156
  C:35C3H         LINE#         158
  C:35CCH         LINE#         159
  C:35D4H         LINE#         160
  C:35DCH         LINE#         161
  C:35E4H         LINE#         162
  C:35EDH         LINE#         163
  C:35EDH         LINE#         166
  C:35EDH         LINE#         169
  C:35FFH         LINE#         170
  C:35FFH         LINE#         171
  C:3601H         LINE#         172
  C:3604H         LINE#         174
  C:3616H         LINE#         175
  C:3616H         LINE#         176
  C:3618H         LINE#         177
  C:361BH         LINE#         179
  C:362DH         LINE#         180
  C:362DH         LINE#         181
  C:362FH         LINE#         182
  C:3632H         LINE#         184
  C:364CH         LINE#         185
  C:364CH         LINE#         186
  C:364EH         LINE#         187
BL51 BANKED LINKER/LOCATER V6.22.2.0                                                  08/31/2021  16:49:19  PAGE 29


  C:3651H         LINE#         189
  C:366BH         LINE#         190
  C:366BH         LINE#         191
  C:366DH         LINE#         192
  C:3670H         LINE#         194
  C:3682H         LINE#         195
  C:3682H         LINE#         196
  C:3688H         LINE#         197
  C:3695H         LINE#         198
  C:3695H         LINE#         199
  C:369AH         LINE#         201
  C:369FH         LINE#         202
  C:36A1H         LINE#         203
  C:36A3H         LINE#         204
  C:36A7H         LINE#         205
  C:36A7H         LINE#         206
  C:36A8H         LINE#         208
  C:36C0H         LINE#         209
  C:36C0H         LINE#         211
  C:36CDH         LINE#         212
  C:36CDH         LINE#         213
  C:36CFH         LINE#         214
  C:36D1H         LINE#         216
  C:36D3H         LINE#         217
  C:36D3H         LINE#         219
  C:36F9H         LINE#         220
  C:36F9H         LINE#         221
  C:36FDH         LINE#         222
  C:3702H         LINE#         223
  C:370BH         LINE#         224
  C:3710H         LINE#         225
  C:3710H         LINE#         228
  C:3711H         LINE#         230
  C:372BH         LINE#         231
  C:372BH         LINE#         232
  C:372DH         LINE#         233
  C:3730H         LINE#         235
  C:3760H         LINE#         236
  C:3760H         LINE#         237
  C:3763H         LINE#         238
  C:3763H         LINE#         240
  C:377DH         LINE#         241
  C:377DH         LINE#         242
  C:377FH         LINE#         243
  C:3782H         LINE#         245
  C:379CH         LINE#         246
  C:379CH         LINE#         247
  C:379EH         LINE#         248
  C:37A0H         LINE#         250
  C:37BAH         LINE#         251
  C:37BAH         LINE#         252
  C:37BCH         LINE#         253
  C:37BEH         LINE#         256
  C:37D8H         LINE#         257
  C:37D8H         LINE#         258
  C:37DAH         LINE#         259
  C:37DCH         LINE#         263
BL51 BANKED LINKER/LOCATER V6.22.2.0                                                  08/31/2021  16:49:19  PAGE 30


  C:37F6H         LINE#         264
  C:37F6H         LINE#         265
  C:37F8H         LINE#         266
  C:37FAH         LINE#         269
  C:3814H         LINE#         270
  C:3814H         LINE#         271
  C:3819H         LINE#         272
  C:3819H         LINE#         275
  C:384AH         LINE#         276
  C:384AH         LINE#         277
  C:3852H         LINE#         278
  C:385BH         LINE#         279
  C:385EH         LINE#         282
  C:388FH         LINE#         283
  C:388FH         LINE#         285
  C:3897H         LINE#         286
  C:38A0H         LINE#         287
  C:38A3H         LINE#         290
  C:38E3H         LINE#         291
  C:38E3H         LINE#         293
  C:38F8H         LINE#         294
  C:38FEH         LINE#         295
  C:3928H         LINE#         298
  C:3930H         LINE#         299
  C:3930H         LINE#         302
  C:3937H         LINE#         303
  C:3937H         LINE#         304
  C:393CH         LINE#         305
  C:393CH         LINE#         306
  C:393EH         LINE#         308
  C:393EH         LINE#         309
  C:3947H         LINE#         310
  C:394FH         LINE#         311
  C:394FH         LINE#         315
  C:3951H         LINE#         318
  C:3951H         LINE#         326
  C:3959H         LINE#         330
  C:3959H         LINE#         331
  C:395BH         LINE#         333
  C:3993H         LINE#         334
  C:3993H         LINE#         335
  C:399BH         LINE#         336
  C:39A7H         LINE#         337
  C:39A7H         LINE#         339
  C:39D4H         LINE#         340
  C:39D4H         LINE#         341
  C:39E3H         LINE#         343
  C:39E3H         LINE#         345
  -------         ENDPROC       _VALIDA_TRAMA_PTO
  -------         PROC          _MONITOR_CHR
  X:0033H         SYMBOL        str
  X:0036H         SYMBOL        num_char
  -------         DO            
  X:0037H         SYMBOL        j
  -------         ENDDO         
  C:B703H         LINE#         500
  C:B711H         LINE#         501
BL51 BANKED LINKER/LOCATER V6.22.2.0                                                  08/31/2021  16:49:19  PAGE 31


  C:B711H         LINE#         503
  C:B71FH         LINE#         504
  C:B71FH         LINE#         505
  C:B731H         LINE#         506
  C:B73BH         LINE#         507
  C:B743H         LINE#         508
  -------         ENDPROC       _MONITOR_CHR
  -------         PROC          _CMD_LPR_SALIDA_WIEGAND
  X:0011H         SYMBOL        buffer
  -------         DO            
  X:0014H         SYMBOL        Buffer_Lpr
  X:0032H         SYMBOL        j
  -------         ENDDO         
  C:8C79H         LINE#         513
  C:8C84H         LINE#         514
  C:8C84H         LINE#         516
  C:8C8AH         LINE#         517
  C:8C8FH         LINE#         518
  C:8C97H         LINE#         519
  C:8C9BH         LINE#         520
  C:8CA4H         LINE#         521
  C:8CA4H         LINE#         522
  C:8CB5H         LINE#         523
  C:8CB7H         LINE#         525
  C:8CB7H         LINE#         526
  C:8CC8H         LINE#         527
  C:8CC8H         LINE#         531
  C:8CDFH         LINE#         532
  C:8CDFH         LINE#         533
  C:8CEEH         LINE#         534
  C:8CF8H         LINE#         536
  C:8D00H         LINE#         537
  C:8D14H         LINE#         539
  C:8D24H         LINE#         540
  C:8D35H         LINE#         541
  C:8D42H         LINE#         545
  -------         ENDPROC       _CMD_LPR_SALIDA_WIEGAND
  -------         ENDMOD        ACCESCAN

  -------         MODULE        CLOCK
  C:0000H         SYMBOL        _ICE_DUMMY_
  C:B778H         PUBLIC        _two_one
  D:0090H         PUBLIC        P1
  C:76F4H         PUBLIC        _validar_clk
[...]
  X:0136H         SYMBOL        Nombre_Mensual
  -------         ENDDO         
  C:39E4H         LINE#         2534
  C:39E9H         LINE#         2535
  C:39E9H         LINE#         2543
  C:3A55H         LINE#         2544
  C:3A55H         LINE#         2547
  C:3A55H         LINE#         2549
  C:3A68H         LINE#         2550
  C:3A68H         LINE#         2551
  C:3A6AH         LINE#         2552
  C:3A6CH         LINE#         2553
  C:3A71H         LINE#         2554
  C:3A79H         LINE#         2555
  C:3A7EH         LINE#         2556
  C:3A7EH         LINE#         2558
  C:3A81H         LINE#         2559
  C:3A81H         LINE#         2561
  C:3A8AH         LINE#         2562
  C:3A8DH         LINE#         2563
  C:3A8DH         LINE#         2564
  C:3A92H         LINE#         2565
  C:3AB2H         LINE#         2566
  C:3AB5H         LINE#         2567
  C:3AB5H         LINE#         2568
  C:3AB8H         LINE#         2569
  C:3AC0H         LINE#         2570
  C:3AC6H         LINE#         2571
  C:3AC9H         LINE#         2573
  C:3AC9H         LINE#         2574
  C:3ACCH         LINE#         2575
  C:3AF1H         LINE#         2576
  C:3AF7H         LINE#         2577
  C:3AF9H         LINE#         2578
  C:3AFCH         LINE#         2579
  C:3AFCH         LINE#         2580
  C:3B07H         LINE#         2581
  C:3B0FH         LINE#         2582
  C:3B15H         LINE#         2583
  C:3B18H         LINE#         2584
  C:3B18H         LINE#         2585
  C:3B29H         LINE#         2586
  C:3B31H         LINE#         2587
  C:3B37H         LINE#         2588
  C:3B3AH         LINE#         2589
  C:3B3AH         LINE#         2590
  C:3B3FH         LINE#         2591
  C:3B5DH         LINE#         2592
  C:3B60H         LINE#         2593
BL51 BANKED LINKER/LOCATER V6.22.2.0                                                  08/31/2021  16:49:19  PAGE 132


  C:3B60H         LINE#         2594
  C:3B65H         LINE#         2595
  C:3B85H         LINE#         2596
  C:3B88H         LINE#         2597
  C:3B88H         LINE#         2598
  C:3B8DH         LINE#         2599
  C:3B8FH         LINE#         2600
  C:3BADH         LINE#         2601
  C:3BB0H         LINE#         2602
  C:3BB0H         LINE#         2603
  C:3BB5H         LINE#         2604
  C:3BD5H         LINE#         2605
  C:3BD8H         LINE#         2606
  C:3BD8H         LINE#         2607
  C:3BEBH         LINE#         2608
  C:3BEBH         LINE#         2609
  C:3BF0H         LINE#         2610
  C:3BF8H         LINE#         2611
  C:3BFBH         LINE#         2612
  C:3BFBH         LINE#         2613
  C:3BFEH         LINE#         2615
  C:3BFEH         LINE#         2616
  C:3C01H         LINE#         2617
  C:3C21H         LINE#         2618
  C:3C24H         LINE#         2619
  C:3C24H         LINE#         2620
  C:3C26H         LINE#         2621
  C:3C29H         LINE#         2622
  C:3C2CH         LINE#         2623
  C:3C2CH         LINE#         2624
  C:3C35H         LINE#         2625
  C:3C38H         LINE#         2626
  C:3C38H         LINE#         2628
  C:3C3EH         LINE#         2629
  C:3C55H         LINE#         2630
  C:3C58H         LINE#         2631
  C:3C58H         LINE#         2632
  C:3C5BH         LINE#         2633
  C:3C63H         LINE#         2634
  C:3C69H         LINE#         2635
  C:3C6CH         LINE#         2636
  C:3C6CH         LINE#         2637
  C:3C75H         LINE#         2638
  C:3C78H         LINE#         2639
  C:3C78H         LINE#         2640
  C:3C7AH         LINE#         2641
  C:3C7DH         LINE#         2642
  C:3C80H         LINE#         2643
  C:3C80H         LINE#         2644
  C:3C97H         LINE#         2645
  C:3C9AH         LINE#         2646
  C:3C9AH         LINE#         2649
  C:3C9FH         LINE#         2650
  C:3CA7H         LINE#         2651
  C:3CADH         LINE#         2653
  C:3CB0H         LINE#         2654
  C:3CB0H         LINE#         2655
BL51 BANKED LINKER/LOCATER V6.22.2.0                                                  08/31/2021  16:49:19  PAGE 133


  C:3CB3H         LINE#         2656
  C:3CD3H         LINE#         2657
  C:3CD6H         LINE#         2658
  C:3CD6H         LINE#         2659
  C:3CD9H         LINE#         2660
  C:3CF9H         LINE#         2661
  C:3CFCH         LINE#         2662
  C:3CFCH         LINE#         2663
  C:3CFFH         LINE#         2664
  C:3D07H         LINE#         2665
  C:3D0DH         LINE#         2666
  C:3D10H         LINE#         2667
  C:3D10H         LINE#         2669
  C:3D1BH         LINE#         2670
  C:3D23H         LINE#         2671
  C:3D37H         LINE#         2672
  C:3D3AH         LINE#         2673
  C:3D3AH         LINE#         2674
  C:3D4DH         LINE#         2675
  C:3D4DH         LINE#         2676
  C:3D50H         LINE#         2677
  C:3D50H         LINE#         2678
  C:3D53H         LINE#         2679
  C:3D53H         LINE#         2680
  C:3D66H         LINE#         2681
  C:3D66H         LINE#         2682
  C:3D69H         LINE#         2683
  C:3D69H         LINE#         2684
  C:3D6CH         LINE#         2685
  C:3D6CH         LINE#         2686
  C:3D6FH         LINE#         2687
  C:3D72H         LINE#         2689
  C:3D72H         LINE#         2690
  C:3D78H         LINE#         2691
  C:3D78H         LINE#         2692
  C:3D7BH         LINE#         2693
  C:3D7BH         LINE#         2694
  C:3D7BH         LINE#         2695
  C:3D7EH         LINE#         2699
  C:3D7EH         LINE#         2700
  C:3D84H         LINE#         2701
  C:3D8AH         LINE#         2702
  C:3D8AH         LINE#         2703
  C:3D92H         LINE#         2704
  C:3D98H         LINE#         2706
  C:3D9BH         LINE#         2707
  C:3DA3H         LINE#         2708
  C:3DA3H         LINE#         2710
  C:3DA6H         LINE#         2711
  C:3DA9H         LINE#         2712
  C:3DB1H         LINE#         2713
  C:3DB1H         LINE#         2714
  C:3DBFH         LINE#         2715
  C:3DBFH         LINE#         2716
  C:3DC8H         LINE#         2717
  C:3DCBH         LINE#         2718
  C:3DD7H         LINE#         2719
BL51 BANKED LINKER/LOCATER V6.22.2.0                                                  08/31/2021  16:49:19  PAGE 134


  C:3DD7H         LINE#         2720
  C:3DE0H         LINE#         2721
  C:3DE3H         LINE#         2723
  C:3DE3H         LINE#         2724
  C:3DECH         LINE#         2725
  C:3DECH         LINE#         2726
  C:3DEFH         LINE#         2727
  C:3DF7H         LINE#         2728
  C:3DF7H         LINE#         2729
  C:3E05H         LINE#         2730
  C:3E05H         LINE#         2731
  C:3E1BH         LINE#         2732
  C:3E1EH         LINE#         2733
  C:3E2AH         LINE#         2734
  C:3E2AH         LINE#         2735
  C:3E33H         LINE#         2736
  C:3E35H         LINE#         2737
  C:3E43H         LINE#         2738
  C:3E43H         LINE#         2739
  C:3E4CH         LINE#         2740
  C:3E4EH         LINE#         2742
  C:3E4EH         LINE#         2743
  C:3E57H         LINE#         2744
  C:3E57H         LINE#         2745
  C:3E59H         LINE#         2746
  C:3E61H         LINE#         2747
  C:3E61H         LINE#         2748
  C:3E6AH         LINE#         2749
  C:3E6CH         LINE#         2750
  C:3E74H         LINE#         2751
  C:3E74H         LINE#         2752
  C:3E8AH         LINE#         2753
  C:3E8CH         LINE#         2755
  C:3E94H         LINE#         2756
  C:3E94H         LINE#         2757
  C:3E9DH         LINE#         2758
  C:3E9FH         LINE#         2761
  C:3EA7H         LINE#         2762
  C:3EA7H         LINE#         2763
  C:3EAFH         LINE#         2764
  C:3EB1H         LINE#         2766
  C:3EB1H         LINE#         2767
  C:3EBAH         LINE#         2768
  C:3EBAH         LINE#         2769
  C:3EBCH         LINE#         2770
  C:3EBCH         LINE#         2771
  C:3EC1H         LINE#         2772
  C:3EC1H         LINE#         2774
  C:3EC1H         LINE#         2775
  C:3EC6H         LINE#         2776
  -------         ENDPROC       _SECUENCIAEXPEDIDORMF
  -------         ENDMOD        VERIFICADOR

  -------         MODULE        MONITOR
  C:0000H         SYMBOL        _ICE_DUMMY_
  D:0080H         PUBLIC        P0
  D:0090H         PUBLIC        P1
BL51 BANKED LINKER/LOCATER V6.22.2.0                                                  08/31/2021  16:49:19  PAGE 135


  I:0011H         PUBLIC        placa
  B:0080H.2       PUBLIC        led_err_imp
  C:BAA2H         PUBLIC        Rx_Monitor
  B:0080H.0       PUBLIC        rx_ip
  B:0090H.7       PUBLIC        lock
  C:8D4FH         PUBLIC        _recibe_cmd_Monitor
  C:BE9CH         PUBLIC        clear_placa
  C:94FEH         PUBLIC        _Valida_Trama_Monitor
  -------         PROC          _RECIBE_CMD_MONITOR
  X:0017H         SYMBOL        buffer_cmd
  -------         DO            
  X:001AH         SYMBOL        j
  X:001BH         SYMBOL        NumDatos
  X:001CH         SYMBOL        time_out
  X:001DH         SYMBOL        MaxChrRx
  X:001EH         SYMBOL        contador
  -------         ENDDO         
  C:8D4FH         LINE#         51
  C:8D5AH         LINE#         52
  C:8D5AH         LINE#         56
  C:8D5FH         LINE#         57
  C:8D65H         LINE#         58
  C:8D69H         LINE#         61
  C:8D7DH         LINE#         62
  C:8D7DH         LINE#         63
  C:8D84H         LINE#         64
  C:8D88H         LINE#         65
  C:8D91H         LINE#         66
  C:8D91H         LINE#         67
  C:8D9FH         LINE#         68
  C:8DB6H         LINE#         69
  C:8DB6H         LINE#         70
  C:8DBCH         LINE#         71
  C:8DC2H         LINE#         72
  C:8DC2H         LINE#         73
  C:8DC4H         LINE#         74
  C:8DCCH         LINE#         75
  C:8DD2H         LINE#         77
  C:8DE4H         LINE#         78
  C:8DF6H         LINE#         79
  C:8DF6H         LINE#         80
  C:8E00H         LINE#         81
  C:8E00H         LINE#         82
  C:8E09H         LINE#         84
  C:8E18H         LINE#         88
  C:8E1DH         LINE#         89
  -------         ENDPROC       _RECIBE_CMD_MONITOR
  -------         PROC          _VALIDA_TRAMA_MONITOR
  X:0017H         SYMBOL        buffer
  D:0005H         SYMBOL        length_trama
  -------         DO            
  X:001AH         SYMBOL        j
  X:001BH         SYMBOL        p
  X:001CH         SYMBOL        cont
  -------         ENDDO         
  C:94FEH         LINE#         94
  C:9509H         LINE#         95
BL51 BANKED LINKER/LOCATER V6.22.2.0                                                  08/31/2021  16:49:19  PAGE 136


  C:9509H         LINE#         96
  C:950CH         LINE#         97
  C:9510H         LINE#         98
  C:9513H         LINE#         99
  C:9515H         LINE#         102
  C:9529H         LINE#         103
  C:9529H         LINE#         105
  C:952BH         LINE#         107
  C:9532H         LINE#         108
  C:9537H         LINE#         110
  C:9537H         LINE#         112
  C:9552H         LINE#         113
  C:9552H         LINE#         116
  C:9552H         LINE#         117
  C:9573H         LINE#         118
  C:9577H         LINE#         119
  C:957DH         LINE#         120
  C:958FH         LINE#         121
  C:95A7H         LINE#         122
  C:95B0H         LINE#         123
  C:95B2H         LINE#         124
  C:95B8H         LINE#         125
  C:95BAH         LINE#         127
  C:95BAH         LINE#         130
  -------         ENDPROC       _VALIDA_TRAMA_MONITOR
  -------         PROC          CLEAR_PLACA
  -------         DO            
  D:0007H         SYMBOL        i
  -------         ENDDO         
  C:BE9CH         LINE#         131
  C:BE9CH         LINE#         132
  C:BE9CH         LINE#         134
  C:BEA8H         LINE#         135
  C:BEA8H         LINE#         136
  C:BEAEH         LINE#         137
  C:BEB1H         LINE#         138
  C:BEB3H         LINE#         139
  C:BEB5H         LINE#         140
  -------         ENDPROC       CLEAR_PLACA
  -------         PROC          RX_MONITOR
  -------         DO            
  X:0009H         SYMBOL        Length_trama
  X:000AH         SYMBOL        buffer1
  -------         ENDDO         
  C:BAA2H         LINE#         141
  C:BAA2H         LINE#         142
  C:BAA2H         LINE#         145
  C:BAA7H         LINE#         146
  C:BAB6H         LINE#         147
  C:BABFH         LINE#         148
  C:BACDH         LINE#         149
  -------         ENDPROC       RX_MONITOR
  -------         ENDMOD        MONITOR

  -------         MODULE        ?C?FPADD
  C:145DH         PUBLIC        ?C?FPADD
  C:1459H         PUBLIC        ?C?FPSUB
BL51 BANKED LINKER/LOCATER V6.22.2.0                                                  08/31/2021  16:49:19  PAGE 137


  -------         ENDMOD        ?C?FPADD

  -------         MODULE        ?C?FPMUL
  C:154EH         PUBLIC        ?C?FPMUL
  -------         ENDMOD        ?C?FPMUL

  -------         MODULE        ?C?FCAST
  C:165EH         PUBLIC        ?C?FCASTC
  C:1659H         PUBLIC        ?C?FCASTI
  C:1654H         PUBLIC        ?C?FCASTL
  -------         ENDMOD        ?C?FCAST

  -------         MODULE        ?C?CASTF
  C:1692H         PUBLIC        ?C?CASTF
  -------         ENDMOD        ?C?CASTF

  -------         MODULE        PRINTF
  X:0077H         PUBLIC        ?_PRINTF?BYTE
  X:0077H         PUBLIC        ?_SPRINTF?BYTE
  C:3F32H         PUBLIC        _PRINTF
  C:3F2CH         PUBLIC        _SPRINTF
  -------         ENDMOD        PRINTF

  -------         MODULE        POW
  X:0024H         PUBLIC        ?_pow?BYTE
  C:6728H         PUBLIC        _pow
  -------         ENDMOD        POW

  -------         MODULE        ?C?CHKFLOAT
  C:1713H         PUBLIC        ?C?CHKFLOAT
  -------         ENDMOD        ?C?CHKFLOAT

  -------         MODULE        ?C?FPCMP
  C:172FH         PUBLIC        ?C?FPCMP
  C:172DH         PUBLIC        ?C?FPCMP3
  -------         ENDMOD        ?C?FPCMP

  -------         MODULE        ?C?FPNEG
  C:17A6H         PUBLIC        ?C?FPNEG
  -------         ENDMOD        ?C?FPNEG

  -------         MODULE        ?C?FPROUND
  C:17B7H         PUBLIC        ?C?FPROUND
  -------         ENDMOD        ?C?FPROUND

  -------         MODULE        ?C?FPCONVERT
  C:17F4H         PUBLIC        ?C?FPCONVERT
  -------         ENDMOD        ?C?FPCONVERT

  -------         MODULE        EXP
  C:9FD6H         PUBLIC        _EXP
  -------         ENDMOD        EXP

  -------         MODULE        LOG
  C:72A4H         PUBLIC        _LOG
  C:72A0H         PUBLIC        _LOG10
  -------         ENDMOD        LOG
BL51 BANKED LINKER/LOCATER V6.22.2.0                                                  08/31/2021  16:49:19  PAGE 138



  -------         MODULE        ?C?FPDIV
  C:18FCH         PUBLIC        ?C?FPDIV
  -------         ENDMOD        ?C?FPDIV

  -------         MODULE        ?C?FTNPWR
  C:19C9H         PUBLIC        ?C?FTNPWR
  -------         ENDMOD        ?C?FTNPWR

  -------         MODULE        ?C?COPY
  C:1B26H         PUBLIC        ?C?COPY
  -------         ENDMOD        ?C?COPY

  -------         MODULE        ?C?CLDPTR
  C:1B4CH         PUBLIC        ?C?CLDPTR
  -------         ENDMOD        ?C?CLDPTR

  -------         MODULE        ?C?CLDOPTR
  C:1B65H         PUBLIC        ?C?CLDOPTR
  -------         ENDMOD        ?C?CLDOPTR

  -------         MODULE        ?C?CSTPTR
  C:1B92H         PUBLIC        ?C?CSTPTR
  -------         ENDMOD        ?C?CSTPTR

  -------         MODULE        ?C?CSTOPTR
  C:1BA4H         PUBLIC        ?C?CSTOPTR
  -------         ENDMOD        ?C?CSTOPTR

  -------         MODULE        ?C?IMUL
  C:1BC6H         PUBLIC        ?C?IMUL
  -------         ENDMOD        ?C?IMUL

  -------         MODULE        ?C?IILDX
  C:1BD8H         PUBLIC        ?C?IILDX
  -------         ENDMOD        ?C?IILDX

  -------         MODULE        ?C?LNEG
  C:1BEEH         PUBLIC        ?C?LNEG
  -------         ENDMOD        ?C?LNEG

  -------         MODULE        ?C?SLCMP
  C:1BFCH         PUBLIC        ?C?SLCMP
  -------         ENDMOD        ?C?SLCMP

  -------         MODULE        ?C?ULCMP
  C:1C12H         PUBLIC        ?C?ULCMP
  -------         ENDMOD        ?C?ULCMP

  -------         MODULE        ?C?ULSHR
  C:1C23H         PUBLIC        ?C?ULSHR
  -------         ENDMOD        ?C?ULSHR

  -------         MODULE        ?C?LSHL
  C:1C36H         PUBLIC        ?C?LSHL
  -------         ENDMOD        ?C?LSHL

BL51 BANKED LINKER/LOCATER V6.22.2.0                                                  08/31/2021  16:49:19  PAGE 139


  -------         MODULE        ?C?LLDCODE
  C:1C49H         PUBLIC        ?C?LLDCODE
  -------         ENDMOD        ?C?LLDCODE

  -------         MODULE        ?C?LLDXDATA0
  C:1C59H         PUBLIC        ?C?LLDXDATA0
  -------         ENDMOD        ?C?LLDXDATA0

  -------         MODULE        ?C?LLDCODE0
  C:1C65H         PUBLIC        ?C?LLDCODE0
  -------         ENDMOD        ?C?LLDCODE0

  -------         MODULE        ?C?LSTXDATA
  C:1C75H         PUBLIC        ?C?LSTXDATA
  -------         ENDMOD        ?C?LSTXDATA

  -------         MODULE        ?C?LSTKXDATA
  C:1C81H         PUBLIC        ?C?LSTKXDATA
  -------         ENDMOD        ?C?LSTKXDATA

  -------         MODULE        ?C?PLDIXDATA
  C:1CB2H         PUBLIC        ?C?PLDIXDATA
  -------         ENDMOD        ?C?PLDIXDATA

  -------         MODULE        ?C?PSTXDATA
  C:1CC9H         PUBLIC        ?C?PSTXDATA
  -------         ENDMOD        ?C?PSTXDATA

  -------         MODULE        ?C?CCASE
  C:1CD2H         PUBLIC        ?C?CCASE
  -------         ENDMOD        ?C?CCASE

  -------         MODULE        STRCAT
  X:0046H         PUBLIC        ?_strcat?BYTE
  C:AE45H         PUBLIC        _strcat
  -------         ENDMOD        STRCAT

  -------         MODULE        ?C?STRCMP
  C:1E76H         PUBLIC        ?C?STRCMP
  -------         ENDMOD        ?C?STRCMP

  -------         MODULE        ?C?STRCPY
  C:1F5FH         PUBLIC        ?C?STRCPY
  -------         ENDMOD        ?C?STRCPY

  -------         MODULE        STRLEN
  C:000EH         PUBLIC        _STRLEN
  -------         ENDMOD        STRLEN

  -------         MODULE        STRTOK
  X:0064H         PUBLIC        ?_strtok?BYTE
  C:84C0H         PUBLIC        _strtok
  -------         ENDMOD        STRTOK

  -------         MODULE        ATOL
  C:7809H         PUBLIC        _atol
  -------         ENDMOD        ATOL
BL51 BANKED LINKER/LOCATER V6.22.2.0                                                  08/31/2021  16:49:19  PAGE 140



  -------         MODULE        ATOI
  C:883CH         PUBLIC        _atoi
  -------         ENDMOD        ATOI

  -------         MODULE        ?C?ILDIX
  C:1F7CH         PUBLIC        ?C?ILDIX
  -------         ENDMOD        ?C?ILDIX

  -------         MODULE        ?C?LMUL
  C:1F92H         PUBLIC        ?C?LMUL
  -------         ENDMOD        ?C?LMUL

  -------         MODULE        ISDIGIT
  C:BFBDH         PUBLIC        _isdigit
  -------         ENDMOD        ISDIGIT

  -------         MODULE        ISSPACE
  C:BF0DH         PUBLIC        _isspace
  -------         ENDMOD        ISSPACE

  -------         MODULE        STRSPN
  X:006AH         PUBLIC        ?_strspn?BYTE
  C:A7F6H         PUBLIC        _strspn
  -------         ENDMOD        STRSPN

  -------         MODULE        STRPBRK
  X:006AH         PUBLIC        ?_strpbrk?BYTE
  C:AA00H         PUBLIC        _strpbrk
  -------         ENDMOD        STRPBRK

Program Size: data=99.1 xdata=543 code=49217
LINK/LOCATE RUN COMPLETE.  0 WARNING(S),  0 ERROR(S)
